2026-07-26 23:26:53,893 INFO nxtwash: Test run starting against 'staging' environment
============================= test session starts ==============================
platform darwin -- Python 3.11.2, pytest-9.0.3, pluggy-1.6.0 -- /Users/vk/Documents/NxtWash Automation/.venv/bin/python
cachedir: .pytest_cache
metadata: {'Python': '3.11.2', 'Platform': 'macOS-26.2-arm64-arm-64bit', 'Packages': {'pytest': '9.0.3', 'pluggy': '1.6.0'}, 'Plugins': {'html': '4.1.1', 'allure-pytest': '2.16.0', 'xdist': '3.8.0', 'Faker': '40.19.1', 'timeout': '2.4.0', 'metadata': '3.1.1', 'rerunfailures': '15.1'}}
rootdir: /Users/vk/Documents/NxtWash Automation/nxtwash-automation
configfile: pytest.ini
plugins: html-4.1.1, allure-pytest-2.16.0, xdist-3.8.0, Faker-40.19.1, timeout-2.4.0, metadata-3.1.1, rerunfailures-15.1
timeout: 420.0s
timeout method: signal
timeout func_only: False
collecting ... collected 93 items

tests/admin_portal/customers/test_customers_cars.py::test_cars_settings_tab_accessible_on_existing_customer XPASShe edit form.) [  1%]
tests/admin_portal/customers/test_customers_cars.py::test_cars_settings_tab_shows_add_car_button XPASSs.) [  2%]
tests/admin_portal/customers/test_customers_cars.py::test_add_car_form_shows_license_plate_field PASSED [  3%]
tests/admin_portal/customers/test_customers_cars.py::test_add_car_form_shows_rfid_field PASSED [  4%]
tests/admin_portal/customers/test_customers_cars.py::test_add_car_form_shows_vehicle_detail_fields PASSED [  5%]
tests/admin_portal/customers/test_customers_cars.py::test_add_car_form_shows_save_and_cancel_controls PASSED [  6%]
tests/admin_portal/customers/test_customers_cars.py::test_license_plate_field_is_present_and_required XPASSsses.) [  7%]
tests/admin_portal/customers/test_customers_cars.py::test_rfid_field_is_present_and_required XPASSsses.) [  8%]
tests/admin_portal/customers/test_customers_cars.py::test_add_car_form_shows_assign_membership_button SKIPPEDip module state.) [  9%]
tests/admin_portal/customers/test_customers_cars.py::test_cars_list_shows_membership_details SKIPPED [ 10%]
tests/admin_portal/customers/test_customers_cars.py::test_blacklist_a_car SKIPPEDck after confirming DOM locators from a live run.) [ 11%]
tests/admin_portal/customers/test_customers_cars.py::test_deactivate_a_car SKIPPEDck after confirming DOM locators from a live run.) [ 12%]
tests/admin_portal/customers/test_customers_cars.py::test_update_vehicle_token SKIPPED [ 13%]
tests/admin_portal/customers/test_customers_cars.py::test_duplicate_license_plate_documents_behaviour SKIPPEDck after confirming DOM locators
from a live run.)                                                        [ 15%]
tests/admin_portal/customers/test_customers_cars.py::test_duplicate_rfid_documents_behaviour SKIPPED [ 16%]
tests/admin_portal/customers/test_customers_cars.py::test_add_car_then_refresh_car_persists SKIPPEDck after confirming DOM locators from a
live run.)                                                               [ 17%]
tests/admin_portal/customers/test_customers_dependency.py::test_customer_appears_in_gift_cards_dropdown SKIPPED) [ 18%]
tests/admin_portal/customers/test_customers_dependency.py::test_customer_membership_status_reflects_memberships_module SKIPPED) [ 19%]
tests/admin_portal/customers/test_customers_dependency.py::test_customer_site_assignment_matches_sites_module PASSED [ 20%]
tests/admin_portal/customers/test_customers_dependency.py::test_car_rfid_links_to_pos_tunnel_entry SKIPPED [ 21%]
tests/admin_portal/customers/test_customers_edit.py::test_edit_customer_name_persists PASSED [ 22%]
tests/admin_portal/customers/test_customers_edit.py::test_edit_assigned_site_persists PASSED [ 23%]
tests/admin_portal/customers/test_customers_edit.py::test_edit_form_prepopulates_existing_values PASSED [ 24%]
tests/admin_portal/customers/test_customers_edit.py::test_activate_inactive_customer PASSED [ 25%]
tests/admin_portal/customers/test_customers_edit.py::test_deactivate_active_customer PASSED [ 26%]
tests/admin_portal/customers/test_customers_edit.py::test_toggle_allow_invoicing_persists PASSED [ 27%]
tests/admin_portal/customers/test_customers_edit.py::test_toggle_send_text_and_email_persists SKIPPEDt.) [ 29%]
tests/admin_portal/customers/test_customers_edit.py::test_cancel_edit_customer_discards_changes PASSED [ 30%]
tests/admin_portal/customers/test_customers_edit.py::test_edit_then_refresh_changes_persist PASSED [ 31%]
tests/admin_portal/customers/test_customers_export.py::test_export_button_triggers_customer_list_download SKIPPEDe-system check which
is not yet set up in the test harness.)                                  [ 32%]
tests/admin_portal/customers/test_customers_payment.py::test_payment_settings_tab_accessible_on_existing_customer XPASSdit form.) [ 33%]
tests/admin_portal/customers/test_customers_payment.py::test_credit_card_section_is_visible PASSED [ 34%]
tests/admin_portal/customers/test_customers_payment.py::test_save_card_button_is_present PASSED [ 35%]
tests/admin_portal/customers/test_customers_payment.py::test_transaction_history_section_is_present PASSED [ 36%]
tests/admin_portal/customers/test_customers_payment.py::test_transaction_history_filter_controls_are_present PASSED [ 37%]
tests/admin_portal/customers/test_customers_payment.py::test_transaction_history_loads_all_time SKIPPEDustomer.) [ 38%]
tests/admin_portal/customers/test_customers_payment.py::test_transaction_history_today_filter SKIPPEDustomer.) [ 39%]
tests/admin_portal/customers/test_customers_payment.py::test_transaction_history_select_range_filter SKIPPEDustomer.) [ 40%]
tests/admin_portal/customers/test_customers_payment.py::test_transaction_history_export SKIPPED [ 41%]
tests/admin_portal/customers/test_customers_payment.py::test_transaction_details_link_navigates_to_invoice SKIPPEDon.) [ 43%]
tests/admin_portal/customers/test_customers_payment.py::test_transaction_history_pagination_defaults_to_ten SKIPPEDustomer.) [ 44%]
tests/admin_portal/customers/test_customers_positive.py::test_create_customer_with_required_fields_only PASSED [ 45%]
tests/admin_portal/customers/test_customers_positive.py::test_create_customer_with_all_optional_fields PASSED [ 46%]
tests/admin_portal/customers/test_customers_positive.py::test_date_of_birth_calendar_picker_selects_past_date PASSED [ 47%]
tests/admin_portal/customers/test_customers_positive.py::test_assign_to_site_dropdown_lists_available_sites PASSED [ 48%]
tests/admin_portal/customers/test_customers_positive.py::test_state_dropdown_populates_cities_on_selection PASSED [ 49%]
tests/admin_portal/customers/test_customers_positive.py::test_city_dropdown_empty_without_state PASSED [ 50%]
tests/admin_portal/customers/test_customers_positive.py::test_create_inactive_customer PASSED [ 51%]
tests/admin_portal/customers/test_customers_positive.py::test_cars_and_payment_tabs_disabled_for_new_customer PASSED [ 52%]
tests/admin_portal/customers/test_customers_positive.py::test_cancel_add_customer_returns_to_list PASSED [ 53%]
tests/admin_portal/customers/test_customers_positive.py::test_create_then_refresh_data_persists 2026-07-26 23:48:07,936 ERROR nxtwash: Test FAILED: tests/admin_portal/customers/test_customers_positive.py::test_create_then_refresh_data_persists (url: https://staging.nxtwash.com/customers)

-------------------------------- live log call ---------------------------------
ERROR    nxtwash:conftest.py:241 Test FAILED: tests/admin_portal/customers/test_customers_positive.py::test_create_then_refresh_data_persists (url: https://staging.nxtwash.com/customers)
2026-07-26 23:48:08,601 ERROR nxtwash: Visible page text at failure:
Overview
Sites / Locations
Services
Customers
Users / Employees
Kiosk Settings
Gas Pump Settings
POS Settings
Tunnel Settings
Self Serve
Reports
Vishal Kumar
Owner
Customers
Filter by (1)
+ Add customer
First Name
Last Name
Phone number
Cars (#)
Last visit
Total amount spent
Membership status
Page 1 of 0
|
Show 100
out of 0 records
Filter by
First Name
Last Name
Email
RFID
Site/Location
Select site/location
Active customers only
Membership
Select membership
Sign up date from
Sign up date to
Next payment date from
Next payment date to
Recurring
All
Prepaid
All
Allow invoicing
All
Card on file
All
CC number
CC type
CC type
Canceled
All
Declined
All
Number of cars min
Number of cars max
Number of recurring min
Number of recurring max
Number of prepaid min
Number of prepaid max
Reset filters
Apply filters
ERROR    nxtwash:conftest.py:256 Visible page text at failure:
Overview
Sites / Locations
Services
Customers
Users / Employees
Kiosk Settings
Gas Pump Settings
POS Settings
Tunnel Settings
Self Serve
Reports
Vishal Kumar
Owner
Customers
Filter by (1)
+ Add customer
First Name
Last Name
Phone number
Cars (#)
Last visit
Total amount spent
Membership status
Page 1 of 0
|
Show 100
out of 0 records
Filter by
First Name
Last Name
Email
RFID
Site/Location
Select site/location
Active customers only
Membership
Select membership
Sign up date from
Sign up date to
Next payment date from
Next payment date to
Recurring
All
Prepaid
All
Allow invoicing
All
Card on file
All
CC number
CC type
CC type
Canceled
All
Declined
All
Number of cars min
Number of cars max
Number of recurring min
Number of recurring max
Number of prepaid min
Number of prepaid max
Reset filters
Apply filters
FAILED                                                                   [ 54%]
tests/admin_portal/customers/test_customers_search_filter.py::test_search_by_exact_license_plate PASSED [ 55%]
tests/admin_portal/customers/test_customers_search_filter.py::test_search_by_partial_license_plate PASSED [ 56%]
tests/admin_portal/customers/test_customers_search_filter.py::test_search_by_exact_phone_number PASSED [ 58%]
tests/admin_portal/customers/test_customers_search_filter.py::test_search_by_partial_phone_number PASSED [ 59%]
tests/admin_portal/customers/test_customers_search_filter.py::test_license_plate_and_phone_searches_are_independent PASSED [ 60%]
tests/admin_portal/customers/test_customers_search_filter.py::test_nonmatching_search_returns_empty_state PASSED [ 61%]
tests/admin_portal/customers/test_customers_search_filter.py::test_filter_panel_opens_with_all_fields_visible PASSED [ 62%]
tests/admin_portal/customers/test_customers_search_filter.py::test_active_accounts_toggle_is_on_by_default PASSED [ 63%]
tests/admin_portal/customers/test_customers_search_filter.py::test_filter_result_count_updates_before_applying SKIPPED.) [ 64%]
tests/admin_portal/customers/test_customers_search_filter.py::test_filter_by_first_name SKIPPEDtaging.) [ 65%]
tests/admin_portal/customers/test_customers_search_filter.py::test_filter_by_last_name SKIPPEDaging.) [ 66%]
tests/admin_portal/customers/test_customers_search_filter.py::test_filter_by_email SKIPPEDg.) [ 67%]
tests/admin_portal/customers/test_customers_search_filter.py::test_filter_by_rfid SKIPPED.) [ 68%]
tests/admin_portal/customers/test_customers_search_filter.py::test_filter_by_site XFAILutomation.) [ 69%]
tests/admin_portal/customers/test_customers_search_filter.py::test_filter_by_membership SKIPPED [ 70%]
tests/admin_portal/customers/test_customers_search_filter.py::test_filter_by_signup_date_range XPASSot supported.) [ 72%]
tests/admin_portal/customers/test_customers_search_filter.py::test_filter_by_next_payment_date_range SKIPPED [ 73%]
tests/admin_portal/customers/test_customers_search_filter.py::test_filter_by_cc_number SKIPPEDods.) [ 74%]
tests/admin_portal/customers/test_customers_search_filter.py::test_filter_by_cc_type SKIPPEDs.) [ 75%]
tests/admin_portal/customers/test_customers_search_filter.py::test_filter_by_number_of_cars_range SKIPPEDnt.) [ 76%]
tests/admin_portal/customers/test_customers_search_filter.py::test_filter_by_allow_invoicing_yes XPASS-click automation.) [ 77%]
tests/admin_portal/customers/test_customers_search_filter.py::test_filter_by_card_on_file XPASSr-click automation.) [ 78%]
tests/admin_portal/customers/test_customers_search_filter.py::test_filter_by_recurring_yes SKIPPED [ 79%]
tests/admin_portal/customers/test_customers_search_filter.py::test_filter_by_prepaid_yes SKIPPED [ 80%]
tests/admin_portal/customers/test_customers_search_filter.py::test_filter_by_canceled_yes SKIPPED [ 81%]
tests/admin_portal/customers/test_customers_search_filter.py::test_filter_by_declined_yes XPASSr-click automation.) [ 82%]
tests/admin_portal/customers/test_customers_search_filter.py::test_all_boolean_dropdowns_default_to_all PASSED [ 83%]
tests/admin_portal/customers/test_customers_search_filter.py::test_multiple_filters_combined_narrow_results XFAILtrigger-click automation.) [ 84%]
tests/admin_portal/customers/test_customers_search_filter.py::test_signup_date_from_after_to_documents_behaviour XPASSot supported.) [ 86%]
tests/admin_portal/customers/test_customers_search_filter.py::test_reset_all_clears_filter_fields PASSED [ 87%]
tests/admin_portal/customers/test_customers_ui.py::test_customers_page_loads_with_primary_controls PASSED [ 88%]
tests/admin_portal/customers/test_customers_ui.py::test_grid_membership_status_column_visible SKIPPED [ 89%]
tests/admin_portal/customers/test_customers_ui.py::test_pagination_and_results_per_page_visible PASSED [ 90%]
tests/admin_portal/customers/test_customers_ui.py::test_add_customer_form_loads_with_required_controls PASSED [ 91%]
tests/admin_portal/customers/test_customers_validation.py::test_blank_first_name_blocked_on_save PASSED [ 92%]
tests/admin_portal/customers/test_customers_validation.py::test_blank_last_name_blocked_on_save PASSED [ 93%]
tests/admin_portal/customers/test_customers_validation.py::test_blank_site_assignment_blocked_on_save PASSED [ 94%]
tests/admin_portal/customers/test_customers_validation.py::test_invalid_email_format_documents_behaviour PASSED [ 95%]
tests/admin_portal/customers/test_customers_validation.py::test_dob_in_future_documents_behaviour PASSED [ 96%]
tests/admin_portal/customers/test_customers_validation.py::test_duplicate_email_documents_behaviour PASSED [ 97%]
tests/admin_portal/customers/test_customers_validation.py::test_negative_loyalty_points_documents_behaviour SKIPPEDform.) [ 98%]
tests/admin_portal/customers/test_customers_validation.py::test_blank_form_stays_on_create_page PASSED [100%]

=================================== FAILURES ===================================
____________________ test_create_then_refresh_data_persists ____________________

browser = <selenium.webdriver.chrome.webdriver.WebDriver (session="0facc5348066eb39fb111f38fd9d5120")>

    @allure.title("CUST-PER-001 Create customer then refresh — data persists")
    @pytest.mark.regression
    def test_create_then_refresh_data_persists(browser):
        last = "TPer1-%s" % uuid.uuid4().hex[:6]
        page = open_customers_page(browser)
        page.create_customer(CUSTOMER_FIRST, last, CUSTOMER_SITE, email="")
    
        # Force a full page reload to exercise server-side persistence.
        page = open_customers_page(browser)
        page.open_filter_panel()
        # Turn off active-only so the customer is found regardless of its active
        # status — this test is about persistence, not active/inactive state.
        page.ensure_active_filter_off()
        page.filter_by_last_name(last)
        page.apply_filters()
    
>       assert last in page.get_body_text()
E       AssertionError: assert 'TPer1-31aea1' in 'Overview\nSites / Locations\nServices\nCustomers\nUsers / Employees\nKiosk Settings\nGas Pump Settings\nPOS Settings\nTunnel Settings\nSelf Serve\nReports\nVishal Kumar\nOwner\nCustomers\nFilter by (1)\n+ Add customer\nFirst Name\nLast Name\nPhone number\nCars (#)\nLast visit\nTotal amount spent\nMembership status\nPage 1 of 0\n|\nShow 100\nout of 0 records\nFilter by\nFirst Name\nLast Name\nEmail\nRFID\nSite/Location\nSelect site/location\nActive customers only\nMembership\nSelect membership\nSign up date from\nSign up date to\nNext payment date from\nNext payment date to\nRecurring\nAll\nPrepaid\nAll\nAllow invoicing\nAll\nCard on file\nAll\nCC number\nCC type\nCC type\nCanceled\nAll\nDeclined\nAll\nNumber of cars min\nNumber of cars max\nNumber of recurring min\nNumber of recurring max\nNumber of prepaid min\nNumber of prepaid max\nReset filters\nApply filters'
E        +  where 'Overview\nSites / Locations\nServices\nCustomers\nUsers / Employees\nKiosk Settings\nGas Pump Settings\nPOS Settings\nTunnel Settings\nSelf Serve\nReports\nVishal Kumar\nOwner\nCustomers\nFilter by (1)\n+ Add customer\nFirst Name\nLast Name\nPhone number\nCars (#)\nLast visit\nTotal amount spent\nMembership status\nPage 1 of 0\n|\nShow 100\nout of 0 records\nFilter by\nFirst Name\nLast Name\nEmail\nRFID\nSite/Location\nSelect site/location\nActive customers only\nMembership\nSelect membership\nSign up date from\nSign up date to\nNext payment date from\nNext payment date to\nRecurring\nAll\nPrepaid\nAll\nAllow invoicing\nAll\nCard on file\nAll\nCC number\nCC type\nCC type\nCanceled\nAll\nDeclined\nAll\nNumber of cars min\nNumber of cars max\nNumber of recurring min\nNumber of recurring max\nNumber of prepaid min\nNumber of prepaid max\nReset filters\nApply filters' = get_body_text()
E        +    where get_body_text = <pages.admin_portal.customers_page.CustomersPage object at 0x107378c90>.get_body_text

tests/admin_portal/customers/test_customers_positive.py:191: AssertionError
=========================== short test summary info ============================
FAILED tests/admin_portal/customers/test_customers_positive.py::test_create_then_refresh_data_persists - AssertionError: assert 'TPer1-31aea1' in 'Overview\nSites / Locations\nServices\nCustomers\nUsers / Employees\nKiosk Settings\nGas Pump Settings\nPOS Settings\nTunnel Settings\nSelf Serve\nReports\nVishal Kumar\nOwner\nCustomers\nFilter by (1)\n+ Add customer\nFirst Name\nLast Name\nPhone number\nCars (#)\nLast visit\nTotal amount spent\nMembership status\nPage 1 of 0\n|\nShow 100\nout of 0 records\nFilter by\nFirst Name\nLast Name\nEmail\nRFID\nSite/Location\nSelect site/location\nActive customers only\nMembership\nSelect membership\nSign up date from\nSign up date to\nNext payment date from\nNext payment date to\nRecurring\nAll\nPrepaid\nAll\nAllow invoicing\nAll\nCard on file\nAll\nCC number\nCC type\nCC type\nCanceled\nAll\nDeclined\nAll\nNumber of cars min\nNumber of cars max\nNumber of recurring min\nNumber of recurring max\nNumber of prepaid min\nNumber of prepaid max\nReset filters\nApply filters'
 +  where 'Overview\nSites / Locations\nServices\nCustomers\nUsers / Employees\nKiosk Settings\nGas Pump Settings\nPOS Settings\nTunnel Settings\nSelf Serve\nReports\nVishal Kumar\nOwner\nCustomers\nFilter by (1)\n+ Add customer\nFirst Name\nLast Name\nPhone number\nCars (#)\nLast visit\nTotal amount spent\nMembership status\nPage 1 of 0\n|\nShow 100\nout of 0 records\nFilter by\nFirst Name\nLast Name\nEmail\nRFID\nSite/Location\nSelect site/location\nActive customers only\nMembership\nSelect membership\nSign up date from\nSign up date to\nNext payment date from\nNext payment date to\nRecurring\nAll\nPrepaid\nAll\nAllow invoicing\nAll\nCard on file\nAll\nCC number\nCC type\nCC type\nCanceled\nAll\nDeclined\nAll\nNumber of cars min\nNumber of cars max\nNumber of recurring min\nNumber of recurring max\nNumber of prepaid min\nNumber of prepaid max\nReset filters\nApply filters' = get_body_text()
 +    where get_body_text = <pages.admin_portal.customers_page.CustomersPage object at 0x107378c90>.get_body_text
= 1 failed, 46 passed, 34 skipped, 2 xfailed, 10 xpassed in 1886.38s (0:31:26) =
