2026-07-26 19:21:14,416 INFO nxtwash: Test run starting against 'staging' environment
============================= test session starts ==============================
platform darwin -- Python 3.11.2, pytest-9.0.3, pluggy-1.6.0 -- /Users/vk/Documents/NxtWash Automation/.venv/bin/python
cachedir: .pytest_cache
metadata: {'Python': '3.11.2', 'Platform': 'macOS-26.2-arm64-arm-64bit', 'Packages': {'pytest': '9.0.3', 'pluggy': '1.6.0'}, 'Plugins': {'html': '4.1.1', 'allure-pytest': '2.16.0', 'xdist': '3.8.0', 'Faker': '40.19.1', 'timeout': '2.4.0', 'metadata': '3.1.1', 'rerunfailures': '15.1'}}
rootdir: /Users/vk/Documents/NxtWash Automation/nxtwash-automation
configfile: pytest.ini
plugins: html-4.1.1, allure-pytest-2.16.0, xdist-3.8.0, Faker-40.19.1, timeout-2.4.0, metadata-3.1.1, rerunfailures-15.1
timeout: 420.0s
timeout method: signal
timeout func_only: False
collecting ... collected 93 items

tests/admin_portal/customers/test_customers_cars.py::test_cars_settings_tab_accessible_on_existing_customer XPASShe edit form.) [  1%]
tests/admin_portal/customers/test_customers_cars.py::test_cars_settings_tab_shows_add_car_button XFAILs.) [  2%]
tests/admin_portal/customers/test_customers_cars.py::test_add_car_form_shows_license_plate_field PASSED [  3%]
tests/admin_portal/customers/test_customers_cars.py::test_add_car_form_shows_rfid_field PASSED [  4%]
tests/admin_portal/customers/test_customers_cars.py::test_add_car_form_shows_vehicle_detail_fields PASSED [  5%]
tests/admin_portal/customers/test_customers_cars.py::test_add_car_form_shows_save_and_cancel_controls PASSED [  6%]
tests/admin_portal/customers/test_customers_cars.py::test_license_plate_field_is_present_and_required XPASSsses.) [  7%]
tests/admin_portal/customers/test_customers_cars.py::test_rfid_field_is_present_and_required XFAILsses.) [  8%]
tests/admin_portal/customers/test_customers_cars.py::test_add_car_form_shows_assign_membership_button SKIPPEDip module state.) [  9%]
tests/admin_portal/customers/test_customers_cars.py::test_cars_list_shows_membership_details SKIPPED [ 10%]
tests/admin_portal/customers/test_customers_cars.py::test_blacklist_a_car SKIPPEDck after confirming DOM locators from a live run.) [ 11%]
tests/admin_portal/customers/test_customers_cars.py::test_deactivate_a_car SKIPPEDck after confirming DOM locators from a live run.) [ 12%]
tests/admin_portal/customers/test_customers_cars.py::test_update_vehicle_token SKIPPED [ 13%]
tests/admin_portal/customers/test_customers_cars.py::test_duplicate_license_plate_documents_behaviour SKIPPEDck after confirming DOM locators
from a live run.)                                                        [ 15%]
tests/admin_portal/customers/test_customers_cars.py::test_duplicate_rfid_documents_behaviour SKIPPED [ 16%]
tests/admin_portal/customers/test_customers_cars.py::test_add_car_then_refresh_car_persists SKIPPEDck after confirming DOM locators from a
live run.)                                                               [ 17%]
tests/admin_portal/customers/test_customers_dependency.py::test_customer_appears_in_gift_cards_dropdown SKIPPED) [ 18%]
tests/admin_portal/customers/test_customers_dependency.py::test_customer_membership_status_reflects_memberships_module SKIPPED) [ 19%]
tests/admin_portal/customers/test_customers_dependency.py::test_customer_site_assignment_matches_sites_module PASSED [ 20%]
tests/admin_portal/customers/test_customers_dependency.py::test_car_rfid_links_to_pos_tunnel_entry SKIPPED [ 21%]
tests/admin_portal/customers/test_customers_edit.py::test_edit_customer_name_persists PASSED [ 22%]
tests/admin_portal/customers/test_customers_edit.py::test_edit_assigned_site_persists PASSED [ 23%]
tests/admin_portal/customers/test_customers_edit.py::test_edit_form_prepopulates_existing_values PASSED [ 24%]
tests/admin_portal/customers/test_customers_edit.py::test_activate_inactive_customer PASSED [ 25%]
tests/admin_portal/customers/test_customers_edit.py::test_deactivate_active_customer ERROR [ 26%]
tests/admin_portal/customers/test_customers_edit.py::test_toggle_allow_invoicing_persists PASSED [ 27%]
tests/admin_portal/customers/test_customers_edit.py::test_toggle_send_text_and_email_persists SKIPPEDt.) [ 29%]
tests/admin_portal/customers/test_customers_edit.py::test_cancel_edit_customer_discards_changes PASSED [ 30%]
tests/admin_portal/customers/test_customers_edit.py::test_edit_then_refresh_changes_persist 2026-07-26 19:33:25,401 ERROR nxtwash: Test FAILED: tests/admin_portal/customers/test_customers_edit.py::test_edit_then_refresh_changes_persist (url: https://staging.nxtwash.com/customers/51557)

-------------------------------- live log call ---------------------------------
ERROR    nxtwash:conftest.py:241 Test FAILED: tests/admin_portal/customers/test_customers_edit.py::test_edit_then_refresh_changes_persist (url: https://staging.nxtwash.com/customers/51557)
2026-07-26 19:33:26,073 ERROR nxtwash: Visible page text at failure:
Overview
Sites / Locations
Services
Customers
Users / Employees
Kiosk Settings
Gas Pump Settings
POS Settings
Tunnel Settings
Self Serve
Reports
Vishal Kumar
Owner
Customers
Edit
Cancel
Save changes
Customer info
Cars settings
Payment settings
Statistics
First Name
Last Name
Date of birth
Site/Location
VK AL01
Loyalty points amount
Allow invoicing
Send text
Send email
TCPA enabled
No
Active customer
Phone number
Email
Address
ZIP code
State
Arizona
City
Amado
ERROR    nxtwash:conftest.py:256 Visible page text at failure:
Overview
Sites / Locations
Services
Customers
Users / Employees
Kiosk Settings
Gas Pump Settings
POS Settings
Tunnel Settings
Self Serve
Reports
Vishal Kumar
Owner
Customers
Edit
Cancel
Save changes
Customer info
Cars settings
Payment settings
Statistics
First Name
Last Name
Date of birth
Site/Location
VK AL01
Loyalty points amount
Allow invoicing
Send text
Send email
TCPA enabled
No
Active customer
Phone number
Email
Address
ZIP code
State
Arizona
City
Amado
FAILED                                                                   [ 31%]
tests/admin_portal/customers/test_customers_export.py::test_export_button_triggers_customer_list_download SKIPPEDe-system check which
is not yet set up in the test harness.)                                  [ 32%]
tests/admin_portal/customers/test_customers_payment.py::test_payment_settings_tab_accessible_on_existing_customer XPASSdit form.) [ 33%]
tests/admin_portal/customers/test_customers_payment.py::test_credit_card_section_is_visible PASSED [ 34%]
tests/admin_portal/customers/test_customers_payment.py::test_save_card_button_is_present PASSED [ 35%]
tests/admin_portal/customers/test_customers_payment.py::test_transaction_history_section_is_present PASSED [ 36%]
tests/admin_portal/customers/test_customers_payment.py::test_transaction_history_filter_controls_are_present PASSED [ 37%]
tests/admin_portal/customers/test_customers_payment.py::test_transaction_history_loads_all_time SKIPPEDustomer.) [ 38%]
tests/admin_portal/customers/test_customers_payment.py::test_transaction_history_today_filter SKIPPEDustomer.) [ 39%]
tests/admin_portal/customers/test_customers_payment.py::test_transaction_history_select_range_filter SKIPPEDustomer.) [ 40%]
tests/admin_portal/customers/test_customers_payment.py::test_transaction_history_export SKIPPED [ 41%]
tests/admin_portal/customers/test_customers_payment.py::test_transaction_details_link_navigates_to_invoice SKIPPEDon.) [ 43%]
tests/admin_portal/customers/test_customers_payment.py::test_transaction_history_pagination_defaults_to_ten SKIPPEDustomer.) [ 44%]
tests/admin_portal/customers/test_customers_positive.py::test_create_customer_with_required_fields_only 2026-07-26 19:36:20,348 ERROR nxtwash: Test FAILED: tests/admin_portal/customers/test_customers_positive.py::test_create_customer_with_required_fields_only (url: https://staging.nxtwash.com/customers)

-------------------------------- live log call ---------------------------------
ERROR    nxtwash:conftest.py:241 Test FAILED: tests/admin_portal/customers/test_customers_positive.py::test_create_customer_with_required_fields_only (url: https://staging.nxtwash.com/customers)
2026-07-26 19:36:21,022 ERROR nxtwash: Visible page text at failure:
Overview
Sites / Locations
Services
Customers
Users / Employees
Kiosk Settings
Gas Pump Settings
POS Settings
Tunnel Settings
Self Serve
Reports
Vishal Kumar
Owner
Customers
Filter by (1)
+ Add customer
First Name
Last Name
Phone number
Cars (#)
Last visit
Total amount spent
Membership status
Page 1 of 0
|
Show 100
out of 0 records
Success
Filter by
First Name
Last Name
Email
RFID
Site/Location
Select site/location
Active customers only
Membership
Select membership
Sign up date from
Sign up date to
Next payment date from
Next payment date to
Recurring
All
Prepaid
All
Allow invoicing
All
Card on file
All
CC number
CC type
CC type
Canceled
All
Declined
All
Number of cars min
Number of cars max
Number of recurring min
Number of recurring max
Number of prepaid min
Number of prepaid max
Reset filters
Apply filters
ERROR    nxtwash:conftest.py:256 Visible page text at failure:
Overview
Sites / Locations
Services
Customers
Users / Employees
Kiosk Settings
Gas Pump Settings
POS Settings
Tunnel Settings
Self Serve
Reports
Vishal Kumar
Owner
Customers
Filter by (1)
+ Add customer
First Name
Last Name
Phone number
Cars (#)
Last visit
Total amount spent
Membership status
Page 1 of 0
|
Show 100
out of 0 records
Success
Filter by
First Name
Last Name
Email
RFID
Site/Location
Select site/location
Active customers only
Membership
Select membership
Sign up date from
Sign up date to
Next payment date from
Next payment date to
Recurring
All
Prepaid
All
Allow invoicing
All
Card on file
All
CC number
CC type
CC type
Canceled
All
Declined
All
Number of cars min
Number of cars max
Number of recurring min
Number of recurring max
Number of prepaid min
Number of prepaid max
Reset filters
Apply filters
FAILED                                                                   [ 45%]
tests/admin_portal/customers/test_customers_positive.py::test_create_customer_with_all_optional_fields 2026-07-26 19:36:34,688 ERROR nxtwash: Test FAILED: tests/admin_portal/customers/test_customers_positive.py::test_create_customer_with_all_optional_fields (url: https://staging.nxtwash.com/customers)

-------------------------------- live log call ---------------------------------
ERROR    nxtwash:conftest.py:241 Test FAILED: tests/admin_portal/customers/test_customers_positive.py::test_create_customer_with_all_optional_fields (url: https://staging.nxtwash.com/customers)
2026-07-26 19:36:35,370 ERROR nxtwash: Visible page text at failure:
Overview
Sites / Locations
Services
Customers
Users / Employees
Kiosk Settings
Gas Pump Settings
POS Settings
Tunnel Settings
Self Serve
Reports
Vishal Kumar
Owner
Customers
Filter by (1)
+ Add customer
First Name
Last Name
Phone number
Cars (#)
Last visit
Total amount spent
Membership status
Page 1 of 0
|
Show 100
out of 0 records
Success
Filter by
First Name
Last Name
Email
RFID
Site/Location
Select site/location
Active customers only
Membership
Select membership
Sign up date from
Sign up date to
Next payment date from
Next payment date to
Recurring
All
Prepaid
All
Allow invoicing
All
Card on file
All
CC number
CC type
CC type
Canceled
All
Declined
All
Number of cars min
Number of cars max
Number of recurring min
Number of recurring max
Number of prepaid min
Number of prepaid max
Reset filters
Apply filters
ERROR    nxtwash:conftest.py:256 Visible page text at failure:
Overview
Sites / Locations
Services
Customers
Users / Employees
Kiosk Settings
Gas Pump Settings
POS Settings
Tunnel Settings
Self Serve
Reports
Vishal Kumar
Owner
Customers
Filter by (1)
+ Add customer
First Name
Last Name
Phone number
Cars (#)
Last visit
Total amount spent
Membership status
Page 1 of 0
|
Show 100
out of 0 records
Success
Filter by
First Name
Last Name
Email
RFID
Site/Location
Select site/location
Active customers only
Membership
Select membership
Sign up date from
Sign up date to
Next payment date from
Next payment date to
Recurring
All
Prepaid
All
Allow invoicing
All
Card on file
All
CC number
CC type
CC type
Canceled
All
Declined
All
Number of cars min
Number of cars max
Number of recurring min
Number of recurring max
Number of prepaid min
Number of prepaid max
Reset filters
Apply filters
FAILED                                                                   [ 46%]
tests/admin_portal/customers/test_customers_positive.py::test_date_of_birth_calendar_picker_selects_past_date PASSED [ 47%]
tests/admin_portal/customers/test_customers_positive.py::test_assign_to_site_dropdown_lists_available_sites PASSED [ 48%]
tests/admin_portal/customers/test_customers_positive.py::test_state_dropdown_populates_cities_on_selection PASSED [ 49%]
tests/admin_portal/customers/test_customers_positive.py::test_city_dropdown_empty_without_state PASSED [ 50%]
tests/admin_portal/customers/test_customers_positive.py::test_create_inactive_customer PASSED [ 51%]
tests/admin_portal/customers/test_customers_positive.py::test_cars_and_payment_tabs_disabled_for_new_customer PASSED [ 52%]
tests/admin_portal/customers/test_customers_positive.py::test_cancel_add_customer_returns_to_list PASSED [ 53%]
tests/admin_portal/customers/test_customers_positive.py::test_create_then_refresh_data_persists PASSED [ 54%]
tests/admin_portal/customers/test_customers_search_filter.py::test_search_by_exact_license_plate PASSED [ 55%]
tests/admin_portal/customers/test_customers_search_filter.py::test_search_by_partial_license_plate PASSED [ 56%]
tests/admin_portal/customers/test_customers_search_filter.py::test_search_by_exact_phone_number 2026-07-26 19:39:49,938 ERROR nxtwash: Test FAILED: tests/admin_portal/customers/test_customers_search_filter.py::test_search_by_exact_phone_number (url: https://staging.nxtwash.com/customers/create)

-------------------------------- live log call ---------------------------------
ERROR    nxtwash:conftest.py:241 Test FAILED: tests/admin_portal/customers/test_customers_search_filter.py::test_search_by_exact_phone_number (url: https://staging.nxtwash.com/customers/create)
2026-07-26 19:39:50,583 ERROR nxtwash: Visible page text at failure:
Overview
Sites / Locations
Services
Customers
Users / Employees
Kiosk Settings
Gas Pump Settings
POS Settings
Tunnel Settings
Self Serve
Reports
Vishal Kumar
Owner
Customers
New
Cancel
Save new
First Name
Last Name
Date of birth
Site/Location
VK AL01
Loyalty points amount
Allow invoicing
Send text
Send email
Active customer
Phone number
Email
Address
ZIP code
State
Arizona
City
Amado
ERROR    nxtwash:conftest.py:256 Visible page text at failure:
Overview
Sites / Locations
Services
Customers
Users / Employees
Kiosk Settings
Gas Pump Settings
POS Settings
Tunnel Settings
Self Serve
Reports
Vishal Kumar
Owner
Customers
New
Cancel
Save new
First Name
Last Name
Date of birth
Site/Location
VK AL01
Loyalty points amount
Allow invoicing
Send text
Send email
Active customer
Phone number
Email
Address
ZIP code
State
Arizona
City
Amado
FAILED                                                                   [ 58%]
tests/admin_portal/customers/test_customers_search_filter.py::test_search_by_partial_phone_number PASSED [ 59%]
tests/admin_portal/customers/test_customers_search_filter.py::test_license_plate_and_phone_searches_are_independent PASSED [ 60%]
tests/admin_portal/customers/test_customers_search_filter.py::test_nonmatching_search_returns_empty_state PASSED [ 61%]
tests/admin_portal/customers/test_customers_search_filter.py::test_filter_panel_opens_with_all_fields_visible PASSED [ 62%]
tests/admin_portal/customers/test_customers_search_filter.py::test_active_accounts_toggle_is_on_by_default PASSED [ 63%]
tests/admin_portal/customers/test_customers_search_filter.py::test_filter_result_count_updates_before_applying SKIPPED.) [ 64%]
tests/admin_portal/customers/test_customers_search_filter.py::test_filter_by_first_name SKIPPEDtaging.) [ 65%]
tests/admin_portal/customers/test_customers_search_filter.py::test_filter_by_last_name SKIPPEDaging.) [ 66%]
tests/admin_portal/customers/test_customers_search_filter.py::test_filter_by_email SKIPPEDg.) [ 67%]
tests/admin_portal/customers/test_customers_search_filter.py::test_filter_by_rfid SKIPPED.) [ 68%]
tests/admin_portal/customers/test_customers_search_filter.py::test_filter_by_site XFAILutomation.) [ 69%]
tests/admin_portal/customers/test_customers_search_filter.py::test_filter_by_membership SKIPPED [ 70%]
tests/admin_portal/customers/test_customers_search_filter.py::test_filter_by_signup_date_range XFAILot supported.) [ 72%]
tests/admin_portal/customers/test_customers_search_filter.py::test_filter_by_next_payment_date_range SKIPPED [ 73%]
tests/admin_portal/customers/test_customers_search_filter.py::test_filter_by_cc_number SKIPPEDods.) [ 74%]
tests/admin_portal/customers/test_customers_search_filter.py::test_filter_by_cc_type SKIPPEDs.) [ 75%]
tests/admin_portal/customers/test_customers_search_filter.py::test_filter_by_number_of_cars_range SKIPPEDnt.) [ 76%]
tests/admin_portal/customers/test_customers_search_filter.py::test_filter_by_allow_invoicing_yes XPASS-click automation.) [ 77%]
tests/admin_portal/customers/test_customers_search_filter.py::test_filter_by_card_on_file XPASSr-click automation.) [ 78%]
tests/admin_portal/customers/test_customers_search_filter.py::test_filter_by_recurring_yes SKIPPED [ 79%]
tests/admin_portal/customers/test_customers_search_filter.py::test_filter_by_prepaid_yes SKIPPED [ 80%]
tests/admin_portal/customers/test_customers_search_filter.py::test_filter_by_canceled_yes SKIPPED [ 81%]
tests/admin_portal/customers/test_customers_search_filter.py::test_filter_by_declined_yes XPASSr-click automation.) [ 82%]
tests/admin_portal/customers/test_customers_search_filter.py::test_all_boolean_dropdowns_default_to_all PASSED [ 83%]
tests/admin_portal/customers/test_customers_search_filter.py::test_multiple_filters_combined_narrow_results XFAILtrigger-click automation.) [ 84%]
tests/admin_portal/customers/test_customers_search_filter.py::test_signup_date_from_after_to_documents_behaviour XPASSot supported.) [ 86%]
tests/admin_portal/customers/test_customers_search_filter.py::test_reset_all_clears_filter_fields PASSED [ 87%]
tests/admin_portal/customers/test_customers_ui.py::test_customers_page_loads_with_primary_controls PASSED [ 88%]
tests/admin_portal/customers/test_customers_ui.py::test_grid_membership_status_column_visible SKIPPED [ 89%]
tests/admin_portal/customers/test_customers_ui.py::test_pagination_and_results_per_page_visible PASSED [ 90%]
tests/admin_portal/customers/test_customers_ui.py::test_add_customer_form_loads_with_required_controls PASSED [ 91%]
tests/admin_portal/customers/test_customers_validation.py::test_blank_first_name_blocked_on_save PASSED [ 92%]
tests/admin_portal/customers/test_customers_validation.py::test_blank_last_name_blocked_on_save PASSED [ 93%]
tests/admin_portal/customers/test_customers_validation.py::test_blank_site_assignment_blocked_on_save PASSED [ 94%]
tests/admin_portal/customers/test_customers_validation.py::test_invalid_email_format_documents_behaviour PASSED [ 95%]
tests/admin_portal/customers/test_customers_validation.py::test_dob_in_future_documents_behaviour PASSED [ 96%]
tests/admin_portal/customers/test_customers_validation.py::test_duplicate_email_documents_behaviour PASSED [ 97%]
tests/admin_portal/customers/test_customers_validation.py::test_negative_loyalty_points_documents_behaviour SKIPPEDform.) [ 98%]
tests/admin_portal/customers/test_customers_validation.py::test_blank_form_stays_on_create_page PASSED [100%]

==================================== ERRORS ====================================
______________ ERROR at setup of test_deactivate_active_customer _______________

browser = <selenium.webdriver.chrome.webdriver.WebDriver (session="089002a01984b733e25408bb7a17c2c2")>

    @pytest.fixture
    def managed_customer(browser):
        """Ensure the managed customer exists before the test; restore after."""
>       page = create_customer_if_missing(browser)
               ^^^^^^^^^^^^^^^^^^^^^^^^^^^^^^^^^^^

tests/admin_portal/customers/conftest.py:206: 
_ _ _ _ _ _ _ _ _ _ _ _ _ _ _ _ _ _ _ _ _ _ _ _ _ _ _ _ _ _ _ _ _ _ _ _ _ _ _ _ 
tests/admin_portal/customers/conftest.py:166: in create_customer_if_missing
    page.create_full_customer(
_ _ _ _ _ _ _ _ _ _ _ _ _ _ _ _ _ _ _ _ _ _ _ _ _ _ _ _ _ _ _ _ _ _ _ _ _ _ _ _ 

self = <pages.admin_portal.customers_page.CustomersPage object at 0x10668e590>
first_name = 'vk test', last_name = 'auto customer1', site = 'Vk AL01'
email = 'vktestcust1@yopmail.com', phone = '1001001', dob = '2026-07-01'
address = 'Vk test cust 1 test address', zip_code = '10001', state = 'Arizona'
city = 'Amado'

    def create_full_customer(
        self,
        first_name,
        last_name,
        site,
        email="",
        phone="",
        dob="",
        address="",
        zip_code="",
        state="",
        city="",
    ):
        """Open the create form and fill every provided field before saving."""
        self.open_create_customer()
        self.enter_first_name(first_name)
        self.enter_last_name(last_name)
        if email:
            self.enter_email(email)
        if phone:
            self.enter_phone(phone)
        if dob:
            self.enter_dob(dob)
        if address:
            self.enter_address(address)
        if zip_code:
            self.enter_zip(zip_code)
        self.ensure_active_switch_on()
        self.select_site(site)
        if state:
            try:
                self.select_state(state)
                if city:
                    self.select_react_dropdown_option(self.CITY_COMBOBOX, city)
            except Exception:  # noqa: BLE001
                pass  # state/city cascade may vary by environment
        self.click_save_customer()
        try:
            self.wait_for_list_loaded()
        except TimeoutException:
            error = self.get_visible_error()
>           raise RuntimeError(
                "Customer save did not return to list. Page message: %s"
                % (error or "none visible")
            ) from None
E           RuntimeError: Customer save did not return to list. Page message: none visible

pages/admin_portal/customers_page.py:1160: RuntimeError
---------------------------- Captured stdout setup -----------------------------

[test_data] Customer 'auto customer1' / 'vktestcust1@yopmail.com' could not be created.
  → Open tests/admin_portal/customers/test_data.py and set SLOT = 2, then re-run.
=================================== FAILURES ===================================
____________________ test_edit_then_refresh_changes_persist ____________________

browser = <selenium.webdriver.chrome.webdriver.WebDriver (session="302de9b76ca4c93d1c8e96f834f91691")>
managed_customer = <pages.admin_portal.customers_page.CustomersPage object at 0x10655d7d0>

    @allure.title("CUST-PER-002 Edit customer then refresh — changes persist")
    @pytest.mark.regression
    def test_edit_then_refresh_changes_persist(browser, managed_customer):
        page = managed_customer
        _open_edit_for_managed_customer(page)
        page.enter_last_name(UPDATED_LAST)
        page.click_save_customer()
>       page.wait_for_list_loaded()

tests/admin_portal/customers/test_customers_edit.py:178: 
_ _ _ _ _ _ _ _ _ _ _ _ _ _ _ _ _ _ _ _ _ _ _ _ _ _ _ _ _ _ _ _ _ _ _ _ _ _ _ _ 
pages/admin_portal/customers_page.py:270: in wait_for_list_loaded
    self.wait.until(EC.element_to_be_clickable(self.ADD_CUSTOMER_BUTTON))
_ _ _ _ _ _ _ _ _ _ _ _ _ _ _ _ _ _ _ _ _ _ _ _ _ _ _ _ _ _ _ _ _ _ _ _ _ _ _ _ 

self = <selenium.webdriver.support.wait.WebDriverWait (session="302de9b76ca4c93d1c8e96f834f91691")>
method = <function element_to_be_clickable.<locals>._predicate at 0x1066e51c0>
message = ''

    def until(self, method: Callable[[D], Literal[False] | T], message: str = "") -> T:
        """Wait until the method returns a value that is not False.
    
        Calls the method provided with the driver as an argument until the
        return value does not evaluate to ``False``.
    
        Args:
            method: A callable object that takes a WebDriver instance as an
                argument.
            message: Optional message for TimeoutException.
    
        Returns:
            The result of the last call to `method`.
    
        Raises:
            TimeoutException: If 'method' does not return a truthy value within
                the WebDriverWait object's timeout.
    
        Example:
            >>> from selenium.webdriver.common.by import By
            >>> from selenium.webdriver.support.ui import WebDriverWait
            >>> from selenium.webdriver.support import expected_conditions as EC
            >>>
            >>> # Wait until an element is visible on the page
            >>> wait = WebDriverWait(driver, 10)
            >>> element = wait.until(EC.visibility_of_element_located((By.ID, "exampleId")))
            >>> print(element.text)
        """
        screen = None
        stacktrace = None
    
        end_time = time.monotonic() + self._timeout
        while True:
            try:
                value = method(self._driver)
                if value:
                    return value
            except self._ignored_exceptions as exc:
                screen = getattr(exc, "screen", None)
                stacktrace = getattr(exc, "stacktrace", None)
            if time.monotonic() > end_time:
                break
            time.sleep(self._poll)
>       raise TimeoutException(message, screen, stacktrace)
E       selenium.common.exceptions.TimeoutException: Message: 
E       Stacktrace:
E       0   chromedriver                        0x0000000100fc9a84 cxxbridge1$str$ptr + 3195292
E       1   chromedriver                        0x0000000100fc1b4c cxxbridge1$str$ptr + 3162724
E       2   chromedriver                        0x0000000100a6b2a4 _RNvCs9NA52FrZ4pF_7___rustc35___rust_no_alloc_shim_is_unstable_v2 + 73836
E       3   chromedriver                        0x0000000100ab3a44 _RNvCs9NA52FrZ4pF_7___rustc35___rust_no_alloc_shim_is_unstable_v2 + 370700
E       4   chromedriver                        0x0000000100af3030 _RNvCs9NA52FrZ4pF_7___rustc35___rust_no_alloc_shim_is_unstable_v2 + 630264
E       5   chromedriver                        0x0000000100aa9434 _RNvCs9NA52FrZ4pF_7___rustc35___rust_no_alloc_shim_is_unstable_v2 + 328188
E       6   chromedriver                        0x0000000100f86c40 cxxbridge1$str$ptr + 2921304
E       7   chromedriver                        0x0000000100f8a3b8 cxxbridge1$str$ptr + 2935504
E       8   chromedriver                        0x0000000100f6d0f8 cxxbridge1$str$ptr + 2816016
E       9   chromedriver                        0x0000000100f8ac4c cxxbridge1$str$ptr + 2937700
E       10  chromedriver                        0x0000000100f5e3b0 cxxbridge1$str$ptr + 2755272
E       11  chromedriver                        0x0000000100fb01f4 cxxbridge1$str$ptr + 3090700
E       12  chromedriver                        0x0000000100fb0354 cxxbridge1$str$ptr + 3091052
E       13  chromedriver                        0x0000000100fc17a4 cxxbridge1$str$ptr + 3161788
E       14  libsystem_pthread.dylib             0x0000000199325c08 _pthread_start + 136
E       15  libsystem_pthread.dylib             0x0000000199320ba8 thread_start + 8

../.venv/lib/python3.11/site-packages/selenium/webdriver/support/wait.py:121: TimeoutException
________________ test_create_customer_with_required_fields_only ________________

browser = <selenium.webdriver.chrome.webdriver.WebDriver (session="823dcdce8e822b2967492ab2d1e86eca")>

    @allure.title("CUST-CRT-001 Create customer with required fields only appears in the list")
    @pytest.mark.smoke
    def test_create_customer_with_required_fields_only(browser):
        last = "TCrt1-%s" % uuid.uuid4().hex[:6]
        page = open_customers_page(browser)
        page.create_customer(CUSTOMER_FIRST, last, CUSTOMER_SITE)
        page.open_filter_panel()
        page.filter_by_last_name(last)
        page.apply_filters()
    
>       assert last in page.get_body_text()
E       AssertionError: assert 'TCrt1-5c2e78' in 'Overview\nSites / Locations\nServices\nCustomers\nUsers / Employees\nKiosk Settings\nGas Pump Settings\nPOS Settings\nTunnel Settings\nSelf Serve\nReports\nVishal Kumar\nOwner\nCustomers\nFilter by (1)\n+ Add customer\nFirst Name\nLast Name\nPhone number\nCars (#)\nLast visit\nTotal amount spent\nMembership status\nPage 1 of 0\n|\nShow 100\nout of 0 records\nSuccess\nFilter by\nFirst Name\nLast Name\nEmail\nRFID\nSite/Location\nSelect site/location\nActive customers only\nMembership\nSelect membership\nSign up date from\nSign up date to\nNext payment date from\nNext payment date to\nRecurring\nAll\nPrepaid\nAll\nAllow invoicing\nAll\nCard on file\nAll\nCC number\nCC type\nCC type\nCanceled\nAll\nDeclined\nAll\nNumber of cars min\nNumber of cars max\nNumber of recurring min\nNumber of recurring max\nNumber of prepaid min\nNumber of prepaid max\nReset filters\nApply filters'
E        +  where 'Overview\nSites / Locations\nServices\nCustomers\nUsers / Employees\nKiosk Settings\nGas Pump Settings\nPOS Settings\nTunnel Settings\nSelf Serve\nReports\nVishal Kumar\nOwner\nCustomers\nFilter by (1)\n+ Add customer\nFirst Name\nLast Name\nPhone number\nCars (#)\nLast visit\nTotal amount spent\nMembership status\nPage 1 of 0\n|\nShow 100\nout of 0 records\nSuccess\nFilter by\nFirst Name\nLast Name\nEmail\nRFID\nSite/Location\nSelect site/location\nActive customers only\nMembership\nSelect membership\nSign up date from\nSign up date to\nNext payment date from\nNext payment date to\nRecurring\nAll\nPrepaid\nAll\nAllow invoicing\nAll\nCard on file\nAll\nCC number\nCC type\nCC type\nCanceled\nAll\nDeclined\nAll\nNumber of cars min\nNumber of cars max\nNumber of recurring min\nNumber of recurring max\nNumber of prepaid min\nNumber of prepaid max\nReset filters\nApply filters' = get_body_text()
E        +    where get_body_text = <pages.admin_portal.customers_page.CustomersPage object at 0x1066e0c50>.get_body_text

tests/admin_portal/customers/test_customers_positive.py:35: AssertionError
________________ test_create_customer_with_all_optional_fields _________________

browser = <selenium.webdriver.chrome.webdriver.WebDriver (session="325f38c0fcad27293989751f7bcb0281")>

    @allure.title("CUST-CRT-002 Create customer with all optional fields filled appears in the list")
    @pytest.mark.regression
    def test_create_customer_with_all_optional_fields(browser):
        last = "TCrt2-%s" % uuid.uuid4().hex[:6]
        email = "vk.%s@nxtwash-auto.com" % last.lower()
        page = open_customers_page(browser)
        page.open_create_customer()
        page.enter_first_name(CUSTOMER_FIRST)
        page.enter_last_name(last)
        page.enter_email(email)
        page.ensure_active_switch_on()
        page.select_site(CUSTOMER_SITE)
        page.click_save_customer()
        page.wait_for_list_loaded()
        page.open_filter_panel()
        page.filter_by_last_name(last)
        page.apply_filters()
    
>       assert last in page.get_body_text()
E       AssertionError: assert 'TCrt2-aa08d4' in 'Overview\nSites / Locations\nServices\nCustomers\nUsers / Employees\nKiosk Settings\nGas Pump Settings\nPOS Settings\nTunnel Settings\nSelf Serve\nReports\nVishal Kumar\nOwner\nCustomers\nFilter by (1)\n+ Add customer\nFirst Name\nLast Name\nPhone number\nCars (#)\nLast visit\nTotal amount spent\nMembership status\nPage 1 of 0\n|\nShow 100\nout of 0 records\nSuccess\nFilter by\nFirst Name\nLast Name\nEmail\nRFID\nSite/Location\nSelect site/location\nActive customers only\nMembership\nSelect membership\nSign up date from\nSign up date to\nNext payment date from\nNext payment date to\nRecurring\nAll\nPrepaid\nAll\nAllow invoicing\nAll\nCard on file\nAll\nCC number\nCC type\nCC type\nCanceled\nAll\nDeclined\nAll\nNumber of cars min\nNumber of cars max\nNumber of recurring min\nNumber of recurring max\nNumber of prepaid min\nNumber of prepaid max\nReset filters\nApply filters'
E        +  where 'Overview\nSites / Locations\nServices\nCustomers\nUsers / Employees\nKiosk Settings\nGas Pump Settings\nPOS Settings\nTunnel Settings\nSelf Serve\nReports\nVishal Kumar\nOwner\nCustomers\nFilter by (1)\n+ Add customer\nFirst Name\nLast Name\nPhone number\nCars (#)\nLast visit\nTotal amount spent\nMembership status\nPage 1 of 0\n|\nShow 100\nout of 0 records\nSuccess\nFilter by\nFirst Name\nLast Name\nEmail\nRFID\nSite/Location\nSelect site/location\nActive customers only\nMembership\nSelect membership\nSign up date from\nSign up date to\nNext payment date from\nNext payment date to\nRecurring\nAll\nPrepaid\nAll\nAllow invoicing\nAll\nCard on file\nAll\nCC number\nCC type\nCC type\nCanceled\nAll\nDeclined\nAll\nNumber of cars min\nNumber of cars max\nNumber of recurring min\nNumber of recurring max\nNumber of prepaid min\nNumber of prepaid max\nReset filters\nApply filters' = get_body_text()
E        +    where get_body_text = <pages.admin_portal.customers_page.CustomersPage object at 0x1066fa290>.get_body_text

tests/admin_portal/customers/test_customers_positive.py:57: AssertionError
______________________ test_search_by_exact_phone_number _______________________

browser = <selenium.webdriver.chrome.webdriver.WebDriver (session="83ee372562a73101898156311fc8992b")>

    @allure.title("CUST-SRH-003 Search by exact phone number returns the correct customer")
    @pytest.mark.regression
    def test_search_by_exact_phone_number(browser):
>       create_customer_if_missing(browser)

tests/admin_portal/customers/test_customers_search_filter.py:51: 
_ _ _ _ _ _ _ _ _ _ _ _ _ _ _ _ _ _ _ _ _ _ _ _ _ _ _ _ _ _ _ _ _ _ _ _ _ _ _ _ 
tests/admin_portal/customers/conftest.py:166: in create_customer_if_missing
    page.create_full_customer(
_ _ _ _ _ _ _ _ _ _ _ _ _ _ _ _ _ _ _ _ _ _ _ _ _ _ _ _ _ _ _ _ _ _ _ _ _ _ _ _ 

self = <pages.admin_portal.customers_page.CustomersPage object at 0x1065fdcd0>
first_name = 'vk test', last_name = 'auto customer1', site = 'Vk AL01'
email = 'vktestcust1@yopmail.com', phone = '1001001', dob = '2026-07-01'
address = 'Vk test cust 1 test address', zip_code = '10001', state = 'Arizona'
city = 'Amado'

    def create_full_customer(
        self,
        first_name,
        last_name,
        site,
        email="",
        phone="",
        dob="",
        address="",
        zip_code="",
        state="",
        city="",
    ):
        """Open the create form and fill every provided field before saving."""
        self.open_create_customer()
        self.enter_first_name(first_name)
        self.enter_last_name(last_name)
        if email:
            self.enter_email(email)
        if phone:
            self.enter_phone(phone)
        if dob:
            self.enter_dob(dob)
        if address:
            self.enter_address(address)
        if zip_code:
            self.enter_zip(zip_code)
        self.ensure_active_switch_on()
        self.select_site(site)
        if state:
            try:
                self.select_state(state)
                if city:
                    self.select_react_dropdown_option(self.CITY_COMBOBOX, city)
            except Exception:  # noqa: BLE001
                pass  # state/city cascade may vary by environment
        self.click_save_customer()
        try:
            self.wait_for_list_loaded()
        except TimeoutException:
            error = self.get_visible_error()
>           raise RuntimeError(
                "Customer save did not return to list. Page message: %s"
                % (error or "none visible")
            ) from None
E           RuntimeError: Customer save did not return to list. Page message: none visible

pages/admin_portal/customers_page.py:1160: RuntimeError
----------------------------- Captured stdout call -----------------------------

[test_data] Customer 'auto customer1' / 'vktestcust1@yopmail.com' could not be created.
  → Open tests/admin_portal/customers/test_data.py and set SLOT = 2, then re-run.
=========================== short test summary info ============================
FAILED tests/admin_portal/customers/test_customers_edit.py::test_edit_then_refresh_changes_persist - selenium.common.exceptions.TimeoutException: Message: 
Stacktrace:
0   chromedriver                        0x0000000100fc9a84 cxxbridge1$str$ptr + 3195292
1   chromedriver                        0x0000000100fc1b4c cxxbridge1$str$ptr + 3162724
2   chromedriver                        0x0000000100a6b2a4 _RNvCs9NA52FrZ4pF_7___rustc35___rust_no_alloc_shim_is_unstable_v2 + 73836
3   chromedriver                        0x0000000100ab3a44 _RNvCs9NA52FrZ4pF_7___rustc35___rust_no_alloc_shim_is_unstable_v2 + 370700
4   chromedriver                        0x0000000100af3030 _RNvCs9NA52FrZ4pF_7___rustc35___rust_no_alloc_shim_is_unstable_v2 + 630264
5   chromedriver                        0x0000000100aa9434 _RNvCs9NA52FrZ4pF_7___rustc35___rust_no_alloc_shim_is_unstable_v2 + 328188
6   chromedriver                        0x0000000100f86c40 cxxbridge1$str$ptr + 2921304
7   chromedriver                        0x0000000100f8a3b8 cxxbridge1$str$ptr + 2935504
8   chromedriver                        0x0000000100f6d0f8 cxxbridge1$str$ptr + 2816016
9   chromedriver                        0x0000000100f8ac4c cxxbridge1$str$ptr + 2937700
10  chromedriver                        0x0000000100f5e3b0 cxxbridge1$str$ptr + 2755272
11  chromedriver                        0x0000000100fb01f4 cxxbridge1$str$ptr + 3090700
12  chromedriver                        0x0000000100fb0354 cxxbridge1$str$ptr + 3091052
13  chromedriver                        0x0000000100fc17a4 cxxbridge1$str$ptr + 3161788
14  libsystem_pthread.dylib             0x0000000199325c08 _pthread_start + 136
15  libsystem_pthread.dylib             0x0000000199320ba8 thread_start + 8
FAILED tests/admin_portal/customers/test_customers_positive.py::test_create_customer_with_required_fields_only - AssertionError: assert 'TCrt1-5c2e78' in 'Overview\nSites / Locations\nServices\nCustomers\nUsers / Employees\nKiosk Settings\nGas Pump Settings\nPOS Settings\nTunnel Settings\nSelf Serve\nReports\nVishal Kumar\nOwner\nCustomers\nFilter by (1)\n+ Add customer\nFirst Name\nLast Name\nPhone number\nCars (#)\nLast visit\nTotal amount spent\nMembership status\nPage 1 of 0\n|\nShow 100\nout of 0 records\nSuccess\nFilter by\nFirst Name\nLast Name\nEmail\nRFID\nSite/Location\nSelect site/location\nActive customers only\nMembership\nSelect membership\nSign up date from\nSign up date to\nNext payment date from\nNext payment date to\nRecurring\nAll\nPrepaid\nAll\nAllow invoicing\nAll\nCard on file\nAll\nCC number\nCC type\nCC type\nCanceled\nAll\nDeclined\nAll\nNumber of cars min\nNumber of cars max\nNumber of recurring min\nNumber of recurring max\nNumber of prepaid min\nNumber of prepaid max\nReset filters\nApply filters'
 +  where 'Overview\nSites / Locations\nServices\nCustomers\nUsers / Employees\nKiosk Settings\nGas Pump Settings\nPOS Settings\nTunnel Settings\nSelf Serve\nReports\nVishal Kumar\nOwner\nCustomers\nFilter by (1)\n+ Add customer\nFirst Name\nLast Name\nPhone number\nCars (#)\nLast visit\nTotal amount spent\nMembership status\nPage 1 of 0\n|\nShow 100\nout of 0 records\nSuccess\nFilter by\nFirst Name\nLast Name\nEmail\nRFID\nSite/Location\nSelect site/location\nActive customers only\nMembership\nSelect membership\nSign up date from\nSign up date to\nNext payment date from\nNext payment date to\nRecurring\nAll\nPrepaid\nAll\nAllow invoicing\nAll\nCard on file\nAll\nCC number\nCC type\nCC type\nCanceled\nAll\nDeclined\nAll\nNumber of cars min\nNumber of cars max\nNumber of recurring min\nNumber of recurring max\nNumber of prepaid min\nNumber of prepaid max\nReset filters\nApply filters' = get_body_text()
 +    where get_body_text = <pages.admin_portal.customers_page.CustomersPage object at 0x1066e0c50>.get_body_text
FAILED tests/admin_portal/customers/test_customers_positive.py::test_create_customer_with_all_optional_fields - AssertionError: assert 'TCrt2-aa08d4' in 'Overview\nSites / Locations\nServices\nCustomers\nUsers / Employees\nKiosk Settings\nGas Pump Settings\nPOS Settings\nTunnel Settings\nSelf Serve\nReports\nVishal Kumar\nOwner\nCustomers\nFilter by (1)\n+ Add customer\nFirst Name\nLast Name\nPhone number\nCars (#)\nLast visit\nTotal amount spent\nMembership status\nPage 1 of 0\n|\nShow 100\nout of 0 records\nSuccess\nFilter by\nFirst Name\nLast Name\nEmail\nRFID\nSite/Location\nSelect site/location\nActive customers only\nMembership\nSelect membership\nSign up date from\nSign up date to\nNext payment date from\nNext payment date to\nRecurring\nAll\nPrepaid\nAll\nAllow invoicing\nAll\nCard on file\nAll\nCC number\nCC type\nCC type\nCanceled\nAll\nDeclined\nAll\nNumber of cars min\nNumber of cars max\nNumber of recurring min\nNumber of recurring max\nNumber of prepaid min\nNumber of prepaid max\nReset filters\nApply filters'
 +  where 'Overview\nSites / Locations\nServices\nCustomers\nUsers / Employees\nKiosk Settings\nGas Pump Settings\nPOS Settings\nTunnel Settings\nSelf Serve\nReports\nVishal Kumar\nOwner\nCustomers\nFilter by (1)\n+ Add customer\nFirst Name\nLast Name\nPhone number\nCars (#)\nLast visit\nTotal amount spent\nMembership status\nPage 1 of 0\n|\nShow 100\nout of 0 records\nSuccess\nFilter by\nFirst Name\nLast Name\nEmail\nRFID\nSite/Location\nSelect site/location\nActive customers only\nMembership\nSelect membership\nSign up date from\nSign up date to\nNext payment date from\nNext payment date to\nRecurring\nAll\nPrepaid\nAll\nAllow invoicing\nAll\nCard on file\nAll\nCC number\nCC type\nCC type\nCanceled\nAll\nDeclined\nAll\nNumber of cars min\nNumber of cars max\nNumber of recurring min\nNumber of recurring max\nNumber of prepaid min\nNumber of prepaid max\nReset filters\nApply filters' = get_body_text()
 +    where get_body_text = <pages.admin_portal.customers_page.CustomersPage object at 0x1066fa290>.get_body_text
FAILED tests/admin_portal/customers/test_customers_search_filter.py::test_search_by_exact_phone_number - RuntimeError: Customer save did not return to list. Page message: none visible
ERROR tests/admin_portal/customers/test_customers_edit.py::test_deactivate_active_customer - RuntimeError: Customer save did not return to list. Page message: none visible
= 4 failed, 42 passed, 34 skipped, 5 xfailed, 7 xpassed, 1 error in 1645.72s (0:27:25) =
