2026-07-23 06:28:37,578 INFO nxtwash: Test run starting against 'staging' environment
============================= test session starts ==============================
collected 58 items

tests/admin_portal/custom_services/test_custom_services_category.py::test_service_category_dropdown_lists_active_categories_only PASSED [  1%]
tests/admin_portal/custom_services/test_custom_services_category.py::test_selected_category_persists_after_save PASSED [  3%]
tests/admin_portal/custom_services/test_custom_services_category.py::test_service_category_can_be_changed 2026-07-23 06:29:49,869 ERROR nxtwash: Test FAILED: tests/admin_portal/custom_services/test_custom_services_category.py::test_service_category_can_be_changed (url: https://staging.nxtwash.com/services/customServices/new)

-------------------------------- live log call ---------------------------------
ERROR    nxtwash:conftest.py:241 Test FAILED: tests/admin_portal/custom_services/test_custom_services_category.py::test_service_category_can_be_changed (url: https://staging.nxtwash.com/services/customServices/new)
2026-07-23 06:29:50,587 ERROR nxtwash: Visible page text at failure:
Custom services
Add new custom service
Cancel
Save custom service
Service settings
Discount settings
Service name
Select service category
VK ASC1
Barcode
Loyalty points
Points awarded
Points to redeem
Service description
Force receipt printing
Active service
Open price
Global price
Global commission
Assign to
Location price
Exempt tax
State sales tax rate
City sales tax rate
Commission
VK ZT 9eaa54
Columbia
0%
0%
VK ZT ae9b9c
Columbia
0%
0%
test 12
Clifton
0%
0%
VK AL22
Columbia
5%
3%
VK AL21
Columbia
5%
3%
VK AL20
Columbia
5%
3%
VK ZT c26508
Columbia
0%
0%
VK AL19
Columbia
5%
3%
VK AL18
Columbia
5%
3%
VK ZT c54675
Columbia
0%
0%
VK AL17
Columbia
5%
3%
VK AL16
Columbia
5%
3%
VK ZT 2b4279
Columbia
0%
0%
VK AL15
Columbia
5%
3%
ERROR    nxtwash:conftest.py:256 Visible page text at failure:
Custom services
Add new custom service
Cancel
Save custom service
Service settings
Discount settings
Service name
Select service category
VK ASC1
Barcode
Loyalty points
Points awarded
Points to redeem
Service description
Force receipt printing
Active service
Open price
Global price
Global commission
Assign to
Location price
Exempt tax
State sales tax rate
City sales tax rate
Commission
VK ZT 9eaa54
Columbia
0%
0%
VK ZT ae9b9c
Columbia
0%
0%
test 12
Clifton
0%
0%
VK AL22
Columbia
5%
3%
VK AL21
Columbia
5%
3%
VK AL20
Columbia
5%
3%
VK ZT c26508
Columbia
0%
0%
VK AL19
Columbia
5%
3%
VK AL18
Columbia
5%
3%
VK ZT c54675
Columbia
0%
0%
VK AL17
Columbia
5%
3%
VK AL16
Columbia
5%
3%
VK ZT 2b4279
Columbia
0%
0%
VK AL15
Columbia
5%
3%
FAILED                                                                   [  5%]
tests/admin_portal/custom_services/test_custom_services_dependency.py::test_assigned_site_appears_in_site_grid_after_save PASSED [  6%]
tests/admin_portal/custom_services/test_custom_services_dependency.py::test_service_appears_in_pos_after_assignment SKIPPED [  8%]
tests/admin_portal/custom_services/test_custom_services_dependency.py::test_inactive_service_hidden_from_pos SKIPPED [ 10%]
tests/admin_portal/custom_services/test_custom_services_dependency.py::test_delete_service_removes_from_pos SKIPPED [ 12%]
tests/admin_portal/custom_services/test_custom_services_dependency.py::test_export_download_button_triggers_download SKIPPED [ 13%]
tests/admin_portal/custom_services/test_custom_services_discount.py::test_discount_settings_tab_is_visible_on_create PASSED [ 15%]
tests/admin_portal/custom_services/test_custom_services_discount.py::test_applicable_discount_persists_after_save PASSED [ 17%]
tests/admin_portal/custom_services/test_custom_services_discount.py::test_multiple_applicable_discounts_can_be_selected 2026-07-23 06:32:03,707 ERROR nxtwash: Test FAILED: tests/admin_portal/custom_services/test_custom_services_discount.py::test_multiple_applicable_discounts_can_be_selected (url: https://staging.nxtwash.com/services/customServices/edit/30631)

-------------------------------- live log call ---------------------------------
ERROR    nxtwash:conftest.py:241 Test FAILED: tests/admin_portal/custom_services/test_custom_services_discount.py::test_multiple_applicable_discounts_can_be_selected (url: https://staging.nxtwash.com/services/customServices/edit/30631)
2026-07-23 06:32:04,314 ERROR nxtwash: Visible page text at failure:
Custom services
Edit custom service
Cancel
Save custom service
Service settings
Discount settings
Applicable discounts
Discounts applied to this service
Basic Discount
+ 1
AUTOTEST Discount
AUTOTEST Discount RENAMED
VK EC 100 Pct
VK EC Exp Today
VK EC Future Start
VK EC Zero Pct
VK PD02
AUTOTEST Pct Discount
VK CMB004
VK CMB002
VK AD02
VK AD01
Basic Discount
Plus discount
ERROR    nxtwash:conftest.py:256 Visible page text at failure:
Custom services
Edit custom service
Cancel
Save custom service
Service settings
Discount settings
Applicable discounts
Discounts applied to this service
Basic Discount
+ 1
AUTOTEST Discount
AUTOTEST Discount RENAMED
VK EC 100 Pct
VK EC Exp Today
VK EC Future Start
VK EC Zero Pct
VK PD02
AUTOTEST Pct Discount
VK CMB004
VK CMB002
VK AD02
VK AD01
Basic Discount
Plus discount
FAILED                                                                   [ 18%]
tests/admin_portal/custom_services/test_custom_services_discount.py::test_remove_applicable_discount_persists PASSED [ 20%]
tests/admin_portal/custom_services/test_custom_services_discount.py::test_discount_tab_accessible_on_edit_form PASSED [ 22%]
tests/admin_portal/custom_services/test_custom_services_discount.py::test_discount_combobox_filters_by_typing PASSED [ 24%]
tests/admin_portal/custom_services/test_custom_services_edit.py::test_edit_service_name_persists 2026-07-23 06:34:39,304 ERROR nxtwash: Test FAILED: tests/admin_portal/custom_services/test_custom_services_edit.py::test_edit_service_name_persists (url: https://staging.nxtwash.com/services/customServices)

-------------------------------- live log call ---------------------------------
ERROR    nxtwash:conftest.py:241 Test FAILED: tests/admin_portal/custom_services/test_custom_services_edit.py::test_edit_service_name_persists (url: https://staging.nxtwash.com/services/customServices)
2026-07-23 06:34:39,958 ERROR nxtwash: Visible page text at failure:
Custom services
Filter by (1)
+ Add new custom service
Service name
Category
Price
Status
No records available
Page
of
0
Results per page
100
Showing 0 - 0 of 0
ERROR    nxtwash:conftest.py:256 Visible page text at failure:
Custom services
Filter by (1)
+ Add new custom service
Service name
Category
Price
Status
No records available
Page
of
0
Results per page
100
Showing 0 - 0 of 0
FAILED                                                                   [ 25%]
tests/admin_portal/custom_services/test_custom_services_edit.py::test_edit_global_price_persists PASSED [ 27%]
tests/admin_portal/custom_services/test_custom_services_edit.py::test_edit_site_price_override_persists PASSED [ 29%]
tests/admin_portal/custom_services/test_custom_services_edit.py::test_activate_inactive_service SKIPPED [ 31%]
tests/admin_portal/custom_services/test_custom_services_edit.py::test_deactivate_active_service PASSED [ 32%]
tests/admin_portal/custom_services/test_custom_services_edit.py::test_edit_form_prepopulates_existing_values PASSED [ 34%]
tests/admin_portal/custom_services/test_custom_services_edit.py::test_cancel_out_of_edit_form PASSED [ 36%]
tests/admin_portal/custom_services/test_custom_services_edit.py::test_edit_barcode_and_description_persist SKIPPED [ 37%]
tests/admin_portal/custom_services/test_custom_services_edit.py::test_created_service_persists_after_reload PASSED [ 39%]
tests/admin_portal/custom_services/test_custom_services_edit.py::test_edited_service_persists_after_reload PASSED [ 41%]
tests/admin_portal/custom_services/test_custom_services_positive.py::test_create_active_custom_service PASSED [ 43%]
tests/admin_portal/custom_services/test_custom_services_positive.py::test_create_inactive_custom_service_hidden PASSED [ 44%]
tests/admin_portal/custom_services/test_custom_services_positive.py::test_cancel_out_of_create_form PASSED [ 46%]
tests/admin_portal/custom_services/test_custom_services_positive.py::test_create_form_has_save_and_cancel_buttons PASSED [ 48%]
tests/admin_portal/custom_services/test_custom_services_positive.py::test_new_service_global_price_visible_in_list 2026-07-23 06:40:33,913 ERROR nxtwash: Test FAILED: tests/admin_portal/custom_services/test_custom_services_positive.py::test_new_service_global_price_visible_in_list (url: https://staging.nxtwash.com/services/customServices)

-------------------------------- live log call ---------------------------------
ERROR    nxtwash:conftest.py:241 Test FAILED: tests/admin_portal/custom_services/test_custom_services_positive.py::test_new_service_global_price_visible_in_list (url: https://staging.nxtwash.com/services/customServices)
2026-07-23 06:40:34,519 ERROR nxtwash: Visible page text at failure:
Custom services
Filter by (1)
+ Add new custom service
Service name
Category
Price
Status
VK ACS1
VK ASC1
$10.00
Active
Edit
Page
of
1
Results per page
100
Showing 1 - 1 of 1
ERROR    nxtwash:conftest.py:256 Visible page text at failure:
Custom services
Filter by (1)
+ Add new custom service
Service name
Category
Price
Status
VK ACS1
VK ASC1
$10.00
Active
Edit
Page
of
1
Results per page
100
Showing 1 - 1 of 1
FAILED                                                                   [ 50%]
tests/admin_portal/custom_services/test_custom_services_positive.py::test_create_service_with_barcode PASSED [ 51%]
tests/admin_portal/custom_services/test_custom_services_positive.py::test_create_service_with_description PASSED [ 53%]
tests/admin_portal/custom_services/test_custom_services_positive.py::test_create_service_with_force_receipt_enabled PASSED [ 55%]
tests/admin_portal/custom_services/test_custom_services_positive.py::test_create_service_with_open_price_enabled PASSED [ 56%]
tests/admin_portal/custom_services/test_custom_services_positive.py::test_site_level_price_override_saved PASSED [ 58%]
tests/admin_portal/custom_services/test_custom_services_positive.py::test_enable_tax_exemption_per_site PASSED [ 60%]
tests/admin_portal/custom_services/test_custom_services_positive.py::test_create_service_with_applicable_discount PASSED [ 62%]
tests/admin_portal/custom_services/test_custom_services_positive.py::test_state_city_sales_tax_columns_are_read_only PASSED [ 63%]
tests/admin_portal/custom_services/test_custom_services_positive.py::test_created_service_persists_after_reload PASSED [ 65%]
tests/admin_portal/custom_services/test_custom_services_search_filter.py::test_search_exact_service_name PASSED [ 67%]
tests/admin_portal/custom_services/test_custom_services_search_filter.py::test_search_partial_service_name PASSED [ 68%]
tests/admin_portal/custom_services/test_custom_services_search_filter.py::test_search_non_existing_service_returns_empty PASSED [ 70%]
tests/admin_portal/custom_services/test_custom_services_search_filter.py::test_clear_search_restores_full_list PASSED [ 72%]
tests/admin_portal/custom_services/test_custom_services_search_filter.py::test_filter_by_site_narrows_results PASSED [ 74%]
tests/admin_portal/custom_services/test_custom_services_search_filter.py::test_active_service_filter_shows_active_only PASSED [ 75%]
tests/admin_portal/custom_services/test_custom_services_search_filter.py::test_active_service_filter_off_shows_all SKIPPED [ 77%]
tests/admin_portal/custom_services/test_custom_services_search_filter.py::test_site_and_active_filter_combined PASSED [ 79%]
tests/admin_portal/custom_services/test_custom_services_search_filter.py::test_reset_filters_clears_filters 2026-07-23 06:46:51,016 ERROR nxtwash: Test FAILED: tests/admin_portal/custom_services/test_custom_services_search_filter.py::test_reset_filters_clears_filters (url: https://staging.nxtwash.com/services/customServices)

-------------------------------- live log call ---------------------------------
ERROR    nxtwash:conftest.py:241 Test FAILED: tests/admin_portal/custom_services/test_custom_services_search_filter.py::test_reset_filters_clears_filters (url: https://staging.nxtwash.com/services/customServices)
2026-07-23 06:46:51,649 ERROR nxtwash: Visible page text at failure:
Custom services
Filter by
+ Add new custom service
Service name
Category
Price
Status
VK discount-dae257
VK ASC1
$15.00
Active
Edit
VK taxex-902275
VK ASC1
$15.00
Active
Edit
VK siteprice-f87092
VK ASC1
$15.00
Active
Edit
VK openprice-1b0d48
VK ASC1
$15.00
Active
Edit
VK receipt-0d0aa1
VK ASC1
$15.00
Active
Edit
VK desc-f1533f
VK ASC1
$15.00
Active
Edit
VK barcode-d1aaf3
VK ASC1
$15.00
Active
Edit
VK EDT001-745fc0
VK ASC1
$15.00
Active
Edit
VK discount-d4bea2
VK ASC1
$15.00
Active
Edit
VK taxex-37f3f3
VK ASC1
$15.00
Active
Edit
VK siteprice-8feb30
VK ASC1
$15.00
Active
Edit
VK siteprice-8227c0
VK ASC1
$15.00
Active
Edit
VK openprice-11b131
VK ASC1
$15.00
Active
Edit
VK receipt-0da8b6
VK ASC1
$15.00
Active
Edit
VK desc-864177
VK ASC1
$15.00
Active
Edit
Page
of
1
Results per page
100
Showing 1 - 87 of 87
ERROR    nxtwash:conftest.py:256 Visible page text at failure:
Custom services
Filter by
+ Add new custom service
Service name
Category
Price
Status
VK discount-dae257
VK ASC1
$15.00
Active
Edit
VK taxex-902275
VK ASC1
$15.00
Active
Edit
VK siteprice-f87092
VK ASC1
$15.00
Active
Edit
VK openprice-1b0d48
VK ASC1
$15.00
Active
Edit
VK receipt-0d0aa1
VK ASC1
$15.00
Active
Edit
VK desc-f1533f
VK ASC1
$15.00
Active
Edit
VK barcode-d1aaf3
VK ASC1
$15.00
Active
Edit
VK EDT001-745fc0
VK ASC1
$15.00
Active
Edit
VK discount-d4bea2
VK ASC1
$15.00
Active
Edit
VK taxex-37f3f3
VK ASC1
$15.00
Active
Edit
VK siteprice-8feb30
VK ASC1
$15.00
Active
Edit
VK siteprice-8227c0
VK ASC1
$15.00
Active
Edit
VK openprice-11b131
VK ASC1
$15.00
Active
Edit
VK receipt-0da8b6
VK ASC1
$15.00
Active
Edit
VK desc-864177
VK ASC1
$15.00
Active
Edit
Page
of
1
Results per page
100
Showing 1 - 87 of 87
FAILED                                                                   [ 81%]
tests/admin_portal/custom_services/test_custom_services_ui.py::test_custom_services_page_loads_with_primary_controls PASSED [ 82%]
tests/admin_portal/custom_services/test_custom_services_ui.py::test_grid_displays_expected_columns PASSED [ 84%]
tests/admin_portal/custom_services/test_custom_services_ui.py::test_pagination_controls_are_visible PASSED [ 86%]
tests/admin_portal/custom_services/test_custom_services_validation.py::test_submit_without_service_name_shows_error PASSED [ 87%]
tests/admin_portal/custom_services/test_custom_services_validation.py::test_submit_without_category_shows_error PASSED [ 89%]
tests/admin_portal/custom_services/test_custom_services_validation.py::test_submit_without_global_price_shows_error PASSED [ 91%]
tests/admin_portal/custom_services/test_custom_services_validation.py::test_negative_global_price_documents_behaviour PASSED [ 93%]
tests/admin_portal/custom_services/test_custom_services_validation.py::test_zero_global_price_documents_behaviour PASSED [ 94%]
tests/admin_portal/custom_services/test_custom_services_validation.py::test_duplicate_service_name_documents_behaviour PASSED [ 96%]
tests/admin_portal/custom_services/test_custom_services_validation.py::test_non_numeric_price_rejected PASSED [ 98%]
tests/admin_portal/custom_services/test_custom_services_validation.py::test_long_service_name_documents_behaviour PASSED [100%]

=================================== FAILURES ===================================
E   selenium.common.exceptions.TimeoutException: Message: 
    Stacktrace:
    0   chromedriver                        0x0000000104735a84 cxxbridge1$str$ptr + 3195292
    1   chromedriver                        0x000000010472db4c cxxbridge1$str$ptr + 3162724
    2   chromedriver                        0x00000001041d72a4 _RNvCs9NA52FrZ4pF_7___rustc35___rust_no_alloc_shim_is_unstable_v2 + 73836
    3   chromedriver                        0x000000010421fa44 _RNvCs9NA52FrZ4pF_7___rustc35___rust_no_alloc_shim_is_unstable_v2 + 370700
    4   chromedriver                        0x000000010425f030 _RNvCs9NA52FrZ4pF_7___rustc35___rust_no_alloc_shim_is_unstable_v2 + 630264
    5   chromedriver                        0x0000000104215434 _RNvCs9NA52FrZ4pF_7___rustc35___rust_no_alloc_shim_is_unstable_v2 + 328188
    6   chromedriver                        0x00000001046f2c40 cxxbridge1$str$ptr + 2921304
    7   chromedriver                        0x00000001046f63b8 cxxbridge1$str$ptr + 2935504
    8   chromedriver                        0x00000001046d90f8 cxxbridge1$str$ptr + 2816016
    9   chromedriver                        0x00000001046f6c4c cxxbridge1$str$ptr + 2937700
    10  chromedriver                        0x00000001046ca3b0 cxxbridge1$str$ptr + 2755272
    11  chromedriver                        0x000000010471c1f4 cxxbridge1$str$ptr + 3090700
    12  chromedriver                        0x000000010471c354 cxxbridge1$str$ptr + 3091052
    13  chromedriver                        0x000000010472d7a4 cxxbridge1$str$ptr + 3161788
    14  libsystem_pthread.dylib             0x0000000199325c08 _pthread_start + 136
    15  libsystem_pthread.dylib             0x0000000199320ba8 thread_start + 8
/Users/vk/Documents/NxtWash Automation/nxtwash-automation/venv/lib/python3.11/site-packages/selenium/webdriver/support/wait.py:121: selenium.common.exceptions.TimeoutException: Message:
E   selenium.common.exceptions.TimeoutException: Message: 
    Stacktrace:
    0   chromedriver                        0x0000000103439a84 cxxbridge1$str$ptr + 3195292
    1   chromedriver                        0x0000000103431b4c cxxbridge1$str$ptr + 3162724
    2   chromedriver                        0x0000000102edb2a4 _RNvCs9NA52FrZ4pF_7___rustc35___rust_no_alloc_shim_is_unstable_v2 + 73836
    3   chromedriver                        0x0000000102f23a44 _RNvCs9NA52FrZ4pF_7___rustc35___rust_no_alloc_shim_is_unstable_v2 + 370700
    4   chromedriver                        0x0000000102f63030 _RNvCs9NA52FrZ4pF_7___rustc35___rust_no_alloc_shim_is_unstable_v2 + 630264
    5   chromedriver                        0x0000000102f19434 _RNvCs9NA52FrZ4pF_7___rustc35___rust_no_alloc_shim_is_unstable_v2 + 328188
    6   chromedriver                        0x00000001033f6c40 cxxbridge1$str$ptr + 2921304
    7   chromedriver                        0x00000001033fa3b8 cxxbridge1$str$ptr + 2935504
    8   chromedriver                        0x00000001033dd0f8 cxxbridge1$str$ptr + 2816016
    9   chromedriver                        0x00000001033fac4c cxxbridge1$str$ptr + 2937700
    10  chromedriver                        0x00000001033ce3b0 cxxbridge1$str$ptr + 2755272
    11  chromedriver                        0x00000001034201f4 cxxbridge1$str$ptr + 3090700
    12  chromedriver                        0x0000000103420354 cxxbridge1$str$ptr + 3091052
    13  chromedriver                        0x00000001034317a4 cxxbridge1$str$ptr + 3161788
    14  libsystem_pthread.dylib             0x0000000199325c08 _pthread_start + 136
    15  libsystem_pthread.dylib             0x0000000199320ba8 thread_start + 8
/Users/vk/Documents/NxtWash Automation/nxtwash-automation/venv/lib/python3.11/site-packages/selenium/webdriver/support/wait.py:121: selenium.common.exceptions.TimeoutException: Message:
E   selenium.common.exceptions.TimeoutException: Message: 
    Stacktrace:
    0   chromedriver                        0x0000000101109a84 cxxbridge1$str$ptr + 3195292
    1   chromedriver                        0x0000000101101b4c cxxbridge1$str$ptr + 3162724
    2   chromedriver                        0x0000000100bab2a4 _RNvCs9NA52FrZ4pF_7___rustc35___rust_no_alloc_shim_is_unstable_v2 + 73836
    3   chromedriver                        0x0000000100bf3a44 _RNvCs9NA52FrZ4pF_7___rustc35___rust_no_alloc_shim_is_unstable_v2 + 370700
    4   chromedriver                        0x0000000100c33030 _RNvCs9NA52FrZ4pF_7___rustc35___rust_no_alloc_shim_is_unstable_v2 + 630264
    5   chromedriver                        0x0000000100be9434 _RNvCs9NA52FrZ4pF_7___rustc35___rust_no_alloc_shim_is_unstable_v2 + 328188
    6   chromedriver                        0x00000001010c6c40 cxxbridge1$str$ptr + 2921304
    7   chromedriver                        0x00000001010ca3b8 cxxbridge1$str$ptr + 2935504
    8   chromedriver                        0x00000001010ad0f8 cxxbridge1$str$ptr + 2816016
    9   chromedriver                        0x00000001010cac4c cxxbridge1$str$ptr + 2937700
    10  chromedriver                        0x000000010109e3b0 cxxbridge1$str$ptr + 2755272
    11  chromedriver                        0x00000001010f01f4 cxxbridge1$str$ptr + 3090700
    12  chromedriver                        0x00000001010f0354 cxxbridge1$str$ptr + 3091052
    13  chromedriver                        0x00000001011017a4 cxxbridge1$str$ptr + 3161788
    14  libsystem_pthread.dylib             0x0000000199325c08 _pthread_start + 136
    15  libsystem_pthread.dylib             0x0000000199320ba8 thread_start + 8
/Users/vk/Documents/NxtWash Automation/nxtwash-automation/venv/lib/python3.11/site-packages/selenium/webdriver/support/wait.py:121: selenium.common.exceptions.TimeoutException: Message:
E   AssertionError: assert '$10.00' == '$15.00'
      
      - $15.00
      ?   ^
      + $10.00
      ?   ^
/Users/vk/Documents/NxtWash Automation/nxtwash-automation/tests/admin_portal/custom_services/test_custom_services_positive.py:94: AssertionError: assert '$10.00' == '$15.00'
E   AssertionError: assert 'VK ACS1' in ['VK discount-dae257', 'VK discount-dae257', 'VK taxex-902275', 'VK taxex-902275', 'VK siteprice-f87092', 'VK siteprice-f87092', ...]
/Users/vk/Documents/NxtWash Automation/nxtwash-automation/tests/admin_portal/custom_services/test_custom_services_search_filter.py:160: AssertionError: assert 'VK ACS1' in ['VK discount-dae257', 'VK discount-dae257', 'VK taxex-902275', 'VK taxex-902275', 'VK siteprice-f87092', 'VK siteprice-f87092', ...]
=========================== short test summary info ============================
FAILED tests/admin_portal/custom_services/test_custom_services_category.py::test_service_category_can_be_changed
FAILED tests/admin_portal/custom_services/test_custom_services_discount.py::test_multiple_applicable_discounts_can_be_selected
FAILED tests/admin_portal/custom_services/test_custom_services_edit.py::test_edit_service_name_persists
FAILED tests/admin_portal/custom_services/test_custom_services_positive.py::test_new_service_global_price_visible_in_list
FAILED tests/admin_portal/custom_services/test_custom_services_search_filter.py::test_reset_filters_clears_filters
============= 5 failed, 46 passed, 7 skipped in 1250.55s (0:20:50) =============
