2026-07-23 07:13:29,306 INFO nxtwash: Test run starting against 'staging' environment
============================= test session starts ==============================
collected 73 items

tests/admin_portal/discounts/test_discounts_combination.py::test_cmb_amount_all_locations_active XFAIL [  1%]
tests/admin_portal/discounts/test_discounts_combination.py::test_cmb_amount_selected_locations_active PASSED [  2%]
tests/admin_portal/discounts/test_discounts_combination.py::test_cmb_percentage_all_locations_active XFAIL [  4%]
tests/admin_portal/discounts/test_discounts_combination.py::test_cmb_percentage_selected_locations_active PASSED [  5%]
tests/admin_portal/discounts/test_discounts_combination.py::test_cmb_percentage_future_start_date XFAIL [  6%]
tests/admin_portal/discounts/test_discounts_combination.py::test_cmb_amount_with_end_date XFAIL [  8%]
tests/admin_portal/discounts/test_discounts_dependency.py::test_service_category_available_in_discount_creation PASSED [  9%]
tests/admin_portal/discounts/test_discounts_dependency.py::test_rename_linked_category_reflects_in_discount SKIPPED [ 10%]
tests/admin_portal/discounts/test_discounts_dependency.py::test_deactivate_linked_category_blocks_discount SKIPPED [ 12%]
tests/admin_portal/discounts/test_discounts_dependency.py::test_deactivate_assigned_site_reflects_in_discount SKIPPED [ 13%]
tests/admin_portal/discounts/test_discounts_dependency.py::test_edit_site_assignment_reflects_in_discount SKIPPED [ 15%]
tests/admin_portal/discounts/test_discounts_edge_cases.py::test_discount_long_name_does_not_break_form PASSED [ 16%]
tests/admin_portal/discounts/test_discounts_edge_cases.py::test_discount_zero_percent_accepted PASSED [ 17%]
tests/admin_portal/discounts/test_discounts_edge_cases.py::test_discount_hundred_percent_accepted PASSED [ 19%]
tests/admin_portal/discounts/test_discounts_edge_cases.py::test_discount_future_start_date_accepted PASSED [ 20%]
tests/admin_portal/discounts/test_discounts_edge_cases.py::test_discount_expiring_today_accepted PASSED [ 21%]
tests/admin_portal/discounts/test_discounts_edge_cases.py::test_discount_type_change_amount_to_percentage PASSED [ 23%]
tests/admin_portal/discounts/test_discounts_edge_cases.py::test_discount_type_change_percentage_to_amount PASSED [ 24%]
tests/admin_portal/discounts/test_discounts_edge_cases.py::test_discount_remove_assigned_location PASSED [ 26%]
tests/admin_portal/discounts/test_discounts_edge_cases.py::test_discount_add_location_to_existing PASSED [ 27%]
tests/admin_portal/discounts/test_discounts_edit.py::test_edit_discount_reapplies_expected_settings PASSED [ 28%]
tests/admin_portal/discounts/test_discounts_edit.py::test_edit_discount_name_persists SKIPPED [ 30%]
tests/admin_portal/discounts/test_discounts_edit.py::test_edit_discount_start_date_persists PASSED [ 31%]
tests/admin_portal/discounts/test_discounts_edit.py::test_edit_discount_end_date_persists PASSED [ 32%]
tests/admin_portal/discounts/test_discounts_edit.py::test_edit_discount_category_assignment_persists PASSED [ 34%]
tests/admin_portal/discounts/test_discounts_edit.py::test_edit_discount_selected_to_all_locations XFAIL [ 35%]
tests/admin_portal/discounts/test_discounts_edit.py::test_edit_discount_all_to_selected_locations PASSED [ 36%]
tests/admin_portal/discounts/test_discounts_export.py::test_discounts_export_button_clickable PASSED [ 38%]
tests/admin_portal/discounts/test_discounts_export.py::test_discounts_export_after_filter PASSED [ 39%]
tests/admin_portal/discounts/test_discounts_export.py::test_discounts_export_record_count_matches_grid XPASS [ 41%]
tests/admin_portal/discounts/test_discounts_export.py::test_discounts_export_data_matches_grid XPASS [ 42%]
tests/admin_portal/discounts/test_discounts_future.py::test_future_category_to_service_config SKIPPED [ 43%]
tests/admin_portal/discounts/test_discounts_future.py::test_future_discount_visible_in_pos SKIPPED [ 45%]
tests/admin_portal/discounts/test_discounts_future.py::test_future_discount_visible_in_kiosk SKIPPED [ 46%]
tests/admin_portal/discounts/test_discounts_future.py::test_future_discount_reflected_in_reports SKIPPED [ 47%]
tests/admin_portal/discounts/test_discounts_future.py::test_future_discount_reflected_in_dashboard SKIPPED [ 49%]
tests/admin_portal/discounts/test_discounts_managed.py::test_managed_discount_provided_at_baseline PASSED [ 50%]
tests/admin_portal/discounts/test_discounts_managed.py::test_managed_discount_mutation_is_reset_on_teardown 
-------------------------------- live log call ---------------------------------
INFO     tests.admin_portal.discounts.test_discounts_managed:test_discounts_managed.py:39 Mutating managed discount amount to 8
PASSED                                                                   [ 52%]
tests/admin_portal/discounts/test_discounts_negative.py::test_missing_discount_is_not_returned PASSED [ 53%]
tests/admin_portal/discounts/test_discounts_negative.py::test_discounts_special_character_search_stays_usable PASSED [ 54%]
tests/admin_portal/discounts/test_discounts_negative.py::test_create_discount_without_category_blocked PASSED [ 56%]
tests/admin_portal/discounts/test_discounts_negative.py::test_create_discount_without_value_blocked PASSED [ 57%]
tests/admin_portal/discounts/test_discounts_negative.py::test_create_discount_start_after_end_blocked SKIPPED [ 58%]
tests/admin_portal/discounts/test_discounts_negative.py::test_create_discount_percentage_above_limit_blocked PASSED [ 60%]
tests/admin_portal/discounts/test_discounts_negative.py::test_create_discount_no_location_blocked PASSED [ 61%]
tests/admin_portal/discounts/test_discounts_persistence.py::test_discount_persists_after_relogin SKIPPED [ 63%]
tests/admin_portal/discounts/test_discounts_persistence.py::test_discount_edit_persists_after_refresh PASSED [ 64%]
tests/admin_portal/discounts/test_discounts_persistence.py::test_discount_deactivation_persists_after_refresh SKIPPED [ 65%]
tests/admin_portal/discounts/test_discounts_positive.py::test_create_amount_discount PASSED [ 67%]
tests/admin_portal/discounts/test_discounts_positive.py::test_discount_settings_persist PASSED [ 68%]
tests/admin_portal/discounts/test_discounts_positive.py::test_discount_create_is_idempotent PASSED [ 69%]
tests/admin_portal/discounts/test_discounts_positive.py::test_discount_first_location_settings_persist PASSED [ 71%]
tests/admin_portal/discounts/test_discounts_positive.py::test_create_percentage_discount PASSED [ 72%]
tests/admin_portal/discounts/test_discounts_positive.py::test_create_discount_assign_all_locations XFAIL [ 73%]
tests/admin_portal/discounts/test_discounts_positive.py::test_activate_discount SKIPPED [ 75%]
tests/admin_portal/discounts/test_discounts_positive.py::test_deactivate_discount SKIPPED [ 76%]
tests/admin_portal/discounts/test_discounts_search_filter.py::test_discounts_existing_search PASSED [ 78%]
tests/admin_portal/discounts/test_discounts_search_filter.py::test_discounts_partial_search PASSED [ 79%]
tests/admin_portal/discounts/test_discounts_search_filter.py::test_discounts_filter_active_shows_only_active PASSED [ 80%]
tests/admin_portal/discounts/test_discounts_search_filter.py::test_discounts_filter_by_site SKIPPED [ 82%]
tests/admin_portal/discounts/test_discounts_search_filter.py::test_discounts_search_payloads_do_not_break_grid PASSED [ 83%]
tests/admin_portal/discounts/test_discounts_search_filter.py::test_discounts_search_inactive_discount PASSED [ 84%]
tests/admin_portal/discounts/test_discounts_search_filter.py::test_discounts_search_finds_updated_name PASSED [ 86%]
tests/admin_portal/discounts/test_discounts_search_filter.py::test_discounts_filter_active_and_site SKIPPED [ 87%]
tests/admin_portal/discounts/test_discounts_search_filter.py::test_discounts_filter_inactive_and_site SKIPPED [ 89%]
tests/admin_portal/discounts/test_discounts_search_filter.py::test_discounts_clear_filters_restores_grid PASSED [ 90%]
tests/admin_portal/discounts/test_discounts_search_filter.py::test_discounts_search_and_filter_together PASSED [ 91%]
tests/admin_portal/discounts/test_discounts_ui.py::test_discounts_page_loads_with_primary_controls PASSED [ 93%]
tests/admin_portal/discounts/test_discounts_ui.py::test_discounts_grid_columns_are_visible PASSED [ 94%]
tests/admin_portal/discounts/test_discounts_ui.py::test_add_discount_form_loads PASSED [ 95%]
tests/admin_portal/discounts/test_discounts_validation.py::test_discount_required_name_validation PASSED [ 97%]
tests/admin_portal/discounts/test_discounts_validation.py::test_discount_blank_required_form_stays_on_form PASSED [ 98%]
tests/admin_portal/discounts/test_discounts_validation.py::test_discount_invalid_amount_does_not_break_form PASSED [100%]

====== 47 passed, 18 skipped, 6 xfailed, 2 xpassed in 1527.95s (0:25:27) =======
