2026-07-23 14:16:36,033 INFO nxtwash: Test run starting against 'staging' environment
============================= test session starts ==============================
collected 36 items

tests/admin_portal/gift_cards/test_gift_cards_edge_cases.py::test_create_gift_card_helper_is_idempotent PASSED [  2%]
tests/admin_portal/gift_cards/test_gift_cards_edge_cases.py::test_gift_cards_page_recovers_after_no_result_search PASSED [  5%]
tests/admin_portal/gift_cards/test_gift_cards_edit.py::test_edit_gift_card_name 2026-07-23 14:17:20,313 ERROR nxtwash: Test FAILED: tests/admin_portal/gift_cards/test_gift_cards_edit.py::test_edit_gift_card_name (url: https://staging.nxtwash.com/services/giftCards/new)

-------------------------------- live log call ---------------------------------
ERROR    nxtwash:conftest.py:241 Test FAILED: tests/admin_portal/gift_cards/test_gift_cards_edit.py::test_edit_gift_card_name (url: https://staging.nxtwash.com/services/giftCards/new)
2026-07-23 14:17:20,970 ERROR nxtwash: Visible page text at failure:
Gift cards
Add new gift card
Cancel
Save gift card
Gift card name
Gift card amount
Expiration date
Select discount
Select discount
Landing page code
Open price
Wash card
Show on customer portal
Active service
Assign to
Show on CP
VK AL09
Columbia
VK AL10
Columbia
VK AL11
Columbia
VK AL12
Columbia
VK AL04
Columbia
VK AL05
Columbia
VK AL06
Columbia
VK AL07
Columbia
vkauto1
Canyon lake
VK AL01
Columbia
VK AL08
Columbia
VK Test Wash 01
League city
VK Test carwash 2
Canyon lake
test123 udpated
Columbia
VK AL02
Columbia
VK AL03
Columbia
ERROR    nxtwash:conftest.py:256 Visible page text at failure:
Gift cards
Add new gift card
Cancel
Save gift card
Gift card name
Gift card amount
Expiration date
Select discount
Select discount
Landing page code
Open price
Wash card
Show on customer portal
Active service
Assign to
Show on CP
VK AL09
Columbia
VK AL10
Columbia
VK AL11
Columbia
VK AL12
Columbia
VK AL04
Columbia
VK AL05
Columbia
VK AL06
Columbia
VK AL07
Columbia
vkauto1
Canyon lake
VK AL01
Columbia
VK AL08
Columbia
VK Test Wash 01
League city
VK Test carwash 2
Canyon lake
test123 udpated
Columbia
VK AL02
Columbia
VK AL03
Columbia
FAILED                                                                   [  8%]
tests/admin_portal/gift_cards/test_gift_cards_edit.py::test_edit_gift_card_updates_settings_without_duplicate PASSED [ 11%]
tests/admin_portal/gift_cards/test_gift_cards_edit.py::test_activate_inactive_gift_card PASSED [ 13%]
tests/admin_portal/gift_cards/test_gift_cards_edit.py::test_deactivate_active_gift_card 2026-07-23 14:18:29,303 ERROR nxtwash: Test FAILED: tests/admin_portal/gift_cards/test_gift_cards_edit.py::test_deactivate_active_gift_card (url: https://staging.nxtwash.com/services/giftCards/new)

-------------------------------- live log call ---------------------------------
ERROR    nxtwash:conftest.py:241 Test FAILED: tests/admin_portal/gift_cards/test_gift_cards_edit.py::test_deactivate_active_gift_card (url: https://staging.nxtwash.com/services/giftCards/new)
2026-07-23 14:18:29,961 ERROR nxtwash: Visible page text at failure:
Gift cards
Add new gift card
Cancel
Save gift card
Gift card name
Gift card amount
Expiration date
Select discount
Select discount
Landing page code
Open price
Wash card
Show on customer portal
Active service
Assign to
Show on CP
VK AL09
Columbia
VK AL10
Columbia
VK AL11
Columbia
VK AL12
Columbia
VK AL04
Columbia
VK AL05
Columbia
VK AL06
Columbia
VK AL07
Columbia
vkauto1
Canyon lake
VK AL01
Columbia
VK AL08
Columbia
VK Test Wash 01
League city
VK Test carwash 2
Canyon lake
test123 udpated
Columbia
VK AL02
Columbia
VK AL03
Columbia
ERROR    nxtwash:conftest.py:256 Visible page text at failure:
Gift cards
Add new gift card
Cancel
Save gift card
Gift card name
Gift card amount
Expiration date
Select discount
Select discount
Landing page code
Open price
Wash card
Show on customer portal
Active service
Assign to
Show on CP
VK AL09
Columbia
VK AL10
Columbia
VK AL11
Columbia
VK AL12
Columbia
VK AL04
Columbia
VK AL05
Columbia
VK AL06
Columbia
VK AL07
Columbia
vkauto1
Canyon lake
VK AL01
Columbia
VK AL08
Columbia
VK Test Wash 01
League city
VK Test carwash 2
Canyon lake
test123 udpated
Columbia
VK AL02
Columbia
VK AL03
Columbia
FAILED                                                                   [ 16%]
tests/admin_portal/gift_cards/test_gift_cards_edit.py::test_edit_customer_gift_card_amount PASSED [ 19%]
tests/admin_portal/gift_cards/test_gift_cards_edit.py::test_toggle_active_customer_gift_card PASSED [ 22%]
tests/admin_portal/gift_cards/test_gift_cards_filter.py::test_filter_by_site_narrows_gift_card_list PASSED [ 25%]
tests/admin_portal/gift_cards/test_gift_cards_filter.py::test_active_toggle_shows_active_gift_cards_only PASSED [ 27%]
tests/admin_portal/gift_cards/test_gift_cards_filter.py::test_reset_all_clears_gift_card_filters 2026-07-23 14:20:56,556 ERROR nxtwash: Test FAILED: tests/admin_portal/gift_cards/test_gift_cards_filter.py::test_reset_all_clears_gift_card_filters (url: https://staging.nxtwash.com/services/giftCards)

-------------------------------- live log call ---------------------------------
ERROR    nxtwash:conftest.py:241 Test FAILED: tests/admin_portal/gift_cards/test_gift_cards_filter.py::test_reset_all_clears_gift_card_filters (url: https://staging.nxtwash.com/services/giftCards)
2026-07-23 14:20:57,169 ERROR nxtwash: Visible page text at failure:
Gift cards
Filter by (1)
+ Add new gift card
Gift cards
Customer gift cards
Gift card name
Gift card amount
Expiration date
Status
VK AGC001
$5.00
Active
Edit
VK EDT001-0cdd12
$25.00
Active
Edit
VK EDT001-bf55ef
$25.00
Active
Edit
VK EDT001-0fb8e7
$25.00
Active
Edit
VK EDT001-91fe36
$25.00
Active
Edit
VK EDT001-049463-upd
$25.00
Active
Edit
VK AGC1
$25.00
Active
Edit
Page
of
1
Results per page
100
Showing 1 - 7 of 7
ERROR    nxtwash:conftest.py:256 Visible page text at failure:
Gift cards
Filter by (1)
+ Add new gift card
Gift cards
Customer gift cards
Gift card name
Gift card amount
Expiration date
Status
VK AGC001
$5.00
Active
Edit
VK EDT001-0cdd12
$25.00
Active
Edit
VK EDT001-bf55ef
$25.00
Active
Edit
VK EDT001-0fb8e7
$25.00
Active
Edit
VK EDT001-91fe36
$25.00
Active
Edit
VK EDT001-049463-upd
$25.00
Active
Edit
VK AGC1
$25.00
Active
Edit
Page
of
1
Results per page
100
Showing 1 - 7 of 7
FAILED                                                                   [ 30%]
tests/admin_portal/gift_cards/test_gift_cards_filter.py::test_filter_by_site_narrows_customer_gift_card_list PASSED [ 33%]
tests/admin_portal/gift_cards/test_gift_cards_negative.py::test_opening_missing_gift_card_does_not_show_edit_form PASSED [ 36%]
tests/admin_portal/gift_cards/test_gift_cards_negative.py::test_missing_customer_gift_card_search_does_not_show_match PASSED [ 38%]
tests/admin_portal/gift_cards/test_gift_cards_positive.py::test_create_gift_card_with_required_settings 2026-07-23 14:22:41,089 ERROR nxtwash: Test FAILED: tests/admin_portal/gift_cards/test_gift_cards_positive.py::test_create_gift_card_with_required_settings (url: https://staging.nxtwash.com/services/giftCards)

-------------------------------- live log call ---------------------------------
ERROR    nxtwash:conftest.py:241 Test FAILED: tests/admin_portal/gift_cards/test_gift_cards_positive.py::test_create_gift_card_with_required_settings (url: https://staging.nxtwash.com/services/giftCards)
2026-07-23 14:22:41,693 ERROR nxtwash: Visible page text at failure:
Gift cards
Filter by
+ Add new gift card
Gift cards
Customer gift cards
Gift card name
Gift card amount
Expiration date
Status
VK AGC001
$5.00
Active
Edit
VK EDT001-0cdd12
$25.00
Active
Edit
VK EDT001-bf55ef
$25.00
Active
Edit
VK EDT001-0fb8e7
$25.00
Active
Edit
VK EDT001-91fe36
$25.00
Active
Edit
VK EDT001-049463-upd
$25.00
Active
Edit
VK AGC1
$25.00
Active
Edit
Prime Gift card
$25.00
Active
Edit
New Member
$10.00
Active
Edit
Page
of
1
Results per page
100
Showing 1 - 9 of 9
ERROR    nxtwash:conftest.py:256 Visible page text at failure:
Gift cards
Filter by
+ Add new gift card
Gift cards
Customer gift cards
Gift card name
Gift card amount
Expiration date
Status
VK AGC001
$5.00
Active
Edit
VK EDT001-0cdd12
$25.00
Active
Edit
VK EDT001-bf55ef
$25.00
Active
Edit
VK EDT001-0fb8e7
$25.00
Active
Edit
VK EDT001-91fe36
$25.00
Active
Edit
VK EDT001-049463-upd
$25.00
Active
Edit
VK AGC1
$25.00
Active
Edit
Prime Gift card
$25.00
Active
Edit
New Member
$10.00
Active
Edit
Page
of
1
Results per page
100
Showing 1 - 9 of 9
FAILED                                                                   [ 41%]
tests/admin_portal/gift_cards/test_gift_cards_positive.py::test_create_inactive_gift_card PASSED [ 44%]
tests/admin_portal/gift_cards/test_gift_cards_positive.py::test_created_gift_card_settings_persist 2026-07-23 14:23:38,057 ERROR nxtwash: Test FAILED: tests/admin_portal/gift_cards/test_gift_cards_positive.py::test_created_gift_card_settings_persist (url: https://staging.nxtwash.com/services/giftCards)

-------------------------------- live log call ---------------------------------
ERROR    nxtwash:conftest.py:241 Test FAILED: tests/admin_portal/gift_cards/test_gift_cards_positive.py::test_created_gift_card_settings_persist (url: https://staging.nxtwash.com/services/giftCards)
2026-07-23 14:23:38,679 ERROR nxtwash: Visible page text at failure:
Gift cards
Filter by
+ Add new gift card
Gift cards
Customer gift cards
Gift card name
Gift card amount
Expiration date
Status
VK AGC001
$5.00
Active
Edit
VK EDT001-0cdd12
$25.00
Active
Edit
VK EDT001-bf55ef
$25.00
Active
Edit
VK EDT001-0fb8e7
$25.00
Active
Edit
VK EDT001-91fe36
$25.00
Active
Edit
VK EDT001-049463-upd
$25.00
Active
Edit
VK AGC1
$25.00
Active
Edit
Prime Gift card
$25.00
Active
Edit
New Member
$10.00
Active
Edit
Page
of
1
Results per page
100
Showing 1 - 9 of 9
ERROR    nxtwash:conftest.py:256 Visible page text at failure:
Gift cards
Filter by
+ Add new gift card
Gift cards
Customer gift cards
Gift card name
Gift card amount
Expiration date
Status
VK AGC001
$5.00
Active
Edit
VK EDT001-0cdd12
$25.00
Active
Edit
VK EDT001-bf55ef
$25.00
Active
Edit
VK EDT001-0fb8e7
$25.00
Active
Edit
VK EDT001-91fe36
$25.00
Active
Edit
VK EDT001-049463-upd
$25.00
Active
Edit
VK AGC1
$25.00
Active
Edit
Prime Gift card
$25.00
Active
Edit
New Member
$10.00
Active
Edit
Page
of
1
Results per page
100
Showing 1 - 9 of 9
FAILED                                                                   [ 47%]
tests/admin_portal/gift_cards/test_gift_cards_positive.py::test_gift_card_appears_in_customer_gift_card_dropdown PASSED [ 50%]
tests/admin_portal/gift_cards/test_gift_cards_positive.py::test_create_customer_gift_card_from_template PASSED [ 52%]
tests/admin_portal/gift_cards/test_gift_cards_positive.py::test_customer_gift_card_persists_after_page_reload PASSED [ 55%]
tests/admin_portal/gift_cards/test_gift_cards_positive.py::test_customer_gift_card_linked_to_correct_template PASSED [ 58%]
tests/admin_portal/gift_cards/test_gift_cards_search_filter.py::test_search_exact_gift_card_name_returns_match PASSED [ 61%]
tests/admin_portal/gift_cards/test_gift_cards_search_filter.py::test_gift_cards_search_accepts_partial_text_without_breaking_grid PASSED [ 63%]
tests/admin_portal/gift_cards/test_gift_cards_search_filter.py::test_customer_gift_card_search_partial_number PASSED [ 66%]
tests/admin_portal/gift_cards/test_gift_cards_ui.py::test_gift_cards_page_loads PASSED [ 69%]
tests/admin_portal/gift_cards/test_gift_cards_ui.py::test_gift_cards_primary_actions_are_available PASSED [ 72%]
tests/admin_portal/gift_cards/test_gift_cards_ui.py::test_customer_gift_cards_tab_loads PASSED [ 75%]
tests/admin_portal/gift_cards/test_gift_cards_validation.py::test_create_gift_card_requires_name PASSED [ 77%]
tests/admin_portal/gift_cards/test_gift_cards_validation.py::test_create_gift_card_requires_amount PASSED [ 80%]
tests/admin_portal/gift_cards/test_gift_cards_validation.py::test_negative_gift_card_amount_rejected PASSED [ 83%]
tests/admin_portal/gift_cards/test_gift_cards_validation.py::test_non_numeric_gift_card_amount_rejected SKIPPED [ 86%]
tests/admin_portal/gift_cards/test_gift_cards_validation.py::test_create_customer_gift_card_requires_gift_card_selection PASSED [ 88%]
tests/admin_portal/gift_cards/test_gift_cards_validation.py::test_create_customer_gift_card_requires_number PASSED [ 91%]
tests/admin_portal/gift_cards/test_gift_cards_validation.py::test_create_customer_gift_card_requires_amount PASSED [ 94%]
tests/admin_portal/gift_cards/test_gift_cards_validation.py::test_negative_customer_gift_card_amount_rejected PASSED [ 97%]
tests/admin_portal/gift_cards/test_gift_cards_validation.py::test_non_numeric_customer_gift_card_amount_rejected PASSED [100%]

=================================== FAILURES ===================================
E   selenium.common.exceptions.ElementClickInterceptedException: Message: element click intercepted: Element <div class="inovua-react-toolkit-checkbox InovuaReactDataGrid__checkbox inovua-react-toolkit-checkbox--children-position-end inovua-react-toolkit-checkbox--ltr inovua-react-toolkit-checkbox--inline-block inovua-react-toolkit-checkbox--unchecked inovua-react-toolkit-checkbox--theme-default-blue">...</div> is not clickable at point (468, 829). Other element would receive the click: <div class="settings-page__form-column">...</div>
      (Session info: chrome=150.0.7871.129); For documentation on this error, please visit: https://www.selenium.dev/documentation/webdriver/troubleshooting/errors#elementclickinterceptedexception
    Stacktrace:
    0   chromedriver                        0x0000000100abda84 cxxbridge1$str$ptr + 3195292
    1   chromedriver                        0x0000000100ab5b4c cxxbridge1$str$ptr + 3162724
    2   chromedriver                        0x000000010055f2a4 _RNvCs9NA52FrZ4pF_7___rustc35___rust_no_alloc_shim_is_unstable_v2 + 73836
    3   chromedriver                        0x00000001005ad154 _RNvCs9NA52FrZ4pF_7___rustc35___rust_no_alloc_shim_is_unstable_v2 + 392988
    4   chromedriver                        0x00000001005ab9c0 _RNvCs9NA52FrZ4pF_7___rustc35___rust_no_alloc_shim_is_unstable_v2 + 386952
    5   chromedriver                        0x00000001005a9a6c _RNvCs9NA52FrZ4pF_7___rustc35___rust_no_alloc_shim_is_unstable_v2 + 378932
    6   chromedriver                        0x00000001005a8e14 _RNvCs9NA52FrZ4pF_7___rustc35___rust_no_alloc_shim_is_unstable_v2 + 375772
    7   chromedriver                        0x000000010059f25c _RNvCs9NA52FrZ4pF_7___rustc35___rust_no_alloc_shim_is_unstable_v2 + 335908
    8   chromedriver                        0x000000010059e934 _RNvCs9NA52FrZ4pF_7___rustc35___rust_no_alloc_shim_is_unstable_v2 + 333564
    9   chromedriver                        0x00000001005e7030 _RNvCs9NA52FrZ4pF_7___rustc35___rust_no_alloc_shim_is_unstable_v2 + 630264
    10  chromedriver                        0x000000010059d434 _RNvCs9NA52FrZ4pF_7___rustc35___rust_no_alloc_shim_is_unstable_v2 + 328188
    11  chromedriver                        0x0000000100a7ac40 cxxbridge1$str$ptr + 2921304
    12  chromedriver                        0x0000000100a7e3b8 cxxbridge1$str$ptr + 2935504
    13  chromedriver                        0x0000000100a610f8 cxxbridge1$str$ptr + 2816016
    14  chromedriver                        0x0000000100a7ec4c cxxbridge1$str$ptr + 2937700
    15  chromedriver                        0x0000000100a523b0 cxxbridge1$str$ptr + 2755272
    16  chromedriver                        0x0000000100aa41f4 cxxbridge1$str$ptr + 3090700
    17  chromedriver                        0x0000000100aa4354 cxxbridge1$str$ptr + 3091052
    18  chromedriver                        0x0000000100ab57a4 cxxbridge1$str$ptr + 3161788
    19  libsystem_pthread.dylib             0x0000000199325c08 _pthread_start + 136
    20  libsystem_pthread.dylib             0x0000000199320ba8 thread_start + 8
/Users/vk/Documents/NxtWash Automation/nxtwash-automation/venv/lib/python3.11/site-packages/selenium/webdriver/remote/errorhandler.py:232: selenium.common.exceptions.ElementClickInterceptedException: Message: element click intercepted: Element <div class="inovua-react-toolkit-checkbox InovuaReactDataGrid__checkbox inovua-react-toolkit-checkbox--children-position-end inovua-react-toolkit-checkbox--ltr inovua-react-toolkit-checkbox--inline-block inovua-react-toolkit-checkbox--unchecked inovua-react-toolkit-checkbox--theme-default-blue">...</div> is not clickable at point (468, 829). Other element would receive the click: <div class="settings-page__form-column">...</div>
E   selenium.common.exceptions.ElementClickInterceptedException: Message: element click intercepted: Element <div class="inovua-react-toolkit-checkbox InovuaReactDataGrid__checkbox inovua-react-toolkit-checkbox--children-position-end inovua-react-toolkit-checkbox--ltr inovua-react-toolkit-checkbox--inline-block inovua-react-toolkit-checkbox--unchecked inovua-react-toolkit-checkbox--theme-default-blue">...</div> is not clickable at point (468, 829). Other element would receive the click: <div class="settings-page__form-column">...</div>
      (Session info: chrome=150.0.7871.129); For documentation on this error, please visit: https://www.selenium.dev/documentation/webdriver/troubleshooting/errors#elementclickinterceptedexception
    Stacktrace:
    0   chromedriver                        0x00000001050a1a84 cxxbridge1$str$ptr + 3195292
    1   chromedriver                        0x0000000105099b4c cxxbridge1$str$ptr + 3162724
    2   chromedriver                        0x0000000104b432a4 _RNvCs9NA52FrZ4pF_7___rustc35___rust_no_alloc_shim_is_unstable_v2 + 73836
    3   chromedriver                        0x0000000104b91154 _RNvCs9NA52FrZ4pF_7___rustc35___rust_no_alloc_shim_is_unstable_v2 + 392988
    4   chromedriver                        0x0000000104b8f9c0 _RNvCs9NA52FrZ4pF_7___rustc35___rust_no_alloc_shim_is_unstable_v2 + 386952
    5   chromedriver                        0x0000000104b8da6c _RNvCs9NA52FrZ4pF_7___rustc35___rust_no_alloc_shim_is_unstable_v2 + 378932
    6   chromedriver                        0x0000000104b8ce14 _RNvCs9NA52FrZ4pF_7___rustc35___rust_no_alloc_shim_is_unstable_v2 + 375772
    7   chromedriver                        0x0000000104b8325c _RNvCs9NA52FrZ4pF_7___rustc35___rust_no_alloc_shim_is_unstable_v2 + 335908
    8   chromedriver                        0x0000000104b82934 _RNvCs9NA52FrZ4pF_7___rustc35___rust_no_alloc_shim_is_unstable_v2 + 333564
    9   chromedriver                        0x0000000104bcb030 _RNvCs9NA52FrZ4pF_7___rustc35___rust_no_alloc_shim_is_unstable_v2 + 630264
    10  chromedriver                        0x0000000104b81434 _RNvCs9NA52FrZ4pF_7___rustc35___rust_no_alloc_shim_is_unstable_v2 + 328188
    11  chromedriver                        0x000000010505ec40 cxxbridge1$str$ptr + 2921304
    12  chromedriver                        0x00000001050623b8 cxxbridge1$str$ptr + 2935504
    13  chromedriver                        0x00000001050450f8 cxxbridge1$str$ptr + 2816016
    14  chromedriver                        0x0000000105062c4c cxxbridge1$str$ptr + 2937700
    15  chromedriver                        0x00000001050363b0 cxxbridge1$str$ptr + 2755272
    16  chromedriver                        0x00000001050881f4 cxxbridge1$str$ptr + 3090700
    17  chromedriver                        0x0000000105088354 cxxbridge1$str$ptr + 3091052
    18  chromedriver                        0x00000001050997a4 cxxbridge1$str$ptr + 3161788
    19  libsystem_pthread.dylib             0x0000000199325c08 _pthread_start + 136
    20  libsystem_pthread.dylib             0x0000000199320ba8 thread_start + 8
/Users/vk/Documents/NxtWash Automation/nxtwash-automation/venv/lib/python3.11/site-packages/selenium/webdriver/remote/errorhandler.py:232: selenium.common.exceptions.ElementClickInterceptedException: Message: element click intercepted: Element <div class="inovua-react-toolkit-checkbox InovuaReactDataGrid__checkbox inovua-react-toolkit-checkbox--children-position-end inovua-react-toolkit-checkbox--ltr inovua-react-toolkit-checkbox--inline-block inovua-react-toolkit-checkbox--unchecked inovua-react-toolkit-checkbox--theme-default-blue">...</div> is not clickable at point (468, 829). Other element would receive the click: <div class="settings-page__form-column">...</div>
E   selenium.common.exceptions.TimeoutException: Message: 
    Stacktrace:
    0   chromedriver                        0x00000001028c9a84 cxxbridge1$str$ptr + 3195292
    1   chromedriver                        0x00000001028c1b4c cxxbridge1$str$ptr + 3162724
    2   chromedriver                        0x000000010236b2a4 _RNvCs9NA52FrZ4pF_7___rustc35___rust_no_alloc_shim_is_unstable_v2 + 73836
    3   chromedriver                        0x00000001023b3a44 _RNvCs9NA52FrZ4pF_7___rustc35___rust_no_alloc_shim_is_unstable_v2 + 370700
    4   chromedriver                        0x00000001023f3030 _RNvCs9NA52FrZ4pF_7___rustc35___rust_no_alloc_shim_is_unstable_v2 + 630264
    5   chromedriver                        0x00000001023a9434 _RNvCs9NA52FrZ4pF_7___rustc35___rust_no_alloc_shim_is_unstable_v2 + 328188
    6   chromedriver                        0x0000000102886c40 cxxbridge1$str$ptr + 2921304
    7   chromedriver                        0x000000010288a3b8 cxxbridge1$str$ptr + 2935504
    8   chromedriver                        0x000000010286d0f8 cxxbridge1$str$ptr + 2816016
    9   chromedriver                        0x000000010288ac4c cxxbridge1$str$ptr + 2937700
    10  chromedriver                        0x000000010285e3b0 cxxbridge1$str$ptr + 2755272
    11  chromedriver                        0x00000001028b01f4 cxxbridge1$str$ptr + 3090700
    12  chromedriver                        0x00000001028b0354 cxxbridge1$str$ptr + 3091052
    13  chromedriver                        0x00000001028c17a4 cxxbridge1$str$ptr + 3161788
    14  libsystem_pthread.dylib             0x0000000199325c08 _pthread_start + 136
    15  libsystem_pthread.dylib             0x0000000199320ba8 thread_start + 8
/Users/vk/Documents/NxtWash Automation/nxtwash-automation/venv/lib/python3.11/site-packages/selenium/webdriver/support/wait.py:121: selenium.common.exceptions.TimeoutException: Message:
E   AssertionError: assert '$5.00' == '$15.00'
      
      - $15.00
      ?  -
      + $5.00
/Users/vk/Documents/NxtWash Automation/nxtwash-automation/tests/admin_portal/gift_cards/test_gift_cards_positive.py:35: AssertionError: assert '$5.00' == '$15.00'
E   AssertionError: assert '$5.00' == '$15.00'
      
      - $15.00
      ?  -
      + $5.00
/Users/vk/Documents/NxtWash Automation/nxtwash-automation/tests/admin_portal/gift_cards/test_gift_cards_positive.py:68: AssertionError: assert '$5.00' == '$15.00'
=========================== short test summary info ============================
FAILED tests/admin_portal/gift_cards/test_gift_cards_edit.py::test_edit_gift_card_name
FAILED tests/admin_portal/gift_cards/test_gift_cards_edit.py::test_deactivate_active_gift_card
FAILED tests/admin_portal/gift_cards/test_gift_cards_filter.py::test_reset_all_clears_gift_card_filters
FAILED tests/admin_portal/gift_cards/test_gift_cards_positive.py::test_create_gift_card_with_required_settings
FAILED tests/admin_portal/gift_cards/test_gift_cards_positive.py::test_created_gift_card_settings_persist
============= 5 failed, 30 passed, 1 skipped in 756.92s (0:12:36) ==============
