2026-07-23 17:06:47,555 INFO nxtwash: Test run starting against 'staging' environment
============================= test session starts ==============================
collected 86 items

tests/admin_portal/performance_metrics/test_performance_metrics.py::test_page_loads_at_correct_url PASSED [  1%]
tests/admin_portal/performance_metrics/test_performance_metrics.py::test_filter_modal_auto_opens PASSED [  2%]
tests/admin_portal/performance_metrics/test_performance_metrics.py::test_filter_modal_contains_four_controls PASSED [  3%]
tests/admin_portal/performance_metrics/test_performance_metrics.py::test_metrics_shell_renders_behind_modal PASSED [  4%]
tests/admin_portal/performance_metrics/test_performance_metrics.py::test_page_renders_two_widgets PASSED [  5%]
tests/admin_portal/performance_metrics/test_performance_metrics.py::test_sidebar_highlights_active_item XFAIL [  6%]
tests/admin_portal/performance_metrics/test_performance_metrics.py::test_sites_dropdown_lists_all_active_sites PASSED [  8%]
tests/admin_portal/performance_metrics/test_performance_metrics.py::test_modal_opens_with_default_state PASSED [  9%]
tests/admin_portal/performance_metrics/test_performance_metrics.py::test_date_preset_dropdown_lists_six_options PASSED [ 10%]
tests/admin_portal/performance_metrics/test_performance_metrics.py::test_preset_auto_updates_date_range PASSED [ 11%]
tests/admin_portal/performance_metrics/test_performance_metrics.py::test_apply_closes_modal_and_renders_widgets PASSED [ 12%]
tests/admin_portal/performance_metrics/test_performance_metrics.py::test_filter_values_reflected_in_page_bar PASSED [ 13%]
tests/admin_portal/performance_metrics/test_performance_metrics.py::test_modal_does_not_reopen_from_page_bar PASSED [ 15%]
tests/admin_portal/performance_metrics/test_performance_metrics.py::test_sites_dropdown_uses_checkboxes PASSED [ 16%]
tests/admin_portal/performance_metrics/test_performance_metrics.py::test_all_sites_option_present_and_default PASSED [ 17%]
tests/admin_portal/performance_metrics/test_performance_metrics.py::test_all_sites_aggregates_data PASSED [ 18%]
tests/admin_portal/performance_metrics/test_performance_metrics.py::test_single_site_scopes_both_widgets PASSED [ 19%]
tests/admin_portal/performance_metrics/test_performance_metrics.py::test_multiple_sites_aggregate_data XFAIL [ 20%]
tests/admin_portal/performance_metrics/test_performance_metrics.py::test_membership_history_site_name_scoped XFAIL [ 22%]
tests/admin_portal/performance_metrics/test_performance_metrics.py::test_selected_sites_render_as_chips PASSED [ 23%]
tests/admin_portal/performance_metrics/test_performance_metrics.py::test_checkbox_state_reflects_selection PASSED [ 24%]
tests/admin_portal/performance_metrics/test_performance_metrics.py::test_unchecking_removes_site PASSED [ 25%]
tests/admin_portal/performance_metrics/test_performance_metrics.py::test_clear_all_removes_all_sites PASSED [ 26%]
tests/admin_portal/performance_metrics/test_performance_metrics.py::test_dropdown_scrolls_with_many_options PASSED [ 27%]
tests/admin_portal/performance_metrics/test_performance_metrics.py::test_page_level_site_change_auto_applies PASSED [ 29%]
tests/admin_portal/performance_metrics/test_performance_metrics.py::test_deactivated_sites_excluded PASSED [ 30%]
tests/admin_portal/performance_metrics/test_performance_metrics.py::test_page_level_preset_dropdown_has_six_options PASSED [ 31%]
tests/admin_portal/performance_metrics/test_performance_metrics.py::test_date_preset_sets_correct_range[Today] PASSED [ 32%]
tests/admin_portal/performance_metrics/test_performance_metrics.py::test_date_preset_sets_correct_range[Yesterday] PASSED [ 33%]
tests/admin_portal/performance_metrics/test_performance_metrics.py::test_date_preset_sets_correct_range[This week] PASSED [ 34%]
tests/admin_portal/performance_metrics/test_performance_metrics.py::test_date_preset_sets_correct_range[Last week] PASSED [ 36%]
tests/admin_portal/performance_metrics/test_performance_metrics.py::test_date_preset_sets_correct_range[This month] PASSED [ 37%]
tests/admin_portal/performance_metrics/test_performance_metrics.py::test_date_preset_sets_correct_range[Last month] PASSED [ 38%]
tests/admin_portal/performance_metrics/test_performance_metrics.py::test_custom_range_calendar_picker_opens PASSED [ 39%]
tests/admin_portal/performance_metrics/test_performance_metrics.py::test_today_highlighted_in_calendar PASSED [ 40%]
tests/admin_portal/performance_metrics/test_performance_metrics.py::test_future_dates_not_selectable XPASS [ 41%]
tests/admin_portal/performance_metrics/test_performance_metrics.py::test_custom_range_updates_and_refreshes PASSED [ 43%]
tests/admin_portal/performance_metrics/test_performance_metrics.py::test_clear_date_range_button XFAIL [ 44%]
tests/admin_portal/performance_metrics/test_performance_metrics.py::test_single_day_range_shows_cvr_constraint PASSED [ 45%]
tests/admin_portal/performance_metrics/test_performance_metrics.py::test_month_boundary_spanning_range PASSED [ 46%]
tests/admin_portal/performance_metrics/test_performance_metrics.py::test_multi_year_range_no_error PASSED [ 47%]
tests/admin_portal/performance_metrics/test_performance_metrics.py::test_preset_change_in_page_bar_auto_applies PASSED [ 48%]
tests/admin_portal/performance_metrics/test_performance_metrics.py::test_conversion_rate_chart_renders PASSED [ 50%]
tests/admin_portal/performance_metrics/test_performance_metrics.py::test_cvr_week_range_boundary[CVR-002-CVR-003-short_range] PASSED [ 51%]
tests/admin_portal/performance_metrics/test_performance_metrics.py::test_cvr_week_range_boundary[CVR-004-gte_7days] PASSED [ 52%]
tests/admin_portal/performance_metrics/test_performance_metrics.py::test_cvr_legend_shows_series_name PASSED [ 53%]
tests/admin_portal/performance_metrics/test_performance_metrics.py::test_cvr_y_axis_percentage_range PASSED [ 54%]
tests/admin_portal/performance_metrics/test_performance_metrics.py::test_cvr_rerenders_on_filter_change PASSED [ 55%]
tests/admin_portal/performance_metrics/test_performance_metrics.py::test_membership_history_table_renders PASSED [ 56%]
tests/admin_portal/performance_metrics/test_performance_metrics.py::test_default_column_headers[Date] PASSED [ 58%]
tests/admin_portal/performance_metrics/test_performance_metrics.py::test_default_column_headers[Site Name] PASSED [ 59%]
tests/admin_portal/performance_metrics/test_performance_metrics.py::test_default_column_headers[Total] PASSED [ 60%]
tests/admin_portal/performance_metrics/test_performance_metrics.py::test_default_column_headers[Recurring] PASSED [ 61%]
tests/admin_portal/performance_metrics/test_performance_metrics.py::test_default_column_headers[Prepaid] PASSED [ 62%]
tests/admin_portal/performance_metrics/test_performance_metrics.py::test_default_column_headers[New] PASSED [ 63%]
tests/admin_portal/performance_metrics/test_performance_metrics.py::test_default_column_headers[New Recurring] PASSED [ 65%]
tests/admin_portal/performance_metrics/test_performance_metrics.py::test_default_column_headers[New Prepaid] PASSED [ 66%]
tests/admin_portal/performance_metrics/test_performance_metrics.py::test_default_column_headers[Resignup] PASSED [ 67%]
tests/admin_portal/performance_metrics/test_performance_metrics.py::test_default_column_headers[Recharges] PASSED [ 68%]
tests/admin_portal/performance_metrics/test_performance_metrics.py::test_default_column_headers[Current day recharges] PASSED [ 69%]
tests/admin_portal/performance_metrics/test_performance_metrics.py::test_default_column_headers[Prev. day recharge] PASSED [ 70%]
tests/admin_portal/performance_metrics/test_performance_metrics.py::test_default_column_headers[Cancelled] PASSED [ 72%]
tests/admin_portal/performance_metrics/test_performance_metrics.py::test_default_column_headers[Declined] PASSED [ 73%]
tests/admin_portal/performance_metrics/test_performance_metrics.py::test_default_column_headers[Declined & Canceled] PASSED [ 74%]
tests/admin_portal/performance_metrics/test_performance_metrics.py::test_default_column_headers[Current day declines count] PASSED [ 75%]
tests/admin_portal/performance_metrics/test_performance_metrics.py::test_default_column_headers[Previous day declines count] PASSED [ 76%]
tests/admin_portal/performance_metrics/test_performance_metrics.py::test_default_column_headers[Net movement] PASSED [ 77%]
tests/admin_portal/performance_metrics/test_performance_metrics.py::test_no_data_message_when_empty PASSED [ 79%]
tests/admin_portal/performance_metrics/test_performance_metrics.py::test_rows_sorted_descending_by_date PASSED [ 80%]
tests/admin_portal/performance_metrics/test_performance_metrics.py::test_mht_includes_most_recent_rows XPASS [ 81%]
tests/admin_portal/performance_metrics/test_performance_metrics.py::test_date_cells_with_weekday_and_color PASSED [ 82%]
tests/admin_portal/performance_metrics/test_performance_metrics.py::test_column_headers_have_sort_controls XFAIL [ 83%]
tests/admin_portal/performance_metrics/test_performance_metrics.py::test_clicking_header_toggles_sort XFAIL [ 84%]
tests/admin_portal/performance_metrics/test_performance_metrics.py::test_horizontal_scrollbar_visible PASSED [ 86%]
tests/admin_portal/performance_metrics/test_performance_metrics.py::test_color_coded_semantics PASSED [ 87%]
tests/admin_portal/performance_metrics/test_performance_metrics.py::test_zero_values_render_as_zero PASSED [ 88%]
tests/admin_portal/performance_metrics/test_performance_metrics.py::test_cancelled_vs_canceled_spelling XPASS [ 89%]
tests/admin_portal/performance_metrics/test_performance_metrics.py::test_resignup_label_mismatch XPASS [ 90%]
tests/admin_portal/performance_metrics/test_performance_metrics.py::test_mht_updates_on_filter_change PASSED [ 91%]
tests/admin_portal/performance_metrics/test_performance_metrics.py::test_settings_icon_opens_modal PASSED [ 93%]
tests/admin_portal/performance_metrics/test_performance_metrics.py::test_modal_lists_17_column_toggles PASSED [ 94%]
tests/admin_portal/performance_metrics/test_performance_metrics.py::test_all_toggles_on_by_default PASSED [ 95%]
tests/admin_portal/performance_metrics/test_performance_metrics.py::TestColumnSettings::test_toggle_off_removes_column PASSED [ 96%]
tests/admin_portal/performance_metrics/test_performance_metrics.py::TestColumnSettings::test_toggle_on_restores_column PASSED [ 97%]
tests/admin_portal/performance_metrics/test_performance_metrics.py::TestColumnSettings::test_master_switch_toggles_all_off PASSED [ 98%]
tests/admin_portal/performance_metrics/test_performance_metrics.py::TestColumnSettings::test_date_column_always_visible PASSED [100%]

============ 76 passed, 6 xfailed, 4 xpassed in 2182.06s (0:36:22) =============
