2026-07-23 17:43:10,494 INFO nxtwash: Test run starting against 'staging' environment
============================= test session starts ==============================
collected 68 items

tests/admin_portal/pos_settings/test_pos_active.py::test_active_pos_toggle_on_saves XFAIL [  1%]
tests/admin_portal/pos_settings/test_pos_active.py::test_active_pos_toggle_off_saves XFAIL [  2%]
tests/admin_portal/pos_settings/test_pos_create.py::test_add_pos_button_opens_form PASSED [  4%]
tests/admin_portal/pos_settings/test_pos_create.py::test_create_active_pos_saves +++++++++++++++++++++++++++++++++++ Timeout ++++++++++++++++++++++++++++++++++++
~~~~~~~~~~~~~~~~~ Stack of Thread-1 (run_server) (6111424512) ~~~~~~~~~~~~~~~~~~
  File "/Library/Frameworks/Python.framework/Versions/3.11/lib/python3.11/threading.py", line 995, in _bootstrap
    self._bootstrap_inner()
  File "/Library/Frameworks/Python.framework/Versions/3.11/lib/python3.11/threading.py", line 1038, in _bootstrap_inner
    self.run()
  File "/Library/Frameworks/Python.framework/Versions/3.11/lib/python3.11/threading.py", line 975, in run
    self._target(*self._args, **self._kwargs)
  File "/Users/vk/Documents/NxtWash Automation/nxtwash-automation/venv/lib/python3.11/site-packages/pytest_rerunfailures.py", line 438, in run_server
    conn, _ = self.sock.accept()
  File "/Library/Frameworks/Python.framework/Versions/3.11/lib/python3.11/socket.py", line 294, in accept
    fd, addr = self._accept()
+++++++++++++++++++++++++++++++++++ Timeout ++++++++++++++++++++++++++++++++++++
XFAIL (Site and Lane dropdowns depend on Sites & Locations data — ve...) [  5%]
tests/admin_portal/pos_settings/test_pos_create.py::test_create_pos_name_required 2026-07-23 17:50:03,488 ERROR nxtwash: Test FAILED: tests/admin_portal/pos_settings/test_pos_create.py::test_create_pos_name_required (url: https://staging.nxtwash.com/pos_settings/pos/new)

-------------------------------- live log call ---------------------------------
ERROR    nxtwash:conftest.py:241 Test FAILED: tests/admin_portal/pos_settings/test_pos_create.py::test_create_pos_name_required (url: https://staging.nxtwash.com/pos_settings/pos/new)
2026-07-23 17:50:04,271 ERROR nxtwash: Visible page text at failure:
Overview
Sites / Locations
Services
Customers
Users / Employees
Kiosk Settings
Gas Pump Settings
POS Settings
Tunnel Settings
Self Serve
Reports
Vishal Kumar
Owner
ERROR    nxtwash:conftest.py:256 Visible page text at failure:
Overview
Sites / Locations
Services
Customers
Users / Employees
Kiosk Settings
Gas Pump Settings
POS Settings
Tunnel Settings
Self Serve
Reports
Vishal Kumar
Owner
FAILED                                                                   [  7%]
tests/admin_portal/pos_settings/test_pos_create.py::test_create_pos_site_required PASSED [  8%]
tests/admin_portal/pos_settings/test_pos_create.py::test_create_pos_lane_required PASSED [ 10%]
tests/admin_portal/pos_settings/test_pos_create.py::test_lane_dropdown_populates_on_site_selection XPASS [ 11%]
tests/admin_portal/pos_settings/test_pos_create.py::test_create_inactive_pos XFAIL [ 13%]
tests/admin_portal/pos_settings/test_pos_create.py::test_allow_checkout_default XPASS [ 14%]
tests/admin_portal/pos_settings/test_pos_create.py::test_allow_checkout_no_customer XFAIL [ 16%]
tests/admin_portal/pos_settings/test_pos_create.py::test_card_checked_by_default XPASS [ 17%]
tests/admin_portal/pos_settings/test_pos_create.py::test_cash_checked_by_default XPASS [ 19%]
tests/admin_portal/pos_settings/test_pos_create.py::test_uncheck_card_persists XPASS [ 20%]
tests/admin_portal/pos_settings/test_pos_create.py::test_uncheck_cash_persists XPASS [ 22%]
tests/admin_portal/pos_settings/test_pos_create.py::test_settings_accordions_collapsed XPASS [ 23%]
tests/admin_portal/pos_settings/test_pos_create.py::test_cancel_discards_form PASSED [ 25%]
tests/admin_portal/pos_settings/test_pos_create.py::test_new_pos_appears_immediately XPASS [ 26%]
tests/admin_portal/pos_settings/test_pos_dependencies.py::test_site_dropdown_from_sites_locations XFAIL [ 27%]
tests/admin_portal/pos_settings/test_pos_dependencies.py::test_lane_dropdown_from_site_lanes XPASS [ 29%]
tests/admin_portal/pos_settings/test_pos_device_settings.py::test_device_section_expand_collapse +++++++++++++++++++++++++++++++++++ Timeout ++++++++++++++++++++++++++++++++++++
~~~~~~~~~~~~~~~~~ Stack of Thread-1 (run_server) (6111424512) ~~~~~~~~~~~~~~~~~~
  File "/Library/Frameworks/Python.framework/Versions/3.11/lib/python3.11/threading.py", line 995, in _bootstrap
    self._bootstrap_inner()
  File "/Library/Frameworks/Python.framework/Versions/3.11/lib/python3.11/threading.py", line 1038, in _bootstrap_inner
    self.run()
  File "/Library/Frameworks/Python.framework/Versions/3.11/lib/python3.11/threading.py", line 975, in run
    self._target(*self._args, **self._kwargs)
  File "/Users/vk/Documents/NxtWash Automation/nxtwash-automation/venv/lib/python3.11/site-packages/pytest_rerunfailures.py", line 438, in run_server
    conn, _ = self.sock.accept()
  File "/Library/Frameworks/Python.framework/Versions/3.11/lib/python3.11/socket.py", line 294, in accept
    fd, addr = self._accept()
+++++++++++++++++++++++++++++++++++ Timeout ++++++++++++++++++++++++++++++++++++
XFAIL (Device settings section locators use heuristics — verify sect...) [ 30%]
tests/admin_portal/pos_settings/test_pos_device_settings.py::test_device_serial_required +++++++++++++++++++++++++++++++++++ Timeout ++++++++++++++++++++++++++++++++++++
~~~~~~~~~~~~~~~~~ Stack of Thread-1 (run_server) (6111424512) ~~~~~~~~~~~~~~~~~~
  File "/Library/Frameworks/Python.framework/Versions/3.11/lib/python3.11/threading.py", line 995, in _bootstrap
    self._bootstrap_inner()
  File "/Library/Frameworks/Python.framework/Versions/3.11/lib/python3.11/threading.py", line 1038, in _bootstrap_inner
    self.run()
  File "/Library/Frameworks/Python.framework/Versions/3.11/lib/python3.11/threading.py", line 975, in run
    self._target(*self._args, **self._kwargs)
  File "/Users/vk/Documents/NxtWash Automation/nxtwash-automation/venv/lib/python3.11/site-packages/pytest_rerunfailures.py", line 438, in run_server
    conn, _ = self.sock.accept()
  File "/Library/Frameworks/Python.framework/Versions/3.11/lib/python3.11/socket.py", line 294, in accept
    fd, addr = self._accept()
+++++++++++++++++++++++++++++++++++ Timeout ++++++++++++++++++++++++++++++++++++
XFAIL (Device settings section locators use heuristics — verify sect...) [ 32%]
tests/admin_portal/pos_settings/test_pos_device_settings.py::test_device_serial_accepts_valid_input XFAIL [ 33%]
tests/admin_portal/pos_settings/test_pos_device_settings.py::test_device_serial_persists XFAIL [ 35%]
tests/admin_portal/pos_settings/test_pos_edge_cases.py::test_pos_name_whitespace_trimmed XFAIL [ 36%]+++++++++++++++++++++++++++++++++++ Timeout ++++++++++++++++++++++++++++++++++++
~~~~~~~~~~~~~~~~~ Stack of Thread-1 (run_server) (6111424512) ~~~~~~~~~~~~~~~~~~
  File "/Library/Frameworks/Python.framework/Versions/3.11/lib/python3.11/threading.py", line 995, in _bootstrap
    self._bootstrap_inner()
  File "/Library/Frameworks/Python.framework/Versions/3.11/lib/python3.11/threading.py", line 1038, in _bootstrap_inner
    self.run()
  File "/Library/Frameworks/Python.framework/Versions/3.11/lib/python3.11/threading.py", line 975, in run
    self._target(*self._args, **self._kwargs)
  File "/Users/vk/Documents/NxtWash Automation/nxtwash-automation/venv/lib/python3.11/site-packages/pytest_rerunfailures.py", line 438, in run_server
    conn, _ = self.sock.accept()
  File "/Library/Frameworks/Python.framework/Versions/3.11/lib/python3.11/socket.py", line 294, in accept
    fd, addr = self._accept()
+++++++++++++++++++++++++++++++++++ Timeout ++++++++++++++++++++++++++++++++++++

tests/admin_portal/pos_settings/test_pos_edge_cases.py::test_pos_name_whitespace_trimmed XFAIL [ 36%]
tests/admin_portal/pos_settings/test_pos_edit.py::test_edit_form_opens_prepopulated +++++++++++++++++++++++++++++++++++ Timeout ++++++++++++++++++++++++++++++++++++
~~~~~~~~~~~~~~~~~ Stack of Thread-1 (run_server) (6111424512) ~~~~~~~~~~~~~~~~~~
  File "/Library/Frameworks/Python.framework/Versions/3.11/lib/python3.11/threading.py", line 995, in _bootstrap
    self._bootstrap_inner()
  File "/Library/Frameworks/Python.framework/Versions/3.11/lib/python3.11/threading.py", line 1038, in _bootstrap_inner
    self.run()
  File "/Library/Frameworks/Python.framework/Versions/3.11/lib/python3.11/threading.py", line 975, in run
    self._target(*self._args, **self._kwargs)
  File "/Users/vk/Documents/NxtWash Automation/nxtwash-automation/venv/lib/python3.11/site-packages/pytest_rerunfailures.py", line 438, in run_server
    conn, _ = self.sock.accept()
  File "/Library/Frameworks/Python.framework/Versions/3.11/lib/python3.11/socket.py", line 294, in accept
    fd, addr = self._accept()
+++++++++++++++++++++++++++++++++++ Timeout ++++++++++++++++++++++++++++++++++++
ERROR                                                                    [ 38%]
tests/admin_portal/pos_settings/test_pos_edit.py::test_edit_pos_name_persists +++++++++++++++++++++++++++++++++++ Timeout ++++++++++++++++++++++++++++++++++++
~~~~~~~~~~~~~~~~~ Stack of Thread-1 (run_server) (6111424512) ~~~~~~~~~~~~~~~~~~
  File "/Library/Frameworks/Python.framework/Versions/3.11/lib/python3.11/threading.py", line 995, in _bootstrap
    self._bootstrap_inner()
  File "/Library/Frameworks/Python.framework/Versions/3.11/lib/python3.11/threading.py", line 1038, in _bootstrap_inner
    self.run()
  File "/Library/Frameworks/Python.framework/Versions/3.11/lib/python3.11/threading.py", line 975, in run
    self._target(*self._args, **self._kwargs)
  File "/Users/vk/Documents/NxtWash Automation/nxtwash-automation/venv/lib/python3.11/site-packages/pytest_rerunfailures.py", line 438, in run_server
    conn, _ = self.sock.accept()
  File "/Library/Frameworks/Python.framework/Versions/3.11/lib/python3.11/socket.py", line 294, in accept
    fd, addr = self._accept()
+++++++++++++++++++++++++++++++++++ Timeout ++++++++++++++++++++++++++++++++++++
ERROR                                                                    [ 39%]
tests/admin_portal/pos_settings/test_pos_edit.py::test_edit_site_persists XFAIL [ 41%]
tests/admin_portal/pos_settings/test_pos_edit.py::test_edit_lane_persists +++++++++++++++++++++++++++++++++++ Timeout ++++++++++++++++++++++++++++++++++++
~~~~~~~~~~~~~~~~~ Stack of Thread-1 (run_server) (6111424512) ~~~~~~~~~~~~~~~~~~
  File "/Library/Frameworks/Python.framework/Versions/3.11/lib/python3.11/threading.py", line 995, in _bootstrap
    self._bootstrap_inner()
  File "/Library/Frameworks/Python.framework/Versions/3.11/lib/python3.11/threading.py", line 1038, in _bootstrap_inner
    self.run()
  File "/Library/Frameworks/Python.framework/Versions/3.11/lib/python3.11/threading.py", line 975, in run
    self._target(*self._args, **self._kwargs)
  File "/Users/vk/Documents/NxtWash Automation/nxtwash-automation/venv/lib/python3.11/site-packages/pytest_rerunfailures.py", line 438, in run_server
    conn, _ = self.sock.accept()
  File "/Library/Frameworks/Python.framework/Versions/3.11/lib/python3.11/socket.py", line 294, in accept
    fd, addr = self._accept()
+++++++++++++++++++++++++++++++++++ Timeout ++++++++++++++++++++++++++++++++++++
XFAIL (Site and Lane dropdowns depend on Sites & Locations data — ve...) [ 42%]
tests/admin_portal/pos_settings/test_pos_edit.py::test_changing_site_clears_lane +++++++++++++++++++++++++++++++++++ Timeout ++++++++++++++++++++++++++++++++++++
~~~~~~~~~~~~~~~~~ Stack of Thread-1 (run_server) (6111424512) ~~~~~~~~~~~~~~~~~~
  File "/Library/Frameworks/Python.framework/Versions/3.11/lib/python3.11/threading.py", line 995, in _bootstrap
    self._bootstrap_inner()
  File "/Library/Frameworks/Python.framework/Versions/3.11/lib/python3.11/threading.py", line 1038, in _bootstrap_inner
    self.run()
  File "/Library/Frameworks/Python.framework/Versions/3.11/lib/python3.11/threading.py", line 975, in run
    self._target(*self._args, **self._kwargs)
  File "/Users/vk/Documents/NxtWash Automation/nxtwash-automation/venv/lib/python3.11/site-packages/pytest_rerunfailures.py", line 438, in run_server
    conn, _ = self.sock.accept()
  File "/Library/Frameworks/Python.framework/Versions/3.11/lib/python3.11/socket.py", line 294, in accept
    fd, addr = self._accept()
+++++++++++++++++++++++++++++++++++ Timeout ++++++++++++++++++++++++++++++++++++
XFAIL (Site and Lane dropdowns depend on Sites & Locations data — ve...) [ 44%]
tests/admin_portal/pos_settings/test_pos_edit.py::test_edit_allow_checkout_persists XFAIL [ 45%]
tests/admin_portal/pos_settings/test_pos_edit.py::test_edit_payment_methods_persists XFAIL [ 47%]
tests/admin_portal/pos_settings/test_pos_edit.py::test_edit_blank_name_blocked +++++++++++++++++++++++++++++++++++ Timeout ++++++++++++++++++++++++++++++++++++
~~~~~~~~~~~~~~~~~ Stack of Thread-1 (run_server) (6111424512) ~~~~~~~~~~~~~~~~~~
  File "/Library/Frameworks/Python.framework/Versions/3.11/lib/python3.11/threading.py", line 995, in _bootstrap
    self._bootstrap_inner()
  File "/Library/Frameworks/Python.framework/Versions/3.11/lib/python3.11/threading.py", line 1038, in _bootstrap_inner
    self.run()
  File "/Library/Frameworks/Python.framework/Versions/3.11/lib/python3.11/threading.py", line 975, in run
    self._target(*self._args, **self._kwargs)
  File "/Users/vk/Documents/NxtWash Automation/nxtwash-automation/venv/lib/python3.11/site-packages/pytest_rerunfailures.py", line 438, in run_server
    conn, _ = self.sock.accept()
  File "/Library/Frameworks/Python.framework/Versions/3.11/lib/python3.11/socket.py", line 294, in accept
    fd, addr = self._accept()
+++++++++++++++++++++++++++++++++++ Timeout ++++++++++++++++++++++++++++++++++++
ERROR                                                                    [ 48%]
tests/admin_portal/pos_settings/test_pos_edit.py::test_activate_inactive_pos +++++++++++++++++++++++++++++++++++ Timeout ++++++++++++++++++++++++++++++++++++
~~~~~~~~~~~~~~~~~ Stack of Thread-1 (run_server) (6111424512) ~~~~~~~~~~~~~~~~~~
  File "/Library/Frameworks/Python.framework/Versions/3.11/lib/python3.11/threading.py", line 995, in _bootstrap
    self._bootstrap_inner()
  File "/Library/Frameworks/Python.framework/Versions/3.11/lib/python3.11/threading.py", line 1038, in _bootstrap_inner
    self.run()
  File "/Library/Frameworks/Python.framework/Versions/3.11/lib/python3.11/threading.py", line 975, in run
    self._target(*self._args, **self._kwargs)
  File "/Users/vk/Documents/NxtWash Automation/nxtwash-automation/venv/lib/python3.11/site-packages/pytest_rerunfailures.py", line 438, in run_server
    conn, _ = self.sock.accept()
  File "/Library/Frameworks/Python.framework/Versions/3.11/lib/python3.11/socket.py", line 294, in accept
    fd, addr = self._accept()
+++++++++++++++++++++++++++++++++++ Timeout ++++++++++++++++++++++++++++++++++++
XFAIL (POS-EDT-009: Requires an inactive POS to exist — if no inacti...) [ 50%]
tests/admin_portal/pos_settings/test_pos_edit.py::test_deactivate_active_pos +++++++++++++++++++++++++++++++++++ Timeout ++++++++++++++++++++++++++++++++++++
~~~~~~~~~~~~~~~~~ Stack of Thread-1 (run_server) (6111424512) ~~~~~~~~~~~~~~~~~~
  File "/Library/Frameworks/Python.framework/Versions/3.11/lib/python3.11/threading.py", line 995, in _bootstrap
    self._bootstrap_inner()
  File "/Library/Frameworks/Python.framework/Versions/3.11/lib/python3.11/threading.py", line 1038, in _bootstrap_inner
    self.run()
  File "/Library/Frameworks/Python.framework/Versions/3.11/lib/python3.11/threading.py", line 975, in run
    self._target(*self._args, **self._kwargs)
  File "/Users/vk/Documents/NxtWash Automation/nxtwash-automation/venv/lib/python3.11/site-packages/pytest_rerunfailures.py", line 438, in run_server
    conn, _ = self.sock.accept()
  File "/Library/Frameworks/Python.framework/Versions/3.11/lib/python3.11/socket.py", line 294, in accept
    fd, addr = self._accept()
+++++++++++++++++++++++++++++++++++ Timeout ++++++++++++++++++++++++++++++++++++
XFAIL (POS-EDT-010: Active toggle locator uses heuristics — verify a...) [ 51%]
tests/admin_portal/pos_settings/test_pos_edit.py::test_cancel_discards_changes +++++++++++++++++++++++++++++++++++ Timeout ++++++++++++++++++++++++++++++++++++
~~~~~~~~~~~~~~~~~ Stack of Thread-1 (run_server) (6111424512) ~~~~~~~~~~~~~~~~~~
  File "/Library/Frameworks/Python.framework/Versions/3.11/lib/python3.11/threading.py", line 995, in _bootstrap
    self._bootstrap_inner()
  File "/Library/Frameworks/Python.framework/Versions/3.11/lib/python3.11/threading.py", line 1038, in _bootstrap_inner
    self.run()
  File "/Library/Frameworks/Python.framework/Versions/3.11/lib/python3.11/threading.py", line 975, in run
    self._target(*self._args, **self._kwargs)
  File "/Users/vk/Documents/NxtWash Automation/nxtwash-automation/venv/lib/python3.11/site-packages/pytest_rerunfailures.py", line 438, in run_server
    conn, _ = self.sock.accept()
  File "/Library/Frameworks/Python.framework/Versions/3.11/lib/python3.11/socket.py", line 294, in accept
    fd, addr = self._accept()
+++++++++++++++++++++++++++++++++++ Timeout ++++++++++++++++++++++++++++++++++++
ERROR                                                                    [ 52%]
tests/admin_portal/pos_settings/test_pos_edit.py::test_main_and_service_tabs_visible XFAIL [ 54%]
tests/admin_portal/pos_settings/test_pos_filter.py::test_filter_panel_opens PASSED [ 55%]
tests/admin_portal/pos_settings/test_pos_filter.py::test_filter_by_site +++++++++++++++++++++++++++++++++++ Timeout ++++++++++++++++++++++++++++++++++++
~~~~~~~~~~~~~~~~~ Stack of Thread-1 (run_server) (6111424512) ~~~~~~~~~~~~~~~~~~
  File "/Library/Frameworks/Python.framework/Versions/3.11/lib/python3.11/threading.py", line 995, in _bootstrap
    self._bootstrap_inner()
  File "/Library/Frameworks/Python.framework/Versions/3.11/lib/python3.11/threading.py", line 1038, in _bootstrap_inner
    self.run()
  File "/Library/Frameworks/Python.framework/Versions/3.11/lib/python3.11/threading.py", line 975, in run
    self._target(*self._args, **self._kwargs)
  File "/Users/vk/Documents/NxtWash Automation/nxtwash-automation/venv/lib/python3.11/site-packages/pytest_rerunfailures.py", line 438, in run_server
    conn, _ = self.sock.accept()
  File "/Library/Frameworks/Python.framework/Versions/3.11/lib/python3.11/socket.py", line 294, in accept
    fd, addr = self._accept()
+++++++++++++++++++++++++++++++++++ Timeout ++++++++++++++++++++++++++++++++++++
ERROR                                                                    [ 57%]
tests/admin_portal/pos_settings/test_pos_filter.py::test_filter_active_pos_on XFAIL [ 58%]
tests/admin_portal/pos_settings/test_pos_filter.py::test_filter_active_pos_off XPASS [ 60%]
tests/admin_portal/pos_settings/test_pos_filter.py::test_filter_result_count_matches_rows XFAIL [ 61%]
tests/admin_portal/pos_settings/test_pos_filter.py::test_filter_site_and_active_combined +++++++++++++++++++++++++++++++++++ Timeout ++++++++++++++++++++++++++++++++++++
~~~~~~~~~~~~~~~~~ Stack of Thread-1 (run_server) (6111424512) ~~~~~~~~~~~~~~~~~~
  File "/Library/Frameworks/Python.framework/Versions/3.11/lib/python3.11/threading.py", line 995, in _bootstrap
    self._bootstrap_inner()
  File "/Library/Frameworks/Python.framework/Versions/3.11/lib/python3.11/threading.py", line 1038, in _bootstrap_inner
    self.run()
  File "/Library/Frameworks/Python.framework/Versions/3.11/lib/python3.11/threading.py", line 975, in run
    self._target(*self._args, **self._kwargs)
  File "/Users/vk/Documents/NxtWash Automation/nxtwash-automation/venv/lib/python3.11/site-packages/pytest_rerunfailures.py", line 438, in run_server
    conn, _ = self.sock.accept()
  File "/Library/Frameworks/Python.framework/Versions/3.11/lib/python3.11/socket.py", line 294, in accept
    fd, addr = self._accept()
+++++++++++++++++++++++++++++++++++ Timeout ++++++++++++++++++++++++++++++++++++
XFAIL (Filter panel locators (active toggle, reset button) use label...) [ 63%]
tests/admin_portal/pos_settings/test_pos_filter.py::test_filter_reset_all +++++++++++++++++++++++++++++++++++ Timeout ++++++++++++++++++++++++++++++++++++
~~~~~~~~~~~~~~~~~ Stack of Thread-1 (run_server) (6111424512) ~~~~~~~~~~~~~~~~~~
  File "/Library/Frameworks/Python.framework/Versions/3.11/lib/python3.11/threading.py", line 995, in _bootstrap
    self._bootstrap_inner()
  File "/Library/Frameworks/Python.framework/Versions/3.11/lib/python3.11/threading.py", line 1038, in _bootstrap_inner
    self.run()
  File "/Library/Frameworks/Python.framework/Versions/3.11/lib/python3.11/threading.py", line 975, in run
    self._target(*self._args, **self._kwargs)
  File "/Users/vk/Documents/NxtWash Automation/nxtwash-automation/venv/lib/python3.11/site-packages/pytest_rerunfailures.py", line 438, in run_server
    conn, _ = self.sock.accept()
  File "/Library/Frameworks/Python.framework/Versions/3.11/lib/python3.11/socket.py", line 294, in accept
    fd, addr = self._accept()
+++++++++++++++++++++++++++++++++++ Timeout ++++++++++++++++++++++++++++++++++++
XFAIL (POS-FLT-007: Reset All button locator uses label heuristics —...) [ 64%]
tests/admin_portal/pos_settings/test_pos_list.py::test_pos_page_loads PASSED [ 66%]
tests/admin_portal/pos_settings/test_pos_list.py::test_pos_list_displays_columns 2026-07-23 18:42:17,804 ERROR nxtwash: Test FAILED: tests/admin_portal/pos_settings/test_pos_list.py::test_pos_list_displays_columns (url: https://staging.nxtwash.com/pos_settings/pos)

-------------------------------- live log call ---------------------------------
ERROR    nxtwash:conftest.py:241 Test FAILED: tests/admin_portal/pos_settings/test_pos_list.py::test_pos_list_displays_columns (url: https://staging.nxtwash.com/pos_settings/pos)
2026-07-23 18:42:18,424 ERROR nxtwash: Visible page text at failure:
POS Settings
Filter by
Add new POS
Pos name
Site/Location
Lane
Status
Page
of
0
Results per page
100
Showing 0 - 0 of 0
Please wait
ERROR    nxtwash:conftest.py:256 Visible page text at failure:
POS Settings
Filter by
Add new POS
Pos name
Site/Location
Lane
Status
Page
of
0
Results per page
100
Showing 0 - 0 of 0
Please wait
FAILED                                                                   [ 67%]
tests/admin_portal/pos_settings/test_pos_list.py::test_pos_list_status_column +++++++++++++++++++++++++++++++++++ Timeout ++++++++++++++++++++++++++++++++++++
~~~~~~~~~~~~~~~~~ Stack of Thread-1 (run_server) (6111424512) ~~~~~~~~~~~~~~~~~~
  File "/Library/Frameworks/Python.framework/Versions/3.11/lib/python3.11/threading.py", line 995, in _bootstrap
    self._bootstrap_inner()
  File "/Library/Frameworks/Python.framework/Versions/3.11/lib/python3.11/threading.py", line 1038, in _bootstrap_inner
    self.run()
  File "/Library/Frameworks/Python.framework/Versions/3.11/lib/python3.11/threading.py", line 975, in run
    self._target(*self._args, **self._kwargs)
  File "/Users/vk/Documents/NxtWash Automation/nxtwash-automation/venv/lib/python3.11/site-packages/pytest_rerunfailures.py", line 438, in run_server
    conn, _ = self.sock.accept()
  File "/Library/Frameworks/Python.framework/Versions/3.11/lib/python3.11/socket.py", line 294, in accept
    fd, addr = self._accept()
+++++++++++++++++++++++++++++++++++ Timeout ++++++++++++++++++++++++++++++++++++
ERROR                                                                    [ 69%]
tests/admin_portal/pos_settings/test_pos_list.py::test_pos_list_pagination_shows_count 2026-07-23 18:46:13,084 ERROR nxtwash: Test FAILED: tests/admin_portal/pos_settings/test_pos_list.py::test_pos_list_pagination_shows_count (url: https://staging.nxtwash.com/pos_settings/pos)

-------------------------------- live log call ---------------------------------
ERROR    nxtwash:conftest.py:241 Test FAILED: tests/admin_portal/pos_settings/test_pos_list.py::test_pos_list_pagination_shows_count (url: https://staging.nxtwash.com/pos_settings/pos)
2026-07-23 18:46:13,788 ERROR nxtwash: Visible page text at failure:
POS Settings
Filter by (2)
Add new POS
Pos name
Site/Location
Lane
Status
No records available
Page
of
0
Results per page
100
Showing 0 - 0 of 0
ERROR    nxtwash:conftest.py:256 Visible page text at failure:
POS Settings
Filter by (2)
Add new POS
Pos name
Site/Location
Lane
Status
No records available
Page
of
0
Results per page
100
Showing 0 - 0 of 0
FAILED                                                                   [ 70%]
tests/admin_portal/pos_settings/test_pos_list.py::test_pos_list_results_per_page XPASS [ 72%]
tests/admin_portal/pos_settings/test_pos_middleware_settings.py::test_middleware_section_expand_collapse XFAIL [ 73%]
tests/admin_portal/pos_settings/test_pos_middleware_settings.py::test_middleware_ip_required XFAIL [ 75%]
tests/admin_portal/pos_settings/test_pos_middleware_settings.py::test_middleware_ip_accepts_valid_url XFAIL [ 76%]
tests/admin_portal/pos_settings/test_pos_middleware_settings.py::test_middleware_ip_persists +++++++++++++++++++++++++++++++++++ Timeout ++++++++++++++++++++++++++++++++++++
~~~~~~~~~~~~~~~~~ Stack of Thread-1 (run_server) (6111424512) ~~~~~~~~~~~~~~~~~~
  File "/Library/Frameworks/Python.framework/Versions/3.11/lib/python3.11/threading.py", line 995, in _bootstrap
    self._bootstrap_inner()
  File "/Library/Frameworks/Python.framework/Versions/3.11/lib/python3.11/threading.py", line 1038, in _bootstrap_inner
    self.run()
  File "/Library/Frameworks/Python.framework/Versions/3.11/lib/python3.11/threading.py", line 975, in run
    self._target(*self._args, **self._kwargs)
  File "/Users/vk/Documents/NxtWash Automation/nxtwash-automation/venv/lib/python3.11/site-packages/pytest_rerunfailures.py", line 438, in run_server
    conn, _ = self.sock.accept()
  File "/Library/Frameworks/Python.framework/Versions/3.11/lib/python3.11/socket.py", line 294, in accept
    fd, addr = self._accept()
+++++++++++++++++++++++++++++++++++ Timeout ++++++++++++++++++++++++++++++++++++
XFAIL (Middleware settings section locators use heuristics — verify ...) [ 77%]
tests/admin_portal/pos_settings/test_pos_search.py::test_search_by_exact_name +++++++++++++++++++++++++++++++++++ Timeout ++++++++++++++++++++++++++++++++++++
~~~~~~~~~~~~~~~~~ Stack of Thread-1 (run_server) (6111424512) ~~~~~~~~~~~~~~~~~~
  File "/Library/Frameworks/Python.framework/Versions/3.11/lib/python3.11/threading.py", line 995, in _bootstrap
    self._bootstrap_inner()
  File "/Library/Frameworks/Python.framework/Versions/3.11/lib/python3.11/threading.py", line 1038, in _bootstrap_inner
    self.run()
  File "/Library/Frameworks/Python.framework/Versions/3.11/lib/python3.11/threading.py", line 975, in run
    self._target(*self._args, **self._kwargs)
  File "/Users/vk/Documents/NxtWash Automation/nxtwash-automation/venv/lib/python3.11/site-packages/pytest_rerunfailures.py", line 438, in run_server
    conn, _ = self.sock.accept()
  File "/Library/Frameworks/Python.framework/Versions/3.11/lib/python3.11/socket.py", line 294, in accept
    fd, addr = self._accept()
+++++++++++++++++++++++++++++++++++ Timeout ++++++++++++++++++++++++++++++++++++
ERROR                                                                    [ 79%]
tests/admin_portal/pos_settings/test_pos_search.py::test_search_by_partial_name +++++++++++++++++++++++++++++++++++ Timeout ++++++++++++++++++++++++++++++++++++
~~~~~~~~~~~~~~~~~ Stack of Thread-1 (run_server) (6111424512) ~~~~~~~~~~~~~~~~~~
  File "/Library/Frameworks/Python.framework/Versions/3.11/lib/python3.11/threading.py", line 995, in _bootstrap
    self._bootstrap_inner()
  File "/Library/Frameworks/Python.framework/Versions/3.11/lib/python3.11/threading.py", line 1038, in _bootstrap_inner
    self.run()
  File "/Library/Frameworks/Python.framework/Versions/3.11/lib/python3.11/threading.py", line 975, in run
    self._target(*self._args, **self._kwargs)
  File "/Users/vk/Documents/NxtWash Automation/nxtwash-automation/venv/lib/python3.11/site-packages/pytest_rerunfailures.py", line 438, in run_server
    conn, _ = self.sock.accept()
  File "/Library/Frameworks/Python.framework/Versions/3.11/lib/python3.11/socket.py", line 294, in accept
    fd, addr = self._accept()
+++++++++++++++++++++++++++++++++++ Timeout ++++++++++++++++++++++++++++++++++++
ERROR                                                                    [ 80%]
tests/admin_portal/pos_settings/test_pos_search.py::test_search_nonmatching_shows_empty PASSED [ 82%]
tests/admin_portal/pos_settings/test_pos_search.py::test_search_clear_restores_list +++++++++++++++++++++++++++++++++++ Timeout ++++++++++++++++++++++++++++++++++++
~~~~~~~~~~~~~~~~~ Stack of Thread-1 (run_server) (6111424512) ~~~~~~~~~~~~~~~~~~
  File "/Library/Frameworks/Python.framework/Versions/3.11/lib/python3.11/threading.py", line 995, in _bootstrap
    self._bootstrap_inner()
  File "/Library/Frameworks/Python.framework/Versions/3.11/lib/python3.11/threading.py", line 1038, in _bootstrap_inner
    self.run()
  File "/Library/Frameworks/Python.framework/Versions/3.11/lib/python3.11/threading.py", line 975, in run
    self._target(*self._args, **self._kwargs)
  File "/Users/vk/Documents/NxtWash Automation/nxtwash-automation/venv/lib/python3.11/site-packages/pytest_rerunfailures.py", line 438, in run_server
    conn, _ = self.sock.accept()
  File "/Library/Frameworks/Python.framework/Versions/3.11/lib/python3.11/socket.py", line 294, in accept
    fd, addr = self._accept()
+++++++++++++++++++++++++++++++++++ Timeout ++++++++++++++++++++++++++++++++++++
XFAIL (POS-SRH-004: clear_search uses Cmd+A/Backspace — verify React...) [ 83%]
tests/admin_portal/pos_settings/test_pos_service_settings.py::test_service_tab_switches_view +++++++++++++++++++++++++++++++++++ Timeout ++++++++++++++++++++++++++++++++++++
~~~~~~~~~~~~~~~~~ Stack of Thread-1 (run_server) (6111424512) ~~~~~~~~~~~~~~~~~~
  File "/Library/Frameworks/Python.framework/Versions/3.11/lib/python3.11/threading.py", line 995, in _bootstrap
    self._bootstrap_inner()
  File "/Library/Frameworks/Python.framework/Versions/3.11/lib/python3.11/threading.py", line 1038, in _bootstrap_inner
    self.run()
  File "/Library/Frameworks/Python.framework/Versions/3.11/lib/python3.11/threading.py", line 975, in run
    self._target(*self._args, **self._kwargs)
  File "/Users/vk/Documents/NxtWash Automation/nxtwash-automation/venv/lib/python3.11/site-packages/pytest_rerunfailures.py", line 438, in run_server
    conn, _ = self.sock.accept()
  File "/Library/Frameworks/Python.framework/Versions/3.11/lib/python3.11/socket.py", line 294, in accept
    fd, addr = self._accept()
+++++++++++++++++++++++++++++++++++ Timeout ++++++++++++++++++++++++++++++++++++
XFAIL (Service Settings tab and restore-default locators use heurist...) [ 85%]
tests/admin_portal/pos_settings/test_pos_service_settings.py::test_restore_default_settings XFAIL [ 86%]
tests/admin_portal/pos_settings/test_pos_tunnel_settings.py::test_tunnel_section_expand_collapse +++++++++++++++++++++++++++++++++++ Timeout ++++++++++++++++++++++++++++++++++++
~~~~~~~~~~~~~~~~~ Stack of Thread-1 (run_server) (6111424512) ~~~~~~~~~~~~~~~~~~
  File "/Library/Frameworks/Python.framework/Versions/3.11/lib/python3.11/threading.py", line 995, in _bootstrap
    self._bootstrap_inner()
  File "/Library/Frameworks/Python.framework/Versions/3.11/lib/python3.11/threading.py", line 1038, in _bootstrap_inner
    self.run()
  File "/Library/Frameworks/Python.framework/Versions/3.11/lib/python3.11/threading.py", line 975, in run
    self._target(*self._args, **self._kwargs)
  File "/Users/vk/Documents/NxtWash Automation/nxtwash-automation/venv/lib/python3.11/site-packages/pytest_rerunfailures.py", line 438, in run_server
    conn, _ = self.sock.accept()
  File "/Library/Frameworks/Python.framework/Versions/3.11/lib/python3.11/socket.py", line 294, in accept
    fd, addr = self._accept()
+++++++++++++++++++++++++++++++++++ Timeout ++++++++++++++++++++++++++++++++++++
XFAIL (Tunnel settings section locators use heuristics — verify sect...) [ 88%]
tests/admin_portal/pos_settings/test_pos_tunnel_settings.py::test_send_invoice_toggle_saves XFAIL [ 89%]
tests/admin_portal/pos_settings/test_pos_tunnel_settings.py::test_tunnel_operational_toggle_saves XFAIL [ 91%]
tests/admin_portal/pos_settings/test_pos_tunnel_settings.py::test_controller_id_required +++++++++++++++++++++++++++++++++++ Timeout ++++++++++++++++++++++++++++++++++++
~~~~~~~~~~~~~~~~~ Stack of Thread-1 (run_server) (6111424512) ~~~~~~~~~~~~~~~~~~
  File "/Library/Frameworks/Python.framework/Versions/3.11/lib/python3.11/threading.py", line 995, in _bootstrap
    self._bootstrap_inner()
  File "/Library/Frameworks/Python.framework/Versions/3.11/lib/python3.11/threading.py", line 1038, in _bootstrap_inner
    self.run()
  File "/Library/Frameworks/Python.framework/Versions/3.11/lib/python3.11/threading.py", line 975, in run
    self._target(*self._args, **self._kwargs)
  File "/Users/vk/Documents/NxtWash Automation/nxtwash-automation/venv/lib/python3.11/site-packages/pytest_rerunfailures.py", line 438, in run_server
    conn, _ = self.sock.accept()
  File "/Library/Frameworks/Python.framework/Versions/3.11/lib/python3.11/socket.py", line 294, in accept
    fd, addr = self._accept()
+++++++++++++++++++++++++++++++++++ Timeout ++++++++++++++++++++++++++++++++++++
XFAIL (Tunnel settings section locators use heuristics — verify sect...) [ 92%]
tests/admin_portal/pos_settings/test_pos_tunnel_settings.py::test_controller_id_saves_persists +++++++++++++++++++++++++++++++++++ Timeout ++++++++++++++++++++++++++++++++++++
~~~~~~~~~~~~~~~~~ Stack of Thread-1 (run_server) (6111424512) ~~~~~~~~~~~~~~~~~~
  File "/Library/Frameworks/Python.framework/Versions/3.11/lib/python3.11/threading.py", line 995, in _bootstrap
    self._bootstrap_inner()
  File "/Library/Frameworks/Python.framework/Versions/3.11/lib/python3.11/threading.py", line 1038, in _bootstrap_inner
    self.run()
  File "/Library/Frameworks/Python.framework/Versions/3.11/lib/python3.11/threading.py", line 975, in run
    self._target(*self._args, **self._kwargs)
  File "/Users/vk/Documents/NxtWash Automation/nxtwash-automation/venv/lib/python3.11/site-packages/pytest_rerunfailures.py", line 438, in run_server
    conn, _ = self.sock.accept()
  File "/Library/Frameworks/Python.framework/Versions/3.11/lib/python3.11/socket.py", line 294, in accept
    fd, addr = self._accept()
+++++++++++++++++++++++++++++++++++ Timeout ++++++++++++++++++++++++++++++++++++
XFAIL (Tunnel settings section locators use heuristics — verify sect...) [ 94%]
tests/admin_portal/pos_settings/test_pos_tunnel_settings.py::test_tunnel_controller_ip_required XFAIL [ 95%]
tests/admin_portal/pos_settings/test_pos_tunnel_settings.py::test_controller_ip_valid_format_saves +++++++++++++++++++++++++++++++++++ Timeout ++++++++++++++++++++++++++++++++++++
~~~~~~~~~~~~~~~~~ Stack of Thread-1 (run_server) (6111424512) ~~~~~~~~~~~~~~~~~~
  File "/Library/Frameworks/Python.framework/Versions/3.11/lib/python3.11/threading.py", line 995, in _bootstrap
    self._bootstrap_inner()
  File "/Library/Frameworks/Python.framework/Versions/3.11/lib/python3.11/threading.py", line 1038, in _bootstrap_inner
    self.run()
  File "/Library/Frameworks/Python.framework/Versions/3.11/lib/python3.11/threading.py", line 975, in run
    self._target(*self._args, **self._kwargs)
  File "/Users/vk/Documents/NxtWash Automation/nxtwash-automation/venv/lib/python3.11/site-packages/pytest_rerunfailures.py", line 438, in run_server
    conn, _ = self.sock.accept()
  File "/Library/Frameworks/Python.framework/Versions/3.11/lib/python3.11/socket.py", line 294, in accept
    fd, addr = self._accept()
+++++++++++++++++++++++++++++++++++ Timeout ++++++++++++++++++++++++++++++++++++
XFAIL (Tunnel settings section locators use heuristics — verify sect...) [ 97%]
tests/admin_portal/pos_settings/test_pos_tunnel_settings.py::test_car_roller_output_required +++++++++++++++++++++++++++++++++++ Timeout ++++++++++++++++++++++++++++++++++++
~~~~~~~~~~~~~~~~~ Stack of Thread-1 (run_server) (6111424512) ~~~~~~~~~~~~~~~~~~
  File "/Library/Frameworks/Python.framework/Versions/3.11/lib/python3.11/threading.py", line 995, in _bootstrap
    self._bootstrap_inner()
  File "/Library/Frameworks/Python.framework/Versions/3.11/lib/python3.11/threading.py", line 1038, in _bootstrap_inner
    self.run()
  File "/Library/Frameworks/Python.framework/Versions/3.11/lib/python3.11/threading.py", line 975, in run
    self._target(*self._args, **self._kwargs)
  File "/Users/vk/Documents/NxtWash Automation/nxtwash-automation/venv/lib/python3.11/site-packages/pytest_rerunfailures.py", line 438, in run_server
    conn, _ = self.sock.accept()
  File "/Library/Frameworks/Python.framework/Versions/3.11/lib/python3.11/socket.py", line 294, in accept
    fd, addr = self._accept()
+++++++++++++++++++++++++++++++++++ Timeout ++++++++++++++++++++++++++++++++++++
XFAIL (Tunnel settings section locators use heuristics — verify sect...) [ 98%]
tests/admin_portal/pos_settings/test_pos_tunnel_settings.py::test_car_roller_output_persists XFAIL [100%]

==================================== ERRORS ====================================
_____________ ERROR at setup of test_edit_form_opens_prepopulated ______________
E   Failed: Timeout (>120.0s) from pytest-timeout.
________________ ERROR at setup of test_edit_pos_name_persists _________________
E   Failed: Timeout (>120.0s) from pytest-timeout.
________________ ERROR at setup of test_edit_blank_name_blocked ________________
E   Failed: Timeout (>120.0s) from pytest-timeout.
________________ ERROR at setup of test_cancel_discards_changes ________________
E   Failed: Timeout (>120.0s) from pytest-timeout.
____________________ ERROR at setup of test_filter_by_site _____________________
E   Failed: Timeout (>120.0s) from pytest-timeout.
________________ ERROR at setup of test_pos_list_status_column _________________
E   Failed: Timeout (>120.0s) from pytest-timeout.
_________________ ERROR at setup of test_search_by_exact_name __________________
E   Failed: Timeout (>120.0s) from pytest-timeout.
________________ ERROR at setup of test_search_by_partial_name _________________
E   Failed: Timeout (>120.0s) from pytest-timeout.
=================================== FAILURES ===================================
E   selenium.common.exceptions.TimeoutException: Message: 
    Stacktrace:
    0   chromedriver                        0x0000000102eada84 cxxbridge1$str$ptr + 3195292
    1   chromedriver                        0x0000000102ea5b4c cxxbridge1$str$ptr + 3162724
    2   chromedriver                        0x000000010294f2a4 _RNvCs9NA52FrZ4pF_7___rustc35___rust_no_alloc_shim_is_unstable_v2 + 73836
    3   chromedriver                        0x0000000102997a44 _RNvCs9NA52FrZ4pF_7___rustc35___rust_no_alloc_shim_is_unstable_v2 + 370700
    4   chromedriver                        0x00000001029d7030 _RNvCs9NA52FrZ4pF_7___rustc35___rust_no_alloc_shim_is_unstable_v2 + 630264
    5   chromedriver                        0x000000010298d434 _RNvCs9NA52FrZ4pF_7___rustc35___rust_no_alloc_shim_is_unstable_v2 + 328188
    6   chromedriver                        0x0000000102e6ac40 cxxbridge1$str$ptr + 2921304
    7   chromedriver                        0x0000000102e6e3b8 cxxbridge1$str$ptr + 2935504
    8   chromedriver                        0x0000000102e510f8 cxxbridge1$str$ptr + 2816016
    9   chromedriver                        0x0000000102e6ec4c cxxbridge1$str$ptr + 2937700
    10  chromedriver                        0x0000000102e423b0 cxxbridge1$str$ptr + 2755272
    11  chromedriver                        0x0000000102e941f4 cxxbridge1$str$ptr + 3090700
    12  chromedriver                        0x0000000102e94354 cxxbridge1$str$ptr + 3091052
    13  chromedriver                        0x0000000102ea57a4 cxxbridge1$str$ptr + 3161788
    14  libsystem_pthread.dylib             0x0000000199325c08 _pthread_start + 136
    15  libsystem_pthread.dylib             0x0000000199320ba8 thread_start + 8
/Users/vk/Documents/NxtWash Automation/nxtwash-automation/venv/lib/python3.11/site-packages/selenium/webdriver/support/wait.py:121: selenium.common.exceptions.TimeoutException: Message:
E   AssertionError: assert ('POS name' in 'POS Settings\nFilter by\nAdd new POS\nPos name\nSite/Location\nLane\nStatus\nPage\nof\n0\nResults per page\n100\nShowing 0 - 0 of 0\nPlease wait' or 'Name' in 'POS Settings\nFilter by\nAdd new POS\nPos name\nSite/Location\nLane\nStatus\nPage\nof\n0\nResults per page\n100\nShowing 0 - 0 of 0\nPlease wait')
/Users/vk/Documents/NxtWash Automation/nxtwash-automation/tests/admin_portal/pos_settings/test_pos_list.py:35: AssertionError: assert ('POS name' in 'POS Settings\nFilter by\nAdd new POS\nPos name\nSite/Location\nLane\nStatus\nPage\nof\n0\nResults per page\n100\nShowing 0 - 0 of 0\nPlease wait' or 'Name' in 'POS Settings\nFilter by\nAdd new POS\nPos name\nSite/Location\nLane\nStatus\nPage\nof\n0\nResults per page\n100\nShowing 0 - 0 of 0\nPlease wait')
E   selenium.common.exceptions.TimeoutException: Message: 
    Stacktrace:
    0   chromedriver                        0x0000000102c79a84 cxxbridge1$str$ptr + 3195292
    1   chromedriver                        0x0000000102c71b4c cxxbridge1$str$ptr + 3162724
    2   chromedriver                        0x000000010271b2a4 _RNvCs9NA52FrZ4pF_7___rustc35___rust_no_alloc_shim_is_unstable_v2 + 73836
    3   chromedriver                        0x0000000102763a44 _RNvCs9NA52FrZ4pF_7___rustc35___rust_no_alloc_shim_is_unstable_v2 + 370700
    4   chromedriver                        0x00000001027a3030 _RNvCs9NA52FrZ4pF_7___rustc35___rust_no_alloc_shim_is_unstable_v2 + 630264
    5   chromedriver                        0x0000000102759434 _RNvCs9NA52FrZ4pF_7___rustc35___rust_no_alloc_shim_is_unstable_v2 + 328188
    6   chromedriver                        0x0000000102c36c40 cxxbridge1$str$ptr + 2921304
    7   chromedriver                        0x0000000102c3a3b8 cxxbridge1$str$ptr + 2935504
    8   chromedriver                        0x0000000102c1d0f8 cxxbridge1$str$ptr + 2816016
    9   chromedriver                        0x0000000102c3ac4c cxxbridge1$str$ptr + 2937700
    10  chromedriver                        0x0000000102c0e3b0 cxxbridge1$str$ptr + 2755272
    11  chromedriver                        0x0000000102c601f4 cxxbridge1$str$ptr + 3090700
    12  chromedriver                        0x0000000102c60354 cxxbridge1$str$ptr + 3091052
    13  chromedriver                        0x0000000102c717a4 cxxbridge1$str$ptr + 3161788
    14  libsystem_pthread.dylib             0x0000000199325c08 _pthread_start + 136
    15  libsystem_pthread.dylib             0x0000000199320ba8 thread_start + 8
/Users/vk/Documents/NxtWash Automation/nxtwash-automation/venv/lib/python3.11/site-packages/selenium/webdriver/support/wait.py:121: selenium.common.exceptions.TimeoutException: Message:
=========================== short test summary info ============================
FAILED tests/admin_portal/pos_settings/test_pos_create.py::test_create_pos_name_required
FAILED tests/admin_portal/pos_settings/test_pos_list.py::test_pos_list_displays_columns
FAILED tests/admin_portal/pos_settings/test_pos_list.py::test_pos_list_pagination_shows_count
ERROR tests/admin_portal/pos_settings/test_pos_edit.py::test_edit_form_opens_prepopulated
ERROR tests/admin_portal/pos_settings/test_pos_edit.py::test_edit_pos_name_persists
ERROR tests/admin_portal/pos_settings/test_pos_edit.py::test_edit_blank_name_blocked
ERROR tests/admin_portal/pos_settings/test_pos_edit.py::test_cancel_discards_changes
ERROR tests/admin_portal/pos_settings/test_pos_filter.py::test_filter_by_site
ERROR tests/admin_portal/pos_settings/test_pos_list.py::test_pos_list_status_column
ERROR tests/admin_portal/pos_settings/test_pos_search.py::test_search_by_exact_name
ERROR tests/admin_portal/pos_settings/test_pos_search.py::test_search_by_partial_name
== 3 failed, 7 passed, 40 xfailed, 11 xpassed, 8 errors in 5951.33s (1:39:11) ==
