2026-07-23 20:40:57,482 INFO nxtwash: Test run starting against 'staging' environment
============================= test session starts ==============================
collected 121 items

tests/admin_portal/transactions/test_transactions.py::TestTransactionsNav::test_page_loads_at_expected_url PASSED [  0%]
tests/admin_portal/transactions/test_transactions.py::TestTransactionsNav::test_page_title_visible PASSED [  1%]
tests/admin_portal/transactions/test_transactions.py::TestTransactionsNav::test_export_icon_visible PASSED [  2%]
tests/admin_portal/transactions/test_transactions.py::TestTransactionsNav::test_filter_by_button_visible PASSED [  3%]
tests/admin_portal/transactions/test_transactions.py::TestTransactionsTable::test_column_header_present[TRN-TBL-001-Invoice number] PASSED [  4%]
tests/admin_portal/transactions/test_transactions.py::TestTransactionsTable::test_column_header_present[TRN-TBL-001-License plate] PASSED [  4%]
tests/admin_portal/transactions/test_transactions.py::TestTransactionsTable::test_column_header_present[TRN-TBL-001-RFID] PASSED [  5%]
tests/admin_portal/transactions/test_transactions.py::TestTransactionsTable::test_column_header_present[TRN-TBL-001-Site name] PASSED [  6%]
tests/admin_portal/transactions/test_transactions.py::TestTransactionsTable::test_column_header_present[TRN-TBL-001-Transaction date/time] PASSED [  7%]
tests/admin_portal/transactions/test_transactions.py::TestTransactionsTable::test_column_header_present[TRN-TBL-001-Customer name] PASSED [  8%]
tests/admin_portal/transactions/test_transactions.py::TestTransactionsTable::test_column_header_present[TRN-TBL-001-Service] PASSED [  9%]
tests/admin_portal/transactions/test_transactions.py::TestTransactionsTable::test_column_header_present[TRN-TBL-001-Discount] PASSED [  9%]
tests/admin_portal/transactions/test_transactions.py::TestTransactionsTable::test_column_header_present[TRN-TBL-001-Tax] PASSED [ 10%]
tests/admin_portal/transactions/test_transactions.py::TestTransactionsTable::test_column_header_present[TRN-TBL-001-PIF] PASSED [ 11%]
tests/admin_portal/transactions/test_transactions.py::TestTransactionsTable::test_column_header_present[TRN-TBL-001-Surcharge] PASSED [ 12%]
tests/admin_portal/transactions/test_transactions.py::TestTransactionsTable::test_column_header_present[TRN-TBL-001-Total amount] PASSED [ 13%]
tests/admin_portal/transactions/test_transactions.py::TestTransactionsTable::test_column_header_present[TRN-TBL-001-Payment mode] PASSED [ 14%]
tests/admin_portal/transactions/test_transactions.py::TestTransactionsTable::test_column_header_present[TRN-TBL-001-CC type] PASSED [ 14%]
tests/admin_portal/transactions/test_transactions.py::TestTransactionsTable::test_column_header_present[TRN-TBL-001-Transaction source0] PASSED [ 15%]
tests/admin_portal/transactions/test_transactions.py::TestTransactionsTable::test_column_header_present[TRN-TBL-001-Transaction source1] PASSED [ 16%]
tests/admin_portal/transactions/test_transactions.py::TestTransactionsTable::test_column_header_present[TRN-TBL-001-Sale Type] PASSED [ 17%]
tests/admin_portal/transactions/test_transactions.py::TestTransactionsTable::test_column_header_present[TRN-TBL-001-Payment status] PASSED [ 18%]
tests/admin_portal/transactions/test_transactions.py::TestTransactionsTable::test_table_has_rows PASSED [ 19%]
tests/admin_portal/transactions/test_transactions.py::TestTransactionsTable::test_table_has_horizontal_scroll PASSED [ 19%]
tests/admin_portal/transactions/test_transactions.py::TestTransactionsTable::test_pagination_present PASSED [ 20%]
tests/admin_portal/transactions/test_transactions.py::TestTransactionsTable::test_record_count_displayed PASSED [ 21%]
tests/admin_portal/transactions/test_transactions.py::TestTransactionsTable::test_invoice_number_is_link PASSED [ 22%]
tests/admin_portal/transactions/test_transactions.py::TestTransactionsTable::test_full_info_link_present PASSED [ 23%]
tests/admin_portal/transactions/test_transactions.py::TestTransactionsTable::test_default_date_preset_is_this_month PASSED [ 23%]
tests/admin_portal/transactions/test_transactions.py::TestTransactionsRowInteraction::test_row_highlights_on_click SKIPPED [ 24%]
tests/admin_portal/transactions/test_transactions.py::TestTransactionsRowInteraction::test_navigation_to_detail_page[TRN-SEL-002] PASSED [ 25%]
tests/admin_portal/transactions/test_transactions.py::TestTransactionsRowInteraction::test_navigation_to_detail_page[TRN-TBL-008] PASSED [ 26%]
tests/admin_portal/transactions/test_transactions.py::TestTransactionsExport::test_export_modal_opens PASSED [ 27%]
tests/admin_portal/transactions/test_transactions.py::TestTransactionsExport::test_export_format_selector PASSED [ 28%]
tests/admin_portal/transactions/test_transactions.py::TestTransactionsExport::test_export_column_toggle_present[TRN-EXP-003-Invoice number] SKIPPED [ 28%]
tests/admin_portal/transactions/test_transactions.py::TestTransactionsExport::test_export_column_toggle_present[TRN-EXP-003-License plate] SKIPPED [ 29%]
tests/admin_portal/transactions/test_transactions.py::TestTransactionsExport::test_export_column_toggle_present[TRN-EXP-003-RFID] SKIPPED [ 30%]
tests/admin_portal/transactions/test_transactions.py::TestTransactionsExport::test_export_column_toggle_present[TRN-EXP-003-Site name0] SKIPPED [ 31%]
tests/admin_portal/transactions/test_transactions.py::TestTransactionsExport::test_export_column_toggle_present[TRN-EXP-003-Lane name] SKIPPED [ 32%]
tests/admin_portal/transactions/test_transactions.py::TestTransactionsExport::test_export_column_toggle_present[TRN-EXP-003-Transaction date/time] SKIPPED [ 33%]
tests/admin_portal/transactions/test_transactions.py::TestTransactionsExport::test_export_column_toggle_present[TRN-EXP-003-Customer name] SKIPPED [ 33%]
tests/admin_portal/transactions/test_transactions.py::TestTransactionsExport::test_export_column_toggle_present[TRN-EXP-003-Service] SKIPPED [ 34%]
tests/admin_portal/transactions/test_transactions.py::TestTransactionsExport::test_export_column_toggle_present[TRN-EXP-003-Discount] SKIPPED [ 35%]
tests/admin_portal/transactions/test_transactions.py::TestTransactionsExport::test_export_column_toggle_present[TRN-EXP-003-Tax] SKIPPED [ 36%]
tests/admin_portal/transactions/test_transactions.py::TestTransactionsExport::test_export_column_toggle_present[TRN-EXP-003-PIF] SKIPPED [ 37%]
tests/admin_portal/transactions/test_transactions.py::TestTransactionsExport::test_export_column_toggle_present[TRN-EXP-003-Surcharge] SKIPPED [ 38%]
tests/admin_portal/transactions/test_transactions.py::TestTransactionsExport::test_export_column_toggle_present[TRN-EXP-003-Total amount] SKIPPED [ 38%]
tests/admin_portal/transactions/test_transactions.py::TestTransactionsExport::test_export_column_toggle_present[TRN-EXP-003-Payment mode] SKIPPED [ 39%]
tests/admin_portal/transactions/test_transactions.py::TestTransactionsExport::test_export_column_toggle_present[TRN-EXP-003-CC type] SKIPPED [ 40%]
tests/admin_portal/transactions/test_transactions.py::TestTransactionsExport::test_export_column_toggle_present[TRN-EXP-003-Transaction source0] SKIPPED [ 41%]
tests/admin_portal/transactions/test_transactions.py::TestTransactionsExport::test_export_column_toggle_present[TRN-EXP-003-Transaction source1] SKIPPED [ 42%]
tests/admin_portal/transactions/test_transactions.py::TestTransactionsExport::test_export_column_toggle_present[TRN-EXP-003-Sale Type] SKIPPED [ 42%]
tests/admin_portal/transactions/test_transactions.py::TestTransactionsExport::test_export_column_toggle_present[TRN-EXP-003-Payment status] SKIPPED [ 43%]
tests/admin_portal/transactions/test_transactions.py::TestTransactionsExport::test_export_column_toggle_present[TRN-EXP-003-Image URL] SKIPPED [ 44%]
tests/admin_portal/transactions/test_transactions.py::TestTransactionsExport::test_export_column_toggle_present[TRN-EXP-003-Make] SKIPPED [ 45%]
tests/admin_portal/transactions/test_transactions.py::TestTransactionsExport::test_export_column_toggle_present[TRN-EXP-003-Model] SKIPPED [ 46%]
tests/admin_portal/transactions/test_transactions.py::TestTransactionsExport::test_export_column_toggle_present[TRN-EXP-003-Color] SKIPPED [ 47%]
tests/admin_portal/transactions/test_transactions.py::TestTransactionsExport::test_export_column_toggle_present[TRN-EXP-003-Site name1] SKIPPED [ 47%]
tests/admin_portal/transactions/test_transactions.py::TestTransactionsExport::test_export_column_toggle_present[TRN-EXP-003-Total records] SKIPPED [ 48%]
tests/admin_portal/transactions/test_transactions.py::TestTransactionsExport::test_export_site_name_duplicate SKIPPED [ 49%]
tests/admin_portal/transactions/test_transactions.py::TestTransactionsExport::test_export_column_default_states SKIPPED [ 50%]
tests/admin_portal/transactions/test_transactions.py::TestTransactionsExport::test_export_button_present PASSED [ 51%]
tests/admin_portal/transactions/test_transactions.py::TestTransactionsFilterPanel::test_filter_panel_opens PASSED [ 52%]
tests/admin_portal/transactions/test_transactions.py::TestTransactionsFilterPanel::test_filter_panel_structure PASSED [ 52%]
tests/admin_portal/transactions/test_transactions.py::TestTransactionsFilterPanel::test_filter_tab_present[TRN-FLT-003-Date & Location] PASSED [ 53%]
tests/admin_portal/transactions/test_transactions.py::TestTransactionsFilterPanel::test_filter_tab_present[TRN-FLT-003-Transaction] PASSED [ 54%]
tests/admin_portal/transactions/test_transactions.py::TestTransactionsFilterPanel::test_filter_tab_present[TRN-FLT-003-Payment] PASSED [ 55%]
tests/admin_portal/transactions/test_transactions.py::TestTransactionsFilterPanel::test_filter_tab_present[TRN-FLT-003-Customer] PASSED [ 56%]
tests/admin_portal/transactions/test_transactions.py::TestTransactionsFilterPanel::test_filter_tab_present[TRN-FLT-003-Membership] PASSED [ 57%]
tests/admin_portal/transactions/test_transactions.py::TestTransactionsFilterPanel::test_filter_tab_present[TRN-FLT-003-Promotions] PASSED [ 57%]
tests/admin_portal/transactions/test_transactions.py::TestTransactionsFilterPanel::test_filter_tab_present[TRN-FLT-003-Gift cards] PASSED [ 58%]
tests/admin_portal/transactions/test_transactions.py::TestTransactionsFilterPanel::test_filter_tab_present[TRN-FLT-003-Washbook] PASSED [ 59%]
tests/admin_portal/transactions/test_transactions.py::TestTransactionsFilterPanel::test_filter_tab_present[TRN-FLT-003-Invoice] PASSED [ 60%]
tests/admin_portal/transactions/test_transactions.py::TestTransactionsFilterPanel::test_filter_tab_present[TRN-FLT-003-Staff] PASSED [ 61%]
tests/admin_portal/transactions/test_transactions.py::TestTransactionsFilterPanel::test_apply_filters_button_visible PASSED [ 61%]
tests/admin_portal/transactions/test_transactions.py::TestTransactionsFilterPanel::test_live_results_count_updates PASSED [ 62%]
tests/admin_portal/transactions/test_transactions.py::TestTransactionsFilterPanel::test_apply_filters_closes_panel_and_updates PASSED [ 63%]
tests/admin_portal/transactions/test_transactions.py::TestTransactionsFilterPanel::test_reset_filters_clears_selections PASSED [ 64%]
tests/admin_portal/transactions/test_transactions.py::TestTransactionsFilterPanel::test_x_button_closes_panel_without_applying PASSED [ 65%]
tests/admin_portal/transactions/test_transactions.py::TestTransactionsFilterPanel::test_filter_panel_can_be_reopened PASSED [ 66%]
tests/admin_portal/transactions/test_transactions.py::TestTransactionsQuickFilters::test_quick_filter_updates_state[TRN-QCK-001] PASSED [ 66%]
tests/admin_portal/transactions/test_transactions.py::TestTransactionsQuickFilters::test_quick_filter_updates_state[TRN-QCK-002] PASSED [ 67%]
tests/admin_portal/transactions/test_transactions.py::TestTransactionsQuickFilters::test_quick_filter_updates_state[TRN-QCK-003] PASSED [ 68%]
tests/admin_portal/transactions/test_transactions.py::TestTransactionsDateLocation::test_date_location_tab_opens PASSED [ 69%]
tests/admin_portal/transactions/test_transactions.py::TestTransactionsDateLocation::test_date_preset_option_present[TRN-DLC-002-Today] PASSED [ 70%]
tests/admin_portal/transactions/test_transactions.py::TestTransactionsDateLocation::test_date_preset_option_present[TRN-DLC-002-Yesterday] XFAIL [ 71%]
tests/admin_portal/transactions/test_transactions.py::TestTransactionsDateLocation::test_date_preset_option_present[TRN-DLC-002-This week] PASSED [ 71%]
tests/admin_portal/transactions/test_transactions.py::TestTransactionsDateLocation::test_date_preset_option_present[TRN-DLC-002-Last week] XFAIL [ 72%]
tests/admin_portal/transactions/test_transactions.py::TestTransactionsDateLocation::test_date_preset_option_present[TRN-DLC-002-This month] PASSED [ 73%]
tests/admin_portal/transactions/test_transactions.py::TestTransactionsDateLocation::test_date_preset_option_present[TRN-DLC-002-Last month] XFAIL [ 74%]
tests/admin_portal/transactions/test_transactions.py::TestTransactionsDateLocation::test_date_preset_option_present[TRN-DLC-002-This year] XFAIL [ 75%]
tests/admin_portal/transactions/test_transactions.py::TestTransactionsDateLocation::test_site_multiselect_present PASSED [ 76%]
tests/admin_portal/transactions/test_transactions.py::TestTransactionsDateLocation::test_custom_date_range_input_present PASSED [ 76%]
tests/admin_portal/transactions/test_transactions.py::TestTransactionsDateLocation::test_selecting_site_scopes_data PASSED [ 77%]
tests/admin_portal/transactions/test_transactions.py::TestTransactionsDateLocation::test_this_week_starts_on_monday PASSED [ 78%]
tests/admin_portal/transactions/test_transactions.py::TestTransactionsDateLocation::test_multi_site_shows_overflow_chip PASSED [ 79%]
tests/admin_portal/transactions/test_transactions.py::TestTransactionsDateLocation::test_lane_filter_state[TRN-DLC-008] PASSED [ 80%]
tests/admin_portal/transactions/test_transactions.py::TestTransactionsDateLocation::test_lane_filter_state[TRN-DLC-009] PASSED [ 80%]
tests/admin_portal/transactions/test_transactions.py::TestTransactionsTransactionFilter::test_transaction_tab_opens PASSED [ 81%]
tests/admin_portal/transactions/test_transactions.py::TestTransactionsTransactionFilter::test_category_dropdown_present PASSED [ 82%]
tests/admin_portal/transactions/test_transactions.py::TestTransactionsTransactionFilter::test_services_dropdown_present PASSED [ 83%]
tests/admin_portal/transactions/test_transactions.py::TestTransactionsTransactionFilter::test_sale_type_dropdown_present PASSED [ 84%]
tests/admin_portal/transactions/test_transactions.py::TestTransactionsTransactionFilter::test_sale_type_option_present[TRN-TXN-006-Gift Card Sale] PASSED [ 85%]
tests/admin_portal/transactions/test_transactions.py::TestTransactionsTransactionFilter::test_sale_type_option_present[TRN-TXN-006-Washbook Sale] PASSED [ 85%]
tests/admin_portal/transactions/test_transactions.py::TestTransactionsTransactionFilter::test_sale_type_option_present[TRN-TXN-006-Membership Sale] PASSED [ 86%]
tests/admin_portal/transactions/test_transactions.py::TestTransactionsTransactionFilter::test_sale_type_option_present[TRN-TXN-006-Retail / Single Wash] PASSED [ 87%]
tests/admin_portal/transactions/test_transactions.py::TestTransactionsTransactionFilter::test_transaction_source_dropdown_present PASSED [ 88%]
tests/admin_portal/transactions/test_transactions.py::TestTransactionsPaymentFilter::test_payment_tab_opens PASSED [ 89%]
tests/admin_portal/transactions/test_transactions.py::TestTransactionsPaymentFilter::test_payment_method_dropdown_present PASSED [ 90%]
tests/admin_portal/transactions/test_transactions.py::TestTransactionsPaymentFilter::test_cc_type_dropdown_present PASSED [ 90%]
tests/admin_portal/transactions/test_transactions.py::TestTransactionsPaymentFilter::test_payment_status_multiselect_present PASSED [ 91%]
tests/admin_portal/transactions/test_transactions.py::TestTransactionsDetailPage::test_detail_page_loads PASSED [ 92%]
tests/admin_portal/transactions/test_transactions.py::TestTransactionsDetailPage::test_transaction_details_panel_visible PASSED [ 93%]
tests/admin_portal/transactions/test_transactions.py::TestTransactionsDetailPage::test_car_details_panel_visible PASSED [ 94%]
tests/admin_portal/transactions/test_transactions.py::TestTransactionsDetailPage::test_customer_panel_visible PASSED [ 95%]
tests/admin_portal/transactions/test_transactions.py::TestTransactionsDetailPage::test_customer_name_matches PASSED [ 95%]
tests/admin_portal/transactions/test_transactions.py::TestTransactionsDetailPage::test_invoice_number_matches PASSED [ 96%]
tests/admin_portal/transactions/test_transactions.py::TestTransactionsDetailPage::test_service_table_visible PASSED [ 97%]
tests/admin_portal/transactions/test_transactions.py::TestTransactionsDetailPage::test_payment_type_not_null XFAIL [ 98%]
tests/admin_portal/transactions/test_transactions.py::TestTransactionsDetailPage::test_action_buttons_present PASSED [ 99%]
tests/admin_portal/transactions/test_transactions.py::TestTransactionsDetailPage::test_back_navigation_from_detail PASSED [100%]

============ 88 passed, 28 skipped, 5 xfailed in 1335.25s (0:22:15) ============
