2026-07-23 23:38:15,118 INFO nxtwash: Test run starting against 'staging' environment
============================= test session starts ==============================
collected 83 items

tests/admin_portal/wash_activity/test_wash_activity.py::TestWashActivityNav::test_page_loads_at_correct_url PASSED [  1%]
tests/admin_portal/wash_activity/test_wash_activity.py::TestWashActivityNav::test_filter_modal_auto_opens PASSED [  2%]
tests/admin_portal/wash_activity/test_wash_activity.py::TestWashActivityNav::test_modal_contains_all_controls PASSED [  3%]
tests/admin_portal/wash_activity/test_wash_activity.py::TestWashActivityNav::test_page_content_visible_after_apply PASSED [  4%]
tests/admin_portal/wash_activity/test_wash_activity.py::TestWashActivityNav::test_apply_filters_closes_modal PASSED [  6%]
tests/admin_portal/wash_activity/test_wash_activity.py::TestWashActivityNav::test_filter_values_reflected_in_page_bar PASSED [  7%]
tests/admin_portal/wash_activity/test_wash_activity.py::TestWashActivityNav::test_page_bar_changes_do_not_reopen_modal PASSED [  8%]
tests/admin_portal/wash_activity/test_wash_activity.py::TestWashActivitySiteFilter::test_sites_dropdown_lists_active_sites PASSED [  9%]
tests/admin_portal/wash_activity/test_wash_activity.py::TestWashActivitySiteFilter::test_site_filter_empty_by_default PASSED [ 10%]
tests/admin_portal/wash_activity/test_wash_activity.py::TestWashActivitySiteFilter::test_selecting_site_creates_chip PASSED [ 12%]
tests/admin_portal/wash_activity/test_wash_activity.py::TestWashActivitySiteFilter::test_multi_site_selection_accepted PASSED [ 13%]
tests/admin_portal/wash_activity/test_wash_activity.py::TestWashActivitySiteFilter::test_all_sites_shows_overflow_chip PASSED [ 14%]
tests/admin_portal/wash_activity/test_wash_activity.py::TestWashActivitySiteFilter::test_single_site_scopes_data PASSED [ 15%]
tests/admin_portal/wash_activity/test_wash_activity.py::TestWashActivitySiteFilter::test_removing_chip_reduces_site_filter PASSED [ 16%]
tests/admin_portal/wash_activity/test_wash_activity.py::TestWashActivitySiteFilter::test_chip_x_and_clear_returns_empty_state PASSED [ 18%]
tests/admin_portal/wash_activity/test_wash_activity.py::TestWashActivitySiteFilter::test_clear_all_sites PASSED [ 19%]
tests/admin_portal/wash_activity/test_wash_activity.py::TestWashActivitySiteFilter::test_page_bar_site_change_no_modal PASSED [ 20%]
tests/admin_portal/wash_activity/test_wash_activity.py::TestWashActivitySiteFilter::test_site_dropdown_lists_multiple_sites PASSED [ 21%]
tests/admin_portal/wash_activity/test_wash_activity.py::TestWashActivitySiteFilter::test_wac_site_present_in_dropdown PASSED [ 22%]
tests/admin_portal/wash_activity/test_wash_activity.py::TestWashActivitySiteFilter::test_widgets_refresh_on_site_change[WAC-KPI-003-kpi] PASSED [ 24%]
tests/admin_portal/wash_activity/test_wash_activity.py::TestWashActivitySiteFilter::test_widgets_refresh_on_site_change[WAC-CHT-010-chart] PASSED [ 25%]
tests/admin_portal/wash_activity/test_wash_activity.py::TestWashActivitySiteFilter::test_widgets_refresh_on_site_change[WAC-TAB-005-tab] PASSED [ 26%]
tests/admin_portal/wash_activity/test_wash_activity.py::TestWashActivityDateFilter::test_date_preset_count PASSED [ 27%]
tests/admin_portal/wash_activity/test_wash_activity.py::TestWashActivityDateFilter::test_preset_populates_date_range[WAC-DTE-002] PASSED [ 28%]
tests/admin_portal/wash_activity/test_wash_activity.py::TestWashActivityDateFilter::test_preset_populates_date_range[WAC-DTE-003] PASSED [ 30%]
tests/admin_portal/wash_activity/test_wash_activity.py::TestWashActivityDateFilter::test_preset_populates_date_range[WAC-DTE-004] PASSED [ 31%]
tests/admin_portal/wash_activity/test_wash_activity.py::TestWashActivityDateFilter::test_preset_populates_date_range[WAC-DTE-005] PASSED [ 32%]
tests/admin_portal/wash_activity/test_wash_activity.py::TestWashActivityDateFilter::test_preset_populates_date_range[WAC-DTE-006] PASSED [ 33%]
tests/admin_portal/wash_activity/test_wash_activity.py::TestWashActivityDateFilter::test_preset_populates_date_range[WAC-DTE-007] PASSED [ 34%]
tests/admin_portal/wash_activity/test_wash_activity.py::TestWashActivityDateFilter::test_custom_preset_available PASSED [ 36%]
tests/admin_portal/wash_activity/test_wash_activity.py::TestWashActivityDateFilter::test_selecting_preset_fills_date_range PASSED [ 37%]
tests/admin_portal/wash_activity/test_wash_activity.py::TestWashActivityDateFilter::test_date_range_input_shows_selected_range PASSED [ 38%]
tests/admin_portal/wash_activity/test_wash_activity.py::TestWashActivityDateFilter::test_single_day_checkbox_in_modal PASSED [ 39%]
tests/admin_portal/wash_activity/test_wash_activity.py::TestWashActivityDateFilter::test_single_day_field_narrows_to_one_date PASSED [ 40%]
tests/admin_portal/wash_activity/test_wash_activity.py::TestWashActivityDateFilter::test_last_month_date_range PASSED [ 42%]
tests/admin_portal/wash_activity/test_wash_activity.py::TestWashActivityDateFilter::test_zero_data_state PASSED [ 43%]
tests/admin_portal/wash_activity/test_wash_activity.py::TestWashActivityDateFilter::test_widgets_refresh_on_date_change[WAC-KPI-003-kpi] PASSED [ 44%]
tests/admin_portal/wash_activity/test_wash_activity.py::TestWashActivityDateFilter::test_widgets_refresh_on_date_change[WAC-CHT-010-chart] PASSED [ 45%]
tests/admin_portal/wash_activity/test_wash_activity.py::TestWashActivityDateFilter::test_widgets_refresh_on_date_change[WAC-TAB-005-tab] PASSED [ 46%]
tests/admin_portal/wash_activity/test_wash_activity.py::TestWashActivityKPI::test_kpi_card_visible[WAC-KPI-001-01] PASSED [ 48%]
tests/admin_portal/wash_activity/test_wash_activity.py::TestWashActivityKPI::test_kpi_card_visible[WAC-KPI-001-02] PASSED [ 49%]
tests/admin_portal/wash_activity/test_wash_activity.py::TestWashActivityKPI::test_kpi_card_visible[WAC-KPI-001-03] PASSED [ 50%]
tests/admin_portal/wash_activity/test_wash_activity.py::TestWashActivityKPI::test_kpi_card_visible[WAC-KPI-001-04] PASSED [ 51%]
tests/admin_portal/wash_activity/test_wash_activity.py::TestWashActivityKPI::test_kpi_card_visible[WAC-KPI-001-05] PASSED [ 53%]
tests/admin_portal/wash_activity/test_wash_activity.py::TestWashActivityKPI::test_kpi_card_visible[WAC-KPI-001-06] PASSED [ 54%]
tests/admin_portal/wash_activity/test_wash_activity.py::TestWashActivityKPI::test_kpi_values_non_zero PASSED [ 55%]
tests/admin_portal/wash_activity/test_wash_activity.py::TestWashActivityKPI::test_kpi_zero_data_state PASSED [ 56%]
tests/admin_portal/wash_activity/test_wash_activity.py::TestWashActivityKPI::test_kpi_total_cars_equals_sum PASSED [ 57%]
tests/admin_portal/wash_activity/test_wash_activity.py::TestWashActivityKPI::test_kpi_daily_average_non_zero XFAIL [ 59%]
tests/admin_portal/wash_activity/test_wash_activity.py::TestWashActivityKPI::test_kpi_hourly_average_non_zero XFAIL [ 60%]
tests/admin_portal/wash_activity/test_wash_activity.py::TestWashActivityKPI::test_kpi_card_sublabels[WAC-KPI-008] PASSED [ 61%]
tests/admin_portal/wash_activity/test_wash_activity.py::TestWashActivityKPI::test_kpi_card_sublabels[WAC-KPI-009] PASSED [ 62%]
tests/admin_portal/wash_activity/test_wash_activity.py::TestWashActivityKPI::test_kpi_card_sublabels[WAC-KPI-010] PASSED [ 63%]
tests/admin_portal/wash_activity/test_wash_activity.py::TestWashActivityKPI::test_kpi_total_paid_matches_tab XFAIL [ 65%]
tests/admin_portal/wash_activity/test_wash_activity.py::TestWashActivityChart::test_chart_section_visible PASSED [ 66%]
tests/admin_portal/wash_activity/test_wash_activity.py::TestWashActivityChart::test_chart_has_bars_for_non_zero_data SKIPPED [ 67%]
tests/admin_portal/wash_activity/test_wash_activity.py::TestWashActivityChart::test_chart_empty_state_for_zero_data PASSED [ 68%]
tests/admin_portal/wash_activity/test_wash_activity.py::TestWashActivityChart::test_chart_renders_for_test_dataset PASSED [ 69%]
tests/admin_portal/wash_activity/test_wash_activity.py::TestWashActivityChart::test_chart_legend_toggle_off SKIPPED [ 71%]
tests/admin_portal/wash_activity/test_wash_activity.py::TestWashActivityChart::test_chart_legend_toggle_on SKIPPED [ 72%]
tests/admin_portal/wash_activity/test_wash_activity.py::TestWashActivityTabs::test_usage_breakdown_section_visible PASSED [ 73%]
tests/admin_portal/wash_activity/test_wash_activity.py::TestWashActivityTabs::test_all_three_tabs_visible PASSED [ 74%]
tests/admin_portal/wash_activity/test_wash_activity.py::TestWashActivityTabs::test_default_active_tab_is_memberships PASSED [ 75%]
tests/admin_portal/wash_activity/test_wash_activity.py::TestWashActivityTabs::test_tab_switching[WAC-TAB-004-mem] PASSED [ 77%]
tests/admin_portal/wash_activity/test_wash_activity.py::TestWashActivityTabs::test_tab_switching[WAC-TAB-004-pws] PASSED [ 78%]
tests/admin_portal/wash_activity/test_wash_activity.py::TestWashActivityTabs::test_tab_switching[WAC-TAB-004-cmp] PASSED [ 79%]
tests/admin_portal/wash_activity/test_wash_activity.py::TestWashActivityTabs::test_empty_tab_clean_state[WAC-TAB-007-mem] PASSED [ 80%]
tests/admin_portal/wash_activity/test_wash_activity.py::TestWashActivityTabs::test_empty_tab_clean_state[WAC-TAB-007-cmp] PASSED [ 81%]
tests/admin_portal/wash_activity/test_wash_activity.py::TestWashActivityMemberships::test_memberships_breakdown_cards_present PASSED [ 83%]
tests/admin_portal/wash_activity/test_wash_activity.py::TestWashActivityMemberships::test_memberships_empty_state PASSED [ 84%]
tests/admin_portal/wash_activity/test_wash_activity.py::TestWashActivityMemberships::test_memberships_tab_matches_total_redemptions_kpi PASSED [ 85%]
tests/admin_portal/wash_activity/test_wash_activity.py::TestWashActivityPaidWashes::test_paid_washes_breakdown_cards_present SKIPPED [ 86%]
tests/admin_portal/wash_activity/test_wash_activity.py::TestWashActivityPaidWashes::test_paid_washes_sum_matches_tab_count PASSED [ 87%]
tests/admin_portal/wash_activity/test_wash_activity.py::TestWashActivityPaidWashes::test_paid_washes_tab_vs_total_paid_kpi_mismatch XFAIL [ 89%]
tests/admin_portal/wash_activity/test_wash_activity.py::TestWashActivityCompWashes::test_comp_washes_breakdown_cards_present ERROR [ 90%]
tests/admin_portal/wash_activity/test_wash_activity.py::TestWashActivityCompWashes::test_comp_washes_empty_state PASSED [ 91%]
tests/admin_portal/wash_activity/test_wash_activity.py::TestWashActivityCompWashes::test_comp_washes_tab_matches_kpi PASSED [ 92%]
tests/admin_portal/wash_activity/test_wash_activity.py::TestWashActivityExport::test_export_xlsx_button_visible PASSED [ 93%]
tests/admin_portal/wash_activity/test_wash_activity.py::TestWashActivityExport::test_export_xlsx_initiates_download PASSED [ 95%]
tests/admin_portal/wash_activity/test_wash_activity.py::TestSingleDaySync::test_modal_single_day_checkbox_visible PASSED [ 96%]
tests/admin_portal/wash_activity/test_wash_activity.py::TestSingleDaySync::test_modal_single_day_changes_date_field PASSED [ 97%]
tests/admin_portal/wash_activity/test_wash_activity.py::TestSingleDaySync::test_modal_sdm_syncs_to_page_bar XPASS [ 98%]
tests/admin_portal/wash_activity/test_wash_activity.py::TestSingleDaySync::test_page_bar_sdm_uncheck_syncs_to_modal XPASS [100%]

==================================== ERRORS ====================================
_ ERROR at setup of TestWashActivityCompWashes.test_comp_washes_breakdown_cards_present _
E   selenium.common.exceptions.StaleElementReferenceException: Message: stale element reference: stale element not found in the current frame
      (Session info: chrome=150.0.7871.129); For documentation on this error, please visit: https://www.selenium.dev/documentation/webdriver/troubleshooting/errors#staleelementreferenceexception
    Stacktrace:
    0   chromedriver                        0x00000001030f5a84 cxxbridge1$str$ptr + 3195292
    1   chromedriver                        0x00000001030edb4c cxxbridge1$str$ptr + 3162724
    2   chromedriver                        0x0000000102b972a4 _RNvCs9NA52FrZ4pF_7___rustc35___rust_no_alloc_shim_is_unstable_v2 + 73836
    3   chromedriver                        0x0000000102b9d464 _RNvCs9NA52FrZ4pF_7___rustc35___rust_no_alloc_shim_is_unstable_v2 + 98860
    4   chromedriver                        0x0000000102b9f678 _RNvCs9NA52FrZ4pF_7___rustc35___rust_no_alloc_shim_is_unstable_v2 + 107584
    5   chromedriver                        0x0000000102b9f730 _RNvCs9NA52FrZ4pF_7___rustc35___rust_no_alloc_shim_is_unstable_v2 + 107768
    6   chromedriver                        0x0000000102be487c _RNvCs9NA52FrZ4pF_7___rustc35___rust_no_alloc_shim_is_unstable_v2 + 390724
    7   chromedriver                        0x0000000102be4294 _RNvCs9NA52FrZ4pF_7___rustc35___rust_no_alloc_shim_is_unstable_v2 + 389212
    8   chromedriver                        0x0000000102c262e4 _RNvCs9NA52FrZ4pF_7___rustc35___rust_no_alloc_shim_is_unstable_v2 + 659628
    9   chromedriver                        0x0000000102c1f030 _RNvCs9NA52FrZ4pF_7___rustc35___rust_no_alloc_shim_is_unstable_v2 + 630264
    10  chromedriver                        0x0000000102bd5434 _RNvCs9NA52FrZ4pF_7___rustc35___rust_no_alloc_shim_is_unstable_v2 + 328188
    11  chromedriver                        0x00000001030b2c40 cxxbridge1$str$ptr + 2921304
    12  chromedriver                        0x00000001030b63b8 cxxbridge1$str$ptr + 2935504
    13  chromedriver                        0x00000001030990f8 cxxbridge1$str$ptr + 2816016
    14  chromedriver                        0x00000001030b6c4c cxxbridge1$str$ptr + 2937700
    15  chromedriver                        0x000000010308a3b0 cxxbridge1$str$ptr + 2755272
    16  chromedriver                        0x00000001030dc1f4 cxxbridge1$str$ptr + 3090700
    17  chromedriver                        0x00000001030dc354 cxxbridge1$str$ptr + 3091052
    18  chromedriver                        0x00000001030ed7a4 cxxbridge1$str$ptr + 3161788
    19  libsystem_pthread.dylib             0x0000000199325c08 _pthread_start + 136
    20  libsystem_pthread.dylib             0x0000000199320ba8 thread_start + 8
=========================== short test summary info ============================
ERROR tests/admin_portal/wash_activity/test_wash_activity.py::TestWashActivityCompWashes::test_comp_washes_breakdown_cards_present
== 72 passed, 4 skipped, 4 xfailed, 2 xpassed, 1 error in 1080.30s (0:18:00) ===
