2026-07-24 01:03:04,734 INFO nxtwash: Test run starting against 'staging' environment
============================= test session starts ==============================
collected 78 items

tests/admin_portal/wash_packages/test_wash_packages_barcode.py::test_wash_package_barcode_persists PASSED [  1%]
tests/admin_portal/wash_packages/test_wash_packages_barcode.py::test_duplicate_barcode_behaviour PASSED [  2%]
tests/admin_portal/wash_packages/test_wash_packages_coverage_gap.py::test_wash_packages_list_shell_controls_and_grid 
-------------------------------- live log call ---------------------------------
INFO     nxtwash:test_wash_packages_coverage_gap.py:23 Verifying Wash Packages list shell and primary controls
PASSED                                                                   [  3%]
tests/admin_portal/wash_packages/test_wash_packages_coverage_gap.py::test_wash_packages_search_variants_and_clear 
-------------------------------- live log call ---------------------------------
INFO     nxtwash:test_wash_packages_coverage_gap.py:47 Verifying Wash Packages search variants
PASSED                                                                   [  5%]
tests/admin_portal/wash_packages/test_wash_packages_coverage_gap.py::test_wash_packages_filter_panel_site_option_and_reset 
-------------------------------- live log call ---------------------------------
INFO     nxtwash:test_wash_packages_coverage_gap.py:79 Verifying Wash Packages filter panel controls and reset
PASSED                                                                   [  6%]
tests/admin_portal/wash_packages/test_wash_packages_coverage_gap.py::test_add_wash_package_form_service_discount_save_cancel_controls 
-------------------------------- live log call ---------------------------------
INFO     nxtwash:test_wash_packages_coverage_gap.py:95 Verifying Add Wash Package form controls
PASSED                                                                   [  7%]
tests/admin_portal/wash_packages/test_wash_packages_coverage_gap.py::test_wash_package_global_price_is_required 
-------------------------------- live log call ---------------------------------
INFO     nxtwash:test_wash_packages_coverage_gap.py:118 Verifying global price mandatory validation
PASSED                                                                   [  8%]
tests/admin_portal/wash_packages/test_wash_packages_coverage_gap.py::test_wash_packages_download_file_validation_blocker XFAIL [ 10%]
tests/admin_portal/wash_packages/test_wash_packages_coverage_gap.py::test_wash_packages_permission_matrix_blocker XFAIL [ 11%]
tests/admin_portal/wash_packages/test_wash_packages_coverage_gap.py::test_wash_packages_advanced_edge_case_harness_blocker XFAIL [ 12%]
tests/admin_portal/wash_packages/test_wash_packages_dependency.py::test_wash_package_available_for_membership_redemption SKIPPED [ 14%]
tests/admin_portal/wash_packages/test_wash_packages_dependency.py::test_deactivate_wash_package_mapped_to_membership SKIPPED [ 15%]
tests/admin_portal/wash_packages/test_wash_packages_dependency.py::test_rename_wash_package_mapped_to_membership SKIPPED [ 16%]
tests/admin_portal/wash_packages/test_wash_packages_dependency.py::test_deactivated_discount_removed_from_wash_package SKIPPED [ 17%]
tests/admin_portal/wash_packages/test_wash_packages_dependency.py::test_site_unassignment_does_not_affect_other_redemption_sites SKIPPED [ 19%]
tests/admin_portal/wash_packages/test_wash_packages_edge_cases.py::test_wash_package_long_name_does_not_break_form PASSED [ 20%]
tests/admin_portal/wash_packages/test_wash_packages_edge_cases.py::test_wash_package_whitespace_name_is_rejected PASSED [ 21%]
tests/admin_portal/wash_packages/test_wash_packages_edge_cases.py::test_wash_package_existing_search_is_repeatable PASSED [ 23%]
tests/admin_portal/wash_packages/test_wash_packages_edit.py::test_edit_wash_package_name_persists PASSED [ 24%]
tests/admin_portal/wash_packages/test_wash_packages_edit.py::test_edit_wash_package_global_price_persists PASSED [ 25%]
tests/admin_portal/wash_packages/test_wash_packages_edit.py::test_edit_wash_package_global_commission_persists PASSED [ 26%]
tests/admin_portal/wash_packages/test_wash_packages_edit.py::test_edit_wash_package_loyalty_points_persist PASSED [ 28%]
tests/admin_portal/wash_packages/test_wash_packages_edit.py::test_edit_wash_package_assigned_sites PASSED [ 29%]
tests/admin_portal/wash_packages/test_wash_packages_edit.py::test_activate_wash_package PASSED [ 30%]
tests/admin_portal/wash_packages/test_wash_packages_edit.py::test_deactivate_wash_package XPASS [ 32%]
tests/admin_portal/wash_packages/test_wash_packages_edit.py::test_assign_applicable_discount_persists PASSED [ 33%]
tests/admin_portal/wash_packages/test_wash_packages_edit.py::test_assign_multiple_discounts_persist SKIPPED [ 34%]
tests/admin_portal/wash_packages/test_wash_packages_edit.py::test_remove_applicable_discount_persists XFAIL [ 35%]
tests/admin_portal/wash_packages/test_wash_packages_edit.py::test_service_description_persists XFAIL [ 37%]
tests/admin_portal/wash_packages/test_wash_packages_export.py::test_wash_packages_export_button_clickable PASSED [ 38%]
tests/admin_portal/wash_packages/test_wash_packages_export.py::test_wash_packages_export_after_filter XFAIL [ 39%]
tests/admin_portal/wash_packages/test_wash_packages_loyalty.py::test_loyalty_points_awarded_persists PASSED [ 41%]
tests/admin_portal/wash_packages/test_wash_packages_loyalty.py::test_loyalty_points_redeemed_persists PASSED [ 42%]
tests/admin_portal/wash_packages/test_wash_packages_loyalty.py::test_points_awarded_info_tooltip_is_visible PASSED [ 43%]
tests/admin_portal/wash_packages/test_wash_packages_loyalty.py::test_points_redeemed_info_tooltip_is_visible PASSED [ 44%]
tests/admin_portal/wash_packages/test_wash_packages_managed.py::test_managed_package_provided_at_baseline PASSED [ 46%]
tests/admin_portal/wash_packages/test_wash_packages_managed.py::test_managed_package_mutation_is_reset_on_teardown PASSED [ 47%]
tests/admin_portal/wash_packages/test_wash_packages_negative.py::test_wash_package_required_name_validation PASSED [ 48%]
tests/admin_portal/wash_packages/test_wash_packages_negative.py::test_create_duplicate_wash_package_is_blocked PASSED [ 50%]
tests/admin_portal/wash_packages/test_wash_packages_negative.py::test_wash_package_required_price_validation PASSED [ 51%]
tests/admin_portal/wash_packages/test_wash_packages_negative.py::test_negative_global_price_is_rejected XFAIL [ 52%]
tests/admin_portal/wash_packages/test_wash_packages_negative.py::test_negative_global_commission_is_rejected XFAIL [ 53%]
tests/admin_portal/wash_packages/test_wash_packages_negative.py::test_wash_packages_special_character_search_stays_usable PASSED [ 55%]
tests/admin_portal/wash_packages/test_wash_packages_positive.py::test_create_active_wash_package PASSED [ 56%]
tests/admin_portal/wash_packages/test_wash_packages_positive.py::test_create_inactive_wash_package PASSED [ 57%]
tests/admin_portal/wash_packages/test_wash_packages_positive.py::test_create_wash_package_without_barcode PASSED [ 58%]
tests/admin_portal/wash_packages/test_wash_packages_positive.py::test_create_wash_package_without_loyalty_points PASSED [ 60%]
tests/admin_portal/wash_packages/test_wash_packages_positive.py::test_create_wash_package_without_discount PASSED [ 61%]
tests/admin_portal/wash_packages/test_wash_packages_positive.py::test_wash_package_settings_persist PASSED [ 62%]
tests/admin_portal/wash_packages/test_wash_packages_search_filter.py::test_wash_packages_existing_search PASSED [ 64%]
tests/admin_portal/wash_packages/test_wash_packages_search_filter.py::test_wash_packages_partial_search XPASS [ 65%]
tests/admin_portal/wash_packages/test_wash_packages_search_filter.py::test_wash_packages_missing_search PASSED [ 66%]
tests/admin_portal/wash_packages/test_wash_packages_search_filter.py::test_wash_packages_clear_search_restores_list PASSED [ 67%]
tests/admin_portal/wash_packages/test_wash_packages_search_filter.py::test_wash_packages_search_payloads_do_not_break_grid PASSED [ 69%]
tests/admin_portal/wash_packages/test_wash_packages_search_filter.py::test_search_inactive_wash_package_returns_it SKIPPED [ 70%]
tests/admin_portal/wash_packages/test_wash_packages_search_filter.py::test_filter_by_site_narrows_results PASSED [ 71%]
tests/admin_portal/wash_packages/test_wash_packages_search_filter.py::test_filter_active_shows_active_packages XPASS [ 73%]
tests/admin_portal/wash_packages/test_wash_packages_search_filter.py::test_filter_site_and_active_combined XFAIL [ 74%]
tests/admin_portal/wash_packages/test_wash_packages_search_filter.py::test_reset_filters_restores_grid XFAIL [ 75%]
tests/admin_portal/wash_packages/test_wash_packages_site_assignment.py::test_assign_multiple_sites_persists PASSED [ 76%]
tests/admin_portal/wash_packages/test_wash_packages_site_assignment.py::test_select_all_sites_via_header_checkbox PASSED [ 78%]
tests/admin_portal/wash_packages/test_wash_packages_site_assignment.py::test_save_wash_package_without_site_selection PASSED [ 79%]
tests/admin_portal/wash_packages/test_wash_packages_site_assignment.py::test_global_price_reflected_at_site PASSED [ 80%]
tests/admin_portal/wash_packages/test_wash_packages_site_assignment.py::test_location_price_override_persists XPASS [ 82%]
tests/admin_portal/wash_packages/test_wash_packages_site_assignment.py::test_location_price_override_higher_than_global_persists PASSED [ 83%]
tests/admin_portal/wash_packages/test_wash_packages_site_assignment.py::test_location_price_override_lower_than_global_persists PASSED [ 84%]
tests/admin_portal/wash_packages/test_wash_packages_site_assignment.py::test_location_commission_override_persists PASSED [ 85%]
tests/admin_portal/wash_packages/test_wash_packages_site_assignment.py::test_location_commission_higher_than_global_persists PASSED [ 87%]
tests/admin_portal/wash_packages/test_wash_packages_ui.py::test_wash_packages_page_loads_with_primary_controls PASSED [ 88%]
tests/admin_portal/wash_packages/test_wash_packages_ui.py::test_wash_packages_grid_columns_are_visible PASSED [ 89%]
tests/admin_portal/wash_packages/test_wash_packages_ui.py::test_wash_packages_pagination_controls_are_visible PASSED [ 91%]
tests/admin_portal/wash_packages/test_wash_packages_ui.py::test_add_wash_package_form_loads PASSED [ 92%]
tests/admin_portal/wash_packages/test_wash_packages_ui.py::test_discount_settings_tab_loads PASSED [ 93%]
tests/admin_portal/wash_packages/test_wash_packages_ui.py::test_wash_packages_filter_panel_shows_controls PASSED [ 94%]
tests/admin_portal/wash_packages/test_wash_packages_validation.py::test_wash_package_blank_required_form_stays_on_form PASSED [ 96%]
tests/admin_portal/wash_packages/test_wash_packages_validation.py::test_wash_package_decimal_price_is_accepted PASSED [ 97%]
tests/admin_portal/wash_packages/test_wash_packages_validation.py::test_wash_package_decimal_commission_is_accepted PASSED [ 98%]
tests/admin_portal/wash_packages/test_wash_packages_validation.py::test_wash_package_invalid_numeric_values_do_not_break_form PASSED [100%]

====== 57 passed, 7 skipped, 10 xfailed, 4 xpassed in 1874.48s (0:31:14) =======
