2026-07-28 02:36:21,794 INFO nxtwash: Test run starting against 'staging' environment
2026-07-28 02:36:31,085 INFO nxtwash: Test run starting against 'staging' environment
2026-07-28 02:36:31,408 INFO nxtwash: Test run starting against 'staging' environment
============================= test session starts ==============================
created: 2/2 workers
2 workers [93 items]

scheduling tests via LoadScheduling

tests/admin_portal/customers/test_customers_cars.py::test_cars_settings_tab_accessible_on_existing_customer 
tests/admin_portal/customers/test_customers_cars.py::test_deactivate_a_car 
[gw0] [  1%] SKIPPED tests/admin_portal/customers/test_customers_cars.py::test_deactivate_a_car 
tests/admin_portal/customers/test_customers_cars.py::test_update_vehicle_token 
[gw0] [  2%] SKIPPED tests/admin_portal/customers/test_customers_cars.py::test_update_vehicle_token 
tests/admin_portal/customers/test_customers_cars.py::test_duplicate_license_plate_documents_behaviour 
[gw0] [  3%] SKIPPED tests/admin_portal/customers/test_customers_cars.py::test_duplicate_license_plate_documents_behaviour 
tests/admin_portal/customers/test_customers_cars.py::test_duplicate_rfid_documents_behaviour 
[gw0] [  4%] SKIPPED tests/admin_portal/customers/test_customers_cars.py::test_duplicate_rfid_documents_behaviour 
tests/admin_portal/customers/test_customers_cars.py::test_add_car_then_refresh_car_persists 
[gw0] [  5%] SKIPPED tests/admin_portal/customers/test_customers_cars.py::test_add_car_then_refresh_car_persists 
tests/admin_portal/customers/test_customers_dependency.py::test_customer_appears_in_gift_cards_dropdown 
[gw0] [  6%] SKIPPED tests/admin_portal/customers/test_customers_dependency.py::test_customer_appears_in_gift_cards_dropdown 
tests/admin_portal/customers/test_customers_dependency.py::test_customer_membership_status_reflects_memberships_module 
[gw0] [  7%] SKIPPED tests/admin_portal/customers/test_customers_dependency.py::test_customer_membership_status_reflects_memberships_module 
tests/admin_portal/customers/test_customers_dependency.py::test_customer_site_assignment_matches_sites_module 2026-07-28 02:38:31,355 ERROR nxtwash: Test FAILED: tests/admin_portal/customers/test_customers_cars.py::test_cars_settings_tab_accessible_on_existing_customer (url: about:blank)
2026-07-28 02:38:39,945 ERROR nxtwash: Test FAILED: tests/admin_portal/customers/test_customers_dependency.py::test_customer_site_assignment_matches_sites_module (url: about:blank)
2026-07-28 02:39:36,326 WARNING nxtwash: Could not capture screenshot 'failure-tests_admin_portal_customers_test_customers_cars.py_test_cars_settings_tab_accessible_on_existing_customer': Message: timeout: Timed out receiving message from renderer: 10.000
  (Session info: chrome=150.0.7871.182)
Stacktrace:
0   chromedriver                        0x00000001034e5a84 cxxbridge1$str$ptr + 3195292
1   chromedriver                        0x00000001034ddb4c cxxbridge1$str$ptr + 3162724
2   chromedriver                        0x0000000102f872a4 _RNvCs9NA52FrZ4pF_7___rustc35___rust_no_alloc_shim_is_unstable_v2 + 73836
3   chromedriver                        0x0000000102f71d20 cxxbridge1$string$len + 3628
4   chromedriver                        0x0000000102f71a80 cxxbridge1$string$len + 2956
5   chromedriver                        0x0000000102f6f818 chromedriver + 227352
6   chromedriver                        0x0000000102f7040c chromedriver + 230412
7   chromedriver                        0x0000000102f947bc _RNvCs9NA52FrZ4pF_7___rustc35___rust_no_alloc_shim_is_unstable_v2 + 128388
8   chromedriver                        0x000000010301a268 _RNvCs9NA52FrZ4pF_7___rustc35___rust_no_alloc_shim_is_unstable_v2 + 675888
9   chromedriver                        0x000000010300f030 _RNvCs9NA52FrZ4pF_7___rustc35___rust_no_alloc_shim_is_unstable_v2 + 630264
10  chromedriver                        0x0000000102fc5434 _RNvCs9NA52FrZ4pF_7___rustc35___rust_no_alloc_shim_is_unstable_v2 + 328188
11  chromedriver                        0x00000001034a2c40 cxxbridge1$str$ptr + 2921304
12  chromedriver                        0x00000001034a63b8 cxxbridge1$str$ptr + 2935504
13  chromedriver                        0x00000001034890f8 cxxbridge1$str$ptr + 2816016
14  chromedriver                        0x00000001034a6c4c cxxbridge1$str$ptr + 2937700
15  chromedriver                        0x000000010347a3b0 cxxbridge1$str$ptr + 2755272
16  chromedriver                        0x00000001034cc1f4 cxxbridge1$str$ptr + 3090700
17  chromedriver                        0x00000001034cc354 cxxbridge1$str$ptr + 3091052
18  chromedriver                        0x00000001034dd7a4 cxxbridge1$str$ptr + 3161788
19  libsystem_pthread.dylib             0x0000000199325c08 _pthread_start + 136
20  libsystem_pthread.dylib             0x0000000199320ba8 thread_start + 8

2026-07-28 02:39:40,145 ERROR nxtwash: Visible page text at failure:

2026-07-28 02:39:41,966 WARNING nxtwash: Could not capture screenshot 'failure-tests_admin_portal_customers_test_customers_dependency.py_test_customer_site_assignment_matches_sites_module': Message: timeout: Timed out receiving message from renderer: 10.000
  (Session info: chrome=150.0.7871.182)
Stacktrace:
0   chromedriver                        0x00000001031eda84 cxxbridge1$str$ptr + 3195292
1   chromedriver                        0x00000001031e5b4c cxxbridge1$str$ptr + 3162724
2   chromedriver                        0x0000000102c8f2a4 _RNvCs9NA52FrZ4pF_7___rustc35___rust_no_alloc_shim_is_unstable_v2 + 73836
3   chromedriver                        0x0000000102c79d20 cxxbridge1$string$len + 3628
4   chromedriver                        0x0000000102c79a80 cxxbridge1$string$len + 2956
5   chromedriver                        0x0000000102c77818 chromedriver + 227352
6   chromedriver                        0x0000000102c7840c chromedriver + 230412
7   chromedriver                        0x0000000102c9c7bc _RNvCs9NA52FrZ4pF_7___rustc35___rust_no_alloc_shim_is_unstable_v2 + 128388
8   chromedriver                        0x0000000102d22268 _RNvCs9NA52FrZ4pF_7___rustc35___rust_no_alloc_shim_is_unstable_v2 + 675888
9   chromedriver                        0x0000000102d17030 _RNvCs9NA52FrZ4pF_7___rustc35___rust_no_alloc_shim_is_unstable_v2 + 630264
10  chromedriver                        0x0000000102ccd434 _RNvCs9NA52FrZ4pF_7___rustc35___rust_no_alloc_shim_is_unstable_v2 + 328188
11  chromedriver                        0x00000001031aac40 cxxbridge1$str$ptr + 2921304
12  chromedriver                        0x00000001031ae3b8 cxxbridge1$str$ptr + 2935504
13  chromedriver                        0x00000001031910f8 cxxbridge1$str$ptr + 2816016
14  chromedriver                        0x00000001031aec4c cxxbridge1$str$ptr + 2937700
15  chromedriver                        0x00000001031823b0 cxxbridge1$str$ptr + 2755272
16  chromedriver                        0x00000001031d41f4 cxxbridge1$str$ptr + 3090700
17  chromedriver                        0x00000001031d4354 cxxbridge1$str$ptr + 3091052
18  chromedriver                        0x00000001031e57a4 cxxbridge1$str$ptr + 3161788
19  libsystem_pthread.dylib             0x0000000199325c08 _pthread_start + 136
20  libsystem_pthread.dylib             0x0000000199320ba8 thread_start + 8


[gw1] [  8%] FAILED tests/admin_portal/customers/test_customers_cars.py::test_cars_settings_tab_accessible_on_existing_customer 2026-07-28 02:39:47,350 ERROR nxtwash: Visible page text at failure:


[gw0] [  9%] FAILED tests/admin_portal/customers/test_customers_dependency.py::test_customer_site_assignment_matches_sites_module 
tests/admin_portal/customers/test_customers_cars.py::test_cars_settings_tab_shows_add_car_button 
tests/admin_portal/customers/test_customers_dependency.py::test_car_rfid_links_to_pos_tunnel_entry 
[gw0] [ 10%] SKIPPED tests/admin_portal/customers/test_customers_dependency.py::test_car_rfid_links_to_pos_tunnel_entry 
tests/admin_portal/customers/test_customers_edit.py::test_edit_customer_name_persists 
[gw1] [ 11%] PASSED tests/admin_portal/customers/test_customers_cars.py::test_cars_settings_tab_shows_add_car_button 
tests/admin_portal/customers/test_customers_cars.py::test_add_car_form_shows_license_plate_field 
[gw0] [ 12%] PASSED tests/admin_portal/customers/test_customers_edit.py::test_edit_customer_name_persists 
[gw0] [ 12%] ERROR tests/admin_portal/customers/test_customers_edit.py::test_edit_customer_name_persists 
tests/admin_portal/customers/test_customers_edit.py::test_edit_assigned_site_persists 
[gw1] [ 13%] PASSED tests/admin_portal/customers/test_customers_cars.py::test_add_car_form_shows_license_plate_field 
tests/admin_portal/customers/test_customers_cars.py::test_add_car_form_shows_rfid_field 
[gw1] [ 15%] PASSED tests/admin_portal/customers/test_customers_cars.py::test_add_car_form_shows_rfid_field 
[gw0] [ 16%] PASSED tests/admin_portal/customers/test_customers_edit.py::test_edit_assigned_site_persists 
tests/admin_portal/customers/test_customers_cars.py::test_add_car_form_shows_vehicle_detail_fields 
tests/admin_portal/customers/test_customers_edit.py::test_edit_form_prepopulates_existing_values 
[gw1] [ 17%] PASSED tests/admin_portal/customers/test_customers_cars.py::test_add_car_form_shows_vehicle_detail_fields 
tests/admin_portal/customers/test_customers_cars.py::test_add_car_form_shows_save_and_cancel_controls 
[gw0] [ 18%] PASSED tests/admin_portal/customers/test_customers_edit.py::test_edit_form_prepopulates_existing_values 
tests/admin_portal/customers/test_customers_edit.py::test_activate_inactive_customer 
[gw1] [ 19%] PASSED tests/admin_portal/customers/test_customers_cars.py::test_add_car_form_shows_save_and_cancel_controls 
tests/admin_portal/customers/test_customers_cars.py::test_license_plate_field_is_present_and_required 
[gw1] [ 20%] XPASS tests/admin_portal/customers/test_customers_cars.py::test_license_plate_field_is_present_and_required 
tests/admin_portal/customers/test_customers_cars.py::test_rfid_field_is_present_and_required 
[gw0] [ 21%] PASSED tests/admin_portal/customers/test_customers_edit.py::test_activate_inactive_customer 
[gw1] [ 22%] XFAIL tests/admin_portal/customers/test_customers_cars.py::test_rfid_field_is_present_and_required 
tests/admin_portal/customers/test_customers_edit.py::test_deactivate_active_customer 
tests/admin_portal/customers/test_customers_cars.py::test_add_car_form_shows_assign_membership_button 
[gw1] [ 23%] SKIPPED tests/admin_portal/customers/test_customers_cars.py::test_add_car_form_shows_assign_membership_button 
tests/admin_portal/customers/test_customers_cars.py::test_cars_list_shows_membership_details 
[gw1] [ 24%] SKIPPED tests/admin_portal/customers/test_customers_cars.py::test_cars_list_shows_membership_details 
tests/admin_portal/customers/test_customers_cars.py::test_blacklist_a_car 
[gw1] [ 25%] SKIPPED tests/admin_portal/customers/test_customers_cars.py::test_blacklist_a_car 
tests/admin_portal/customers/test_customers_payment.py::test_save_card_button_is_present 
[gw1] [ 26%] PASSED tests/admin_portal/customers/test_customers_payment.py::test_save_card_button_is_present 
tests/admin_portal/customers/test_customers_payment.py::test_transaction_history_section_is_present 
[gw0] [ 27%] PASSED tests/admin_portal/customers/test_customers_edit.py::test_deactivate_active_customer 
[gw1] [ 29%] PASSED tests/admin_portal/customers/test_customers_payment.py::test_transaction_history_section_is_present 
tests/admin_portal/customers/test_customers_payment.py::test_transaction_history_filter_controls_are_present 
[gw0] [ 29%] ERROR tests/admin_portal/customers/test_customers_edit.py::test_deactivate_active_customer 
tests/admin_portal/customers/test_customers_edit.py::test_toggle_allow_invoicing_persists 
[gw1] [ 30%] PASSED tests/admin_portal/customers/test_customers_payment.py::test_transaction_history_filter_controls_are_present 
tests/admin_portal/customers/test_customers_payment.py::test_transaction_history_loads_all_time 
[gw1] [ 31%] SKIPPED tests/admin_portal/customers/test_customers_payment.py::test_transaction_history_loads_all_time 
tests/admin_portal/customers/test_customers_payment.py::test_transaction_history_today_filter 
[gw1] [ 32%] SKIPPED tests/admin_portal/customers/test_customers_payment.py::test_transaction_history_today_filter 
tests/admin_portal/customers/test_customers_payment.py::test_transaction_history_select_range_filter 
[gw1] [ 33%] SKIPPED tests/admin_portal/customers/test_customers_payment.py::test_transaction_history_select_range_filter 
tests/admin_portal/customers/test_customers_payment.py::test_transaction_history_export 
[gw1] [ 34%] SKIPPED tests/admin_portal/customers/test_customers_payment.py::test_transaction_history_export 
tests/admin_portal/customers/test_customers_payment.py::test_transaction_details_link_navigates_to_invoice 
[gw1] [ 35%] SKIPPED tests/admin_portal/customers/test_customers_payment.py::test_transaction_details_link_navigates_to_invoice 
tests/admin_portal/customers/test_customers_payment.py::test_transaction_history_pagination_defaults_to_ten 
[gw1] [ 36%] SKIPPED tests/admin_portal/customers/test_customers_payment.py::test_transaction_history_pagination_defaults_to_ten 
tests/admin_portal/customers/test_customers_positive.py::test_create_customer_with_required_fields_only 
[gw0] [ 37%] PASSED tests/admin_portal/customers/test_customers_edit.py::test_toggle_allow_invoicing_persists 2026-07-28 03:16:40,655 ERROR nxtwash: Test FAILED: tests/admin_portal/customers/test_customers_positive.py::test_create_customer_with_required_fields_only (url: about:blank)

tests/admin_portal/customers/test_customers_edit.py::test_toggle_send_text_and_email_persists 
[gw0] [ 38%] SKIPPED tests/admin_portal/customers/test_customers_edit.py::test_toggle_send_text_and_email_persists 
tests/admin_portal/customers/test_customers_edit.py::test_cancel_edit_customer_discards_changes 2026-07-28 03:17:46,232 WARNING nxtwash: Could not capture screenshot 'failure-tests_admin_portal_customers_test_customers_positive.py_test_create_customer_with_required_fields_only': Message: timeout: Timed out receiving message from renderer: 10.000
  (Session info: chrome=150.0.7871.182)
Stacktrace:
0   chromedriver                        0x0000000104c49a84 cxxbridge1$str$ptr + 3195292
1   chromedriver                        0x0000000104c41b4c cxxbridge1$str$ptr + 3162724
2   chromedriver                        0x00000001046eb2a4 _RNvCs9NA52FrZ4pF_7___rustc35___rust_no_alloc_shim_is_unstable_v2 + 73836
3   chromedriver                        0x00000001046d5d20 cxxbridge1$string$len + 3628
4   chromedriver                        0x00000001046d5a80 cxxbridge1$string$len + 2956
5   chromedriver                        0x00000001046d3818 chromedriver + 227352
6   chromedriver                        0x00000001046d440c chromedriver + 230412
7   chromedriver                        0x00000001046f87bc _RNvCs9NA52FrZ4pF_7___rustc35___rust_no_alloc_shim_is_unstable_v2 + 128388
8   chromedriver                        0x000000010477e268 _RNvCs9NA52FrZ4pF_7___rustc35___rust_no_alloc_shim_is_unstable_v2 + 675888
9   chromedriver                        0x0000000104773030 _RNvCs9NA52FrZ4pF_7___rustc35___rust_no_alloc_shim_is_unstable_v2 + 630264
10  chromedriver                        0x0000000104729434 _RNvCs9NA52FrZ4pF_7___rustc35___rust_no_alloc_shim_is_unstable_v2 + 328188
11  chromedriver                        0x0000000104c06c40 cxxbridge1$str$ptr + 2921304
12  chromedriver                        0x0000000104c0a3b8 cxxbridge1$str$ptr + 2935504
13  chromedriver                        0x0000000104bed0f8 cxxbridge1$str$ptr + 2816016
14  chromedriver                        0x0000000104c0ac4c cxxbridge1$str$ptr + 2937700
15  chromedriver                        0x0000000104bde3b0 cxxbridge1$str$ptr + 2755272
16  chromedriver                        0x0000000104c301f4 cxxbridge1$str$ptr + 3090700
17  chromedriver                        0x0000000104c30354 cxxbridge1$str$ptr + 3091052
18  chromedriver                        0x0000000104c417a4 cxxbridge1$str$ptr + 3161788
19  libsystem_pthread.dylib             0x0000000199325c08 _pthread_start + 136
20  libsystem_pthread.dylib             0x0000000199320ba8 thread_start + 8

2026-07-28 03:17:49,501 ERROR nxtwash: Visible page text at failure:


[gw1] [ 39%] FAILED tests/admin_portal/customers/test_customers_positive.py::test_create_customer_with_required_fields_only 
tests/admin_portal/customers/test_customers_positive.py::test_create_customer_with_all_optional_fields 
[gw0] [ 40%] PASSED tests/admin_portal/customers/test_customers_edit.py::test_cancel_edit_customer_discards_changes 
[gw1] [ 41%] PASSED tests/admin_portal/customers/test_customers_positive.py::test_create_customer_with_all_optional_fields 
tests/admin_portal/customers/test_customers_positive.py::test_date_of_birth_calendar_picker_selects_past_date 
tests/admin_portal/customers/test_customers_edit.py::test_edit_then_refresh_changes_persist 
[gw1] [ 43%] PASSED tests/admin_portal/customers/test_customers_positive.py::test_date_of_birth_calendar_picker_selects_past_date 
tests/admin_portal/customers/test_customers_positive.py::test_assign_to_site_dropdown_lists_available_sites 
[gw1] [ 44%] PASSED tests/admin_portal/customers/test_customers_positive.py::test_assign_to_site_dropdown_lists_available_sites 
tests/admin_portal/customers/test_customers_positive.py::test_state_dropdown_populates_cities_on_selection 
[gw1] [ 45%] PASSED tests/admin_portal/customers/test_customers_positive.py::test_state_dropdown_populates_cities_on_selection 
tests/admin_portal/customers/test_customers_positive.py::test_city_dropdown_empty_without_state 
[gw0] [ 46%] PASSED tests/admin_portal/customers/test_customers_edit.py::test_edit_then_refresh_changes_persist 
tests/admin_portal/customers/test_customers_export.py::test_export_button_triggers_customer_list_download 
[gw0] [ 47%] SKIPPED tests/admin_portal/customers/test_customers_export.py::test_export_button_triggers_customer_list_download 
tests/admin_portal/customers/test_customers_payment.py::test_payment_settings_tab_accessible_on_existing_customer 2026-07-28 03:28:19,992 ERROR nxtwash: Test FAILED: tests/admin_portal/customers/test_customers_positive.py::test_city_dropdown_empty_without_state (url: about:blank)
2026-07-28 03:29:23,904 WARNING nxtwash: Could not capture screenshot 'failure-tests_admin_portal_customers_test_customers_positive.py_test_city_dropdown_empty_without_state': Message: timeout: Timed out receiving message from renderer: 10.000
  (Session info: chrome=150.0.7871.182)
Stacktrace:
0   chromedriver                        0x0000000102db1a84 cxxbridge1$str$ptr + 3195292
1   chromedriver                        0x0000000102da9b4c cxxbridge1$str$ptr + 3162724
2   chromedriver                        0x00000001028532a4 _RNvCs9NA52FrZ4pF_7___rustc35___rust_no_alloc_shim_is_unstable_v2 + 73836
3   chromedriver                        0x000000010283dd20 cxxbridge1$string$len + 3628
4   chromedriver                        0x000000010283da80 cxxbridge1$string$len + 2956
5   chromedriver                        0x000000010283b818 chromedriver + 227352
6   chromedriver                        0x000000010283c40c chromedriver + 230412
7   chromedriver                        0x00000001028607bc _RNvCs9NA52FrZ4pF_7___rustc35___rust_no_alloc_shim_is_unstable_v2 + 128388
8   chromedriver                        0x00000001028e6268 _RNvCs9NA52FrZ4pF_7___rustc35___rust_no_alloc_shim_is_unstable_v2 + 675888
9   chromedriver                        0x00000001028db030 _RNvCs9NA52FrZ4pF_7___rustc35___rust_no_alloc_shim_is_unstable_v2 + 630264
10  chromedriver                        0x0000000102891434 _RNvCs9NA52FrZ4pF_7___rustc35___rust_no_alloc_shim_is_unstable_v2 + 328188
11  chromedriver                        0x0000000102d6ec40 cxxbridge1$str$ptr + 2921304
12  chromedriver                        0x0000000102d723b8 cxxbridge1$str$ptr + 2935504
13  chromedriver                        0x0000000102d550f8 cxxbridge1$str$ptr + 2816016
14  chromedriver                        0x0000000102d72c4c cxxbridge1$str$ptr + 2937700
15  chromedriver                        0x0000000102d463b0 cxxbridge1$str$ptr + 2755272
16  chromedriver                        0x0000000102d981f4 cxxbridge1$str$ptr + 3090700
17  chromedriver                        0x0000000102d98354 cxxbridge1$str$ptr + 3091052
18  chromedriver                        0x0000000102da97a4 cxxbridge1$str$ptr + 3161788
19  libsystem_pthread.dylib             0x0000000199325c08 _pthread_start + 136
20  libsystem_pthread.dylib             0x0000000199320ba8 thread_start + 8

2026-07-28 03:29:28,468 ERROR nxtwash: Visible page text at failure:


[gw1] [ 48%] FAILED tests/admin_portal/customers/test_customers_positive.py::test_city_dropdown_empty_without_state 
tests/admin_portal/customers/test_customers_positive.py::test_create_inactive_customer 2026-07-28 03:30:02,459 ERROR nxtwash: Test FAILED: tests/admin_portal/customers/test_customers_payment.py::test_payment_settings_tab_accessible_on_existing_customer (url: about:blank)
2026-07-28 03:31:08,752 WARNING nxtwash: Could not capture screenshot 'failure-tests_admin_portal_customers_test_customers_payment.py_test_payment_settings_tab_accessible_on_existing_customer': Message: timeout: Timed out receiving message from renderer: 10.000
  (Session info: chrome=150.0.7871.182)
Stacktrace:
0   chromedriver                        0x0000000100d9da84 cxxbridge1$str$ptr + 3195292
1   chromedriver                        0x0000000100d95b4c cxxbridge1$str$ptr + 3162724
2   chromedriver                        0x000000010083f2a4 _RNvCs9NA52FrZ4pF_7___rustc35___rust_no_alloc_shim_is_unstable_v2 + 73836
3   chromedriver                        0x0000000100829d20 cxxbridge1$string$len + 3628
4   chromedriver                        0x0000000100829a80 cxxbridge1$string$len + 2956
5   chromedriver                        0x0000000100827818 chromedriver + 227352
6   chromedriver                        0x000000010082840c chromedriver + 230412
7   chromedriver                        0x000000010084c7bc _RNvCs9NA52FrZ4pF_7___rustc35___rust_no_alloc_shim_is_unstable_v2 + 128388
8   chromedriver                        0x00000001008d2268 _RNvCs9NA52FrZ4pF_7___rustc35___rust_no_alloc_shim_is_unstable_v2 + 675888
9   chromedriver                        0x00000001008c7030 _RNvCs9NA52FrZ4pF_7___rustc35___rust_no_alloc_shim_is_unstable_v2 + 630264
10  chromedriver                        0x000000010087d434 _RNvCs9NA52FrZ4pF_7___rustc35___rust_no_alloc_shim_is_unstable_v2 + 328188
11  chromedriver                        0x0000000100d5ac40 cxxbridge1$str$ptr + 2921304
12  chromedriver                        0x0000000100d5e3b8 cxxbridge1$str$ptr + 2935504
13  chromedriver                        0x0000000100d410f8 cxxbridge1$str$ptr + 2816016
14  chromedriver                        0x0000000100d5ec4c cxxbridge1$str$ptr + 2937700
15  chromedriver                        0x0000000100d323b0 cxxbridge1$str$ptr + 2755272
16  chromedriver                        0x0000000100d841f4 cxxbridge1$str$ptr + 3090700
17  chromedriver                        0x0000000100d84354 cxxbridge1$str$ptr + 3091052
18  chromedriver                        0x0000000100d957a4 cxxbridge1$str$ptr + 3161788
19  libsystem_pthread.dylib             0x0000000199325c08 _pthread_start + 136
20  libsystem_pthread.dylib             0x0000000199320ba8 thread_start + 8

2026-07-28 03:31:22,499 ERROR nxtwash: Visible page text at failure:


[gw0] [ 49%] FAILED tests/admin_portal/customers/test_customers_payment.py::test_payment_settings_tab_accessible_on_existing_customer 
tests/admin_portal/customers/test_customers_payment.py::test_credit_card_section_is_visible 
[gw1] [ 50%] PASSED tests/admin_portal/customers/test_customers_positive.py::test_create_inactive_customer 
tests/admin_portal/customers/test_customers_positive.py::test_cars_and_payment_tabs_disabled_for_new_customer 
[gw0] [ 51%] PASSED tests/admin_portal/customers/test_customers_payment.py::test_credit_card_section_is_visible 
tests/admin_portal/customers/test_customers_search_filter.py::test_search_by_partial_license_plate 
[gw1] [ 52%] PASSED tests/admin_portal/customers/test_customers_positive.py::test_cars_and_payment_tabs_disabled_for_new_customer 
tests/admin_portal/customers/test_customers_positive.py::test_cancel_add_customer_returns_to_list 2026-07-28 03:36:11,726 ERROR nxtwash: Test FAILED: tests/admin_portal/customers/test_customers_search_filter.py::test_search_by_partial_license_plate (url: about:blank)
2026-07-28 03:37:04,475 ERROR nxtwash: Test FAILED: tests/admin_portal/customers/test_customers_positive.py::test_cancel_add_customer_returns_to_list (url: about:blank)
2026-07-28 03:37:16,827 WARNING nxtwash: Could not capture screenshot 'failure-tests_admin_portal_customers_test_customers_search_filter.py_test_search_by_partial_license_plate': Message: timeout: Timed out receiving message from renderer: 10.000
  (Session info: chrome=150.0.7871.182)
Stacktrace:
0   chromedriver                        0x0000000101455a84 cxxbridge1$str$ptr + 3195292
1   chromedriver                        0x000000010144db4c cxxbridge1$str$ptr + 3162724
2   chromedriver                        0x0000000100ef72a4 _RNvCs9NA52FrZ4pF_7___rustc35___rust_no_alloc_shim_is_unstable_v2 + 73836
3   chromedriver                        0x0000000100ee1d20 cxxbridge1$string$len + 3628
4   chromedriver                        0x0000000100ee1a80 cxxbridge1$string$len + 2956
5   chromedriver                        0x0000000100edf818 chromedriver + 227352
6   chromedriver                        0x0000000100ee040c chromedriver + 230412
7   chromedriver                        0x0000000100f047bc _RNvCs9NA52FrZ4pF_7___rustc35___rust_no_alloc_shim_is_unstable_v2 + 128388
8   chromedriver                        0x0000000100f8a268 _RNvCs9NA52FrZ4pF_7___rustc35___rust_no_alloc_shim_is_unstable_v2 + 675888
9   chromedriver                        0x0000000100f7f030 _RNvCs9NA52FrZ4pF_7___rustc35___rust_no_alloc_shim_is_unstable_v2 + 630264
10  chromedriver                        0x0000000100f35434 _RNvCs9NA52FrZ4pF_7___rustc35___rust_no_alloc_shim_is_unstable_v2 + 328188
11  chromedriver                        0x0000000101412c40 cxxbridge1$str$ptr + 2921304
12  chromedriver                        0x00000001014163b8 cxxbridge1$str$ptr + 2935504
13  chromedriver                        0x00000001013f90f8 cxxbridge1$str$ptr + 2816016
14  chromedriver                        0x0000000101416c4c cxxbridge1$str$ptr + 2937700
15  chromedriver                        0x00000001013ea3b0 cxxbridge1$str$ptr + 2755272
16  chromedriver                        0x000000010143c1f4 cxxbridge1$str$ptr + 3090700
17  chromedriver                        0x000000010143c354 cxxbridge1$str$ptr + 3091052
18  chromedriver                        0x000000010144d7a4 cxxbridge1$str$ptr + 3161788
19  libsystem_pthread.dylib             0x0000000199325c08 _pthread_start + 136
20  libsystem_pthread.dylib             0x0000000199320ba8 thread_start + 8

2026-07-28 03:37:27,908 ERROR nxtwash: Visible page text at failure:


[gw0] [ 53%] FAILED tests/admin_portal/customers/test_customers_search_filter.py::test_search_by_partial_license_plate 
tests/admin_portal/customers/test_customers_search_filter.py::test_search_by_exact_phone_number 2026-07-28 03:38:09,150 WARNING nxtwash: Could not capture screenshot 'failure-tests_admin_portal_customers_test_customers_positive.py_test_cancel_add_customer_returns_to_list': Message: timeout: Timed out receiving message from renderer: 10.000
  (Session info: chrome=150.0.7871.182)
Stacktrace:
0   chromedriver                        0x0000000103429a84 cxxbridge1$str$ptr + 3195292
1   chromedriver                        0x0000000103421b4c cxxbridge1$str$ptr + 3162724
2   chromedriver                        0x0000000102ecb2a4 _RNvCs9NA52FrZ4pF_7___rustc35___rust_no_alloc_shim_is_unstable_v2 + 73836
3   chromedriver                        0x0000000102eb5d20 cxxbridge1$string$len + 3628
4   chromedriver                        0x0000000102eb5a80 cxxbridge1$string$len + 2956
5   chromedriver                        0x0000000102eb3818 chromedriver + 227352
6   chromedriver                        0x0000000102eb440c chromedriver + 230412
7   chromedriver                        0x0000000102ed87bc _RNvCs9NA52FrZ4pF_7___rustc35___rust_no_alloc_shim_is_unstable_v2 + 128388
8   chromedriver                        0x0000000102f5e268 _RNvCs9NA52FrZ4pF_7___rustc35___rust_no_alloc_shim_is_unstable_v2 + 675888
9   chromedriver                        0x0000000102f53030 _RNvCs9NA52FrZ4pF_7___rustc35___rust_no_alloc_shim_is_unstable_v2 + 630264
10  chromedriver                        0x0000000102f09434 _RNvCs9NA52FrZ4pF_7___rustc35___rust_no_alloc_shim_is_unstable_v2 + 328188
11  chromedriver                        0x00000001033e6c40 cxxbridge1$str$ptr + 2921304
12  chromedriver                        0x00000001033ea3b8 cxxbridge1$str$ptr + 2935504
13  chromedriver                        0x00000001033cd0f8 cxxbridge1$str$ptr + 2816016
14  chromedriver                        0x00000001033eac4c cxxbridge1$str$ptr + 2937700
15  chromedriver                        0x00000001033be3b0 cxxbridge1$str$ptr + 2755272
16  chromedriver                        0x00000001034101f4 cxxbridge1$str$ptr + 3090700
17  chromedriver                        0x0000000103410354 cxxbridge1$str$ptr + 3091052
18  chromedriver                        0x00000001034217a4 cxxbridge1$str$ptr + 3161788
19  libsystem_pthread.dylib             0x0000000199325c08 _pthread_start + 136
20  libsystem_pthread.dylib             0x0000000199320ba8 thread_start + 8

2026-07-28 03:38:09,737 ERROR nxtwash: Visible page text at failure:


[gw1] [ 54%] FAILED tests/admin_portal/customers/test_customers_positive.py::test_cancel_add_customer_returns_to_list 
tests/admin_portal/customers/test_customers_positive.py::test_create_then_refresh_data_persists 
[gw0] [ 55%] PASSED tests/admin_portal/customers/test_customers_search_filter.py::test_search_by_exact_phone_number 
[gw1] [ 56%] PASSED tests/admin_portal/customers/test_customers_positive.py::test_create_then_refresh_data_persists 
tests/admin_portal/customers/test_customers_search_filter.py::test_search_by_exact_license_plate 
tests/admin_portal/customers/test_customers_search_filter.py::test_search_by_partial_phone_number 
[gw1] [ 58%] PASSED tests/admin_portal/customers/test_customers_search_filter.py::test_search_by_exact_license_plate 
tests/admin_portal/customers/test_customers_search_filter.py::test_filter_by_last_name 
[gw1] [ 59%] SKIPPED tests/admin_portal/customers/test_customers_search_filter.py::test_filter_by_last_name 
tests/admin_portal/customers/test_customers_search_filter.py::test_filter_by_email 
[gw1] [ 60%] SKIPPED tests/admin_portal/customers/test_customers_search_filter.py::test_filter_by_email 
tests/admin_portal/customers/test_customers_search_filter.py::test_filter_by_rfid 
[gw1] [ 61%] SKIPPED tests/admin_portal/customers/test_customers_search_filter.py::test_filter_by_rfid 
tests/admin_portal/customers/test_customers_search_filter.py::test_filter_by_site 
[gw0] [ 62%] PASSED tests/admin_portal/customers/test_customers_search_filter.py::test_search_by_partial_phone_number 
tests/admin_portal/customers/test_customers_search_filter.py::test_license_plate_and_phone_searches_are_independent 
[gw1] [ 63%] XFAIL tests/admin_portal/customers/test_customers_search_filter.py::test_filter_by_site 
[gw0] [ 64%] PASSED tests/admin_portal/customers/test_customers_search_filter.py::test_license_plate_and_phone_searches_are_independent 
tests/admin_portal/customers/test_customers_search_filter.py::test_filter_by_membership 
[gw1] [ 65%] SKIPPED tests/admin_portal/customers/test_customers_search_filter.py::test_filter_by_membership 
tests/admin_portal/customers/test_customers_search_filter.py::test_filter_by_signup_date_range 
tests/admin_portal/customers/test_customers_search_filter.py::test_nonmatching_search_returns_empty_state 
[gw0] [ 66%] PASSED tests/admin_portal/customers/test_customers_search_filter.py::test_nonmatching_search_returns_empty_state 
tests/admin_portal/customers/test_customers_search_filter.py::test_filter_panel_opens_with_all_fields_visible 
[gw1] [ 67%] PASSED tests/admin_portal/customers/test_customers_search_filter.py::test_filter_by_signup_date_range 
tests/admin_portal/customers/test_customers_search_filter.py::test_filter_by_next_payment_date_range 
[gw1] [ 68%] SKIPPED tests/admin_portal/customers/test_customers_search_filter.py::test_filter_by_next_payment_date_range 
tests/admin_portal/customers/test_customers_search_filter.py::test_filter_by_cc_number 
[gw1] [ 69%] SKIPPED tests/admin_portal/customers/test_customers_search_filter.py::test_filter_by_cc_number 
tests/admin_portal/customers/test_customers_search_filter.py::test_filter_by_cc_type 
[gw1] [ 70%] SKIPPED tests/admin_portal/customers/test_customers_search_filter.py::test_filter_by_cc_type 
tests/admin_portal/customers/test_customers_search_filter.py::test_filter_by_number_of_cars_range 
[gw1] [ 72%] SKIPPED tests/admin_portal/customers/test_customers_search_filter.py::test_filter_by_number_of_cars_range 
tests/admin_portal/customers/test_customers_search_filter.py::test_filter_by_allow_invoicing_yes 
[gw0] [ 73%] PASSED tests/admin_portal/customers/test_customers_search_filter.py::test_filter_panel_opens_with_all_fields_visible 
[gw1] [ 74%] PASSED tests/admin_portal/customers/test_customers_search_filter.py::test_filter_by_allow_invoicing_yes 
tests/admin_portal/customers/test_customers_search_filter.py::test_filter_by_card_on_file 
tests/admin_portal/customers/test_customers_search_filter.py::test_active_accounts_toggle_is_on_by_default 
[gw0] [ 75%] PASSED tests/admin_portal/customers/test_customers_search_filter.py::test_active_accounts_toggle_is_on_by_default 
[gw1] [ 76%] PASSED tests/admin_portal/customers/test_customers_search_filter.py::test_filter_by_card_on_file 
tests/admin_portal/customers/test_customers_search_filter.py::test_filter_by_recurring_yes 
tests/admin_portal/customers/test_customers_search_filter.py::test_filter_result_count_updates_before_applying 
[gw1] [ 77%] SKIPPED tests/admin_portal/customers/test_customers_search_filter.py::test_filter_by_recurring_yes 
[gw0] [ 78%] SKIPPED tests/admin_portal/customers/test_customers_search_filter.py::test_filter_result_count_updates_before_applying 
tests/admin_portal/customers/test_customers_search_filter.py::test_filter_by_prepaid_yes 
[gw1] [ 79%] SKIPPED tests/admin_portal/customers/test_customers_search_filter.py::test_filter_by_prepaid_yes 
tests/admin_portal/customers/test_customers_search_filter.py::test_filter_by_canceled_yes 
[gw1] [ 80%] SKIPPED tests/admin_portal/customers/test_customers_search_filter.py::test_filter_by_canceled_yes 
tests/admin_portal/customers/test_customers_search_filter.py::test_signup_date_from_after_to_documents_behaviour 
tests/admin_portal/customers/test_customers_search_filter.py::test_filter_by_first_name 
[gw0] [ 81%] SKIPPED tests/admin_portal/customers/test_customers_search_filter.py::test_filter_by_first_name 
tests/admin_portal/customers/test_customers_search_filter.py::test_filter_by_declined_yes 
[gw0] [ 82%] PASSED tests/admin_portal/customers/test_customers_search_filter.py::test_filter_by_declined_yes 
tests/admin_portal/customers/test_customers_search_filter.py::test_all_boolean_dropdowns_default_to_all 
[gw1] [ 83%] PASSED tests/admin_portal/customers/test_customers_search_filter.py::test_signup_date_from_after_to_documents_behaviour 
tests/admin_portal/customers/test_customers_search_filter.py::test_reset_all_clears_filter_fields 
[gw0] [ 84%] PASSED tests/admin_portal/customers/test_customers_search_filter.py::test_all_boolean_dropdowns_default_to_all 
tests/admin_portal/customers/test_customers_search_filter.py::test_multiple_filters_combined_narrow_results 
[gw1] [ 86%] PASSED tests/admin_portal/customers/test_customers_search_filter.py::test_reset_all_clears_filter_fields 
tests/admin_portal/customers/test_customers_ui.py::test_customers_page_loads_with_primary_controls 
[gw1] [ 87%] PASSED tests/admin_portal/customers/test_customers_ui.py::test_customers_page_loads_with_primary_controls 
tests/admin_portal/customers/test_customers_ui.py::test_grid_membership_status_column_visible 
[gw1] [ 88%] SKIPPED tests/admin_portal/customers/test_customers_ui.py::test_grid_membership_status_column_visible 
tests/admin_portal/customers/test_customers_ui.py::test_add_customer_form_loads_with_required_controls 
[gw0] [ 89%] XFAIL tests/admin_portal/customers/test_customers_search_filter.py::test_multiple_filters_combined_narrow_results 
tests/admin_portal/customers/test_customers_ui.py::test_pagination_and_results_per_page_visible 
[gw1] [ 90%] PASSED tests/admin_portal/customers/test_customers_ui.py::test_add_customer_form_loads_with_required_controls 
[gw0] [ 91%] PASSED tests/admin_portal/customers/test_customers_ui.py::test_pagination_and_results_per_page_visible 
tests/admin_portal/customers/test_customers_validation.py::test_blank_last_name_blocked_on_save 
tests/admin_portal/customers/test_customers_validation.py::test_blank_first_name_blocked_on_save 
[gw0] [ 92%] PASSED tests/admin_portal/customers/test_customers_validation.py::test_blank_last_name_blocked_on_save 
[gw1] [ 93%] PASSED tests/admin_portal/customers/test_customers_validation.py::test_blank_first_name_blocked_on_save 
tests/admin_portal/customers/test_customers_validation.py::test_blank_site_assignment_blocked_on_save 
tests/admin_portal/customers/test_customers_validation.py::test_invalid_email_format_documents_behaviour 2026-07-28 04:03:38,755 ERROR nxtwash: Test FAILED: tests/admin_portal/customers/test_customers_validation.py::test_invalid_email_format_documents_behaviour (url: about:blank)
2026-07-28 04:03:51,196 ERROR nxtwash: Test FAILED: tests/admin_portal/customers/test_customers_validation.py::test_blank_site_assignment_blocked_on_save (url: about:blank)
2026-07-28 04:04:44,654 WARNING nxtwash: Could not capture screenshot 'failure-tests_admin_portal_customers_test_customers_validation.py_test_invalid_email_format_documents_behaviour': Message: timeout: Timed out receiving message from renderer: 10.000
  (Session info: chrome=150.0.7871.182)
Stacktrace:
0   chromedriver                        0x0000000101045a84 cxxbridge1$str$ptr + 3195292
1   chromedriver                        0x000000010103db4c cxxbridge1$str$ptr + 3162724
2   chromedriver                        0x0000000100ae72a4 _RNvCs9NA52FrZ4pF_7___rustc35___rust_no_alloc_shim_is_unstable_v2 + 73836
3   chromedriver                        0x0000000100ad1d20 cxxbridge1$string$len + 3628
4   chromedriver                        0x0000000100ad1a80 cxxbridge1$string$len + 2956
5   chromedriver                        0x0000000100acf818 chromedriver + 227352
6   chromedriver                        0x0000000100ad040c chromedriver + 230412
7   chromedriver                        0x0000000100af47bc _RNvCs9NA52FrZ4pF_7___rustc35___rust_no_alloc_shim_is_unstable_v2 + 128388
8   chromedriver                        0x0000000100b7a268 _RNvCs9NA52FrZ4pF_7___rustc35___rust_no_alloc_shim_is_unstable_v2 + 675888
9   chromedriver                        0x0000000100b6f030 _RNvCs9NA52FrZ4pF_7___rustc35___rust_no_alloc_shim_is_unstable_v2 + 630264
10  chromedriver                        0x0000000100b25434 _RNvCs9NA52FrZ4pF_7___rustc35___rust_no_alloc_shim_is_unstable_v2 + 328188
11  chromedriver                        0x0000000101002c40 cxxbridge1$str$ptr + 2921304
12  chromedriver                        0x00000001010063b8 cxxbridge1$str$ptr + 2935504
13  chromedriver                        0x0000000100fe90f8 cxxbridge1$str$ptr + 2816016
14  chromedriver                        0x0000000101006c4c cxxbridge1$str$ptr + 2937700
15  chromedriver                        0x0000000100fda3b0 cxxbridge1$str$ptr + 2755272
16  chromedriver                        0x000000010102c1f4 cxxbridge1$str$ptr + 3090700
17  chromedriver                        0x000000010102c354 cxxbridge1$str$ptr + 3091052
18  chromedriver                        0x000000010103d7a4 cxxbridge1$str$ptr + 3161788
19  libsystem_pthread.dylib             0x0000000199325c08 _pthread_start + 136
20  libsystem_pthread.dylib             0x0000000199320ba8 thread_start + 8

2026-07-28 04:04:46,008 ERROR nxtwash: Visible page text at failure:


[gw1] [ 94%] FAILED tests/admin_portal/customers/test_customers_validation.py::test_invalid_email_format_documents_behaviour 
tests/admin_portal/customers/test_customers_validation.py::test_duplicate_email_documents_behaviour 2026-07-28 04:04:54,546 WARNING nxtwash: Could not capture screenshot 'failure-tests_admin_portal_customers_test_customers_validation.py_test_blank_site_assignment_blocked_on_save': Message: timeout: Timed out receiving message from renderer: 10.000
  (Session info: chrome=150.0.7871.182)
Stacktrace:
0   chromedriver                        0x0000000101579a84 cxxbridge1$str$ptr + 3195292
1   chromedriver                        0x0000000101571b4c cxxbridge1$str$ptr + 3162724
2   chromedriver                        0x000000010101b2a4 _RNvCs9NA52FrZ4pF_7___rustc35___rust_no_alloc_shim_is_unstable_v2 + 73836
3   chromedriver                        0x0000000101005d20 cxxbridge1$string$len + 3628
4   chromedriver                        0x0000000101005a80 cxxbridge1$string$len + 2956
5   chromedriver                        0x0000000101003818 chromedriver + 227352
6   chromedriver                        0x000000010100440c chromedriver + 230412
7   chromedriver                        0x00000001010287bc _RNvCs9NA52FrZ4pF_7___rustc35___rust_no_alloc_shim_is_unstable_v2 + 128388
8   chromedriver                        0x00000001010ae268 _RNvCs9NA52FrZ4pF_7___rustc35___rust_no_alloc_shim_is_unstable_v2 + 675888
9   chromedriver                        0x00000001010a3030 _RNvCs9NA52FrZ4pF_7___rustc35___rust_no_alloc_shim_is_unstable_v2 + 630264
10  chromedriver                        0x0000000101059434 _RNvCs9NA52FrZ4pF_7___rustc35___rust_no_alloc_shim_is_unstable_v2 + 328188
11  chromedriver                        0x0000000101536c40 cxxbridge1$str$ptr + 2921304
12  chromedriver                        0x000000010153a3b8 cxxbridge1$str$ptr + 2935504
13  chromedriver                        0x000000010151d0f8 cxxbridge1$str$ptr + 2816016
14  chromedriver                        0x000000010153ac4c cxxbridge1$str$ptr + 2937700
15  chromedriver                        0x000000010150e3b0 cxxbridge1$str$ptr + 2755272
16  chromedriver                        0x00000001015601f4 cxxbridge1$str$ptr + 3090700
17  chromedriver                        0x0000000101560354 cxxbridge1$str$ptr + 3091052
18  chromedriver                        0x00000001015717a4 cxxbridge1$str$ptr + 3161788
19  libsystem_pthread.dylib             0x0000000199325c08 _pthread_start + 136
20  libsystem_pthread.dylib             0x0000000199320ba8 thread_start + 8

2026-07-28 04:04:57,538 ERROR nxtwash: Visible page text at failure:


[gw0] [ 95%] FAILED tests/admin_portal/customers/test_customers_validation.py::test_blank_site_assignment_blocked_on_save 
tests/admin_portal/customers/test_customers_validation.py::test_dob_in_future_documents_behaviour 
[gw0] [ 96%] PASSED tests/admin_portal/customers/test_customers_validation.py::test_dob_in_future_documents_behaviour 
tests/admin_portal/customers/test_customers_validation.py::test_blank_form_stays_on_create_page 
[gw1] [ 97%] PASSED tests/admin_portal/customers/test_customers_validation.py::test_duplicate_email_documents_behaviour 
tests/admin_portal/customers/test_customers_validation.py::test_negative_loyalty_points_documents_behaviour 
[gw1] [ 98%] SKIPPED tests/admin_portal/customers/test_customers_validation.py::test_negative_loyalty_points_documents_behaviour 
[gw0] [100%] PASSED tests/admin_portal/customers/test_customers_validation.py::test_blank_form_stays_on_create_page 

==================================== ERRORS ====================================
____________ ERROR at teardown of test_edit_customer_name_persists _____________
[gw0] darwin -- Python 3.11.2 /Users/vk/Documents/NxtWash Automation/nxtwash-automation/venv/bin/python3.11
venv/lib/python3.11/site-packages/allure_commons/_allure.py:274: in __call__
    return self._fixture_function(*args, **kwargs)
           ^^^^^^^^^^^^^^^^^^^^^^^^^^^^^^^^^^^^^^^
tests/admin_portal/customers/conftest.py:223: in managed_customer
    create_customer_if_missing(browser)
tests/admin_portal/customers/conftest.py:164: in create_customer_if_missing
    page = open_customers_page(browser)
           ^^^^^^^^^^^^^^^^^^^^^^^^^^^^
tests/admin_portal/customers/conftest.py:59: in open_customers_page
    open_admin_path(browser, "/customers")
tests/admin_portal/admin_session.py:100: in open_admin_path
    ensure_admin_logged_in(browser)
tests/admin_portal/admin_session.py:67: in ensure_admin_logged_in
    if not _bounced_to_login(browser):
           ^^^^^^^^^^^^^^^^^^^^^^^^^^
tests/admin_portal/admin_session.py:34: in _bounced_to_login
    WebDriverWait(browser, timeout).until(
venv/lib/python3.11/site-packages/selenium/webdriver/support/wait.py:112: in until
    value = method(self._driver)
            ^^^^^^^^^^^^^^^^^^^^
tests/admin_portal/admin_session.py:35: in <lambda>
    lambda driver: "/login" in driver.current_url
                               ^^^^^^^^^^^^^^^^^^
venv/lib/python3.11/site-packages/selenium/webdriver/remote/webdriver.py:602: in current_url
    return self.execute(Command.GET_CURRENT_URL)["value"]
           ^^^^^^^^^^^^^^^^^^^^^^^^^^^^^^^^^^^^^
venv/lib/python3.11/site-packages/selenium/webdriver/remote/webdriver.py:465: in execute
    response = cast(RemoteConnection, self.command_executor).execute(driver_command, params)
               ^^^^^^^^^^^^^^^^^^^^^^^^^^^^^^^^^^^^^^^^^^^^^^^^^^^^^^^^^^^^^^^^^^^^^^^^^^^^^
venv/lib/python3.11/site-packages/selenium/webdriver/remote/remote_connection.py:407: in execute
    return self._request(command_info[0], url, body=data)
           ^^^^^^^^^^^^^^^^^^^^^^^^^^^^^^^^^^^^^^^^^^^^^^
venv/lib/python3.11/site-packages/selenium/webdriver/remote/remote_connection.py:431: in _request
    response = self._conn.request(method, url, body=body, headers=headers, timeout=self._client_config.timeout)
               ^^^^^^^^^^^^^^^^^^^^^^^^^^^^^^^^^^^^^^^^^^^^^^^^^^^^^^^^^^^^^^^^^^^^^^^^^^^^^^^^^^^^^^^^^^^^^^^^
venv/lib/python3.11/site-packages/urllib3/_request_methods.py:135: in request
    return self.request_encode_url(
venv/lib/python3.11/site-packages/urllib3/_request_methods.py:182: in request_encode_url
    return self.urlopen(method, url, **extra_kw)
           ^^^^^^^^^^^^^^^^^^^^^^^^^^^^^^^^^^^^^
venv/lib/python3.11/site-packages/urllib3/poolmanager.py:457: in urlopen
    response = conn.urlopen(method, u.request_uri, **kw)
               ^^^^^^^^^^^^^^^^^^^^^^^^^^^^^^^^^^^^^^^^^
venv/lib/python3.11/site-packages/urllib3/connectionpool.py:788: in urlopen
    response = self._make_request(
venv/lib/python3.11/site-packages/urllib3/connectionpool.py:534: in _make_request
    response = conn.getresponse()
               ^^^^^^^^^^^^^^^^^^
venv/lib/python3.11/site-packages/urllib3/connection.py:571: in getresponse
    httplib_response = super().getresponse()
                       ^^^^^^^^^^^^^^^^^^^^^
/Library/Frameworks/Python.framework/Versions/3.11/lib/python3.11/http/client.py:1374: in getresponse
    response.begin()
/Library/Frameworks/Python.framework/Versions/3.11/lib/python3.11/http/client.py:318: in begin
    version, status, reason = self._read_status()
                              ^^^^^^^^^^^^^^^^^^^
/Library/Frameworks/Python.framework/Versions/3.11/lib/python3.11/http/client.py:279: in _read_status
    line = str(self.fp.readline(_MAXLINE + 1), "iso-8859-1")
               ^^^^^^^^^^^^^^^^^^^^^^^^^^^^^^
/Library/Frameworks/Python.framework/Versions/3.11/lib/python3.11/socket.py:706: in readinto
    return self._sock.recv_into(b)
           ^^^^^^^^^^^^^^^^^^^^^^^
E   Failed: Timeout (>420.0s) from pytest-timeout.
--------------------------- Captured stdout teardown ---------------------------
~~~~~~~~~~~~~~~~~~~~~~~ Stack of <unknown> (6142996480) ~~~~~~~~~~~~~~~~~~~~~~~~
  File "/Users/vk/Documents/NxtWash Automation/nxtwash-automation/venv/lib/python3.11/site-packages/execnet/gateway_base.py", line 411, in _perform_spawn
    reply.run()
  File "/Users/vk/Documents/NxtWash Automation/nxtwash-automation/venv/lib/python3.11/site-packages/execnet/gateway_base.py", line 341, in run
    self._result = func(*args, **kwargs)
  File "/Users/vk/Documents/NxtWash Automation/nxtwash-automation/venv/lib/python3.11/site-packages/execnet/gateway_base.py", line 1160, in _thread_receiver
    msg = Message.from_io(io)
  File "/Users/vk/Documents/NxtWash Automation/nxtwash-automation/venv/lib/python3.11/site-packages/execnet/gateway_base.py", line 567, in from_io
    header = io.read(9)  # type 1, channel 4, payload 4
  File "/Users/vk/Documents/NxtWash Automation/nxtwash-automation/venv/lib/python3.11/site-packages/execnet/gateway_base.py", line 534, in read
    data = self._read(numbytes - len(buf))
_____________ ERROR at teardown of test_deactivate_active_customer _____________
[gw0] darwin -- Python 3.11.2 /Users/vk/Documents/NxtWash Automation/nxtwash-automation/venv/bin/python3.11
venv/lib/python3.11/site-packages/allure_commons/_allure.py:274: in __call__
    return self._fixture_function(*args, **kwargs)
           ^^^^^^^^^^^^^^^^^^^^^^^^^^^^^^^^^^^^^^^
tests/admin_portal/customers/conftest.py:223: in managed_customer
    create_customer_if_missing(browser)
tests/admin_portal/customers/conftest.py:208: in create_customer_if_missing
    _restore_customer_state(browser)
tests/admin_portal/customers/conftest.py:112: in _restore_customer_state
    page.click_save_customer()
pages/admin_portal/customers_page.py:831: in click_save_customer
    self.click(self.SAVE_CUSTOMER_BUTTON)
pages/common/base_page.py:19: in click
    ).click()
      ^^^^^^^
venv/lib/python3.11/site-packages/selenium/webdriver/remote/webelement.py:114: in click
    self._execute(Command.CLICK_ELEMENT)
venv/lib/python3.11/site-packages/selenium/webdriver/remote/webelement.py:508: in _execute
    return self._parent.execute(command, params)
           ^^^^^^^^^^^^^^^^^^^^^^^^^^^^^^^^^^^^^
venv/lib/python3.11/site-packages/selenium/webdriver/remote/webdriver.py:465: in execute
    response = cast(RemoteConnection, self.command_executor).execute(driver_command, params)
               ^^^^^^^^^^^^^^^^^^^^^^^^^^^^^^^^^^^^^^^^^^^^^^^^^^^^^^^^^^^^^^^^^^^^^^^^^^^^^
venv/lib/python3.11/site-packages/selenium/webdriver/remote/remote_connection.py:407: in execute
    return self._request(command_info[0], url, body=data)
           ^^^^^^^^^^^^^^^^^^^^^^^^^^^^^^^^^^^^^^^^^^^^^^
venv/lib/python3.11/site-packages/selenium/webdriver/remote/remote_connection.py:431: in _request
    response = self._conn.request(method, url, body=body, headers=headers, timeout=self._client_config.timeout)
               ^^^^^^^^^^^^^^^^^^^^^^^^^^^^^^^^^^^^^^^^^^^^^^^^^^^^^^^^^^^^^^^^^^^^^^^^^^^^^^^^^^^^^^^^^^^^^^^^
venv/lib/python3.11/site-packages/urllib3/_request_methods.py:143: in request
    return self.request_encode_body(
venv/lib/python3.11/site-packages/urllib3/_request_methods.py:278: in request_encode_body
    return self.urlopen(method, url, **extra_kw)
           ^^^^^^^^^^^^^^^^^^^^^^^^^^^^^^^^^^^^^
E   Failed: Timeout (>420.0s) from pytest-timeout.
---------------------------- Captured stderr setup -----------------------------
Python(4586) MallocStackLogging: can't turn off malloc stack logging because it was not enabled.
--------------------------- Captured stdout teardown ---------------------------
~~~~~~~~~~~~~~~~~~~~~~~ Stack of <unknown> (6142996480) ~~~~~~~~~~~~~~~~~~~~~~~~
  File "/Users/vk/Documents/NxtWash Automation/nxtwash-automation/venv/lib/python3.11/site-packages/execnet/gateway_base.py", line 411, in _perform_spawn
    reply.run()
  File "/Users/vk/Documents/NxtWash Automation/nxtwash-automation/venv/lib/python3.11/site-packages/execnet/gateway_base.py", line 341, in run
    self._result = func(*args, **kwargs)
  File "/Users/vk/Documents/NxtWash Automation/nxtwash-automation/venv/lib/python3.11/site-packages/execnet/gateway_base.py", line 1160, in _thread_receiver
    msg = Message.from_io(io)
  File "/Users/vk/Documents/NxtWash Automation/nxtwash-automation/venv/lib/python3.11/site-packages/execnet/gateway_base.py", line 567, in from_io
    header = io.read(9)  # type 1, channel 4, payload 4
  File "/Users/vk/Documents/NxtWash Automation/nxtwash-automation/venv/lib/python3.11/site-packages/execnet/gateway_base.py", line 534, in read
    data = self._read(numbytes - len(buf))
=================================== FAILURES ===================================
____________ test_cars_settings_tab_accessible_on_existing_customer ____________
[gw1] darwin -- Python 3.11.2 /Users/vk/Documents/NxtWash Automation/nxtwash-automation/venv/bin/python3.11
tests/admin_portal/customers/test_customers_cars.py:45: in test_cars_settings_tab_accessible_on_existing_customer
    page = _open_managed_customer_edit(browser)
           ^^^^^^^^^^^^^^^^^^^^^^^^^^^^^^^^^^^^
tests/admin_portal/customers/test_customers_cars.py:31: in _open_managed_customer_edit
    page = create_customer_if_missing(browser)
           ^^^^^^^^^^^^^^^^^^^^^^^^^^^^^^^^^^^
tests/admin_portal/customers/conftest.py:135: in create_customer_if_missing
    page = open_customers_page(browser)
           ^^^^^^^^^^^^^^^^^^^^^^^^^^^^
tests/admin_portal/customers/conftest.py:59: in open_customers_page
    open_admin_path(browser, "/customers")
tests/admin_portal/admin_session.py:100: in open_admin_path
    ensure_admin_logged_in(browser)
tests/admin_portal/admin_session.py:53: in ensure_admin_logged_in
    if host not in browser.current_url:
                   ^^^^^^^^^^^^^^^^^^^
venv/lib/python3.11/site-packages/selenium/webdriver/remote/webdriver.py:602: in current_url
    return self.execute(Command.GET_CURRENT_URL)["value"]
           ^^^^^^^^^^^^^^^^^^^^^^^^^^^^^^^^^^^^^
venv/lib/python3.11/site-packages/selenium/webdriver/remote/webdriver.py:468: in execute
    self.error_handler.check_response(response)
venv/lib/python3.11/site-packages/selenium/webdriver/remote/errorhandler.py:232: in check_response
    raise exception_class(message, screen, stacktrace)
E   selenium.common.exceptions.TimeoutException: Message: timeout: Timed out receiving message from renderer: 60.000
E     (Session info: chrome=150.0.7871.182)
E   Stacktrace:
E   0   chromedriver                        0x00000001034e5a84 cxxbridge1$str$ptr + 3195292
E   1   chromedriver                        0x00000001034ddb4c cxxbridge1$str$ptr + 3162724
E   2   chromedriver                        0x0000000102f872a4 _RNvCs9NA52FrZ4pF_7___rustc35___rust_no_alloc_shim_is_unstable_v2 + 73836
E   3   chromedriver                        0x0000000102f71d20 cxxbridge1$string$len + 3628
E   4   chromedriver                        0x0000000102f71a80 cxxbridge1$string$len + 2956
E   5   chromedriver                        0x0000000102f6f818 chromedriver + 227352
E   6   chromedriver                        0x0000000102f7040c chromedriver + 230412
E   7   chromedriver                        0x0000000102f7d7a4 _RNvCs9NA52FrZ4pF_7___rustc35___rust_no_alloc_shim_is_unstable_v2 + 34156
E   8   chromedriver                        0x0000000102f93e1c _RNvCs9NA52FrZ4pF_7___rustc35___rust_no_alloc_shim_is_unstable_v2 + 125924
E   9   chromedriver                        0x0000000102f70a78 chromedriver + 232056
E   10  chromedriver                        0x0000000102f93c18 _RNvCs9NA52FrZ4pF_7___rustc35___rust_no_alloc_shim_is_unstable_v2 + 125408
E   11  chromedriver                        0x000000010300ef70 _RNvCs9NA52FrZ4pF_7___rustc35___rust_no_alloc_shim_is_unstable_v2 + 630072
E   12  chromedriver                        0x0000000102fc5434 _RNvCs9NA52FrZ4pF_7___rustc35___rust_no_alloc_shim_is_unstable_v2 + 328188
E   13  chromedriver                        0x00000001034a2c40 cxxbridge1$str$ptr + 2921304
E   14  chromedriver                        0x00000001034a63b8 cxxbridge1$str$ptr + 2935504
E   15  chromedriver                        0x00000001034890f8 cxxbridge1$str$ptr + 2816016
E   16  chromedriver                        0x00000001034a6c4c cxxbridge1$str$ptr + 2937700
E   17  chromedriver                        0x000000010347a3b0 cxxbridge1$str$ptr + 2755272
E   18  chromedriver                        0x00000001034cc1f4 cxxbridge1$str$ptr + 3090700
E   19  chromedriver                        0x00000001034cc354 cxxbridge1$str$ptr + 3091052
E   20  chromedriver                        0x00000001034dd7a4 cxxbridge1$str$ptr + 3161788
E   21  libsystem_pthread.dylib             0x0000000199325c08 _pthread_start + 136
E   22  libsystem_pthread.dylib             0x0000000199320ba8 thread_start + 8
______________ test_customer_site_assignment_matches_sites_module ______________
[gw0] darwin -- Python 3.11.2 /Users/vk/Documents/NxtWash Automation/nxtwash-automation/venv/bin/python3.11
tests/admin_portal/customers/test_customers_dependency.py:42: in test_customer_site_assignment_matches_sites_module
    create_customer_if_missing(browser)
tests/admin_portal/customers/conftest.py:135: in create_customer_if_missing
    page = open_customers_page(browser)
           ^^^^^^^^^^^^^^^^^^^^^^^^^^^^
tests/admin_portal/customers/conftest.py:59: in open_customers_page
    open_admin_path(browser, "/customers")
tests/admin_portal/admin_session.py:100: in open_admin_path
    ensure_admin_logged_in(browser)
tests/admin_portal/admin_session.py:53: in ensure_admin_logged_in
    if host not in browser.current_url:
                   ^^^^^^^^^^^^^^^^^^^
venv/lib/python3.11/site-packages/selenium/webdriver/remote/webdriver.py:602: in current_url
    return self.execute(Command.GET_CURRENT_URL)["value"]
           ^^^^^^^^^^^^^^^^^^^^^^^^^^^^^^^^^^^^^
venv/lib/python3.11/site-packages/selenium/webdriver/remote/webdriver.py:468: in execute
    self.error_handler.check_response(response)
venv/lib/python3.11/site-packages/selenium/webdriver/remote/errorhandler.py:232: in check_response
    raise exception_class(message, screen, stacktrace)
E   selenium.common.exceptions.TimeoutException: Message: timeout: Timed out receiving message from renderer: 60.000
E     (Session info: chrome=150.0.7871.182)
E   Stacktrace:
E   0   chromedriver                        0x00000001031eda84 cxxbridge1$str$ptr + 3195292
E   1   chromedriver                        0x00000001031e5b4c cxxbridge1$str$ptr + 3162724
E   2   chromedriver                        0x0000000102c8f2a4 _RNvCs9NA52FrZ4pF_7___rustc35___rust_no_alloc_shim_is_unstable_v2 + 73836
E   3   chromedriver                        0x0000000102c79d20 cxxbridge1$string$len + 3628
E   4   chromedriver                        0x0000000102c79a80 cxxbridge1$string$len + 2956
E   5   chromedriver                        0x0000000102c77818 chromedriver + 227352
E   6   chromedriver                        0x0000000102c7840c chromedriver + 230412
E   7   chromedriver                        0x0000000102c857a4 _RNvCs9NA52FrZ4pF_7___rustc35___rust_no_alloc_shim_is_unstable_v2 + 34156
E   8   chromedriver                        0x0000000102c9be1c _RNvCs9NA52FrZ4pF_7___rustc35___rust_no_alloc_shim_is_unstable_v2 + 125924
E   9   chromedriver                        0x0000000102c78a78 chromedriver + 232056
E   10  chromedriver                        0x0000000102c9bc18 _RNvCs9NA52FrZ4pF_7___rustc35___rust_no_alloc_shim_is_unstable_v2 + 125408
E   11  chromedriver                        0x0000000102d16f70 _RNvCs9NA52FrZ4pF_7___rustc35___rust_no_alloc_shim_is_unstable_v2 + 630072
E   12  chromedriver                        0x0000000102ccd434 _RNvCs9NA52FrZ4pF_7___rustc35___rust_no_alloc_shim_is_unstable_v2 + 328188
E   13  chromedriver                        0x00000001031aac40 cxxbridge1$str$ptr + 2921304
E   14  chromedriver                        0x00000001031ae3b8 cxxbridge1$str$ptr + 2935504
E   15  chromedriver                        0x00000001031910f8 cxxbridge1$str$ptr + 2816016
E   16  chromedriver                        0x00000001031aec4c cxxbridge1$str$ptr + 2937700
E   17  chromedriver                        0x00000001031823b0 cxxbridge1$str$ptr + 2755272
E   18  chromedriver                        0x00000001031d41f4 cxxbridge1$str$ptr + 3090700
E   19  chromedriver                        0x00000001031d4354 cxxbridge1$str$ptr + 3091052
E   20  chromedriver                        0x00000001031e57a4 cxxbridge1$str$ptr + 3161788
E   21  libsystem_pthread.dylib             0x0000000199325c08 _pthread_start + 136
E   22  libsystem_pthread.dylib             0x0000000199320ba8 thread_start + 8
________________ test_create_customer_with_required_fields_only ________________
[gw1] darwin -- Python 3.11.2 /Users/vk/Documents/NxtWash Automation/nxtwash-automation/venv/bin/python3.11
tests/admin_portal/customers/test_customers_positive.py:29: in test_create_customer_with_required_fields_only
    page = open_customers_page(browser)
           ^^^^^^^^^^^^^^^^^^^^^^^^^^^^
tests/admin_portal/customers/conftest.py:59: in open_customers_page
    open_admin_path(browser, "/customers")
tests/admin_portal/admin_session.py:100: in open_admin_path
    ensure_admin_logged_in(browser)
tests/admin_portal/admin_session.py:53: in ensure_admin_logged_in
    if host not in browser.current_url:
                   ^^^^^^^^^^^^^^^^^^^
venv/lib/python3.11/site-packages/selenium/webdriver/remote/webdriver.py:602: in current_url
    return self.execute(Command.GET_CURRENT_URL)["value"]
           ^^^^^^^^^^^^^^^^^^^^^^^^^^^^^^^^^^^^^
venv/lib/python3.11/site-packages/selenium/webdriver/remote/webdriver.py:468: in execute
    self.error_handler.check_response(response)
venv/lib/python3.11/site-packages/selenium/webdriver/remote/errorhandler.py:232: in check_response
    raise exception_class(message, screen, stacktrace)
E   selenium.common.exceptions.TimeoutException: Message: timeout: Timed out receiving message from renderer: 60.000
E     (Session info: chrome=150.0.7871.182)
E   Stacktrace:
E   0   chromedriver                        0x0000000104c49a84 cxxbridge1$str$ptr + 3195292
E   1   chromedriver                        0x0000000104c41b4c cxxbridge1$str$ptr + 3162724
E   2   chromedriver                        0x00000001046eb2a4 _RNvCs9NA52FrZ4pF_7___rustc35___rust_no_alloc_shim_is_unstable_v2 + 73836
E   3   chromedriver                        0x00000001046d5d20 cxxbridge1$string$len + 3628
E   4   chromedriver                        0x00000001046d5a80 cxxbridge1$string$len + 2956
E   5   chromedriver                        0x00000001046d3818 chromedriver + 227352
E   6   chromedriver                        0x00000001046d440c chromedriver + 230412
E   7   chromedriver                        0x00000001046e17a4 _RNvCs9NA52FrZ4pF_7___rustc35___rust_no_alloc_shim_is_unstable_v2 + 34156
E   8   chromedriver                        0x00000001046f7e1c _RNvCs9NA52FrZ4pF_7___rustc35___rust_no_alloc_shim_is_unstable_v2 + 125924
E   9   chromedriver                        0x00000001046d4a78 chromedriver + 232056
E   10  chromedriver                        0x00000001046f7c18 _RNvCs9NA52FrZ4pF_7___rustc35___rust_no_alloc_shim_is_unstable_v2 + 125408
E   11  chromedriver                        0x0000000104772f70 _RNvCs9NA52FrZ4pF_7___rustc35___rust_no_alloc_shim_is_unstable_v2 + 630072
E   12  chromedriver                        0x0000000104729434 _RNvCs9NA52FrZ4pF_7___rustc35___rust_no_alloc_shim_is_unstable_v2 + 328188
E   13  chromedriver                        0x0000000104c06c40 cxxbridge1$str$ptr + 2921304
E   14  chromedriver                        0x0000000104c0a3b8 cxxbridge1$str$ptr + 2935504
E   15  chromedriver                        0x0000000104bed0f8 cxxbridge1$str$ptr + 2816016
E   16  chromedriver                        0x0000000104c0ac4c cxxbridge1$str$ptr + 2937700
E   17  chromedriver                        0x0000000104bde3b0 cxxbridge1$str$ptr + 2755272
E   18  chromedriver                        0x0000000104c301f4 cxxbridge1$str$ptr + 3090700
E   19  chromedriver                        0x0000000104c30354 cxxbridge1$str$ptr + 3091052
E   20  chromedriver                        0x0000000104c417a4 cxxbridge1$str$ptr + 3161788
E   21  libsystem_pthread.dylib             0x0000000199325c08 _pthread_start + 136
E   22  libsystem_pthread.dylib             0x0000000199320ba8 thread_start + 8
---------------------------- Captured stderr setup -----------------------------
Python(7021) MallocStackLogging: can't turn off malloc stack logging because it was not enabled.
____________________ test_city_dropdown_empty_without_state ____________________
[gw1] darwin -- Python 3.11.2 /Users/vk/Documents/NxtWash Automation/nxtwash-automation/venv/bin/python3.11
tests/admin_portal/customers/test_customers_positive.py:111: in test_city_dropdown_empty_without_state
    page = open_customers_page(browser)
           ^^^^^^^^^^^^^^^^^^^^^^^^^^^^
tests/admin_portal/customers/conftest.py:59: in open_customers_page
    open_admin_path(browser, "/customers")
tests/admin_portal/admin_session.py:100: in open_admin_path
    ensure_admin_logged_in(browser)
tests/admin_portal/admin_session.py:53: in ensure_admin_logged_in
    if host not in browser.current_url:
                   ^^^^^^^^^^^^^^^^^^^
venv/lib/python3.11/site-packages/selenium/webdriver/remote/webdriver.py:602: in current_url
    return self.execute(Command.GET_CURRENT_URL)["value"]
           ^^^^^^^^^^^^^^^^^^^^^^^^^^^^^^^^^^^^^
venv/lib/python3.11/site-packages/selenium/webdriver/remote/webdriver.py:468: in execute
    self.error_handler.check_response(response)
venv/lib/python3.11/site-packages/selenium/webdriver/remote/errorhandler.py:232: in check_response
    raise exception_class(message, screen, stacktrace)
E   selenium.common.exceptions.TimeoutException: Message: timeout: Timed out receiving message from renderer: 60.000
E     (Session info: chrome=150.0.7871.182)
E   Stacktrace:
E   0   chromedriver                        0x0000000102db1a84 cxxbridge1$str$ptr + 3195292
E   1   chromedriver                        0x0000000102da9b4c cxxbridge1$str$ptr + 3162724
E   2   chromedriver                        0x00000001028532a4 _RNvCs9NA52FrZ4pF_7___rustc35___rust_no_alloc_shim_is_unstable_v2 + 73836
E   3   chromedriver                        0x000000010283dd20 cxxbridge1$string$len + 3628
E   4   chromedriver                        0x000000010283da80 cxxbridge1$string$len + 2956
E   5   chromedriver                        0x000000010283b818 chromedriver + 227352
E   6   chromedriver                        0x000000010283c40c chromedriver + 230412
E   7   chromedriver                        0x00000001028497a4 _RNvCs9NA52FrZ4pF_7___rustc35___rust_no_alloc_shim_is_unstable_v2 + 34156
E   8   chromedriver                        0x000000010285fe1c _RNvCs9NA52FrZ4pF_7___rustc35___rust_no_alloc_shim_is_unstable_v2 + 125924
E   9   chromedriver                        0x000000010283ca78 chromedriver + 232056
E   10  chromedriver                        0x000000010285fc18 _RNvCs9NA52FrZ4pF_7___rustc35___rust_no_alloc_shim_is_unstable_v2 + 125408
E   11  chromedriver                        0x00000001028daf70 _RNvCs9NA52FrZ4pF_7___rustc35___rust_no_alloc_shim_is_unstable_v2 + 630072
E   12  chromedriver                        0x0000000102891434 _RNvCs9NA52FrZ4pF_7___rustc35___rust_no_alloc_shim_is_unstable_v2 + 328188
E   13  chromedriver                        0x0000000102d6ec40 cxxbridge1$str$ptr + 2921304
E   14  chromedriver                        0x0000000102d723b8 cxxbridge1$str$ptr + 2935504
E   15  chromedriver                        0x0000000102d550f8 cxxbridge1$str$ptr + 2816016
E   16  chromedriver                        0x0000000102d72c4c cxxbridge1$str$ptr + 2937700
E   17  chromedriver                        0x0000000102d463b0 cxxbridge1$str$ptr + 2755272
E   18  chromedriver                        0x0000000102d981f4 cxxbridge1$str$ptr + 3090700
E   19  chromedriver                        0x0000000102d98354 cxxbridge1$str$ptr + 3091052
E   20  chromedriver                        0x0000000102da97a4 cxxbridge1$str$ptr + 3161788
E   21  libsystem_pthread.dylib             0x0000000199325c08 _pthread_start + 136
E   22  libsystem_pthread.dylib             0x0000000199320ba8 thread_start + 8
---------------------------- Captured stderr setup -----------------------------
Python(9812) MallocStackLogging: can't turn off malloc stack logging because it was not enabled.
__________ test_payment_settings_tab_accessible_on_existing_customer ___________
[gw0] darwin -- Python 3.11.2 /Users/vk/Documents/NxtWash Automation/nxtwash-automation/venv/bin/python3.11
tests/admin_portal/customers/test_customers_payment.py:43: in test_payment_settings_tab_accessible_on_existing_customer
    page = _open_managed_customer_edit(browser)
           ^^^^^^^^^^^^^^^^^^^^^^^^^^^^^^^^^^^^
tests/admin_portal/customers/test_customers_payment.py:29: in _open_managed_customer_edit
    page = create_customer_if_missing(browser)
           ^^^^^^^^^^^^^^^^^^^^^^^^^^^^^^^^^^^
tests/admin_portal/customers/conftest.py:135: in create_customer_if_missing
    page = open_customers_page(browser)
           ^^^^^^^^^^^^^^^^^^^^^^^^^^^^
tests/admin_portal/customers/conftest.py:59: in open_customers_page
    open_admin_path(browser, "/customers")
tests/admin_portal/admin_session.py:100: in open_admin_path
    ensure_admin_logged_in(browser)
tests/admin_portal/admin_session.py:53: in ensure_admin_logged_in
    if host not in browser.current_url:
                   ^^^^^^^^^^^^^^^^^^^
venv/lib/python3.11/site-packages/selenium/webdriver/remote/webdriver.py:602: in current_url
    return self.execute(Command.GET_CURRENT_URL)["value"]
           ^^^^^^^^^^^^^^^^^^^^^^^^^^^^^^^^^^^^^
venv/lib/python3.11/site-packages/selenium/webdriver/remote/webdriver.py:468: in execute
    self.error_handler.check_response(response)
venv/lib/python3.11/site-packages/selenium/webdriver/remote/errorhandler.py:232: in check_response
    raise exception_class(message, screen, stacktrace)
E   selenium.common.exceptions.TimeoutException: Message: timeout: Timed out receiving message from renderer: 60.000
E     (Session info: chrome=150.0.7871.182)
E   Stacktrace:
E   0   chromedriver                        0x0000000100d9da84 cxxbridge1$str$ptr + 3195292
E   1   chromedriver                        0x0000000100d95b4c cxxbridge1$str$ptr + 3162724
E   2   chromedriver                        0x000000010083f2a4 _RNvCs9NA52FrZ4pF_7___rustc35___rust_no_alloc_shim_is_unstable_v2 + 73836
E   3   chromedriver                        0x0000000100829d20 cxxbridge1$string$len + 3628
E   4   chromedriver                        0x0000000100829a80 cxxbridge1$string$len + 2956
E   5   chromedriver                        0x0000000100827818 chromedriver + 227352
E   6   chromedriver                        0x000000010082840c chromedriver + 230412
E   7   chromedriver                        0x00000001008357a4 _RNvCs9NA52FrZ4pF_7___rustc35___rust_no_alloc_shim_is_unstable_v2 + 34156
E   8   chromedriver                        0x000000010084be1c _RNvCs9NA52FrZ4pF_7___rustc35___rust_no_alloc_shim_is_unstable_v2 + 125924
E   9   chromedriver                        0x0000000100828a78 chromedriver + 232056
E   10  chromedriver                        0x000000010084bc18 _RNvCs9NA52FrZ4pF_7___rustc35___rust_no_alloc_shim_is_unstable_v2 + 125408
E   11  chromedriver                        0x00000001008c6f70 _RNvCs9NA52FrZ4pF_7___rustc35___rust_no_alloc_shim_is_unstable_v2 + 630072
E   12  chromedriver                        0x000000010087d434 _RNvCs9NA52FrZ4pF_7___rustc35___rust_no_alloc_shim_is_unstable_v2 + 328188
E   13  chromedriver                        0x0000000100d5ac40 cxxbridge1$str$ptr + 2921304
E   14  chromedriver                        0x0000000100d5e3b8 cxxbridge1$str$ptr + 2935504
E   15  chromedriver                        0x0000000100d410f8 cxxbridge1$str$ptr + 2816016
E   16  chromedriver                        0x0000000100d5ec4c cxxbridge1$str$ptr + 2937700
E   17  chromedriver                        0x0000000100d323b0 cxxbridge1$str$ptr + 2755272
E   18  chromedriver                        0x0000000100d841f4 cxxbridge1$str$ptr + 3090700
E   19  chromedriver                        0x0000000100d84354 cxxbridge1$str$ptr + 3091052
E   20  chromedriver                        0x0000000100d957a4 cxxbridge1$str$ptr + 3161788
E   21  libsystem_pthread.dylib             0x0000000199325c08 _pthread_start + 136
E   22  libsystem_pthread.dylib             0x0000000199320ba8 thread_start + 8
---------------------------- Captured stderr setup -----------------------------
Python(10168) MallocStackLogging: can't turn off malloc stack logging because it was not enabled.
_____________________ test_search_by_partial_license_plate _____________________
[gw0] darwin -- Python 3.11.2 /Users/vk/Documents/NxtWash Automation/nxtwash-automation/venv/bin/python3.11
tests/admin_portal/customers/test_customers_search_filter.py:41: in test_search_by_partial_license_plate
    create_customer_if_missing(browser)
tests/admin_portal/customers/conftest.py:135: in create_customer_if_missing
    page = open_customers_page(browser)
           ^^^^^^^^^^^^^^^^^^^^^^^^^^^^
tests/admin_portal/customers/conftest.py:59: in open_customers_page
    open_admin_path(browser, "/customers")
tests/admin_portal/admin_session.py:100: in open_admin_path
    ensure_admin_logged_in(browser)
tests/admin_portal/admin_session.py:53: in ensure_admin_logged_in
    if host not in browser.current_url:
                   ^^^^^^^^^^^^^^^^^^^
venv/lib/python3.11/site-packages/selenium/webdriver/remote/webdriver.py:602: in current_url
    return self.execute(Command.GET_CURRENT_URL)["value"]
           ^^^^^^^^^^^^^^^^^^^^^^^^^^^^^^^^^^^^^
venv/lib/python3.11/site-packages/selenium/webdriver/remote/webdriver.py:468: in execute
    self.error_handler.check_response(response)
venv/lib/python3.11/site-packages/selenium/webdriver/remote/errorhandler.py:232: in check_response
    raise exception_class(message, screen, stacktrace)
E   selenium.common.exceptions.TimeoutException: Message: timeout: Timed out receiving message from renderer: 60.000
E     (Session info: chrome=150.0.7871.182)
E   Stacktrace:
E   0   chromedriver                        0x0000000101455a84 cxxbridge1$str$ptr + 3195292
E   1   chromedriver                        0x000000010144db4c cxxbridge1$str$ptr + 3162724
E   2   chromedriver                        0x0000000100ef72a4 _RNvCs9NA52FrZ4pF_7___rustc35___rust_no_alloc_shim_is_unstable_v2 + 73836
E   3   chromedriver                        0x0000000100ee1d20 cxxbridge1$string$len + 3628
E   4   chromedriver                        0x0000000100ee1a80 cxxbridge1$string$len + 2956
E   5   chromedriver                        0x0000000100edf818 chromedriver + 227352
E   6   chromedriver                        0x0000000100ee040c chromedriver + 230412
E   7   chromedriver                        0x0000000100eed7a4 _RNvCs9NA52FrZ4pF_7___rustc35___rust_no_alloc_shim_is_unstable_v2 + 34156
E   8   chromedriver                        0x0000000100f03e1c _RNvCs9NA52FrZ4pF_7___rustc35___rust_no_alloc_shim_is_unstable_v2 + 125924
E   9   chromedriver                        0x0000000100ee0a78 chromedriver + 232056
E   10  chromedriver                        0x0000000100f03c18 _RNvCs9NA52FrZ4pF_7___rustc35___rust_no_alloc_shim_is_unstable_v2 + 125408
E   11  chromedriver                        0x0000000100f7ef70 _RNvCs9NA52FrZ4pF_7___rustc35___rust_no_alloc_shim_is_unstable_v2 + 630072
E   12  chromedriver                        0x0000000100f35434 _RNvCs9NA52FrZ4pF_7___rustc35___rust_no_alloc_shim_is_unstable_v2 + 328188
E   13  chromedriver                        0x0000000101412c40 cxxbridge1$str$ptr + 2921304
E   14  chromedriver                        0x00000001014163b8 cxxbridge1$str$ptr + 2935504
E   15  chromedriver                        0x00000001013f90f8 cxxbridge1$str$ptr + 2816016
/Users/vk/Documents/NxtWash Automation/nxtwash-automation/venv/lib/python3.11/site-packages/_pytest/threadexception.py:58: PytestUnhandledThreadExceptionWarning: Exception in thread Thread-2 (run_connection)

Traceback (most recent call last):
  File "/Library/Frameworks/Python.framework/Versions/3.11/lib/python3.11/threading.py", line 1038, in _bootstrap_inner
    self.run()
  File "/Library/Frameworks/Python.framework/Versions/3.11/lib/python3.11/threading.py", line 975, in run
    self._target(*self._args, **self._kwargs)
  File "/Users/vk/Documents/NxtWash Automation/nxtwash-automation/venv/lib/python3.11/site-packages/pytest_rerunfailures.py", line 445, in run_connection
    op, i, k, v = self._sock_recv(conn).split("|")
                  ^^^^^^^^^^^^^^^^^^^^^
  File "/Users/vk/Documents/NxtWash Automation/nxtwash-automation/venv/lib/python3.11/site-packages/pytest_rerunfailures.py", line 410, in _sock_recv
    b = conn.recv(1)
        ^^^^^^^^^^^^
TimeoutError: timed out

Enable tracemalloc to get traceback where the object was allocated.
See https://docs.pytest.org/en/stable/how-to/capture-warnings.html#resource-warnings for more info.
  warnings.warn(pytest.PytestUnhandledThreadExceptionWarning(msg))
/Users/vk/Documents/NxtWash Automation/nxtwash-automation/venv/lib/python3.11/site-packages/_pytest/threadexception.py:58: PytestUnhandledThreadExceptionWarning: Exception in thread Thread-3 (run_connection)

Traceback (most recent call last):
  File "/Library/Frameworks/Python.framework/Versions/3.11/lib/python3.11/threading.py", line 1038, in _bootstrap_inner
    self.run()
  File "/Library/Frameworks/Python.framework/Versions/3.11/lib/python3.11/threading.py", line 975, in run
    self._target(*self._args, **self._kwargs)
  File "/Users/vk/Documents/NxtWash Automation/nxtwash-automation/venv/lib/python3.11/site-packages/pytest_rerunfailures.py", line 445, in run_connection
    op, i, k, v = self._sock_recv(conn).split("|")
                  ^^^^^^^^^^^^^^^^^^^^^
  File "/Users/vk/Documents/NxtWash Automation/nxtwash-automation/venv/lib/python3.11/site-packages/pytest_rerunfailures.py", line 410, in _sock_recv
    b = conn.recv(1)
        ^^^^^^^^^^^^
TimeoutError: timed out

Enable tracemalloc to get traceback where the object was allocated.
See https://docs.pytest.org/en/stable/how-to/capture-warnings.html#resource-warnings for more info.
  warnings.warn(pytest.PytestUnhandledThreadExceptionWarning(msg))
E   16  chromedriver                        0x0000000101416c4c cxxbridge1$str$ptr + 2937700
E   17  chromedriver                        0x00000001013ea3b0 cxxbridge1$str$ptr + 2755272
E   18  chromedriver                        0x000000010143c1f4 cxxbridge1$str$ptr + 3090700
E   19  chromedriver                        0x000000010143c354 cxxbridge1$str$ptr + 3091052
E   20  chromedriver                        0x000000010144d7a4 cxxbridge1$str$ptr + 3161788
E   21  libsystem_pthread.dylib             0x0000000199325c08 _pthread_start + 136
E   22  libsystem_pthread.dylib             0x0000000199320ba8 thread_start + 8
---------------------------- Captured stderr setup -----------------------------
Python(11736) MallocStackLogging: can't turn off malloc stack logging because it was not enabled.
___________________ test_cancel_add_customer_returns_to_list ___________________
[gw1] darwin -- Python 3.11.2 /Users/vk/Documents/NxtWash Automation/nxtwash-automation/venv/bin/python3.11
tests/admin_portal/customers/test_customers_positive.py:159: in test_cancel_add_customer_returns_to_list
    page = open_customers_page(browser)
           ^^^^^^^^^^^^^^^^^^^^^^^^^^^^
tests/admin_portal/customers/conftest.py:59: in open_customers_page
    open_admin_path(browser, "/customers")
tests/admin_portal/admin_session.py:100: in open_admin_path
    ensure_admin_logged_in(browser)
tests/admin_portal/admin_session.py:53: in ensure_admin_logged_in
    if host not in browser.current_url:
                   ^^^^^^^^^^^^^^^^^^^
venv/lib/python3.11/site-packages/selenium/webdriver/remote/webdriver.py:602: in current_url
    return self.execute(Command.GET_CURRENT_URL)["value"]
           ^^^^^^^^^^^^^^^^^^^^^^^^^^^^^^^^^^^^^
venv/lib/python3.11/site-packages/selenium/webdriver/remote/webdriver.py:468: in execute
    self.error_handler.check_response(response)
venv/lib/python3.11/site-packages/selenium/webdriver/remote/errorhandler.py:232: in check_response
    raise exception_class(message, screen, stacktrace)
E   selenium.common.exceptions.TimeoutException: Message: timeout: Timed out receiving message from renderer: 60.000
E     (Session info: chrome=150.0.7871.182)
E   Stacktrace:
E   0   chromedriver                        0x0000000103429a84 cxxbridge1$str$ptr + 3195292
E   1   chromedriver                        0x0000000103421b4c cxxbridge1$str$ptr + 3162724
E   2   chromedriver                        0x0000000102ecb2a4 _RNvCs9NA52FrZ4pF_7___rustc35___rust_no_alloc_shim_is_unstable_v2 + 73836
E   3   chromedriver                        0x0000000102eb5d20 cxxbridge1$string$len + 3628
E   4   chromedriver                        0x0000000102eb5a80 cxxbridge1$string$len + 2956
E   5   chromedriver                        0x0000000102eb3818 chromedriver + 227352
E   6   chromedriver                        0x0000000102eb440c chromedriver + 230412
E   7   chromedriver                        0x0000000102ec17a4 _RNvCs9NA52FrZ4pF_7___rustc35___rust_no_alloc_shim_is_unstable_v2 + 34156
E   8   chromedriver                        0x0000000102ed7e1c _RNvCs9NA52FrZ4pF_7___rustc35___rust_no_alloc_shim_is_unstable_v2 + 125924
E   9   chromedriver                        0x0000000102eb4a78 chromedriver + 232056
E   10  chromedriver                        0x0000000102ed7c18 _RNvCs9NA52FrZ4pF_7___rustc35___rust_no_alloc_shim_is_unstable_v2 + 125408
E   11  chromedriver                        0x0000000102f52f70 _RNvCs9NA52FrZ4pF_7___rustc35___rust_no_alloc_shim_is_unstable_v2 + 630072
E   12  chromedriver                        0x0000000102f09434 _RNvCs9NA52FrZ4pF_7___rustc35___rust_no_alloc_shim_is_unstable_v2 + 328188
E   13  chromedriver                        0x00000001033e6c40 cxxbridge1$str$ptr + 2921304
E   14  chromedriver                        0x00000001033ea3b8 cxxbridge1$str$ptr + 2935504
E   15  chromedriver                        0x00000001033cd0f8 cxxbridge1$str$ptr + 2816016
E   16  chromedriver                        0x00000001033eac4c cxxbridge1$str$ptr + 2937700
E   17  chromedriver                        0x00000001033be3b0 cxxbridge1$str$ptr + 2755272
E   18  chromedriver                        0x00000001034101f4 cxxbridge1$str$ptr + 3090700
E   19  chromedriver                        0x0000000103410354 cxxbridge1$str$ptr + 3091052
E   20  chromedriver                        0x00000001034217a4 cxxbridge1$str$ptr + 3161788
E   21  libsystem_pthread.dylib             0x0000000199325c08 _pthread_start + 136
E   22  libsystem_pthread.dylib             0x0000000199320ba8 thread_start + 8
---------------------------- Captured stderr setup -----------------------------
Python(12026) MallocStackLogging: can't turn off malloc stack logging because it was not enabled.
________________ test_invalid_email_format_documents_behaviour _________________
[gw1] darwin -- Python 3.11.2 /Users/vk/Documents/NxtWash Automation/nxtwash-automation/venv/bin/python3.11
tests/admin_portal/customers/test_customers_validation.py:69: in test_invalid_email_format_documents_behaviour
    page = open_customers_page(browser)
           ^^^^^^^^^^^^^^^^^^^^^^^^^^^^
tests/admin_portal/customers/conftest.py:59: in open_customers_page
    open_admin_path(browser, "/customers")
tests/admin_portal/admin_session.py:100: in open_admin_path
    ensure_admin_logged_in(browser)
tests/admin_portal/admin_session.py:53: in ensure_admin_logged_in
    if host not in browser.current_url:
                   ^^^^^^^^^^^^^^^^^^^
venv/lib/python3.11/site-packages/selenium/webdriver/remote/webdriver.py:602: in current_url
    return self.execute(Command.GET_CURRENT_URL)["value"]
           ^^^^^^^^^^^^^^^^^^^^^^^^^^^^^^^^^^^^^
venv/lib/python3.11/site-packages/selenium/webdriver/remote/webdriver.py:468: in execute
    self.error_handler.check_response(response)
venv/lib/python3.11/site-packages/selenium/webdriver/remote/errorhandler.py:232: in check_response
    raise exception_class(message, screen, stacktrace)
E   selenium.common.exceptions.TimeoutException: Message: timeout: Timed out receiving message from renderer: 60.000
E     (Session info: chrome=150.0.7871.182)
E   Stacktrace:
E   0   chromedriver                        0x0000000101045a84 cxxbridge1$str$ptr + 3195292
E   1   chromedriver                        0x000000010103db4c cxxbridge1$str$ptr + 3162724
E   2   chromedriver                        0x0000000100ae72a4 _RNvCs9NA52FrZ4pF_7___rustc35___rust_no_alloc_shim_is_unstable_v2 + 73836
E   3   chromedriver                        0x0000000100ad1d20 cxxbridge1$string$len + 3628
E   4   chromedriver                        0x0000000100ad1a80 cxxbridge1$string$len + 2956
E   5   chromedriver                        0x0000000100acf818 chromedriver + 227352
E   6   chromedriver                        0x0000000100ad040c chromedriver + 230412
E   7   chromedriver                        0x0000000100add7a4 _RNvCs9NA52FrZ4pF_7___rustc35___rust_no_alloc_shim_is_unstable_v2 + 34156
E   8   chromedriver                        0x0000000100af3e1c _RNvCs9NA52FrZ4pF_7___rustc35___rust_no_alloc_shim_is_unstable_v2 + 125924
E   9   chromedriver                        0x0000000100ad0a78 chromedriver + 232056
E   10  chromedriver                        0x0000000100af3c18 _RNvCs9NA52FrZ4pF_7___rustc35___rust_no_alloc_shim_is_unstable_v2 + 125408
E   11  chromedriver                        0x0000000100b6ef70 _RNvCs9NA52FrZ4pF_7___rustc35___rust_no_alloc_shim_is_unstable_v2 + 630072
E   12  chromedriver                        0x0000000100b25434 _RNvCs9NA52FrZ4pF_7___rustc35___rust_no_alloc_shim_is_unstable_v2 + 328188
E   13  chromedriver                        0x0000000101002c40 cxxbridge1$str$ptr + 2921304
E   14  chromedriver                        0x00000001010063b8 cxxbridge1$str$ptr + 2935504
E   15  chromedriver                        0x0000000100fe90f8 cxxbridge1$str$ptr + 2816016
E   16  chromedriver                        0x0000000101006c4c cxxbridge1$str$ptr + 2937700
E   17  chromedriver                        0x0000000100fda3b0 cxxbridge1$str$ptr + 2755272
E   18  chromedriver                        0x000000010102c1f4 cxxbridge1$str$ptr + 3090700
E   19  chromedriver                        0x000000010102c354 cxxbridge1$str$ptr + 3091052
E   20  chromedriver                        0x000000010103d7a4 cxxbridge1$str$ptr + 3161788
E   21  libsystem_pthread.dylib             0x0000000199325c08 _pthread_start + 136
E   22  libsystem_pthread.dylib             0x0000000199320ba8 thread_start + 8
---------------------------- Captured stderr setup -----------------------------
Python(17635) MallocStackLogging: can't turn off malloc stack logging because it was not enabled.
__________________ test_blank_site_assignment_blocked_on_save __________________
[gw0] darwin -- Python 3.11.2 /Users/vk/Documents/NxtWash Automation/nxtwash-automation/venv/bin/python3.11
tests/admin_portal/customers/test_customers_validation.py:53: in test_blank_site_assignment_blocked_on_save
    page = open_customers_page(browser)
           ^^^^^^^^^^^^^^^^^^^^^^^^^^^^
tests/admin_portal/customers/conftest.py:59: in open_customers_page
    open_admin_path(browser, "/customers")
tests/admin_portal/admin_session.py:100: in open_admin_path
    ensure_admin_logged_in(browser)
tests/admin_portal/admin_session.py:53: in ensure_admin_logged_in
    if host not in browser.current_url:
                   ^^^^^^^^^^^^^^^^^^^
venv/lib/python3.11/site-packages/selenium/webdriver/remote/webdriver.py:602: in current_url
    return self.execute(Command.GET_CURRENT_URL)["value"]
           ^^^^^^^^^^^^^^^^^^^^^^^^^^^^^^^^^^^^^
venv/lib/python3.11/site-packages/selenium/webdriver/remote/webdriver.py:468: in execute
    self.error_handler.check_response(response)
venv/lib/python3.11/site-packages/selenium/webdriver/remote/errorhandler.py:232: in check_response
    raise exception_class(message, screen, stacktrace)
E   selenium.common.exceptions.TimeoutException: Message: timeout: Timed out receiving message from renderer: 60.000
E     (Session info: chrome=150.0.7871.182)
E   Stacktrace:
E   0   chromedriver                        0x0000000101579a84 cxxbridge1$str$ptr + 3195292
E   1   chromedriver                        0x0000000101571b4c cxxbridge1$str$ptr + 3162724
E   2   chromedriver                        0x000000010101b2a4 _RNvCs9NA52FrZ4pF_7___rustc35___rust_no_alloc_shim_is_unstable_v2 + 73836
E   3   chromedriver                        0x0000000101005d20 cxxbridge1$string$len + 3628
E   4   chromedriver                        0x0000000101005a80 cxxbridge1$string$len + 2956
E   5   chromedriver                        0x0000000101003818 chromedriver + 227352
E   6   chromedriver                        0x000000010100440c chromedriver + 230412
E   7   chromedriver                        0x00000001010117a4 _RNvCs9NA52FrZ4pF_7___rustc35___rust_no_alloc_shim_is_unstable_v2 + 34156
E   8   chromedriver                        0x0000000101027e1c _RNvCs9NA52FrZ4pF_7___rustc35___rust_no_alloc_shim_is_unstable_v2 + 125924
E   9   chromedriver                        0x0000000101004a78 chromedriver + 232056
E   10  chromedriver                        0x0000000101027c18 _RNvCs9NA52FrZ4pF_7___rustc35___rust_no_alloc_shim_is_unstable_v2 + 125408
E   11  chromedriver                        0x00000001010a2f70 _RNvCs9NA52FrZ4pF_7___rustc35___rust_no_alloc_shim_is_unstable_v2 + 630072
E   12  chromedriver                        0x0000000101059434 _RNvCs9NA52FrZ4pF_7___rustc35___rust_no_alloc_shim_is_unstable_v2 + 328188
E   13  chromedriver                        0x0000000101536c40 cxxbridge1$str$ptr + 2921304
E   14  chromedriver                        0x000000010153a3b8 cxxbridge1$str$ptr + 2935504
E   15  chromedriver                        0x000000010151d0f8 cxxbridge1$str$ptr + 2816016
E   16  chromedriver                        0x000000010153ac4c cxxbridge1$str$ptr + 2937700
E   17  chromedriver                        0x000000010150e3b0 cxxbridge1$str$ptr + 2755272
E   18  chromedriver                        0x00000001015601f4 cxxbridge1$str$ptr + 3090700
E   19  chromedriver                        0x0000000101560354 cxxbridge1$str$ptr + 3091052
E   20  chromedriver                        0x00000001015717a4 cxxbridge1$str$ptr + 3161788
E   21  libsystem_pthread.dylib             0x0000000199325c08 _pthread_start + 136
E   22  libsystem_pthread.dylib             0x0000000199320ba8 thread_start + 8
---------------------------- Captured stderr setup -----------------------------
Python(17589) MallocStackLogging: can't turn off malloc stack logging because it was not enabled.
=========================== short test summary info ============================
FAILED tests/admin_portal/customers/test_customers_cars.py::test_cars_settings_tab_accessible_on_existing_customer
FAILED tests/admin_portal/customers/test_customers_dependency.py::test_customer_site_assignment_matches_sites_module
FAILED tests/admin_portal/customers/test_customers_positive.py::test_create_customer_with_required_fields_only
FAILED tests/admin_portal/customers/test_customers_positive.py::test_city_dropdown_empty_without_state
FAILED tests/admin_portal/customers/test_customers_payment.py::test_payment_settings_tab_accessible_on_existing_customer
FAILED tests/admin_portal/customers/test_customers_search_filter.py::test_search_by_partial_license_plate
FAILED tests/admin_portal/customers/test_customers_positive.py::test_cancel_add_customer_returns_to_list
FAILED tests/admin_portal/customers/test_customers_validation.py::test_invalid_email_format_documents_behaviour
FAILED tests/admin_portal/customers/test_customers_validation.py::test_blank_site_assignment_blocked_on_save
ERROR tests/admin_portal/customers/test_customers_edit.py::test_edit_customer_name_persists
ERROR tests/admin_portal/customers/test_customers_edit.py::test_deactivate_active_customer
= 9 failed, 46 passed, 34 skipped, 3 xfailed, 1 xpassed, 2 errors in 5541.34s (1:32:21) =
EXIT:0
