2026-07-29 05:01:34,741 INFO nxtwash: Test run starting against 'staging' environment
============================= test session starts ==============================
platform darwin -- Python 3.11.2, pytest-9.0.3, pluggy-1.6.0 -- /Users/vk/Documents/NxtWash Automation/nxtwash-automation/venv/bin/python
cachedir: .pytest_cache
metadata: {'Python': '3.11.2', 'Platform': 'macOS-26.2-arm64-arm-64bit', 'Packages': {'pytest': '9.0.3', 'pluggy': '1.6.0'}, 'Plugins': {'html': '4.1.1', 'allure-pytest': '2.16.0', 'xdist': '3.8.0', 'Faker': '40.19.1', 'timeout': '2.4.0', 'metadata': '3.1.1', 'rerunfailures': '15.1'}}
rootdir: /Users/vk/Documents/NxtWash Automation/nxtwash-automation
configfile: pytest.ini
plugins: html-4.1.1, allure-pytest-2.16.0, xdist-3.8.0, Faker-40.19.1, timeout-2.4.0, metadata-3.1.1, rerunfailures-15.1
timeout: 420.0s
timeout method: signal
timeout func_only: False
collecting ... collected 78 items

tests/admin_portal/wash_packages/test_wash_packages_barcode.py::test_wash_package_barcode_persists 2026-07-29 05:03:33,721 ERROR nxtwash: Test FAILED: tests/admin_portal/wash_packages/test_wash_packages_barcode.py::test_wash_package_barcode_persists (url: https://staging.nxtwash.com/services/washPackages)

-------------------------------- live log call ---------------------------------
ERROR    nxtwash:conftest.py:241 Test FAILED: tests/admin_portal/wash_packages/test_wash_packages_barcode.py::test_wash_package_barcode_persists (url: https://staging.nxtwash.com/services/washPackages)
2026-07-29 05:03:37,163 ERROR nxtwash: Visible page text at failure:
Overview
Sites / Locations
Services
Customers
Users / Employees
Kiosk Settings
Gas Pump Settings
POS Settings
Tunnel Settings
Self Serve
Reports
Vishal Kumar
Owner
ERROR    nxtwash:conftest.py:256 Visible page text at failure:
Overview
Sites / Locations
Services
Customers
Users / Employees
Kiosk Settings
Gas Pump Settings
POS Settings
Tunnel Settings
Self Serve
Reports
Vishal Kumar
Owner
FAILED                                                                   [  1%]
tests/admin_portal/wash_packages/test_wash_packages_barcode.py::test_duplicate_barcode_behaviour XPASSe (product defect).) [  2%]
tests/admin_portal/wash_packages/test_wash_packages_coverage_gap.py::test_wash_packages_list_shell_controls_and_grid 
-------------------------------- live log call ---------------------------------
INFO     nxtwash:test_wash_packages_coverage_gap.py:23 Verifying Wash Packages list shell and primary controls
PASSED                                                                   [  3%]
tests/admin_portal/wash_packages/test_wash_packages_coverage_gap.py::test_wash_packages_search_variants_and_clear SKIPPEDage_if_missing on
staging.)                                                                [  5%]
tests/admin_portal/wash_packages/test_wash_packages_coverage_gap.py::test_wash_packages_filter_panel_site_option_and_reset 
-------------------------------- live log call ---------------------------------
INFO     nxtwash:test_wash_packages_coverage_gap.py:80 Verifying Wash Packages filter panel controls and reset
PASSED                                                                   [  6%]
tests/admin_portal/wash_packages/test_wash_packages_coverage_gap.py::test_add_wash_package_form_service_discount_save_cancel_controls 
-------------------------------- live log call ---------------------------------
INFO     nxtwash:test_wash_packages_coverage_gap.py:96 Verifying Add Wash Package form controls
PASSED                                                                   [  7%]
tests/admin_portal/wash_packages/test_wash_packages_coverage_gap.py::test_wash_package_global_price_is_required 
-------------------------------- live log call ---------------------------------
INFO     nxtwash:test_wash_packages_coverage_gap.py:119 Verifying global price mandatory validation
PASSED                                                                   [  8%]
tests/admin_portal/wash_packages/test_wash_packages_coverage_gap.py::test_wash_packages_download_file_validation_blocker XFAILiguration
and CSV/XLS parser utilities.)                                           [ 10%]
tests/admin_portal/wash_packages/test_wash_packages_coverage_gap.py::test_wash_packages_permission_matrix_blocker XFAIL [ 11%]
tests/admin_portal/wash_packages/test_wash_packages_coverage_gap.py::test_wash_packages_advanced_edge_case_harness_blocker XFAIL multi-session,
network interception, audit API, and environment restart harnesses.)     [ 12%]
tests/admin_portal/wash_packages/test_wash_packages_dependency.py::test_wash_package_available_for_membership_redemption SKIPPED) [ 14%]
tests/admin_portal/wash_packages/test_wash_packages_dependency.py::test_deactivate_wash_package_mapped_to_membership SKIPPED) [ 15%]
tests/admin_portal/wash_packages/test_wash_packages_dependency.py::test_rename_wash_package_mapped_to_membership SKIPPED) [ 16%]
tests/admin_portal/wash_packages/test_wash_packages_dependency.py::test_deactivated_discount_removed_from_wash_package SKIPPED [ 17%]
tests/admin_portal/wash_packages/test_wash_packages_dependency.py::test_site_unassignment_does_not_affect_other_redemption_sites SKIPPED [ 19%]
tests/admin_portal/wash_packages/test_wash_packages_edge_cases.py::test_wash_package_long_name_does_not_break_form PASSED [ 20%]
tests/admin_portal/wash_packages/test_wash_packages_edge_cases.py::test_wash_package_whitespace_name_is_rejected PASSED [ 21%]
tests/admin_portal/wash_packages/test_wash_packages_edge_cases.py::test_wash_package_existing_search_is_repeatable PASSED [ 23%]
tests/admin_portal/wash_packages/test_wash_packages_edit.py::test_edit_wash_package_name_persists PASSED [ 24%]
tests/admin_portal/wash_packages/test_wash_packages_edit.py::test_edit_wash_package_global_price_persists PASSED [ 25%]
tests/admin_portal/wash_packages/test_wash_packages_edit.py::test_edit_wash_package_global_commission_persists PASSED [ 26%]
tests/admin_portal/wash_packages/test_wash_packages_edit.py::test_edit_wash_package_loyalty_points_persist PASSED [ 28%]
tests/admin_portal/wash_packages/test_wash_packages_edit.py::test_edit_wash_package_assigned_sites 2026-07-29 05:20:00,441 ERROR nxtwash: Test FAILED: tests/admin_portal/wash_packages/test_wash_packages_edit.py::test_edit_wash_package_assigned_sites (url: https://staging.nxtwash.com/services/washPackages/edit/30758)

-------------------------------- live log call ---------------------------------
ERROR    nxtwash:conftest.py:241 Test FAILED: tests/admin_portal/wash_packages/test_wash_packages_edit.py::test_edit_wash_package_assigned_sites (url: https://staging.nxtwash.com/services/washPackages/edit/30758)
2026-07-29 05:20:03,963 ERROR nxtwash: Visible page text at failure:
Overview
Sites / Locations
Services
Customers
Users / Employees
Kiosk Settings
Gas Pump Settings
POS Settings
Tunnel Settings
Self Serve
Reports
Vishal Kumar
Owner
ERROR    nxtwash:conftest.py:256 Visible page text at failure:
Overview
Sites / Locations
Services
Customers
Users / Employees
Kiosk Settings
Gas Pump Settings
POS Settings
Tunnel Settings
Self Serve
Reports
Vishal Kumar
Owner
FAILED                                                                   [ 29%]
tests/admin_portal/wash_packages/test_wash_packages_edit.py::test_activate_wash_package PASSED [ 30%]
tests/admin_portal/wash_packages/test_wash_packages_edit.py::test_deactivate_wash_package XPASSproduces locally. Pending individual fix
— see docs/admin_test_burndown.md)                                       [ 32%]
tests/admin_portal/wash_packages/test_wash_packages_edit.py::test_deactivate_wash_package XFAILproduces locally. Pending individual fix
— see docs/admin_test_burndown.md)                                       [ 32%]
tests/admin_portal/wash_packages/test_wash_packages_edit.py::test_assign_applicable_discount_persists ERROR [ 33%]
tests/admin_portal/wash_packages/test_wash_packages_edit.py::test_assign_multiple_discounts_persist ERROR [ 34%]
tests/admin_portal/wash_packages/test_wash_packages_edit.py::test_remove_applicable_discount_persists XFAILproduces locally. Pending
individual fix — see docs/admin_test_burndown.md)                        [ 35%]
tests/admin_portal/wash_packages/test_wash_packages_edit.py::test_service_description_persists XFAIL verification against the actual form DOM.) [ 37%]
tests/admin_portal/wash_packages/test_wash_packages_export.py::test_wash_packages_export_button_clickable PASSED [ 38%]
tests/admin_portal/wash_packages/test_wash_packages_export.py::test_wash_packages_export_after_filter XFAILproduces locally. Pending
individual fix — see docs/admin_test_burndown.md)                        [ 39%]
tests/admin_portal/wash_packages/test_wash_packages_loyalty.py::test_loyalty_points_awarded_persists ERROR [ 41%]
tests/admin_portal/wash_packages/test_wash_packages_loyalty.py::test_loyalty_points_redeemed_persists ERROR [ 42%]
tests/admin_portal/wash_packages/test_wash_packages_loyalty.py::test_points_awarded_info_tooltip_is_visible PASSED [ 43%]
tests/admin_portal/wash_packages/test_wash_packages_loyalty.py::test_points_redeemed_info_tooltip_is_visible PASSED [ 44%]
tests/admin_portal/wash_packages/test_wash_packages_managed.py::test_managed_package_provided_at_baseline ERROR [ 46%]
tests/admin_portal/wash_packages/test_wash_packages_managed.py::test_managed_package_mutation_is_reset_on_teardown ERROR [ 47%]
tests/admin_portal/wash_packages/test_wash_packages_negative.py::test_wash_package_required_name_validation PASSED [ 48%]
tests/admin_portal/wash_packages/test_wash_packages_negative.py::test_create_duplicate_wash_package_is_blocked XFAILe name; same product defect
as duplicate barcode.)                                                   [ 50%]
tests/admin_portal/wash_packages/test_wash_packages_negative.py::test_wash_package_required_price_validation PASSED [ 51%]
tests/admin_portal/wash_packages/test_wash_packages_negative.py::test_negative_global_price_is_rejected XFAILs pass checkValidity(). Product
should enforce min=0. Remove xfail once fixed.)                          [ 52%]
tests/admin_portal/wash_packages/test_wash_packages_negative.py::test_negative_global_commission_is_rejected XFAILvalues pass checkValidity().
Product should enforce min=0. Remove xfail once fixed.)                  [ 53%]
tests/admin_portal/wash_packages/test_wash_packages_negative.py::test_wash_packages_special_character_search_stays_usable PASSED [ 55%]
tests/admin_portal/wash_packages/test_wash_packages_positive.py::test_create_active_wash_package 2026-07-29 05:50:43,616 ERROR nxtwash: Test FAILED: tests/admin_portal/wash_packages/test_wash_packages_positive.py::test_create_active_wash_package (url: https://staging.nxtwash.com/services/washPackages/new)

-------------------------------- live log call ---------------------------------
ERROR    nxtwash:conftest.py:241 Test FAILED: tests/admin_portal/wash_packages/test_wash_packages_positive.py::test_create_active_wash_package (url: https://staging.nxtwash.com/services/washPackages/new)
2026-07-29 05:50:58,501 ERROR nxtwash: Visible page text at failure:
Overview
Sites / Locations
Services
Customers
Users / Employees
Kiosk Settings
Gas Pump Settings
POS Settings
Tunnel Settings
Self Serve
Reports
Vishal Kumar
Owner
ERROR    nxtwash:conftest.py:256 Visible page text at failure:
Overview
Sites / Locations
Services
Customers
Users / Employees
Kiosk Settings
Gas Pump Settings
POS Settings
Tunnel Settings
Self Serve
Reports
Vishal Kumar
Owner
FAILED                                                                   [ 56%]
tests/admin_portal/wash_packages/test_wash_packages_positive.py::test_create_inactive_wash_package PASSED [ 57%]
tests/admin_portal/wash_packages/test_wash_packages_positive.py::test_create_wash_package_without_barcode 2026-07-29 05:53:45,541 ERROR nxtwash: Test FAILED: tests/admin_portal/wash_packages/test_wash_packages_positive.py::test_create_wash_package_without_barcode (url: https://staging.nxtwash.com/services/washPackages)

-------------------------------- live log call ---------------------------------
ERROR    nxtwash:conftest.py:241 Test FAILED: tests/admin_portal/wash_packages/test_wash_packages_positive.py::test_create_wash_package_without_barcode (url: https://staging.nxtwash.com/services/washPackages)
2026-07-29 05:53:47,869 ERROR nxtwash: Visible page text at failure:
Wash packages
Filter by (1)
+ Add new wash package
Wash package name
Price
Status
No records available
Page
of
0
Results per page
100
Showing 0 - 0 of 0
ERROR    nxtwash:conftest.py:256 Visible page text at failure:
Wash packages
Filter by (1)
+ Add new wash package
Wash package name
Price
Status
No records available
Page
of
0
Results per page
100
Showing 0 - 0 of 0
FAILED                                                                   [ 58%]
tests/admin_portal/wash_packages/test_wash_packages_positive.py::test_create_wash_package_without_loyalty_points 2026-07-29 05:55:39,037 ERROR nxtwash: Test FAILED: tests/admin_portal/wash_packages/test_wash_packages_positive.py::test_create_wash_package_without_loyalty_points (url: https://staging.nxtwash.com/services/washPackages)

-------------------------------- live log call ---------------------------------
ERROR    nxtwash:conftest.py:241 Test FAILED: tests/admin_portal/wash_packages/test_wash_packages_positive.py::test_create_wash_package_without_loyalty_points (url: https://staging.nxtwash.com/services/washPackages)
2026-07-29 05:55:42,986 ERROR nxtwash: Visible page text at failure:
Wash packages
Filter by (1)
+ Add new wash package
Wash package name
Price
Status
No records available
Page
of
0
Results per page
100
Showing 0 - 0 of 0
ERROR    nxtwash:conftest.py:256 Visible page text at failure:
Wash packages
Filter by (1)
+ Add new wash package
Wash package name
Price
Status
No records available
Page
of
0
Results per page
100
Showing 0 - 0 of 0
FAILED                                                                   [ 60%]
tests/admin_portal/wash_packages/test_wash_packages_positive.py::test_create_wash_package_without_discount 2026-07-29 05:57:30,825 ERROR nxtwash: Test FAILED: tests/admin_portal/wash_packages/test_wash_packages_positive.py::test_create_wash_package_without_discount (url: unknown)

-------------------------------- live log call ---------------------------------
ERROR    nxtwash:conftest.py:241 Test FAILED: tests/admin_portal/wash_packages/test_wash_packages_positive.py::test_create_wash_package_without_discount (url: unknown)
2026-07-29 05:57:30,877 WARNING nxtwash: Could not capture screenshot 'failure-tests_admin_portal_wash_packages_test_wash_packages_positive.py_test_create_wash_package_without_discount': Message: no such window: target window already closed
from unknown error: web view not found
  (Session info: chrome=150.0.7871.187)
Stacktrace:
0   chromedriver                        0x0000000105001a84 cxxbridge1$str$ptr + 3195292
1   chromedriver                        0x0000000104ff9b4c cxxbridge1$str$ptr + 3162724
2   chromedriver                        0x0000000104aa32a4 _RNvCs9NA52FrZ4pF_7___rustc35___rust_no_alloc_shim_is_unstable_v2 + 73836
3   chromedriver                        0x0000000104a7c774 chromedriver + 165748
4   chromedriver                        0x0000000104b13b58 _RNvCs9NA52FrZ4pF_7___rustc35___rust_no_alloc_shim_is_unstable_v2 + 534816
5   chromedriver                        0x0000000104b2ab4c _RNvCs9NA52FrZ4pF_7___rustc35___rust_no_alloc_shim_is_unstable_v2 + 629012
6   chromedriver                        0x0000000104ae1434 _RNvCs9NA52FrZ4pF_7___rustc35___rust_no_alloc_shim_is_unstable_v2 + 328188
7   chromedriver                        0x0000000104fbec40 cxxbridge1$str$ptr + 2921304
8   chromedriver                        0x0000000104fc23b8 cxxbridge1$str$ptr + 2935504
9   chromedriver                        0x0000000104fa50f8 cxxbridge1$str$ptr + 2816016
10  chromedriver                        0x0000000104fc2c4c cxxbridge1$str$ptr + 2937700
11  chromedriver                        0x0000000104f963b0 cxxbridge1$str$ptr + 2755272
12  chromedriver                        0x0000000104fe81f4 cxxbridge1$str$ptr + 3090700
13  chromedriver                        0x0000000104fe8354 cxxbridge1$str$ptr + 3091052
14  chromedriver                        0x0000000104ff97a4 cxxbridge1$str$ptr + 3161788
15  libsystem_pthread.dylib             0x0000000199325c08 _pthread_start + 136
16  libsystem_pthread.dylib             0x0000000199320ba8 thread_start + 8

WARNING  nxtwash:conftest.py:213 Could not capture screenshot 'failure-tests_admin_portal_wash_packages_test_wash_packages_positive.py_test_create_wash_package_without_discount': Message: no such window: target window already closed
from unknown error: web view not found
  (Session info: chrome=150.0.7871.187)
Stacktrace:
0   chromedriver                        0x0000000105001a84 cxxbridge1$str$ptr + 3195292
1   chromedriver                        0x0000000104ff9b4c cxxbridge1$str$ptr + 3162724
2   chromedriver                        0x0000000104aa32a4 _RNvCs9NA52FrZ4pF_7___rustc35___rust_no_alloc_shim_is_unstable_v2 + 73836
3   chromedriver                        0x0000000104a7c774 chromedriver + 165748
4   chromedriver                        0x0000000104b13b58 _RNvCs9NA52FrZ4pF_7___rustc35___rust_no_alloc_shim_is_unstable_v2 + 534816
5   chromedriver                        0x0000000104b2ab4c _RNvCs9NA52FrZ4pF_7___rustc35___rust_no_alloc_shim_is_unstable_v2 + 629012
6   chromedriver                        0x0000000104ae1434 _RNvCs9NA52FrZ4pF_7___rustc35___rust_no_alloc_shim_is_unstable_v2 + 328188
7   chromedriver                        0x0000000104fbec40 cxxbridge1$str$ptr + 2921304
8   chromedriver                        0x0000000104fc23b8 cxxbridge1$str$ptr + 2935504
9   chromedriver                        0x0000000104fa50f8 cxxbridge1$str$ptr + 2816016
10  chromedriver                        0x0000000104fc2c4c cxxbridge1$str$ptr + 2937700
11  chromedriver                        0x0000000104f963b0 cxxbridge1$str$ptr + 2755272
12  chromedriver                        0x0000000104fe81f4 cxxbridge1$str$ptr + 3090700
13  chromedriver                        0x0000000104fe8354 cxxbridge1$str$ptr + 3091052
14  chromedriver                        0x0000000104ff97a4 cxxbridge1$str$ptr + 3161788
15  libsystem_pthread.dylib             0x0000000199325c08 _pthread_start + 136
16  libsystem_pthread.dylib             0x0000000199320ba8 thread_start + 8

2026-07-29 05:57:30,892 WARNING nxtwash: Could not capture body text: Message: no such window: target window already closed
from unknown error: web view not found
  (Session info: chrome=150.0.7871.187)
Stacktrace:
0   chromedriver                        0x0000000105001a84 cxxbridge1$str$ptr + 3195292
1   chromedriver                        0x0000000104ff9b4c cxxbridge1$str$ptr + 3162724
2   chromedriver                        0x0000000104aa32a4 _RNvCs9NA52FrZ4pF_7___rustc35___rust_no_alloc_shim_is_unstable_v2 + 73836
3   chromedriver                        0x0000000104a7c774 chromedriver + 165748
4   chromedriver                        0x0000000104b13b58 _RNvCs9NA52FrZ4pF_7___rustc35___rust_no_alloc_shim_is_unstable_v2 + 534816
5   chromedriver                        0x0000000104b2ab4c _RNvCs9NA52FrZ4pF_7___rustc35___rust_no_alloc_shim_is_unstable_v2 + 629012
6   chromedriver                        0x0000000104ae1434 _RNvCs9NA52FrZ4pF_7___rustc35___rust_no_alloc_shim_is_unstable_v2 + 328188
7   chromedriver                        0x0000000104fbec40 cxxbridge1$str$ptr + 2921304
8   chromedriver                        0x0000000104fc23b8 cxxbridge1$str$ptr + 2935504
9   chromedriver                        0x0000000104fa50f8 cxxbridge1$str$ptr + 2816016
10  chromedriver                        0x0000000104fc2c4c cxxbridge1$str$ptr + 2937700
11  chromedriver                        0x0000000104f963b0 cxxbridge1$str$ptr + 2755272
12  chromedriver                        0x0000000104fe81f4 cxxbridge1$str$ptr + 3090700
13  chromedriver                        0x0000000104fe8354 cxxbridge1$str$ptr + 3091052
14  chromedriver                        0x0000000104ff97a4 cxxbridge1$str$ptr + 3161788
15  libsystem_pthread.dylib             0x0000000199325c08 _pthread_start + 136
16  libsystem_pthread.dylib             0x0000000199320ba8 thread_start + 8

WARNING  nxtwash:conftest.py:258 Could not capture body text: Message: no such window: target window already closed
from unknown error: web view not found
  (Session info: chrome=150.0.7871.187)
Stacktrace:
0   chromedriver                        0x0000000105001a84 cxxbridge1$str$ptr + 3195292
1   chromedriver                        0x0000000104ff9b4c cxxbridge1$str$ptr + 3162724
2   chromedriver                        0x0000000104aa32a4 _RNvCs9NA52FrZ4pF_7___rustc35___rust_no_alloc_shim_is_unstable_v2 + 73836
3   chromedriver                        0x0000000104a7c774 chromedriver + 165748
4   chromedriver                        0x0000000104b13b58 _RNvCs9NA52FrZ4pF_7___rustc35___rust_no_alloc_shim_is_unstable_v2 + 534816
5   chromedriver                        0x0000000104b2ab4c _RNvCs9NA52FrZ4pF_7___rustc35___rust_no_alloc_shim_is_unstable_v2 + 629012
6   chromedriver                        0x0000000104ae1434 _RNvCs9NA52FrZ4pF_7___rustc35___rust_no_alloc_shim_is_unstable_v2 + 328188
7   chromedriver                        0x0000000104fbec40 cxxbridge1$str$ptr + 2921304
8   chromedriver                        0x0000000104fc23b8 cxxbridge1$str$ptr + 2935504
9   chromedriver                        0x0000000104fa50f8 cxxbridge1$str$ptr + 2816016
10  chromedriver                        0x0000000104fc2c4c cxxbridge1$str$ptr + 2937700
11  chromedriver                        0x0000000104f963b0 cxxbridge1$str$ptr + 2755272
12  chromedriver                        0x0000000104fe81f4 cxxbridge1$str$ptr + 3090700
13  chromedriver                        0x0000000104fe8354 cxxbridge1$str$ptr + 3091052
14  chromedriver                        0x0000000104ff97a4 cxxbridge1$str$ptr + 3161788
15  libsystem_pthread.dylib             0x0000000199325c08 _pthread_start + 136
16  libsystem_pthread.dylib             0x0000000199320ba8 thread_start + 8

2026-07-29 05:57:30,903 WARNING nxtwash: Could not capture page source: Message: no such window: target window already closed
from unknown error: web view not found
  (Session info: chrome=150.0.7871.187)
Stacktrace:
0   chromedriver                        0x0000000105001a84 cxxbridge1$str$ptr + 3195292
1   chromedriver                        0x0000000104ff9b4c cxxbridge1$str$ptr + 3162724
2   chromedriver                        0x0000000104aa32a4 _RNvCs9NA52FrZ4pF_7___rustc35___rust_no_alloc_shim_is_unstable_v2 + 73836
3   chromedriver                        0x0000000104a7c774 chromedriver + 165748
4   chromedriver                        0x0000000104b13b58 _RNvCs9NA52FrZ4pF_7___rustc35___rust_no_alloc_shim_is_unstable_v2 + 534816
5   chromedriver                        0x0000000104b2ab4c _RNvCs9NA52FrZ4pF_7___rustc35___rust_no_alloc_shim_is_unstable_v2 + 629012
6   chromedriver                        0x0000000104ae1434 _RNvCs9NA52FrZ4pF_7___rustc35___rust_no_alloc_shim_is_unstable_v2 + 328188
7   chromedriver                        0x0000000104fbec40 cxxbridge1$str$ptr + 2921304
8   chromedriver                        0x0000000104fc23b8 cxxbridge1$str$ptr + 2935504
9   chromedriver                        0x0000000104fa50f8 cxxbridge1$str$ptr + 2816016
10  chromedriver                        0x0000000104fc2c4c cxxbridge1$str$ptr + 2937700
11  chromedriver                        0x0000000104f963b0 cxxbridge1$str$ptr + 2755272
12  chromedriver                        0x0000000104fe81f4 cxxbridge1$str$ptr + 3090700
13  chromedriver                        0x0000000104fe8354 cxxbridge1$str$ptr + 3091052
14  chromedriver                        0x0000000104ff97a4 cxxbridge1$str$ptr + 3161788
15  libsystem_pthread.dylib             0x0000000199325c08 _pthread_start + 136
16  libsystem_pthread.dylib             0x0000000199320ba8 thread_start + 8

WARNING  nxtwash:conftest.py:278 Could not capture page source: Message: no such window: target window already closed
from unknown error: web view not found
  (Session info: chrome=150.0.7871.187)
Stacktrace:
0   chromedriver                        0x0000000105001a84 cxxbridge1$str$ptr + 3195292
1   chromedriver                        0x0000000104ff9b4c cxxbridge1$str$ptr + 3162724
2   chromedriver                        0x0000000104aa32a4 _RNvCs9NA52FrZ4pF_7___rustc35___rust_no_alloc_shim_is_unstable_v2 + 73836
3   chromedriver                        0x0000000104a7c774 chromedriver + 165748
4   chromedriver                        0x0000000104b13b58 _RNvCs9NA52FrZ4pF_7___rustc35___rust_no_alloc_shim_is_unstable_v2 + 534816
5   chromedriver                        0x0000000104b2ab4c _RNvCs9NA52FrZ4pF_7___rustc35___rust_no_alloc_shim_is_unstable_v2 + 629012
6   chromedriver                        0x0000000104ae1434 _RNvCs9NA52FrZ4pF_7___rustc35___rust_no_alloc_shim_is_unstable_v2 + 328188
7   chromedriver                        0x0000000104fbec40 cxxbridge1$str$ptr + 2921304
8   chromedriver                        0x0000000104fc23b8 cxxbridge1$str$ptr + 2935504
9   chromedriver                        0x0000000104fa50f8 cxxbridge1$str$ptr + 2816016
10  chromedriver                        0x0000000104fc2c4c cxxbridge1$str$ptr + 2937700
11  chromedriver                        0x0000000104f963b0 cxxbridge1$str$ptr + 2755272
12  chromedriver                        0x0000000104fe81f4 cxxbridge1$str$ptr + 3090700
13  chromedriver                        0x0000000104fe8354 cxxbridge1$str$ptr + 3091052
14  chromedriver                        0x0000000104ff97a4 cxxbridge1$str$ptr + 3161788
15  libsystem_pthread.dylib             0x0000000199325c08 _pthread_start + 136
16  libsystem_pthread.dylib             0x0000000199320ba8 thread_start + 8

FAILED                                                                   [ 61%]
tests/admin_portal/wash_packages/test_wash_packages_positive.py::test_wash_package_settings_persist 2026-07-29 05:59:31,754 ERROR nxtwash: Test FAILED: tests/admin_portal/wash_packages/test_wash_packages_positive.py::test_wash_package_settings_persist (url: https://staging.nxtwash.com/services/washPackages/new)

-------------------------------- live log call ---------------------------------
ERROR    nxtwash:conftest.py:241 Test FAILED: tests/admin_portal/wash_packages/test_wash_packages_positive.py::test_wash_package_settings_persist (url: https://staging.nxtwash.com/services/washPackages/new)
2026-07-29 05:59:40,387 ERROR nxtwash: Visible page text at failure:
Overview
Sites / Locations
Services
Customers
Users / Employees
Kiosk Settings
Gas Pump Settings
POS Settings
Tunnel Settings
Self Serve
Reports
Vishal Kumar
Owner
ERROR    nxtwash:conftest.py:256 Visible page text at failure:
Overview
Sites / Locations
Services
Customers
Users / Employees
Kiosk Settings
Gas Pump Settings
POS Settings
Tunnel Settings
Self Serve
Reports
Vishal Kumar
Owner
FAILED                                                                   [ 62%]
tests/admin_portal/wash_packages/test_wash_packages_search_filter.py::test_wash_packages_existing_search 2026-07-29 06:01:52,731 ERROR nxtwash: Test FAILED: tests/admin_portal/wash_packages/test_wash_packages_search_filter.py::test_wash_packages_existing_search (url: https://staging.nxtwash.com/services/washPackages/new)

-------------------------------- live log call ---------------------------------
ERROR    nxtwash:conftest.py:241 Test FAILED: tests/admin_portal/wash_packages/test_wash_packages_search_filter.py::test_wash_packages_existing_search (url: https://staging.nxtwash.com/services/washPackages/new)
2026-07-29 06:02:07,328 ERROR nxtwash: Visible page text at failure:
Overview
Sites / Locations
Services
Customers
Users / Employees
Kiosk Settings
Gas Pump Settings
POS Settings
Tunnel Settings
Self Serve
Reports
Vishal Kumar
Owner
ERROR    nxtwash:conftest.py:256 Visible page text at failure:
Overview
Sites / Locations
Services
Customers
Users / Employees
Kiosk Settings
Gas Pump Settings
POS Settings
Tunnel Settings
Self Serve
Reports
Vishal Kumar
Owner
FAILED                                                                   [ 64%]
tests/admin_portal/wash_packages/test_wash_packages_search_filter.py::test_wash_packages_partial_search XFAILproduces locally. Pending
individual fix — see docs/admin_test_burndown.md)                        [ 65%]
tests/admin_portal/wash_packages/test_wash_packages_search_filter.py::test_wash_packages_missing_search PASSED [ 66%]
tests/admin_portal/wash_packages/test_wash_packages_search_filter.py::test_wash_packages_clear_search_restores_list 2026-07-29 06:06:04,981 ERROR nxtwash: Test FAILED: tests/admin_portal/wash_packages/test_wash_packages_search_filter.py::test_wash_packages_clear_search_restores_list (url: https://staging.nxtwash.com/services/washPackages/new)

-------------------------------- live log call ---------------------------------
ERROR    nxtwash:conftest.py:241 Test FAILED: tests/admin_portal/wash_packages/test_wash_packages_search_filter.py::test_wash_packages_clear_search_restores_list (url: https://staging.nxtwash.com/services/washPackages/new)
2026-07-29 06:06:08,675 ERROR nxtwash: Visible page text at failure:
Overview
Sites / Locations
Services
Customers
Users / Employees
Kiosk Settings
Gas Pump Settings
POS Settings
Tunnel Settings
Self Serve
Reports
Vishal Kumar
Owner
ERROR    nxtwash:conftest.py:256 Visible page text at failure:
Overview
Sites / Locations
Services
Customers
Users / Employees
Kiosk Settings
Gas Pump Settings
POS Settings
Tunnel Settings
Self Serve
Reports
Vishal Kumar
Owner
FAILED                                                                   [ 67%]
tests/admin_portal/wash_packages/test_wash_packages_search_filter.py::test_wash_packages_search_payloads_do_not_break_grid 