2026-07-29 03:09:45,846 INFO nxtwash: Test run starting against 'staging' environment
============================= test session starts ==============================
platform darwin -- Python 3.11.2, pytest-9.0.3, pluggy-1.6.0
rootdir: /Users/vk/Documents/NxtWash Automation/nxtwash-automation
configfile: pytest.ini
plugins: html-4.1.1, allure-pytest-2.16.0, xdist-3.8.0, Faker-40.19.1, timeout-2.4.0, metadata-3.1.1, rerunfailures-15.1
timeout: 300.0s
timeout method: signal
timeout func_only: False
collected 166 items

tests/admin_portal/users/test_users_create.py::test_users_add_form_opens PASSED [  0%]
tests/admin_portal/users/test_users_create.py::test_create_active_user SKIPPED [  1%]
tests/admin_portal/users/test_users_create.py::test_create_inactive_user SKIPPED [  1%]
tests/admin_portal/users/test_users_create.py::test_create_user_employee_required PASSED [  2%]
tests/admin_portal/users/test_users_create.py::test_create_user_password_required SKIPPED [  3%]
tests/admin_portal/users/test_users_create.py::test_create_user_confirm_password_required SKIPPED [  3%]
tests/admin_portal/users/test_users_create.py::test_create_user_email_required SKIPPED [  4%]
tests/admin_portal/users/test_users_create.py::test_create_user_phone_required SKIPPED [  4%]
tests/admin_portal/users/test_users_create.py::test_create_user_role_required SKIPPED [  5%]
tests/admin_portal/users/test_users_create.py::test_create_user_password_mismatch SKIPPED [  6%]
tests/admin_portal/users/test_users_create.py::test_create_user_password_visibility_toggle XFAIL [  6%]
tests/admin_portal/users/test_users_create.py::test_create_user_confirm_password_visibility_toggle XFAIL [  7%]
tests/admin_portal/users/test_users_create.py::test_create_user_employee_dropdown_lists_employees XFAIL [  7%]
tests/admin_portal/users/test_users_create.py::test_create_user_role_dropdown_lists_roles XFAIL [  8%]
tests/admin_portal/users/test_users_create.py::test_create_user_invalid_email_rejected PASSED [  9%]
tests/admin_portal/users/test_users_create.py::test_create_user_duplicate_email_rejected SKIPPED [  9%]
tests/admin_portal/users/test_users_create.py::test_create_user_cancel_discards_form PASSED [ 10%]
tests/admin_portal/users/test_users_create.py::test_new_user_appears_immediately SKIPPED [ 10%]
tests/admin_portal/users/test_users_dependency.py::test_new_role_appears_in_users_dropdown XFAIL [ 11%]
tests/admin_portal/users/test_users_dependency.py::test_employee_dropdown_reflects_employees_module XFAIL [ 12%]
tests/admin_portal/users/test_users_dependency.py::test_filter_sites_match_sites_and_locations_module XFAIL [ 12%]
tests/admin_portal/users/test_users_edge_cases.py::test_only_active_roles_in_dropdown XFAIL [ 13%]
tests/admin_portal/users/test_users_edge_cases.py::test_only_active_employees_in_dropdown XFAIL [ 13%]
tests/admin_portal/users/test_users_edge_cases.py::test_email_whitespace_trimmed_or_rejected PASSED [ 14%]
tests/admin_portal/users/test_users_edge_cases.py::test_long_email_at_boundary PASSED [ 15%]
tests/admin_portal/users/test_users_edge_cases.py::test_user_data_persists_after_relogin SKIPPED [ 15%]
tests/admin_portal/users/test_users_edge_cases.py::test_filter_panel_accessible_for_name_email_lookup PASSED [ 16%]
tests/admin_portal/users/test_users_edit.py::test_users_edit_form_opens SKIPPED [ 16%]
tests/admin_portal/users/test_users_edit.py::test_edit_user_email_persists SKIPPED [ 17%]
tests/admin_portal/users/test_users_edit.py::test_edit_user_phone_persists SKIPPED [ 18%]
tests/admin_portal/users/test_users_edit.py::test_edit_user_role_persists SKIPPED [ 18%]
tests/admin_portal/users/test_users_edit.py::test_edit_user_employee_persists SKIPPED [ 19%]
tests/admin_portal/users/test_users_edit.py::test_activate_inactive_user SKIPPED [ 19%]
tests/admin_portal/users/test_users_edit.py::test_deactivate_active_user SKIPPED [ 20%]
tests/admin_portal/users/test_users_edit.py::test_edit_user_email_required SKIPPED [ 21%]
tests/admin_portal/users/test_users_edit.py::test_edit_user_phone_required SKIPPED [ 21%]
tests/admin_portal/users/test_users_edit.py::test_edit_user_invalid_email_blocked SKIPPED [ 22%]
tests/admin_portal/users/test_users_edit.py::test_edit_user_cancel_discards_changes SKIPPED [ 22%]
tests/admin_portal/users/test_users_edit.py::test_edit_user_no_password_fields SKIPPED [ 23%]
tests/admin_portal/users/test_users_export.py::test_users_export_button_clickable PASSED [ 24%]
tests/admin_portal/users/test_users_filter.py::test_users_filter_panel_opens PASSED [ 24%]
tests/admin_portal/users/test_users_filter.py::test_users_filter_by_first_name SKIPPED [ 25%]
tests/admin_portal/users/test_users_filter.py::test_users_filter_by_last_name SKIPPED [ 25%]
tests/admin_portal/users/test_users_filter.py::test_users_filter_by_email SKIPPED [ 26%]
tests/admin_portal/users/test_users_filter.py::test_users_filter_by_employee_code SKIPPED [ 27%]
tests/admin_portal/users/test_users_filter.py::test_users_filter_by_site SKIPPED [ 27%]
tests/admin_portal/users/test_users_filter.py::test_users_filter_active_only SKIPPED [ 28%]
tests/admin_portal/users/test_users_filter.py::test_users_filter_active_off_shows_all SKIPPED [ 28%]
tests/admin_portal/users/test_users_filter.py::test_users_filter_combined_name_and_site SKIPPED [ 29%]
tests/admin_portal/users/test_users_filter.py::test_users_filter_result_count_matches_rows SKIPPED [ 30%]
tests/admin_portal/users/test_users_filter.py::test_users_filter_reset_all SKIPPED [ 30%]
tests/admin_portal/users/test_users_filter.py::test_users_filter_site_dropdown_lists_sites XFAIL [ 31%]
tests/admin_portal/users/test_users_filter.py::test_users_filter_partial_name_matches SKIPPED [ 31%]
tests/admin_portal/users/test_users_list.py::test_users_list_page_loads PASSED [ 32%]
tests/admin_portal/users/test_users_list.py::test_users_list_required_columns PASSED [ 33%]
tests/admin_portal/users/test_users_list.py::test_users_list_pagination_count SKIPPED [ 33%]
tests/admin_portal/users/test_users_list.py::test_users_list_rows_per_page SKIPPED [ 34%]
tests/admin_portal/users/test_users_password.py::test_change_password_button_opens_flow SKIPPED [ 34%]
tests/admin_portal/users/test_users_password.py::test_change_password_matching_passwords_save SKIPPED [ 35%]
tests/admin_portal/users/test_users_password.py::test_change_password_mismatch_rejected SKIPPED [ 36%]
tests/admin_portal/users/test_users_password.py::test_change_password_blank_blocked SKIPPED [ 36%]
tests/admin_portal/users/test_users_password.py::test_change_password_visibility_toggles SKIPPED [ 37%]
tests/admin_portal/users/test_users_search.py::test_users_search_exact_phone SKIPPED [ 37%]
tests/admin_portal/users/test_users_search.py::test_users_search_partial_phone SKIPPED [ 38%]
tests/admin_portal/users/test_users_search.py::test_users_search_nonexistent_phone_shows_empty PASSED [ 39%]
tests/admin_portal/users/test_users_search.py::test_users_search_clear_restores_list SKIPPED [ 39%]
tests/admin_portal/revenue_overview/test_revenue_overview.py::test_page_loads_at_correct_url PASSED [ 40%]
tests/admin_portal/revenue_overview/test_revenue_overview.py::test_filter_modal_auto_opens PASSED [ 40%]
tests/admin_portal/revenue_overview/test_revenue_overview.py::test_modal_contains_all_controls PASSED [ 41%]
tests/admin_portal/revenue_overview/test_revenue_overview.py::test_metrics_shell_renders_behind_modal PASSED [ 42%]
tests/admin_portal/revenue_overview/test_revenue_overview.py::test_page_title_and_info_icon_render PASSED [ 42%]
tests/admin_portal/revenue_overview/test_revenue_overview.py::test_sidebar_highlights_active_item PASSED [ 43%]
tests/admin_portal/revenue_overview/test_revenue_overview.py::test_sites_dropdown_lists_all_active_sites 2026-07-29 04:04:33,016 ERROR nxtwash: Test FAILED: tests/admin_portal/revenue_overview/test_revenue_overview.py::test_sites_dropdown_lists_all_active_sites (url: https://staging.nxtwash.com/reports/detailed/revenue)

-------------------------------- live log call ---------------------------------
ERROR    nxtwash:conftest.py:241 Test FAILED: tests/admin_portal/revenue_overview/test_revenue_overview.py::test_sites_dropdown_lists_all_active_sites (url: https://staging.nxtwash.com/reports/detailed/revenue)
2026-07-29 04:04:33,709 ERROR nxtwash: Visible page text at failure:
Revenue Metrics
Sites / Locations
No options
Export XLSX
Today
Select date range
Single day
Total Revenue
$0.00
New Members
$0.00
Recharges
$0.00
Resignups
$0.00
Retail Sales
$0.00
Revenue distribution
No information for this period
Membership Revenue
Retail Revenue
New Sales
Recharges
Resignups
Sites / Locations
Select site to filter...
Date range presets
Today
Select date range
Single day
Apply filters
ERROR    nxtwash:conftest.py:256 Visible page text at failure:
Revenue Metrics
Sites / Locations
No options
Export XLSX
Today
Select date range
Single day
Total Revenue
$0.00
New Members
$0.00
Recharges
$0.00
Resignups
$0.00
Retail Sales
$0.00
Revenue distribution
No information for this period
Membership Revenue
Retail Revenue
New Sales
Recharges
Resignups
Sites / Locations
Select site to filter...
Date range presets
Today
Select date range
Single day
Apply filters
FAILED                                                                   [ 43%]
tests/admin_portal/revenue_overview/test_revenue_overview.py::test_date_preset_dropdown_lists_seven_options PASSED [ 44%]
tests/admin_portal/revenue_overview/test_revenue_overview.py::test_modal_opens_with_default_state PASSED [ 45%]
tests/admin_portal/revenue_overview/test_revenue_overview.py::test_changing_preset_auto_updates_date_range PASSED [ 45%]
tests/admin_portal/revenue_overview/test_revenue_overview.py::test_single_day_checkbox_switches_to_single_date PASSED [ 46%]
tests/admin_portal/revenue_overview/test_revenue_overview.py::test_apply_filters_closes_modal_and_renders_metrics 2026-07-29 04:06:14,795 ERROR nxtwash: Test FAILED: tests/admin_portal/revenue_overview/test_revenue_overview.py::test_apply_filters_closes_modal_and_renders_metrics (url: https://staging.nxtwash.com/reports/detailed/revenue)

-------------------------------- live log call ---------------------------------
ERROR    nxtwash:conftest.py:241 Test FAILED: tests/admin_portal/revenue_overview/test_revenue_overview.py::test_apply_filters_closes_modal_and_renders_metrics (url: https://staging.nxtwash.com/reports/detailed/revenue)
2026-07-29 04:06:15,835 ERROR nxtwash: Visible page text at failure:
Revenue Metrics
Sites / Locations
Select site to filter...
Export XLSX
Today
Select date range
Single day
Total Revenue
$0.00
New Members
$0.00
Recharges
$0.00
Resignups
$0.00
Retail Sales
$0.00
Revenue distribution
No information for this period
Membership Revenue
Retail Revenue
New Sales
Recharges
Resignups
Sites / Locations
Select site to filter...
Date range presets
Today
Select date range
Single day
Apply filters
ERROR    nxtwash:conftest.py:256 Visible page text at failure:
Revenue Metrics
Sites / Locations
Select site to filter...
Export XLSX
Today
Select date range
Single day
Total Revenue
$0.00
New Members
$0.00
Recharges
$0.00
Resignups
$0.00
Retail Sales
$0.00
Revenue distribution
No information for this period
Membership Revenue
Retail Revenue
New Sales
Recharges
Resignups
Sites / Locations
Select site to filter...
Date range presets
Today
Select date range
Single day
Apply filters
FAILED                                                                   [ 46%]
tests/admin_portal/revenue_overview/test_revenue_overview.py::test_filter_values_reflected_in_page_level_bar PASSED [ 47%]
tests/admin_portal/revenue_overview/test_revenue_overview.py::test_modal_does_not_reopen_from_page_level_bar PASSED [ 48%]
tests/admin_portal/revenue_overview/test_revenue_overview.py::test_page_level_sites_dropdown_lists_all_sites PASSED [ 48%]
tests/admin_portal/revenue_overview/test_revenue_overview.py::test_selecting_single_site_scopes_all_sections PASSED [ 49%]
tests/admin_portal/revenue_overview/test_revenue_overview.py::test_selecting_multiple_sites_aggregates_revenue PASSED [ 50%]
tests/admin_portal/revenue_overview/test_revenue_overview.py::test_selected_sites_render_as_chips PASSED [ 50%]
tests/admin_portal/revenue_overview/test_revenue_overview.py::test_overflow_counter_chip_shown_for_many_sites PASSED [ 51%]
tests/admin_portal/revenue_overview/test_revenue_overview.py::test_selected_options_highlighted_in_dropdown XFAIL [ 51%]
tests/admin_portal/revenue_overview/test_revenue_overview.py::test_deselecting_option_removes_it PASSED [ 52%]
tests/admin_portal/revenue_overview/test_revenue_overview.py::test_clear_control_removes_all_chips XFAIL [ 53%]
tests/admin_portal/revenue_overview/test_revenue_overview.py::test_clearing_sites_shows_empty_state PASSED [ 53%]
tests/admin_portal/revenue_overview/test_revenue_overview.py::test_site_dropdown_scrolls_for_many_sites SKIPPED [ 54%]
tests/admin_portal/revenue_overview/test_revenue_overview.py::test_site_change_auto_applies_no_apply_button PASSED [ 54%]
tests/admin_portal/revenue_overview/test_revenue_overview.py::test_deactivated_sites_not_in_dropdown PASSED [ 55%]
tests/admin_portal/revenue_overview/test_revenue_overview.py::test_page_level_preset_lists_seven_options PASSED [ 56%]
tests/admin_portal/revenue_overview/test_revenue_overview.py::test_preset_updates_range_and_data[RVO-DTE-002] PASSED [ 56%]
tests/admin_portal/revenue_overview/test_revenue_overview.py::test_preset_updates_range_and_data[RVO-DTE-003] PASSED [ 57%]
tests/admin_portal/revenue_overview/test_revenue_overview.py::test_preset_updates_range_and_data[RVO-DTE-004] PASSED [ 57%]
tests/admin_portal/revenue_overview/test_revenue_overview.py::test_preset_updates_range_and_data[RVO-DTE-005] PASSED [ 58%]
tests/admin_portal/revenue_overview/test_revenue_overview.py::test_preset_updates_range_and_data[RVO-DTE-006] PASSED [ 59%]
tests/admin_portal/revenue_overview/test_revenue_overview.py::test_preset_updates_range_and_data[RVO-DTE-007] PASSED [ 59%]
tests/admin_portal/revenue_overview/test_revenue_overview.py::test_preset_updates_range_and_data[RVO-DTE-008] PASSED [ 60%]
tests/admin_portal/revenue_overview/test_revenue_overview.py::test_custom_range_switches_preset_to_custom PASSED [ 60%]
tests/admin_portal/revenue_overview/test_revenue_overview.py::test_date_range_field_opens_calendar_picker PASSED [ 61%]
tests/admin_portal/revenue_overview/test_revenue_overview.py::test_future_dates_disabled_in_calendar XFAIL [ 62%]
tests/admin_portal/revenue_overview/test_revenue_overview.py::test_year_selector_visible_in_calendar XFAIL [ 62%]
tests/admin_portal/revenue_overview/test_revenue_overview.py::test_date_preset_auto_applies_on_metrics_screen PASSED [ 63%]
tests/admin_portal/revenue_overview/test_revenue_overview.py::test_custom_range_same_start_end PASSED [ 63%]
tests/admin_portal/revenue_overview/test_revenue_overview.py::test_month_boundary_date_range PASSED [ 64%]
tests/admin_portal/revenue_overview/test_revenue_overview.py::test_five_kpi_cards_render PASSED [ 65%]
tests/admin_portal/revenue_overview/test_revenue_overview.py::test_kpi_cards_show_zero_when_no_data PASSED [ 65%]
tests/admin_portal/revenue_overview/test_revenue_overview.py::test_kpi_values_update_on_site_change PASSED [ 66%]
tests/admin_portal/revenue_overview/test_revenue_overview.py::test_kpi_values_update_on_date_change PASSED [ 66%]
tests/admin_portal/revenue_overview/test_revenue_overview.py::test_kpi_values_currency_format PASSED [ 67%]
tests/admin_portal/revenue_overview/test_revenue_overview.py::test_chart_renders_when_data_exists PASSED [ 68%]
tests/admin_portal/revenue_overview/test_revenue_overview.py::test_chart_shows_no_info_when_no_data PASSED [ 68%]
tests/admin_portal/revenue_overview/test_revenue_overview.py::test_legend_lists_all_series PASSED [ 69%]
tests/admin_portal/revenue_overview/test_revenue_overview.py::test_hover_segment_shows_tooltip PASSED [ 69%]
tests/admin_portal/revenue_overview/test_revenue_overview.py::test_hover_updates_centre_label PASSED [ 70%]
tests/admin_portal/revenue_overview/test_revenue_overview.py::test_centre_label_resets_on_pointer_leave XPASS [ 71%]
tests/admin_portal/revenue_overview/test_revenue_overview.py::test_legend_toggle_hides_segment XFAIL [ 71%]
tests/admin_portal/revenue_overview/test_revenue_overview.py::test_centre_label_not_recalculated_after_legend_toggle SKIPPED [ 72%]
tests/admin_portal/revenue_overview/test_revenue_overview.py::test_hiding_all_legend_series_no_error SKIPPED [ 72%]
tests/admin_portal/revenue_overview/test_revenue_overview.py::test_segment_colours_are_stable PASSED [ 73%]
tests/admin_portal/revenue_overview/test_revenue_overview.py::test_zero_revenue_series_in_legend_no_arc PASSED [ 74%]
tests/admin_portal/revenue_overview/test_revenue_overview.py::test_chart_rerenders_on_filter_change PASSED [ 74%]
tests/admin_portal/revenue_overview/test_revenue_overview.py::test_membership_tab_displayed_with_count PASSED [ 75%]
tests/admin_portal/revenue_overview/test_revenue_overview.py::test_membership_tab_selected_by_default PASSED [ 75%]
tests/admin_portal/revenue_overview/test_revenue_overview.py::test_membership_tab_shows_three_subtabs PASSED [ 76%]
tests/admin_portal/revenue_overview/test_revenue_overview.py::test_all_membership_subtabs_clickable PASSED [ 77%]
tests/admin_portal/revenue_overview/test_revenue_overview.py::test_membership_count_invariant PASSED [ 77%]
tests/admin_portal/revenue_overview/test_revenue_overview.py::test_new_sales_subtab_lists_plans PASSED [ 78%]
tests/admin_portal/revenue_overview/test_revenue_overview.py::test_recharges_subtab_zero_count_renders_cleanly PASSED [ 78%]
tests/admin_portal/revenue_overview/test_revenue_overview.py::test_resignups_subtab_lists_rows PASSED [ 79%]
tests/admin_portal/revenue_overview/test_revenue_overview.py::test_subtab_row_count_equals_badge XFAIL [ 80%]
tests/admin_portal/revenue_overview/test_revenue_overview.py::test_switching_subtabs_does_not_change_kpi_or_chart PASSED [ 80%]
tests/admin_portal/revenue_overview/test_revenue_overview.py::test_membership_plan_names_match_module PASSED [ 81%]
tests/admin_portal/revenue_overview/test_revenue_overview.py::test_retail_tab_displayed_with_count PASSED [ 81%]
tests/admin_portal/revenue_overview/test_revenue_overview.py::test_retail_tab_shows_two_subtabs XFAIL [ 82%]
tests/admin_portal/revenue_overview/test_revenue_overview.py::test_retail_count_invariant 2026-07-29 04:26:37,082 ERROR nxtwash: Test FAILED: tests/admin_portal/revenue_overview/test_revenue_overview.py::test_retail_count_invariant (url: https://staging.nxtwash.com/reports/detailed/revenue)

-------------------------------- live log call ---------------------------------
ERROR    nxtwash:conftest.py:241 Test FAILED: tests/admin_portal/revenue_overview/test_revenue_overview.py::test_retail_count_invariant (url: https://staging.nxtwash.com/reports/detailed/revenue)
2026-07-29 04:26:37,695 ERROR nxtwash: Visible page text at failure:
Revenue Metrics
Sites / Locations
VK Test carwash 2
VK AL02
VK Test Wash 01
VK Test carwash 2
test123 udpated
VK AL02
VK AL03
VK ZT c26508
VK AL20
VK AL21
VK AL22
Export XLSX
This month
Select date range
Single day
Total Revenue
$190.00
New Members
$0.00
Recharges
$0.00
Resignups
$0.00
Retail Sales
$190.00
Revenue distribution
Membership Revenue
3
Retail Revenue
7
New Sales
1
Recharges
0
Resignups
2
Wash Prepaid
$0.00
1 items
0.0% of total net revenue
ERROR    nxtwash:conftest.py:256 Visible page text at failure:
Revenue Metrics
Sites / Locations
VK Test carwash 2
VK AL02
VK Test Wash 01
VK Test carwash 2
test123 udpated
VK AL02
VK AL03
VK ZT c26508
VK AL20
VK AL21
VK AL22
Export XLSX
This month
Select date range
Single day
Total Revenue
$190.00
New Members
$0.00
Recharges
$0.00
Resignups
$0.00
Retail Sales
$190.00
Revenue distribution
Membership Revenue
3
Retail Revenue
7
New Sales
1
Recharges
0
Resignups
2
Wash Prepaid
$0.00
1 items
0.0% of total net revenue
FAILED                                                                   [ 83%]
tests/admin_portal/revenue_overview/test_revenue_overview.py::test_wash_package_subtab_lists_packages 2026-07-29 04:27:53,477 ERROR nxtwash: Test FAILED: tests/admin_portal/revenue_overview/test_revenue_overview.py::test_wash_package_subtab_lists_packages (url: https://staging.nxtwash.com/reports/detailed/revenue)

-------------------------------- live log call ---------------------------------
ERROR    nxtwash:conftest.py:241 Test FAILED: tests/admin_portal/revenue_overview/test_revenue_overview.py::test_wash_package_subtab_lists_packages (url: https://staging.nxtwash.com/reports/detailed/revenue)
2026-07-29 04:27:54,129 ERROR nxtwash: Visible page text at failure:
Revenue Metrics
Sites / Locations
VK Test carwash 2
VK AL02
VK Test Wash 01
VK Test carwash 2
test123 udpated
VK AL02
VK AL03
VK ZT c26508
VK AL20
VK AL21
VK AL22
Export XLSX
This month
Select date range
Single day
Total Revenue
$190.00
New Members
$0.00
Recharges
$0.00
Resignups
$0.00
Retail Sales
$190.00
Revenue distribution
Membership Revenue
3
Retail Revenue
7
New Sales
1
Recharges
0
Resignups
2
Wash Prepaid
$0.00
1 items
0.0% of total net revenue
ERROR    nxtwash:conftest.py:256 Visible page text at failure:
Revenue Metrics
Sites / Locations
VK Test carwash 2
VK AL02
VK Test Wash 01
VK Test carwash 2
test123 udpated
VK AL02
VK AL03
VK ZT c26508
VK AL20
VK AL21
VK AL22
Export XLSX
This month
Select date range
Single day
Total Revenue
$190.00
New Members
$0.00
Recharges
$0.00
Resignups
$0.00
Retail Sales
$190.00
Revenue distribution
Membership Revenue
3
Retail Revenue
7
New Sales
1
Recharges
0
Resignups
2
Wash Prepaid
$0.00
1 items
0.0% of total net revenue
FAILED                                                                   [ 83%]
tests/admin_portal/revenue_overview/test_revenue_overview.py::test_wash_extra_subtab_lists_extras 2026-07-29 04:29:09,669 ERROR nxtwash: Test FAILED: tests/admin_portal/revenue_overview/test_revenue_overview.py::test_wash_extra_subtab_lists_extras (url: https://staging.nxtwash.com/reports/detailed/revenue)

-------------------------------- live log call ---------------------------------
ERROR    nxtwash:conftest.py:241 Test FAILED: tests/admin_portal/revenue_overview/test_revenue_overview.py::test_wash_extra_subtab_lists_extras (url: https://staging.nxtwash.com/reports/detailed/revenue)
2026-07-29 04:29:10,438 ERROR nxtwash: Visible page text at failure:
Revenue Metrics
Sites / Locations
VK Test carwash 2
VK AL02
VK Test Wash 01
VK Test carwash 2
test123 udpated
VK AL02
VK AL03
VK ZT c26508
VK AL20
VK AL21
VK AL22
Export XLSX
This month
Select date range
Single day
Total Revenue
$190.00
New Members
$0.00
Recharges
$0.00
Resignups
$0.00
Retail Sales
$190.00
Revenue distribution
Membership Revenue
3
Retail Revenue
7
New Sales
1
Recharges
0
Resignups
2
Wash Prepaid
$0.00
1 items
0.0% of total net revenue
ERROR    nxtwash:conftest.py:256 Visible page text at failure:
Revenue Metrics
Sites / Locations
VK Test carwash 2
VK AL02
VK Test Wash 01
VK Test carwash 2
test123 udpated
VK AL02
VK AL03
VK ZT c26508
VK AL20
VK AL21
VK AL22
Export XLSX
This month
Select date range
Single day
Total Revenue
$190.00
New Members
$0.00
Recharges
$0.00
Resignups
$0.00
Retail Sales
$190.00
Revenue distribution
Membership Revenue
3
Retail Revenue
7
New Sales
1
Recharges
0
Resignups
2
Wash Prepaid
$0.00
1 items
0.0% of total net revenue
FAILED                                                                   [ 84%]
tests/admin_portal/revenue_overview/test_revenue_overview.py::test_wash_package_names_match_module 2026-07-29 04:30:39,004 ERROR nxtwash: Test FAILED: tests/admin_portal/revenue_overview/test_revenue_overview.py::test_wash_package_names_match_module (url: https://staging.nxtwash.com/reports/detailed/revenue)

-------------------------------- live log call ---------------------------------
ERROR    nxtwash:conftest.py:241 Test FAILED: tests/admin_portal/revenue_overview/test_revenue_overview.py::test_wash_package_names_match_module (url: https://staging.nxtwash.com/reports/detailed/revenue)
2026-07-29 04:30:39,789 ERROR nxtwash: Visible page text at failure:
Revenue Metrics
Sites / Locations
VK Test carwash 2
VK AL02
VK Test Wash 01
VK Test carwash 2
test123 udpated
VK AL02
VK AL03
VK ZT c26508
VK AL20
VK AL21
VK AL22
Export XLSX
This month
Select date range
Single day
Total Revenue
$190.00
New Members
$0.00
Recharges
$0.00
Resignups
$0.00
Retail Sales
$190.00
Revenue distribution
Membership Revenue
3
Retail Revenue
7
New Sales
1
Recharges
0
Resignups
2
Wash Prepaid
$0.00
1 items
0.0% of total net revenue
ERROR    nxtwash:conftest.py:256 Visible page text at failure:
Revenue Metrics
Sites / Locations
VK Test carwash 2
VK AL02
VK Test Wash 01
VK Test carwash 2
test123 udpated
VK AL02
VK AL03
VK ZT c26508
VK AL20
VK AL21
VK AL22
Export XLSX
This month
Select date range
Single day
Total Revenue
$190.00
New Members
$0.00
Recharges
$0.00
Resignups
$0.00
Retail Sales
$190.00
Revenue distribution
Membership Revenue
3
Retail Revenue
7
New Sales
1
Recharges
0
Resignups
2
Wash Prepaid
$0.00
1 items
0.0% of total net revenue
FAILED                                                                   [ 84%]
tests/admin_portal/revenue_overview/test_revenue_overview.py::test_wash_extra_names_match_module 2026-07-29 04:31:56,866 ERROR nxtwash: Test FAILED: tests/admin_portal/revenue_overview/test_revenue_overview.py::test_wash_extra_names_match_module (url: https://staging.nxtwash.com/reports/detailed/revenue)

-------------------------------- live log call ---------------------------------
ERROR    nxtwash:conftest.py:241 Test FAILED: tests/admin_portal/revenue_overview/test_revenue_overview.py::test_wash_extra_names_match_module (url: https://staging.nxtwash.com/reports/detailed/revenue)
2026-07-29 04:31:57,747 ERROR nxtwash: Visible page text at failure:
Revenue Metrics
Sites / Locations
VK Test carwash 2
VK AL02
VK Test Wash 01
VK Test carwash 2
test123 udpated
VK AL02
VK AL03
VK ZT c26508
VK AL20
VK AL21
VK AL22
Export XLSX
This month
Select date range
Single day
Total Revenue
$190.00
New Members
$0.00
Recharges
$0.00
Resignups
$0.00
Retail Sales
$190.00
Revenue distribution
Membership Revenue
3
Retail Revenue
7
New Sales
1
Recharges
0
Resignups
2
Wash Prepaid
$0.00
1 items
0.0% of total net revenue
ERROR    nxtwash:conftest.py:256 Visible page text at failure:
Revenue Metrics
Sites / Locations
VK Test carwash 2
VK AL02
VK Test Wash 01
VK Test carwash 2
test123 udpated
VK AL02
VK AL03
VK ZT c26508
VK AL20
VK AL21
VK AL22
Export XLSX
This month
Select date range
Single day
Total Revenue
$190.00
New Members
$0.00
Recharges
$0.00
Resignups
$0.00
Retail Sales
$190.00
Revenue distribution
Membership Revenue
3
Retail Revenue
7
New Sales
1
Recharges
0
Resignups
2
Wash Prepaid
$0.00
1 items
0.0% of total net revenue
FAILED                                                                   [ 85%]
tests/admin_portal/revenue_overview/test_revenue_overview.py::test_switching_tabs_preserves_kpi_and_chart PASSED [ 86%]
tests/admin_portal/revenue_overview/test_revenue_overview.py::test_retail_tab_empty_list_when_count_zero PASSED [ 86%]
tests/admin_portal/revenue_overview/test_revenue_overview.py::test_each_row_shows_four_data_points PASSED [ 87%]
tests/admin_portal/revenue_overview/test_revenue_overview.py::test_single_item_count_grammar PASSED [ 87%]
tests/admin_portal/revenue_overview/test_revenue_overview.py::test_zero_amount_shows_zero_percent PASSED [ 88%]
tests/admin_portal/revenue_overview/test_revenue_overview.py::test_long_names_truncate_without_breaking PASSED [ 89%]
tests/admin_portal/revenue_overview/test_revenue_overview.py::test_list_refreshes_on_filter_change PASSED [ 89%]
tests/admin_portal/revenue_overview/test_revenue_overview.py::test_export_button_present PASSED [ 90%]
tests/admin_portal/revenue_overview/test_revenue_overview.py::test_export_triggers_download PASSED [ 90%]
tests/admin_portal/revenue_overview/test_revenue_overview.py::test_info_icon_tooltip_text PASSED [ 91%]
tests/admin_portal/revenue_overview/test_revenue_overview.py::test_tooltip_dismisses_on_click_away PASSED [ 92%]
tests/admin_portal/revenue_overview/test_revenue_overview.py::test_tooltip_content_is_static PASSED [ 92%]
tests/admin_portal/revenue_overview/test_revenue_overview.py::test_zero_transaction_site_renders_cleanly PASSED [ 93%]
tests/admin_portal/revenue_overview/test_revenue_overview.py::test_today_with_no_transactions_renders_cleanly PASSED [ 93%]
tests/admin_portal/revenue_overview/test_revenue_overview.py::test_rapid_preset_switching_no_stale_data PASSED [ 94%]
tests/admin_portal/revenue_overview/test_revenue_overview.py::test_rapid_site_toggle_no_stale_data PASSED [ 95%]
tests/admin_portal/revenue_overview/test_revenue_overview.py::test_retail_only_site_renders_cleanly PASSED [ 95%]
tests/admin_portal/revenue_overview/test_revenue_overview.py::test_direct_url_opens_filter_modal PASSED [ 96%]
tests/admin_portal/revenue_overview/test_revenue_overview.py::test_overview_full_report_link_navigates_here XFAIL [ 96%]
tests/admin_portal/revenue_overview/test_revenue_overview.py::test_sites_dropdown_reflects_sites_module PASSED [ 97%]
tests/admin_portal/revenue_overview/test_revenue_overview.py::TestSingleDayMode::test_single_day_changes_label_and_field PASSED [ 98%]
tests/admin_portal/revenue_overview/test_revenue_overview.py::TestSingleDayMode::test_single_day_forces_preset_to_custom XFAIL [ 98%]
tests/admin_portal/revenue_overview/test_revenue_overview.py::TestSingleDayMode::test_select_date_in_single_day_mode PASSED [ 99%]
tests/admin_portal/revenue_overview/test_revenue_overview.py::TestSingleDayMode::test_uncheck_single_day_reverts_to_range PASSED [100%]

=================================== FAILURES ===================================
__________________ test_sites_dropdown_lists_all_active_sites __________________

rvo_modal = <pages.admin_portal.revenue_overview_page.RevenueOverviewPage object at 0x104703a50>

    @allure.story("Filter Modal")
    @allure.title("RVO-FMD-001 Sites dropdown lists all active sites")
    @pytest.mark.regression
    def test_sites_dropdown_lists_all_active_sites(rvo_modal):
        # Dependency: Sites & Locations module
        options = rvo_modal.get_site_options()
>       assert len(options) > 0, "Site dropdown returned no options"
E       AssertionError: Site dropdown returned no options
E       assert 0 > 0
E        +  where 0 = len([])

tests/admin_portal/revenue_overview/test_revenue_overview.py:198: AssertionError
_____________ test_apply_filters_closes_modal_and_renders_metrics ______________

rvo_modal = <pages.admin_portal.revenue_overview_page.RevenueOverviewPage object at 0x1046c4090>

    @allure.story("Filter Modal")
    @allure.title("RVO-FMD-006 Apply filters closes modal and renders Revenue Metrics screen")
    @pytest.mark.smoke
    def test_apply_filters_closes_modal_and_renders_metrics(rvo_modal):
>       rvo_modal.select_site(RVO_SITE)

tests/admin_portal/revenue_overview/test_revenue_overview.py:264: 
_ _ _ _ _ _ _ _ _ _ _ _ _ _ _ _ _ _ _ _ _ _ _ _ _ _ _ _ _ _ _ _ _ _ _ _ _ _ _ _ 
pages/admin_portal/revenue_overview_page.py:219: in select_site
    self.select_react_dropdown_option(
pages/common/base_page.py:99: in select_react_dropdown_option
    try:
         
venv/lib/python3.11/site-packages/selenium/webdriver/remote/webelement.py:276: in send_keys
    self._execute(
venv/lib/python3.11/site-packages/selenium/webdriver/remote/webelement.py:508: in _execute
    return self._parent.execute(command, params)
           ^^^^^^^^^^^^^^^^^^^^^^^^^^^^^^^^^^^^^
venv/lib/python3.11/site-packages/selenium/webdriver/remote/webdriver.py:468: in execute
    self.error_handler.check_response(response)
_ _ _ _ _ _ _ _ _ _ _ _ _ _ _ _ _ _ _ _ _ _ _ _ _ _ _ _ _ _ _ _ _ _ _ _ _ _ _ _ 

self = <selenium.webdriver.remote.errorhandler.ErrorHandler object at 0x104620550>
response = {'status': 400, 'value': '{"value":{"error":"element not interactable","message":"element not interactable\\n  (Sessio...000199325c08 _pthread_start + 136\\n17  libsystem_pthread.dylib             0x0000000199320ba8 thread_start + 8\\n"}}'}

    def check_response(self, response: dict[str, Any]) -> None:
        """Check that a JSON response from the WebDriver does not have an error.
    
        Args:
            response: The JSON response from the WebDriver server as a dictionary
                object.
    
        Raises:
            WebDriverException: If the response contains an error message.
        """
        status = response.get("status", None)
        if not status or status == ErrorCode.SUCCESS:
            return
        value = None
        message = response.get("message", "")
        screen: str = response.get("screen", "")
        stacktrace = None
        if isinstance(status, int):
            value_json = response.get("value", None)
            if value_json and isinstance(value_json, str):
                try:
                    value = json.loads(value_json)
                    if isinstance(value, dict):
                        if len(value) == 1:
                            value = value["value"]
                        status = value.get("error", None)
                        if not status:
                            status = value.get("status", ErrorCode.UNKNOWN_ERROR)
                            message = value.get("value") or value.get("message")
                            if not isinstance(message, str):
                                value = message
                                message = message.get("message") if isinstance(message, dict) else None
                        else:
                            message = value.get("message", None)
                except ValueError:
                    pass
    
        exception_class: type[WebDriverException]
        e = ErrorCode()
        error_codes = [item for item in dir(e) if not item.startswith("__")]
        for error_code in error_codes:
            error_info = getattr(ErrorCode, error_code)
            if isinstance(error_info, list) and status in error_info:
                exception_class = getattr(ExceptionMapping, error_code, WebDriverException)
                break
        else:
            exception_class = WebDriverException
    
        if not value:
            value = response["value"]
        if isinstance(value, str):
            raise exception_class(value)
        if message == "" and "message" in value:
            message = value["message"]
    
        screen = None  # type: ignore[assignment]
        if "screen" in value:
            screen = value["screen"]
    
        stacktrace = None
        st_value = value.get("stackTrace") or value.get("stacktrace")
        if st_value:
            if isinstance(st_value, str):
                stacktrace = st_value.split("\n")
            else:
                stacktrace = []
                try:
                    for frame in st_value:
                        line = frame.get("lineNumber", "")
                        file = frame.get("fileName", "<anonymous>")
                        if line:
                            file = f"{file}:{line}"
                        meth = frame.get("methodName", "<anonymous>")
                        if "className" in frame:
                            meth = f"{frame['className']}.{meth}"
                        msg = "    at %s (%s)"
                        msg = msg % (meth, file)
                        stacktrace.append(msg)
                except TypeError:
                    pass
        if exception_class == UnexpectedAlertPresentException:
            alert_text = None
            if "data" in value:
                alert_text = value["data"].get("text")
            elif "alert" in value:
                alert_text = value["alert"].get("text")
            raise exception_class(message, screen, stacktrace, alert_text)
>       raise exception_class(message, screen, stacktrace)
E       selenium.common.exceptions.ElementNotInteractableException: Message: element not interactable
E         (Session info: chrome=150.0.7871.187); For documentation on this error, please visit: https://www.selenium.dev/documentation/webdriver/troubleshooting/errors#elementnotinteractableexception
E       Stacktrace:
E       0   chromedriver                        0x000000010299da84 cxxbridge1$str$ptr + 3195292
E       1   chromedriver                        0x0000000102995b4c cxxbridge1$str$ptr + 3162724
E       2   chromedriver                        0x000000010243f0a8 _RNvCs9NA52FrZ4pF_7___rustc35___rust_no_alloc_shim_is_unstable_v2 + 73328
E       3   chromedriver                        0x0000000102483d3c _RNvCs9NA52FrZ4pF_7___rustc35___rust_no_alloc_shim_is_unstable_v2 + 355076
E       4   chromedriver                        0x0000000102482354 _RNvCs9NA52FrZ4pF_7___rustc35___rust_no_alloc_shim_is_unstable_v2 + 348444
E       5   chromedriver                        0x000000010247e934 _RNvCs9NA52FrZ4pF_7___rustc35___rust_no_alloc_shim_is_unstable_v2 + 333564
E       6   chromedriver                        0x00000001024c7030 _RNvCs9NA52FrZ4pF_7___rustc35___rust_no_alloc_shim_is_unstable_v2 + 630264
E       7   chromedriver                        0x000000010247d434 _RNvCs9NA52FrZ4pF_7___rustc35___rust_no_alloc_shim_is_unstable_v2 + 328188
E       8   chromedriver                        0x000000010295ac40 cxxbridge1$str$ptr + 2921304
E       9   chromedriver                        0x000000010295e3b8 cxxbridge1$str$ptr + 2935504
E       10  chromedriver                        0x00000001029410f8 cxxbridge1$str$ptr + 2816016
E       11  chromedriver                        0x000000010295ec4c cxxbridge1$str$ptr + 2937700
E       12  chromedriver                        0x00000001029323b0 cxxbridge1$str$ptr + 2755272
E       13  chromedriver                        0x00000001029841f4 cxxbridge1$str$ptr + 3090700
E       14  chromedriver                        0x0000000102984354 cxxbridge1$str$ptr + 3091052
E       15  chromedriver                        0x00000001029957a4 cxxbridge1$str$ptr + 3161788
E       16  libsystem_pthread.dylib             0x0000000199325c08 _pthread_start + 136
E       17  libsystem_pthread.dylib             0x0000000199320ba8 thread_start + 8

venv/lib/python3.11/site-packages/selenium/webdriver/remote/errorhandler.py:232: ElementNotInteractableException
_________________________ test_retail_count_invariant __________________________

rvo_page = <pages.admin_portal.revenue_overview_page.RevenueOverviewPage object at 0x1046bc810>

    
    @allure.story("Retail Revenue")
    @allure.title("RVO-RET-003 Wash Package + Wash Extra == Retail Revenue tab count")
    @pytest.mark.regression
    def test_retail_count_invariant(rvo_page):
        rvo_page.click_retail_tab()
        rvo_page.assert_retail_count_invariant()
        wp = rvo_page.get_tab_count("Wash Package")
        we = rvo_page.get_tab_count("Wash Extra")
>       ret = rvo_page.retail_tab_count()
E       AssertionError: Retail count invariant: Wash Package(0) + Wash Extra(0) = 0 ≠ Retail(7)
E       assert (0 + 0) == 7

tests/admin_portal/revenue_overview/test_revenue_overview.py:1145: AssertionError
___________________ test_wash_package_subtab_lists_packages ____________________

rvo_page = <pages.admin_portal.revenue_overview_page.RevenueOverviewPage object at 0x104334550>

    
    @allure.story("Retail Revenue")
    @allure.title("RVO-RET-004 Wash Package sub-tab lists wash package rows")
    @pytest.mark.regression
    def test_wash_package_subtab_lists_packages(rvo_page):
        # Dependency: Wash Packages module
>       rvo_page.click_retail_tab()

tests/admin_portal/revenue_overview/test_revenue_overview.py:1158: 
_ _ _ _ _ _ _ _ _ _ _ _ _ _ _ _ _ _ _ _ _ _ _ _ _ _ _ _ _ _ _ _ _ _ _ _ _ _ _ _ 
pages/admin_portal/revenue_overview_page.py:588: in click_sub_tab
    self._click_tab(locator)
pages/admin_portal/revenue_overview_page.py:574: in _click_tab
    btn = WebDriverWait(self.driver, 60).until(EC.element_to_be_clickable(locator))
          ^^^^^^^^^^^^^^^^^^^^^^^^^^^^^^^^^^^^^^^^^^^^^^^^^^^^^^^^^^^^^^^^^^^^^^^^^
_ _ _ _ _ _ _ _ _ _ _ _ _ _ _ _ _ _ _ _ _ _ _ _ _ _ _ _ _ _ _ _ _ _ _ _ _ _ _ _ 

self = <selenium.webdriver.support.wait.WebDriverWait (session="2639d50c8bd009ea306dac477e27f939")>
method = <function element_to_be_clickable.<locals>._predicate at 0x1048d3d80>
message = ''

    def until(self, method: Callable[[D], Literal[False] | T], message: str = "") -> T:
        """Wait until the method returns a value that is not False.
    
        Calls the method provided with the driver as an argument until the
        return value does not evaluate to ``False``.
    
        Args:
            method: A callable object that takes a WebDriver instance as an
                argument.
            message: Optional message for TimeoutException.
    
        Returns:
            The result of the last call to `method`.
    
        Raises:
            TimeoutException: If 'method' does not return a truthy value within
                the WebDriverWait object's timeout.
    
        Example:
            >>> from selenium.webdriver.common.by import By
            >>> from selenium.webdriver.support.ui import WebDriverWait
            >>> from selenium.webdriver.support import expected_conditions as EC
            >>>
            >>> # Wait until an element is visible on the page
            >>> wait = WebDriverWait(driver, 10)
            >>> element = wait.until(EC.visibility_of_element_located((By.ID, "exampleId")))
            >>> print(element.text)
        """
        screen = None
        stacktrace = None
    
        end_time = time.monotonic() + self._timeout
        while True:
            try:
                value = method(self._driver)
                if value:
                    return value
            except self._ignored_exceptions as exc:
                screen = getattr(exc, "screen", None)
                stacktrace = getattr(exc, "stacktrace", None)
            if time.monotonic() > end_time:
                break
            time.sleep(self._poll)
>       raise TimeoutException(message, screen, stacktrace)
E       selenium.common.exceptions.TimeoutException: Message: 
E       Stacktrace:
E       0   chromedriver                        0x00000001053e5a84 cxxbridge1$str$ptr + 3195292
E       1   chromedriver                        0x00000001053ddb4c cxxbridge1$str$ptr + 3162724
E       2   chromedriver                        0x0000000104e872a4 _RNvCs9NA52FrZ4pF_7___rustc35___rust_no_alloc_shim_is_unstable_v2 + 73836
E       3   chromedriver                        0x0000000104ecfa44 _RNvCs9NA52FrZ4pF_7___rustc35___rust_no_alloc_shim_is_unstable_v2 + 370700
E       4   chromedriver                        0x0000000104f0f030 _RNvCs9NA52FrZ4pF_7___rustc35___rust_no_alloc_shim_is_unstable_v2 + 630264
E       5   chromedriver                        0x0000000104ec5434 _RNvCs9NA52FrZ4pF_7___rustc35___rust_no_alloc_shim_is_unstable_v2 + 328188
E       6   chromedriver                        0x00000001053a2c40 cxxbridge1$str$ptr + 2921304
E       7   chromedriver                        0x00000001053a63b8 cxxbridge1$str$ptr + 2935504
E       8   chromedriver                        0x00000001053890f8 cxxbridge1$str$ptr + 2816016
E       9   chromedriver                        0x00000001053a6c4c cxxbridge1$str$ptr + 2937700
E       10  chromedriver                        0x000000010537a3b0 cxxbridge1$str$ptr + 2755272
E       11  chromedriver                        0x00000001053cc1f4 cxxbridge1$str$ptr + 3090700
E       12  chromedriver                        0x00000001053cc354 cxxbridge1$str$ptr + 3091052
E       13  chromedriver                        0x00000001053dd7a4 cxxbridge1$str$ptr + 3161788
E       14  libsystem_pthread.dylib             0x0000000199325c08 _pthread_start + 136
E       15  libsystem_pthread.dylib             0x0000000199320ba8 thread_start + 8

venv/lib/python3.11/site-packages/selenium/webdriver/support/wait.py:121: TimeoutException
_____________________ test_wash_extra_subtab_lists_extras ______________________

rvo_page = <pages.admin_portal.revenue_overview_page.RevenueOverviewPage object at 0x104468ed0>

    
    @allure.story("Retail Revenue")
    @allure.title("RVO-RET-005 Wash Extra sub-tab lists wash extra rows")
    @pytest.mark.regression
    def test_wash_extra_subtab_lists_extras(rvo_page):
        # Dependency: Wash Extras module
>       rvo_page.click_retail_tab()

tests/admin_portal/revenue_overview/test_revenue_overview.py:1172: 
_ _ _ _ _ _ _ _ _ _ _ _ _ _ _ _ _ _ _ _ _ _ _ _ _ _ _ _ _ _ _ _ _ _ _ _ _ _ _ _ 
pages/admin_portal/revenue_overview_page.py:588: in click_sub_tab
    self._click_tab(locator)
pages/admin_portal/revenue_overview_page.py:574: in _click_tab
    btn = WebDriverWait(self.driver, 60).until(EC.element_to_be_clickable(locator))
          ^^^^^^^^^^^^^^^^^^^^^^^^^^^^^^^^^^^^^^^^^^^^^^^^^^^^^^^^^^^^^^^^^^^^^^^^^
_ _ _ _ _ _ _ _ _ _ _ _ _ _ _ _ _ _ _ _ _ _ _ _ _ _ _ _ _ _ _ _ _ _ _ _ _ _ _ _ 

self = <selenium.webdriver.support.wait.WebDriverWait (session="1c420ea7f9128ee710ca99baa97c33fb")>
method = <function element_to_be_clickable.<locals>._predicate at 0x1048d3a60>
message = ''

    def until(self, method: Callable[[D], Literal[False] | T], message: str = "") -> T:
        """Wait until the method returns a value that is not False.
    
        Calls the method provided with the driver as an argument until the
        return value does not evaluate to ``False``.
    
        Args:
            method: A callable object that takes a WebDriver instance as an
                argument.
            message: Optional message for TimeoutException.
    
        Returns:
            The result of the last call to `method`.
    
        Raises:
            TimeoutException: If 'method' does not return a truthy value within
                the WebDriverWait object's timeout.
    
        Example:
            >>> from selenium.webdriver.common.by import By
            >>> from selenium.webdriver.support.ui import WebDriverWait
            >>> from selenium.webdriver.support import expected_conditions as EC
            >>>
            >>> # Wait until an element is visible on the page
            >>> wait = WebDriverWait(driver, 10)
            >>> element = wait.until(EC.visibility_of_element_located((By.ID, "exampleId")))
            >>> print(element.text)
        """
        screen = None
        stacktrace = None
    
        end_time = time.monotonic() + self._timeout
        while True:
            try:
                value = method(self._driver)
                if value:
                    return value
            except self._ignored_exceptions as exc:
                screen = getattr(exc, "screen", None)
                stacktrace = getattr(exc, "stacktrace", None)
            if time.monotonic() > end_time:
                break
            time.sleep(self._poll)
>       raise TimeoutException(message, screen, stacktrace)
E       selenium.common.exceptions.TimeoutException: Message: 
E       Stacktrace:
E       0   chromedriver                        0x000000010533da84 cxxbridge1$str$ptr + 3195292
E       1   chromedriver                        0x0000000105335b4c cxxbridge1$str$ptr + 3162724
E       2   chromedriver                        0x0000000104ddf2a4 _RNvCs9NA52FrZ4pF_7___rustc35___rust_no_alloc_shim_is_unstable_v2 + 73836
E       3   chromedriver                        0x0000000104e27a44 _RNvCs9NA52FrZ4pF_7___rustc35___rust_no_alloc_shim_is_unstable_v2 + 370700
E       4   chromedriver                        0x0000000104e67030 _RNvCs9NA52FrZ4pF_7___rustc35___rust_no_alloc_shim_is_unstable_v2 + 630264
E       5   chromedriver                        0x0000000104e1d434 _RNvCs9NA52FrZ4pF_7___rustc35___rust_no_alloc_shim_is_unstable_v2 + 328188
E       6   chromedriver                        0x00000001052fac40 cxxbridge1$str$ptr + 2921304
E       7   chromedriver                        0x00000001052fe3b8 cxxbridge1$str$ptr + 2935504
E       8   chromedriver                        0x00000001052e10f8 cxxbridge1$str$ptr + 2816016
E       9   chromedriver                        0x00000001052fec4c cxxbridge1$str$ptr + 2937700
E       10  chromedriver                        0x00000001052d23b0 cxxbridge1$str$ptr + 2755272
E       11  chromedriver                        0x00000001053241f4 cxxbridge1$str$ptr + 3090700
E       12  chromedriver                        0x0000000105324354 cxxbridge1$str$ptr + 3091052
E       13  chromedriver                        0x00000001053357a4 cxxbridge1$str$ptr + 3161788
E       14  libsystem_pthread.dylib             0x0000000199325c08 _pthread_start + 136
E       15  libsystem_pthread.dylib             0x0000000199320ba8 thread_start + 8

venv/lib/python3.11/site-packages/selenium/webdriver/support/wait.py:121: TimeoutException
_____________________ test_wash_package_names_match_module _____________________

rvo_page = <pages.admin_portal.revenue_overview_page.RevenueOverviewPage object at 0x104133790>

    
    @allure.story("Retail Revenue")
    @allure.title("RVO-RET-008 Wash Package names match the Wash Packages module")
    @pytest.mark.regression
    def test_wash_package_names_match_module(rvo_page):
        # Dependency: Wash Packages module
>       rvo_page.click_retail_tab()

tests/admin_portal/revenue_overview/test_revenue_overview.py:1186: 
_ _ _ _ _ _ _ _ _ _ _ _ _ _ _ _ _ _ _ _ _ _ _ _ _ _ _ _ _ _ _ _ _ _ _ _ _ _ _ _ 
pages/admin_portal/revenue_overview_page.py:588: in click_sub_tab
    self._click_tab(locator)
pages/admin_portal/revenue_overview_page.py:574: in _click_tab
    btn = WebDriverWait(self.driver, 60).until(EC.element_to_be_clickable(locator))
          ^^^^^^^^^^^^^^^^^^^^^^^^^^^^^^^^^^^^^^^^^^^^^^^^^^^^^^^^^^^^^^^^^^^^^^^^^
_ _ _ _ _ _ _ _ _ _ _ _ _ _ _ _ _ _ _ _ _ _ _ _ _ _ _ _ _ _ _ _ _ _ _ _ _ _ _ _ 

self = <selenium.webdriver.support.wait.WebDriverWait (session="dede8eb8cc10ade6ad3d7f06d26bf92b")>
method = <function element_to_be_clickable.<locals>._predicate at 0x1048d3420>
message = ''

    def until(self, method: Callable[[D], Literal[False] | T], message: str = "") -> T:
        """Wait until the method returns a value that is not False.
    
        Calls the method provided with the driver as an argument until the
        return value does not evaluate to ``False``.
    
        Args:
            method: A callable object that takes a WebDriver instance as an
                argument.
            message: Optional message for TimeoutException.
    
        Returns:
            The result of the last call to `method`.
    
        Raises:
            TimeoutException: If 'method' does not return a truthy value within
                the WebDriverWait object's timeout.
    
        Example:
            >>> from selenium.webdriver.common.by import By
            >>> from selenium.webdriver.support.ui import WebDriverWait
            >>> from selenium.webdriver.support import expected_conditions as EC
            >>>
            >>> # Wait until an element is visible on the page
            >>> wait = WebDriverWait(driver, 10)
            >>> element = wait.until(EC.visibility_of_element_located((By.ID, "exampleId")))
            >>> print(element.text)
        """
        screen = None
        stacktrace = None
    
        end_time = time.monotonic() + self._timeout
        while True:
            try:
                value = method(self._driver)
                if value:
                    return value
            except self._ignored_exceptions as exc:
                screen = getattr(exc, "screen", None)
                stacktrace = getattr(exc, "stacktrace", None)
            if time.monotonic() > end_time:
                break
            time.sleep(self._poll)
>       raise TimeoutException(message, screen, stacktrace)
E       selenium.common.exceptions.TimeoutException: Message: 
E       Stacktrace:
E       0   chromedriver                        0x000000010125da84 cxxbridge1$str$ptr + 3195292
E       1   chromedriver                        0x0000000101255b4c cxxbridge1$str$ptr + 3162724
E       2   chromedriver                        0x0000000100cff2a4 _RNvCs9NA52FrZ4pF_7___rustc35___rust_no_alloc_shim_is_unstable_v2 + 73836
E       3   chromedriver                        0x0000000100d47a44 _RNvCs9NA52FrZ4pF_7___rustc35___rust_no_alloc_shim_is_unstable_v2 + 370700
E       4   chromedriver                        0x0000000100d87030 _RNvCs9NA52FrZ4pF_7___rustc35___rust_no_alloc_shim_is_unstable_v2 + 630264
E       5   chromedriver                        0x0000000100d3d434 _RNvCs9NA52FrZ4pF_7___rustc35___rust_no_alloc_shim_is_unstable_v2 + 328188
E       6   chromedriver                        0x000000010121ac40 cxxbridge1$str$ptr + 2921304
E       7   chromedriver                        0x000000010121e3b8 cxxbridge1$str$ptr + 2935504
E       8   chromedriver                        0x00000001012010f8 cxxbridge1$str$ptr + 2816016
E       9   chromedriver                        0x000000010121ec4c cxxbridge1$str$ptr + 2937700
E       10  chromedriver                        0x00000001011f23b0 cxxbridge1$str$ptr + 2755272
E       11  chromedriver                        0x00000001012441f4 cxxbridge1$str$ptr + 3090700
E       12  chromedriver                        0x0000000101244354 cxxbridge1$str$ptr + 3091052
E       13  chromedriver                        0x00000001012557a4 cxxbridge1$str$ptr + 3161788
E       14  libsystem_pthread.dylib             0x0000000199325c08 _pthread_start + 136
E       15  libsystem_pthread.dylib             0x0000000199320ba8 thread_start + 8

venv/lib/python3.11/site-packages/selenium/webdriver/support/wait.py:121: TimeoutException
______________________ test_wash_extra_names_match_module ______________________

rvo_page = <pages.admin_portal.revenue_overview_page.RevenueOverviewPage object at 0x10484ead0>

    
    @allure.story("Retail Revenue")
    @allure.title("RVO-RET-009 Wash Extra names match the Wash Extras module")
    @pytest.mark.regression
    def test_wash_extra_names_match_module(rvo_page):
        # Dependency: Wash Extras module
>       rvo_page.click_retail_tab()

tests/admin_portal/revenue_overview/test_revenue_overview.py:1201: 
_ _ _ _ _ _ _ _ _ _ _ _ _ _ _ _ _ _ _ _ _ _ _ _ _ _ _ _ _ _ _ _ _ _ _ _ _ _ _ _ 
pages/admin_portal/revenue_overview_page.py:588: in click_sub_tab
    self._click_tab(locator)
pages/admin_portal/revenue_overview_page.py:574: in _click_tab
    btn = WebDriverWait(self.driver, 60).until(EC.element_to_be_clickable(locator))
          ^^^^^^^^^^^^^^^^^^^^^^^^^^^^^^^^^^^^^^^^^^^^^^^^^^^^^^^^^^^^^^^^^^^^^^^^^
_ _ _ _ _ _ _ _ _ _ _ _ _ _ _ _ _ _ _ _ _ _ _ _ _ _ _ _ _ _ _ _ _ _ _ _ _ _ _ _ 

self = <selenium.webdriver.support.wait.WebDriverWait (session="334426bbf72088d629e3f9c902091614")>
method = <function element_to_be_clickable.<locals>._predicate at 0x1048d0fe0>
message = ''

    def until(self, method: Callable[[D], Literal[False] | T], message: str = "") -> T:
        """Wait until the method returns a value that is not False.
    
        Calls the method provided with the driver as an argument until the
        return value does not evaluate to ``False``.
    
        Args:
            method: A callable object that takes a WebDriver instance as an
                argument.
            message: Optional message for TimeoutException.
    
        Returns:
            The result of the last call to `method`.
    
        Raises:
            TimeoutException: If 'method' does not return a truthy value within
                the WebDriverWait object's timeout.
    
        Example:
            >>> from selenium.webdriver.common.by import By
            >>> from selenium.webdriver.support.ui import WebDriverWait
            >>> from selenium.webdriver.support import expected_conditions as EC
            >>>
            >>> # Wait until an element is visible on the page
            >>> wait = WebDriverWait(driver, 10)
            >>> element = wait.until(EC.visibility_of_element_located((By.ID, "exampleId")))
            >>> print(element.text)
        """
        screen = None
        stacktrace = None
    
        end_time = time.monotonic() + self._timeout
        while True:
            try:
                value = method(self._driver)
                if value:
                    return value
            except self._ignored_exceptions as exc:
                screen = getattr(exc, "screen", None)
                stacktrace = getattr(exc, "stacktrace", None)
            if time.monotonic() > end_time:
                break
            time.sleep(self._poll)
>       raise TimeoutException(message, screen, stacktrace)
E       selenium.common.exceptions.TimeoutException: Message: 
E       Stacktrace:
E       0   chromedriver                        0x0000000105495a84 cxxbridge1$str$ptr + 3195292
E       1   chromedriver                        0x000000010548db4c cxxbridge1$str$ptr + 3162724
E       2   chromedriver                        0x0000000104f372a4 _RNvCs9NA52FrZ4pF_7___rustc35___rust_no_alloc_shim_is_unstable_v2 + 73836
E       3   chromedriver                        0x0000000104f7fa44 _RNvCs9NA52FrZ4pF_7___rustc35___rust_no_alloc_shim_is_unstable_v2 + 370700
E       4   chromedriver                        0x0000000104fbf030 _RNvCs9NA52FrZ4pF_7___rustc35___rust_no_alloc_shim_is_unstable_v2 + 630264
E       5   chromedriver                        0x0000000104f75434 _RNvCs9NA52FrZ4pF_7___rustc35___rust_no_alloc_shim_is_unstable_v2 + 328188
E       6   chromedriver                        0x0000000105452c40 cxxbridge1$str$ptr + 2921304
E       7   chromedriver                        0x00000001054563b8 cxxbridge1$str$ptr + 2935504
E       8   chromedriver                        0x00000001054390f8 cxxbridge1$str$ptr + 2816016
E       9   chromedriver                        0x0000000105456c4c cxxbridge1$str$ptr + 2937700
E       10  chromedriver                        0x000000010542a3b0 cxxbridge1$str$ptr + 2755272
E       11  chromedriver                        0x000000010547c1f4 cxxbridge1$str$ptr + 3090700
E       12  chromedriver                        0x000000010547c354 cxxbridge1$str$ptr + 3091052
E       13  chromedriver                        0x000000010548d7a4 cxxbridge1$str$ptr + 3161788
E       14  libsystem_pthread.dylib             0x0000000199325c08 _pthread_start + 136
E       15  libsystem_pthread.dylib             0x0000000199320ba8 thread_start + 8

venv/lib/python3.11/site-packages/selenium/webdriver/support/wait.py:121: TimeoutException
=========================== short test summary info ============================
FAILED tests/admin_portal/revenue_overview/test_revenue_overview.py::test_sites_dropdown_lists_all_active_sites
FAILED tests/admin_portal/revenue_overview/test_revenue_overview.py::test_apply_filters_closes_modal_and_renders_metrics
FAILED tests/admin_portal/revenue_overview/test_revenue_overview.py::test_retail_count_invariant
FAILED tests/admin_portal/revenue_overview/test_revenue_overview.py::test_wash_package_subtab_lists_packages
FAILED tests/admin_portal/revenue_overview/test_revenue_overview.py::test_wash_extra_subtab_lists_extras
FAILED tests/admin_portal/revenue_overview/test_revenue_overview.py::test_wash_package_names_match_module
FAILED tests/admin_portal/revenue_overview/test_revenue_overview.py::test_wash_extra_names_match_module
= 7 failed, 92 passed, 47 skipped, 19 xfailed, 1 xpassed in 5430.93s (1:30:30) =
