2026-07-29 03:02:48,891 INFO nxtwash: Test run starting against 'staging' environment
============================= test session starts ==============================
platform darwin -- Python 3.11.2, pytest-9.0.3, pluggy-1.6.0
rootdir: /Users/vk/Documents/NxtWash Automation/nxtwash-automation
configfile: pytest.ini
plugins: html-4.1.1, allure-pytest-2.16.0, xdist-3.8.0, Faker-40.19.1, timeout-2.4.0, metadata-3.1.1, rerunfailures-15.1
timeout: 300.0s
timeout method: signal
timeout func_only: False
collected 36 items

tests/admin_portal/service_categories/test_service_categories_dependency.py::test_category_available_in_discount_creation SKIPPED [  2%]
tests/admin_portal/service_categories/test_service_categories_dependency.py::test_rename_category_linked_to_discount SKIPPED [  5%]
tests/admin_portal/service_categories/test_service_categories_dependency.py::test_deactivate_category_used_by_discount SKIPPED [  8%]
tests/admin_portal/service_categories/test_service_categories_dependency.py::test_category_available_assigning_services SKIPPED [ 11%]
tests/admin_portal/service_categories/test_service_categories_dependency.py::test_rename_category_with_assigned_services SKIPPED [ 13%]
tests/admin_portal/service_categories/test_service_categories_edge_cases.py::test_service_category_long_name_does_not_break_form PASSED [ 16%]
tests/admin_portal/service_categories/test_service_categories_edge_cases.py::test_activate_deactivate_activate_cycle XFAIL [ 19%]
tests/admin_portal/service_categories/test_service_categories_edge_cases.py::test_edit_inactive_category_saves_changes XFAIL [ 22%]
tests/admin_portal/service_categories/test_service_categories_edge_cases.py::test_deactivated_category_findable_via_filter XFAIL [ 25%]
tests/admin_portal/service_categories/test_service_categories_edge_cases.py::test_cancel_add_new_does_not_create_category PASSED [ 27%]
tests/admin_portal/service_categories/test_service_categories_edge_cases.py::test_cancel_edit_does_not_save_changes SKIPPED [ 30%]
tests/admin_portal/service_categories/test_service_categories_edit.py::test_edit_service_category_name_and_restore XFAIL [ 33%]
tests/admin_portal/service_categories/test_service_categories_filter.py::test_filter_active_categories_shows_active PASSED [ 36%]
tests/admin_portal/service_categories/test_service_categories_filter.py::test_filter_inactive_categories_shows_inactive XFAIL [ 38%]
tests/admin_portal/service_categories/test_service_categories_filter.py::test_export_button_is_clickable PASSED [ 41%]
tests/admin_portal/service_categories/test_service_categories_filter.py::test_reset_active_filter_restores_full_grid 2026-07-29 03:11:53,021 ERROR nxtwash: Test FAILED: tests/admin_portal/service_categories/test_service_categories_filter.py::test_reset_active_filter_restores_full_grid (url: https://staging.nxtwash.com/services/serviceCategories)

-------------------------------- live log call ---------------------------------
ERROR    nxtwash:conftest.py:241 Test FAILED: tests/admin_portal/service_categories/test_service_categories_filter.py::test_reset_active_filter_restores_full_grid (url: https://staging.nxtwash.com/services/serviceCategories)
2026-07-29 03:11:54,086 ERROR nxtwash: Visible page text at failure:
Service categories
Filter by (1)
+ Add new category
Service category
Status
VK ASC4
Active
Edit
Page
of
1
Results per page
100
Showing 1 - 1 of 1
ERROR    nxtwash:conftest.py:256 Visible page text at failure:
Service categories
Filter by (1)
+ Add new category
Service category
Status
VK ASC4
Active
Edit
Page
of
1
Results per page
100
Showing 1 - 1 of 1
FAILED                                                                   [ 44%]
tests/admin_portal/service_categories/test_service_categories_managed.py::test_managed_category_provided_at_baseline XFAIL [ 47%]
tests/admin_portal/service_categories/test_service_categories_managed.py::test_managed_category_rename_is_reset_on_teardown XFAIL [ 50%]
tests/admin_portal/service_categories/test_service_categories_negative.py::test_service_category_required_name_validation PASSED [ 52%]
tests/admin_portal/service_categories/test_service_categories_negative.py::test_create_duplicate_category_is_blocked PASSED [ 55%]
tests/admin_portal/service_categories/test_service_categories_negative.py::test_create_category_exceeding_max_length PASSED [ 58%]
tests/admin_portal/service_categories/test_service_categories_negative.py::test_create_category_with_whitespace_name PASSED [ 61%]
tests/admin_portal/service_categories/test_service_categories_negative.py::test_missing_service_category_is_not_returned PASSED [ 63%]
tests/admin_portal/service_categories/test_service_categories_negative.py::test_create_service_category_is_idempotent SKIPPED [ 66%]
tests/admin_portal/service_categories/test_service_categories_positive.py::test_create_active_service_category SKIPPED [ 69%]
tests/admin_portal/service_categories/test_service_categories_positive.py::test_create_inactive_service_category SKIPPED [ 72%]
tests/admin_portal/service_categories/test_service_categories_positive.py::test_edit_service_category_name SKIPPED [ 75%]
tests/admin_portal/service_categories/test_service_categories_positive.py::test_activate_service_category SKIPPED [ 77%]
tests/admin_portal/service_categories/test_service_categories_positive.py::test_deactivate_service_category SKIPPED [ 80%]
tests/admin_portal/service_categories/test_service_categories_positive.py::test_service_category_settings_persist XFAIL [ 83%]
tests/admin_portal/service_categories/test_service_categories_search_filter.py::test_service_categories_search_variants_and_clear SKIPPED [ 86%]
tests/admin_portal/service_categories/test_service_categories_search_filter.py::test_service_categories_special_character_search_stays_usable PASSED [ 88%]
tests/admin_portal/service_categories/test_service_categories_ui.py::test_service_categories_list_shell_controls_and_grid 
-------------------------------- live log call ---------------------------------
INFO     tests.admin_portal.service_categories.test_service_categories_ui:test_service_categories_ui.py:23 Verifying Service Categories list shell and controls
PASSED                                                                   [ 91%]
tests/admin_portal/service_categories/test_service_categories_ui.py::test_add_service_category_form_controls 
-------------------------------- live log call ---------------------------------
INFO     tests.admin_portal.service_categories.test_service_categories_ui:test_service_categories_ui.py:42 Verifying Add Service Category form controls
PASSED                                                                   [ 94%]
tests/admin_portal/service_categories/test_service_categories_validation.py::test_service_category_required_name_validation PASSED [ 97%]
tests/admin_portal/service_categories/test_service_categories_validation.py::test_service_category_blank_required_form_stays_on_form PASSED [100%]

=================================== FAILURES ===================================
_________________ test_reset_active_filter_restores_full_grid __________________

browser = <selenium.webdriver.chrome.webdriver.WebDriver (session="d7b67cdc4d7593d18240064f4d095022")>

    @allure.title("SC-RG-007 Resetting active filter restores full grid")
    @pytest.mark.regression
    def test_reset_active_filter_restores_full_grid(browser):
    
        page = create_category_if_missing(browser)
        baseline_count = len(page.get_visible_category_names())
    
>       page.open_filter_panel()

tests/admin_portal/service_categories/test_service_categories_filter.py:71: 
_ _ _ _ _ _ _ _ _ _ _ _ _ _ _ _ _ _ _ _ _ _ _ _ _ _ _ _ _ _ _ _ _ _ _ _ _ _ _ _ 
pages/admin_portal/service_categories_page.py:385: in open_filter_panel
    btn = self.wait.until(EC.element_to_be_clickable(self.FILTER_BUTTON))
          ^^^^^^^^^^^^^^^^^^^^^^^^^^^^^^^^^^^^^^^^^^^^^^^^^^^^^^^^^^^^^^^
_ _ _ _ _ _ _ _ _ _ _ _ _ _ _ _ _ _ _ _ _ _ _ _ _ _ _ _ _ _ _ _ _ _ _ _ _ _ _ _ 

self = <selenium.webdriver.support.wait.WebDriverWait (session="d7b67cdc4d7593d18240064f4d095022")>
method = <function element_to_be_clickable.<locals>._predicate at 0x107e56200>
message = ''

    def until(self, method: Callable[[D], Literal[False] | T], message: str = "") -> T:
        """Wait until the method returns a value that is not False.
    
        Calls the method provided with the driver as an argument until the
        return value does not evaluate to ``False``.
    
        Args:
            method: A callable object that takes a WebDriver instance as an
                argument.
            message: Optional message for TimeoutException.
    
        Returns:
            The result of the last call to `method`.
    
        Raises:
            TimeoutException: If 'method' does not return a truthy value within
                the WebDriverWait object's timeout.
    
        Example:
            >>> from selenium.webdriver.common.by import By
            >>> from selenium.webdriver.support.ui import WebDriverWait
            >>> from selenium.webdriver.support import expected_conditions as EC
            >>>
            >>> # Wait until an element is visible on the page
            >>> wait = WebDriverWait(driver, 10)
            >>> element = wait.until(EC.visibility_of_element_located((By.ID, "exampleId")))
            >>> print(element.text)
        """
        screen = None
        stacktrace = None
    
        end_time = time.monotonic() + self._timeout
        while True:
            try:
                value = method(self._driver)
                if value:
                    return value
            except self._ignored_exceptions as exc:
                screen = getattr(exc, "screen", None)
                stacktrace = getattr(exc, "stacktrace", None)
            if time.monotonic() > end_time:
                break
            time.sleep(self._poll)
>       raise TimeoutException(message, screen, stacktrace)
E       selenium.common.exceptions.TimeoutException: Message: 
E       Stacktrace:
E       0   chromedriver                        0x0000000104e39a84 cxxbridge1$str$ptr + 3195292
E       1   chromedriver                        0x0000000104e31b4c cxxbridge1$str$ptr + 3162724
E       2   chromedriver                        0x00000001048db2a4 _RNvCs9NA52FrZ4pF_7___rustc35___rust_no_alloc_shim_is_unstable_v2 + 73836
E       3   chromedriver                        0x0000000104923a44 _RNvCs9NA52FrZ4pF_7___rustc35___rust_no_alloc_shim_is_unstable_v2 + 370700
E       4   chromedriver                        0x0000000104963030 _RNvCs9NA52FrZ4pF_7___rustc35___rust_no_alloc_shim_is_unstable_v2 + 630264
E       5   chromedriver                        0x0000000104919434 _RNvCs9NA52FrZ4pF_7___rustc35___rust_no_alloc_shim_is_unstable_v2 + 328188
E       6   chromedriver                        0x0000000104df6c40 cxxbridge1$str$ptr + 2921304
E       7   chromedriver                        0x0000000104dfa3b8 cxxbridge1$str$ptr + 2935504
E       8   chromedriver                        0x0000000104ddd0f8 cxxbridge1$str$ptr + 2816016
E       9   chromedriver                        0x0000000104dfac4c cxxbridge1$str$ptr + 2937700
E       10  chromedriver                        0x0000000104dce3b0 cxxbridge1$str$ptr + 2755272
E       11  chromedriver                        0x0000000104e201f4 cxxbridge1$str$ptr + 3090700
E       12  chromedriver                        0x0000000104e20354 cxxbridge1$str$ptr + 3091052
E       13  chromedriver                        0x0000000104e317a4 cxxbridge1$str$ptr + 3161788
E       14  libsystem_pthread.dylib             0x0000000199325c08 _pthread_start + 136
E       15  libsystem_pthread.dylib             0x0000000199320ba8 thread_start + 8

venv/lib/python3.11/site-packages/selenium/webdriver/support/wait.py:121: TimeoutException
=========================== short test summary info ============================
FAILED tests/admin_portal/service_categories/test_service_categories_filter.py::test_reset_active_filter_restores_full_grid
======= 1 failed, 14 passed, 13 skipped, 8 xfailed in 928.21s (0:15:28) ========
