2026-07-29 03:41:32,993 INFO nxtwash: Test run starting against 'staging' environment
============================= test session starts ==============================
platform darwin -- Python 3.11.2, pytest-9.0.3, pluggy-1.6.0 -- /Users/vk/Documents/NxtWash Automation/nxtwash-automation/venv/bin/python
cachedir: .pytest_cache
metadata: {'Python': '3.11.2', 'Platform': 'macOS-26.2-arm64-arm-64bit', 'Packages': {'pytest': '9.0.3', 'pluggy': '1.6.0'}, 'Plugins': {'html': '4.1.1', 'allure-pytest': '2.16.0', 'xdist': '3.8.0', 'Faker': '40.19.1', 'timeout': '2.4.0', 'metadata': '3.1.1', 'rerunfailures': '15.1'}}
rootdir: /Users/vk/Documents/NxtWash Automation/nxtwash-automation
configfile: pytest.ini
plugins: html-4.1.1, allure-pytest-2.16.0, xdist-3.8.0, Faker-40.19.1, timeout-2.4.0, metadata-3.1.1, rerunfailures-15.1
timeout: 420.0s
timeout method: signal
timeout func_only: False
collecting ... collected 36 items

tests/admin_portal/service_categories/test_service_categories_dependency.py::test_category_available_in_discount_creation SKIPPED [  2%]
tests/admin_portal/service_categories/test_service_categories_dependency.py::test_rename_category_linked_to_discount SKIPPEDa discount.
Deferred until single-module SC coverage is solid.)                      [  5%]
tests/admin_portal/service_categories/test_service_categories_dependency.py::test_deactivate_category_used_by_discount SKIPPEDDeferred until
single-module SC coverage is solid.)                                     [  8%]
tests/admin_portal/service_categories/test_service_categories_dependency.py::test_category_available_assigning_services SKIPPED [ 11%]
tests/admin_portal/service_categories/test_service_categories_dependency.py::test_rename_category_with_assigned_services SKIPPED [ 13%]
tests/admin_portal/service_categories/test_service_categories_edge_cases.py::test_service_category_long_name_does_not_break_form PASSED [ 16%]
tests/admin_portal/service_categories/test_service_categories_edge_cases.py::test_activate_deactivate_activate_cycle XFAILeproduces
locally. Pending individual fix — see docs/admin_test_burndown.md)       [ 19%]
tests/admin_portal/service_categories/test_service_categories_edge_cases.py::test_edit_inactive_category_saves_changes XFAILeproduces
locally. Pending individual fix — see docs/admin_test_burndown.md)       [ 22%]
tests/admin_portal/service_categories/test_service_categories_edge_cases.py::test_deactivated_category_findable_via_filter XFAILeproduces
locally. Pending individual fix — see docs/admin_test_burndown.md)       [ 25%]
tests/admin_portal/service_categories/test_service_categories_edge_cases.py::test_cancel_add_new_does_not_create_category PASSED [ 27%]
tests/admin_portal/service_categories/test_service_categories_edge_cases.py::test_cancel_edit_does_not_save_changes SKIPPED [ 30%]
tests/admin_portal/service_categories/test_service_categories_edit.py::test_edit_service_category_name_and_restore XFAILeproduces
locally. Pending individual fix — see docs/admin_test_burndown.md)       [ 33%]
tests/admin_portal/service_categories/test_service_categories_filter.py::test_filter_active_categories_shows_active PASSED [ 36%]
tests/admin_portal/service_categories/test_service_categories_filter.py::test_filter_inactive_categories_shows_inactive XFAILeproduces
locally. Pending individual fix — see docs/admin_test_burndown.md)       [ 38%]
tests/admin_portal/service_categories/test_service_categories_filter.py::test_export_button_is_clickable PASSED [ 41%]
tests/admin_portal/service_categories/test_service_categories_filter.py::test_reset_active_filter_restores_full_grid PASSED [ 44%]
tests/admin_portal/service_categories/test_service_categories_managed.py::test_managed_category_provided_at_baseline XFAILeproduces
locally. Pending individual fix — see docs/admin_test_burndown.md)       [ 47%]
tests/admin_portal/service_categories/test_service_categories_managed.py::test_managed_category_rename_is_reset_on_teardown XFAILproduces
locally. Pending individual fix — see docs/admin_test_burndown.md)       [ 50%]
tests/admin_portal/service_categories/test_service_categories_negative.py::test_service_category_required_name_validation PASSED [ 52%]
tests/admin_portal/service_categories/test_service_categories_negative.py::test_create_duplicate_category_is_blocked PASSED [ 55%]
tests/admin_portal/service_categories/test_service_categories_negative.py::test_create_category_exceeding_max_length PASSED [ 58%]
tests/admin_portal/service_categories/test_service_categories_negative.py::test_create_category_with_whitespace_name PASSED [ 61%]
tests/admin_portal/service_categories/test_service_categories_negative.py::test_missing_service_category_is_not_returned PASSED [ 63%]
tests/admin_portal/service_categories/test_service_categories_negative.py::test_create_service_category_is_idempotent SKIPPED [ 66%]
tests/admin_portal/service_categories/test_service_categories_positive.py::test_create_active_service_category SKIPPED [ 69%]
tests/admin_portal/service_categories/test_service_categories_positive.py::test_create_inactive_service_category SKIPPED [ 72%]
tests/admin_portal/service_categories/test_service_categories_positive.py::test_edit_service_category_name SKIPPEDanges() — app no
longer auto-redirects to list after save; check what URL/state the edit
form navigates to on staging)                                            [ 75%]
tests/admin_portal/service_categories/test_service_categories_positive.py::test_activate_service_category SKIPPEDanges() — same post-
save redirect issue as test_edit_service_category_name)                  [ 77%]
tests/admin_portal/service_categories/test_service_categories_positive.py::test_deactivate_service_category SKIPPEDanges() — same post-
save redirect issue as test_edit_service_category_name)                  [ 80%]
tests/admin_portal/service_categories/test_service_categories_positive.py::test_service_category_settings_persist XFAILeproduces
locally. Pending individual fix — see docs/admin_test_burndown.md)       [ 83%]
tests/admin_portal/service_categories/test_service_categories_search_filter.py::test_service_categories_search_variants_and_clear SKIPPED [ 86%]
tests/admin_portal/service_categories/test_service_categories_search_filter.py::test_service_categories_special_character_search_stays_usable PASSED [ 88%]
tests/admin_portal/service_categories/test_service_categories_ui.py::test_service_categories_list_shell_controls_and_grid 
-------------------------------- live log call ---------------------------------
INFO     tests.admin_portal.service_categories.test_service_categories_ui:test_service_categories_ui.py:23 Verifying Service Categories list shell and controls
PASSED                                                                   [ 91%]
tests/admin_portal/service_categories/test_service_categories_ui.py::test_add_service_category_form_controls 
-------------------------------- live log call ---------------------------------
INFO     tests.admin_portal.service_categories.test_service_categories_ui:test_service_categories_ui.py:42 Verifying Add Service Category form controls
PASSED                                                                   [ 94%]
tests/admin_portal/service_categories/test_service_categories_validation.py::test_service_category_required_name_validation PASSED [ 97%]
tests/admin_portal/service_categories/test_service_categories_validation.py::test_service_category_blank_required_form_stays_on_form PASSED [100%]

============ 15 passed, 13 skipped, 8 xfailed in 965.33s (0:16:05) =============
