2026-07-27 05:54:29,550 INFO nxtwash: Test run starting against 'staging' environment
============================= test session starts ==============================
collected 58 items

tests/admin_portal/custom_services/test_custom_services_category.py::test_service_category_dropdown_lists_active_categories_only PASSED [  1%]
tests/admin_portal/custom_services/test_custom_services_category.py::test_selected_category_persists_after_save PASSED [  3%]
tests/admin_portal/custom_services/test_custom_services_category.py::test_service_category_can_be_changed PASSED [  5%]
tests/admin_portal/custom_services/test_custom_services_dependency.py::test_assigned_site_appears_in_site_grid_after_save PASSED [  6%]
tests/admin_portal/custom_services/test_custom_services_dependency.py::test_service_appears_in_pos_after_assignment SKIPPED [  8%]
tests/admin_portal/custom_services/test_custom_services_dependency.py::test_inactive_service_hidden_from_pos SKIPPED [ 10%]
tests/admin_portal/custom_services/test_custom_services_dependency.py::test_delete_service_removes_from_pos SKIPPED [ 12%]
tests/admin_portal/custom_services/test_custom_services_dependency.py::test_export_download_button_triggers_download SKIPPED [ 13%]
tests/admin_portal/custom_services/test_custom_services_discount.py::test_discount_settings_tab_is_visible_on_create PASSED [ 15%]
tests/admin_portal/custom_services/test_custom_services_discount.py::test_applicable_discount_persists_after_save PASSED [ 17%]
tests/admin_portal/custom_services/test_custom_services_discount.py::test_multiple_applicable_discounts_can_be_selected 2026-07-27 06:00:27,208 ERROR nxtwash: Test FAILED: tests/admin_portal/custom_services/test_custom_services_discount.py::test_multiple_applicable_discounts_can_be_selected (url: https://staging.nxtwash.com/services/customServices/edit/30764)

-------------------------------- live log call ---------------------------------
ERROR    nxtwash:conftest.py:241 Test FAILED: tests/admin_portal/custom_services/test_custom_services_discount.py::test_multiple_applicable_discounts_can_be_selected (url: https://staging.nxtwash.com/services/customServices/edit/30764)
2026-07-27 06:00:27,826 ERROR nxtwash: Visible page text at failure:
Custom services
Edit custom service
Cancel
Save custom service
Service settings
Discount settings
Applicable discounts
Discounts applied to this service
Basic Discount
+ 1
VK PD03
VK AD03
AUTOTEST Discount
AUTOTEST Discount RENAMED
VK EC 100 Pct
VK EC Exp Today
VK EC Future Start
VK EC Zero Pct
VK PD02
AUTOTEST Pct Discount
VK CMB004
VK CMB002
VK AD02
VK AD01
Basic Discount
Plus discount
ERROR    nxtwash:conftest.py:256 Visible page text at failure:
Custom services
Edit custom service
Cancel
Save custom service
Service settings
Discount settings
Applicable discounts
Discounts applied to this service
Basic Discount
+ 1
VK PD03
VK AD03
AUTOTEST Discount
AUTOTEST Discount RENAMED
VK EC 100 Pct
VK EC Exp Today
VK EC Future Start
VK EC Zero Pct
VK PD02
AUTOTEST Pct Discount
VK CMB004
VK CMB002
VK AD02
VK AD01
Basic Discount
Plus discount
FAILED                                                                   [ 18%]
tests/admin_portal/custom_services/test_custom_services_discount.py::test_remove_applicable_discount_persists PASSED [ 20%]
tests/admin_portal/custom_services/test_custom_services_discount.py::test_discount_tab_accessible_on_edit_form PASSED [ 22%]
tests/admin_portal/custom_services/test_custom_services_discount.py::test_discount_combobox_filters_by_typing 2026-07-27 06:04:05,138 ERROR nxtwash: Test FAILED: tests/admin_portal/custom_services/test_custom_services_discount.py::test_discount_combobox_filters_by_typing (url: https://staging.nxtwash.com/services/customServices/new)

-------------------------------- live log call ---------------------------------
ERROR    nxtwash:conftest.py:241 Test FAILED: tests/admin_portal/custom_services/test_custom_services_discount.py::test_discount_combobox_filters_by_typing (url: https://staging.nxtwash.com/services/customServices/new)
2026-07-27 06:04:05,807 ERROR nxtwash: Visible page text at failure:
Custom services
Add new custom service
Cancel
Save custom service
Service settings
Discount settings
Applicable discounts
Discounts applied to this service
No options
ERROR    nxtwash:conftest.py:256 Visible page text at failure:
Custom services
Add new custom service
Cancel
Save custom service
Service settings
Discount settings
Applicable discounts
Discounts applied to this service
No options
FAILED                                                                   [ 24%]
tests/admin_portal/custom_services/test_custom_services_edit.py::test_edit_service_name_persists 2026-07-27 06:05:13,316 ERROR nxtwash: Test FAILED: tests/admin_portal/custom_services/test_custom_services_edit.py::test_edit_service_name_persists (url: https://staging.nxtwash.com/services/customServices)

-------------------------------- live log call ---------------------------------
ERROR    nxtwash:conftest.py:241 Test FAILED: tests/admin_portal/custom_services/test_custom_services_edit.py::test_edit_service_name_persists (url: https://staging.nxtwash.com/services/customServices)
2026-07-27 06:05:13,931 ERROR nxtwash: Visible page text at failure:
Custom services
Filter by (1)
+ Add new custom service
Service name
Category
Price
Status
No records available
Page
of
0
Results per page
100
Showing 0 - 0 of 0
ERROR    nxtwash:conftest.py:256 Visible page text at failure:
Custom services
Filter by (1)
+ Add new custom service
Service name
Category
Price
Status
No records available
Page
of
0
Results per page
100
Showing 0 - 0 of 0
FAILED                                                                   [ 25%]
tests/admin_portal/custom_services/test_custom_services_edit.py::test_edit_global_price_persists PASSED [ 27%]
tests/admin_portal/custom_services/test_custom_services_edit.py::test_edit_site_price_override_persists PASSED [ 29%]
tests/admin_portal/custom_services/test_custom_services_edit.py::test_activate_inactive_service SKIPPED [ 31%]
tests/admin_portal/custom_services/test_custom_services_edit.py::test_deactivate_active_service PASSED [ 32%]
tests/admin_portal/custom_services/test_custom_services_edit.py::test_edit_form_prepopulates_existing_values PASSED [ 34%]
tests/admin_portal/custom_services/test_custom_services_edit.py::test_cancel_out_of_edit_form PASSED [ 36%]
tests/admin_portal/custom_services/test_custom_services_edit.py::test_edit_barcode_and_description_persist SKIPPED [ 37%]
tests/admin_portal/custom_services/test_custom_services_edit.py::test_created_service_persists_after_reload PASSED [ 39%]
tests/admin_portal/custom_services/test_custom_services_edit.py::test_edited_service_persists_after_reload PASSED [ 41%]
tests/admin_portal/custom_services/test_custom_services_positive.py::test_create_active_custom_service PASSED [ 43%]
tests/admin_portal/custom_services/test_custom_services_positive.py::test_create_inactive_custom_service_hidden PASSED [ 44%]
tests/admin_portal/custom_services/test_custom_services_positive.py::test_cancel_out_of_create_form PASSED [ 46%]
tests/admin_portal/custom_services/test_custom_services_positive.py::test_create_form_has_save_and_cancel_buttons PASSED [ 48%]
tests/admin_portal/custom_services/test_custom_services_positive.py::test_new_service_global_price_visible_in_list PASSED [ 50%]
tests/admin_portal/custom_services/test_custom_services_positive.py::test_create_service_with_barcode PASSED [ 51%]
tests/admin_portal/custom_services/test_custom_services_positive.py::test_create_service_with_description PASSED [ 53%]
tests/admin_portal/custom_services/test_custom_services_positive.py::test_create_service_with_force_receipt_enabled PASSED [ 55%]
tests/admin_portal/custom_services/test_custom_services_positive.py::test_create_service_with_open_price_enabled PASSED [ 56%]
tests/admin_portal/custom_services/test_custom_services_positive.py::test_site_level_price_override_saved PASSED [ 58%]
tests/admin_portal/custom_services/test_custom_services_positive.py::test_enable_tax_exemption_per_site PASSED [ 60%]
tests/admin_portal/custom_services/test_custom_services_positive.py::test_create_service_with_applicable_discount PASSED [ 62%]
tests/admin_portal/custom_services/test_custom_services_positive.py::test_state_city_sales_tax_columns_are_read_only PASSED [ 63%]
tests/admin_portal/custom_services/test_custom_services_positive.py::test_created_service_persists_after_reload PASSED [ 65%]
tests/admin_portal/custom_services/test_custom_services_search_filter.py::test_search_exact_service_name PASSED [ 67%]
tests/admin_portal/custom_services/test_custom_services_search_filter.py::test_search_partial_service_name PASSED [ 68%]
tests/admin_portal/custom_services/test_custom_services_search_filter.py::test_search_non_existing_service_returns_empty PASSED [ 70%]
tests/admin_portal/custom_services/test_custom_services_search_filter.py::test_clear_search_restores_full_list PASSED [ 72%]
tests/admin_portal/custom_services/test_custom_services_search_filter.py::test_filter_by_site_narrows_results PASSED [ 74%]
tests/admin_portal/custom_services/test_custom_services_search_filter.py::test_active_service_filter_shows_active_only PASSED [ 75%]
tests/admin_portal/custom_services/test_custom_services_search_filter.py::test_active_service_filter_off_shows_all SKIPPED [ 77%]
tests/admin_portal/custom_services/test_custom_services_search_filter.py::test_site_and_active_filter_combined PASSED [ 79%]
tests/admin_portal/custom_services/test_custom_services_search_filter.py::test_reset_filters_clears_filters PASSED [ 81%]
tests/admin_portal/custom_services/test_custom_services_ui.py::test_custom_services_page_loads_with_primary_controls PASSED [ 82%]
tests/admin_portal/custom_services/test_custom_services_ui.py::test_grid_displays_expected_columns PASSED [ 84%]
tests/admin_portal/custom_services/test_custom_services_ui.py::test_pagination_controls_are_visible PASSED [ 86%]
tests/admin_portal/custom_services/test_custom_services_validation.py::test_submit_without_service_name_shows_error PASSED [ 87%]
tests/admin_portal/custom_services/test_custom_services_validation.py::test_submit_without_category_shows_error PASSED [ 89%]
tests/admin_portal/custom_services/test_custom_services_validation.py::test_submit_without_global_price_shows_error PASSED [ 91%]
tests/admin_portal/custom_services/test_custom_services_validation.py::test_negative_global_price_documents_behaviour PASSED [ 93%]
tests/admin_portal/custom_services/test_custom_services_validation.py::test_zero_global_price_documents_behaviour PASSED [ 94%]
tests/admin_portal/custom_services/test_custom_services_validation.py::test_duplicate_service_name_documents_behaviour PASSED [ 96%]
tests/admin_portal/custom_services/test_custom_services_validation.py::test_non_numeric_price_rejected PASSED [ 98%]
tests/admin_portal/custom_services/test_custom_services_validation.py::test_long_service_name_documents_behaviour PASSED [100%]

=================================== FAILURES ===================================
E   selenium.common.exceptions.TimeoutException: Message: 
    Stacktrace:
    0   chromedriver                        0x0000000100cb9a84 cxxbridge1$str$ptr + 3195292
    1   chromedriver                        0x0000000100cb1b4c cxxbridge1$str$ptr + 3162724
    2   chromedriver                        0x000000010075b2a4 _RNvCs9NA52FrZ4pF_7___rustc35___rust_no_alloc_shim_is_unstable_v2 + 73836
    3   chromedriver                        0x00000001007a3a44 _RNvCs9NA52FrZ4pF_7___rustc35___rust_no_alloc_shim_is_unstable_v2 + 370700
    4   chromedriver                        0x00000001007e3030 _RNvCs9NA52FrZ4pF_7___rustc35___rust_no_alloc_shim_is_unstable_v2 + 630264
    5   chromedriver                        0x0000000100799434 _RNvCs9NA52FrZ4pF_7___rustc35___rust_no_alloc_shim_is_unstable_v2 + 328188
    6   chromedriver                        0x0000000100c76c40 cxxbridge1$str$ptr + 2921304
    7   chromedriver                        0x0000000100c7a3b8 cxxbridge1$str$ptr + 2935504
    8   chromedriver                        0x0000000100c5d0f8 cxxbridge1$str$ptr + 2816016
    9   chromedriver                        0x0000000100c7ac4c cxxbridge1$str$ptr + 2937700
    10  chromedriver                        0x0000000100c4e3b0 cxxbridge1$str$ptr + 2755272
    11  chromedriver                        0x0000000100ca01f4 cxxbridge1$str$ptr + 3090700
    12  chromedriver                        0x0000000100ca0354 cxxbridge1$str$ptr + 3091052
    13  chromedriver                        0x0000000100cb17a4 cxxbridge1$str$ptr + 3161788
    14  libsystem_pthread.dylib             0x0000000199325c08 _pthread_start + 136
    15  libsystem_pthread.dylib             0x0000000199320ba8 thread_start + 8
/Users/vk/Documents/NxtWash Automation/nxtwash-automation/venv/lib/python3.11/site-packages/selenium/webdriver/support/wait.py:121: selenium.common.exceptions.TimeoutException: Message:
E   assert False
     +  where False = any(<generator object test_discount_combobox_filters_by_typing.<locals>.<genexpr> at 0x105d6b440>)
/Users/vk/Documents/NxtWash Automation/nxtwash-automation/tests/admin_portal/custom_services/test_custom_services_discount.py:126: assert False
E   selenium.common.exceptions.TimeoutException: Message: 
    Stacktrace:
    0   chromedriver                        0x00000001009a1a84 cxxbridge1$str$ptr + 3195292
    1   chromedriver                        0x0000000100999b4c cxxbridge1$str$ptr + 3162724
    2   chromedriver                        0x00000001004432a4 _RNvCs9NA52FrZ4pF_7___rustc35___rust_no_alloc_shim_is_unstable_v2 + 73836
    3   chromedriver                        0x000000010048ba44 _RNvCs9NA52FrZ4pF_7___rustc35___rust_no_alloc_shim_is_unstable_v2 + 370700
    4   chromedriver                        0x00000001004cb030 _RNvCs9NA52FrZ4pF_7___rustc35___rust_no_alloc_shim_is_unstable_v2 + 630264
    5   chromedriver                        0x0000000100481434 _RNvCs9NA52FrZ4pF_7___rustc35___rust_no_alloc_shim_is_unstable_v2 + 328188
    6   chromedriver                        0x000000010095ec40 cxxbridge1$str$ptr + 2921304
    7   chromedriver                        0x00000001009623b8 cxxbridge1$str$ptr + 2935504
    8   chromedriver                        0x00000001009450f8 cxxbridge1$str$ptr + 2816016
    9   chromedriver                        0x0000000100962c4c cxxbridge1$str$ptr + 2937700
    10  chromedriver                        0x00000001009363b0 cxxbridge1$str$ptr + 2755272
    11  chromedriver                        0x00000001009881f4 cxxbridge1$str$ptr + 3090700
    12  chromedriver                        0x0000000100988354 cxxbridge1$str$ptr + 3091052
    13  chromedriver                        0x00000001009997a4 cxxbridge1$str$ptr + 3161788
    14  libsystem_pthread.dylib             0x0000000199325c08 _pthread_start + 136
    15  libsystem_pthread.dylib             0x0000000199320ba8 thread_start + 8
/Users/vk/Documents/NxtWash Automation/nxtwash-automation/venv/lib/python3.11/site-packages/selenium/webdriver/support/wait.py:121: selenium.common.exceptions.TimeoutException: Message:
=========================== short test summary info ============================
FAILED tests/admin_portal/custom_services/test_custom_services_discount.py::test_multiple_applicable_discounts_can_be_selected
FAILED tests/admin_portal/custom_services/test_custom_services_discount.py::test_discount_combobox_filters_by_typing
FAILED tests/admin_portal/custom_services/test_custom_services_edit.py::test_edit_service_name_persists
============= 3 failed, 48 passed, 7 skipped in 2101.20s (0:35:01) =============
