2026-07-27 04:39:11,175 INFO nxtwash: Test run starting against 'staging' environment
============================= test session starts ==============================
collected 91 items

tests/admin_portal/kiosk_settings/test_kiosk_active_connection.py::test_active_toggle_on_shows_active_in_list PASSED [  1%]
tests/admin_portal/kiosk_settings/test_kiosk_active_connection.py::test_active_toggle_on_shows_active_in_list ERROR [  1%]
tests/admin_portal/kiosk_settings/test_kiosk_active_connection.py::test_active_toggle_off_shows_inactive_in_list XFAIL [  2%]
tests/admin_portal/kiosk_settings/test_kiosk_active_connection.py::test_kiosk_connected_message_displays XFAIL [  3%]
tests/admin_portal/kiosk_settings/test_kiosk_active_connection.py::test_check_regen_code_button_visible_when_connected XPASS [  4%]
tests/admin_portal/kiosk_settings/test_kiosk_create.py::test_add_kiosk_form_opens PASSED [  5%]
tests/admin_portal/kiosk_settings/test_kiosk_create.py::test_create_kiosk_name_only XPASS [  6%]
tests/admin_portal/kiosk_settings/test_kiosk_create.py::test_create_kiosk_name_required PASSED [  7%]
tests/admin_portal/kiosk_settings/test_kiosk_create.py::test_create_kiosk_with_site_and_lane XPASS [  8%]
tests/admin_portal/kiosk_settings/test_kiosk_create.py::test_site_selection_populates_lane_dropdown XFAIL [  9%]
tests/admin_portal/kiosk_settings/test_kiosk_create.py::test_create_form_sections_collapsed_by_default PASSED [ 10%]
tests/admin_portal/kiosk_settings/test_kiosk_create.py::test_create_form_configure_panel_visible PASSED [ 12%]
tests/admin_portal/kiosk_settings/test_kiosk_create.py::test_create_kiosk_cancel_discards_form PASSED [ 13%]
tests/admin_portal/kiosk_settings/test_kiosk_create.py::test_new_kiosk_appears_immediately XFAIL [ 14%]
tests/admin_portal/kiosk_settings/test_kiosk_create.py::test_generate_connection_code_after_create XFAIL [ 15%]
tests/admin_portal/kiosk_settings/test_kiosk_dependencies.py::test_site_dropdown_lists_sites XFAIL [ 16%]
tests/admin_portal/kiosk_settings/test_kiosk_dependencies.py::test_lane_dropdown_lists_lanes_for_site XFAIL [ 17%]
tests/admin_portal/kiosk_settings/test_kiosk_device_settings.py::test_device_section_expand_collapse XFAIL [ 18%]
tests/admin_portal/kiosk_settings/test_kiosk_device_settings.py::test_enter_payment_serial_saves XFAIL [ 19%]
tests/admin_portal/kiosk_settings/test_kiosk_device_settings.py::test_payment_serial_persists XFAIL [ 20%]
tests/admin_portal/kiosk_settings/test_kiosk_device_settings.py::test_car_recognition_by_plate_persists XFAIL [ 21%]
tests/admin_portal/kiosk_settings/test_kiosk_device_settings.py::test_car_recognition_by_rfid_persists XFAIL [ 23%]
tests/admin_portal/kiosk_settings/test_kiosk_device_settings.py::test_car_recognition_last_selected_wins XFAIL [ 24%]
tests/admin_portal/kiosk_settings/test_kiosk_device_settings.py::test_cc_entry_methods_saves XFAIL [ 25%]
tests/admin_portal/kiosk_settings/test_kiosk_edge_cases.py::test_kiosk_name_whitespace_trimmed PASSED [ 26%]
tests/admin_portal/kiosk_settings/test_kiosk_edge_cases.py::test_kiosk_without_site_lane_appears_in_list XFAIL [ 27%]
tests/admin_portal/kiosk_settings/test_kiosk_edge_cases.py::test_receipt_modal_delay_boundary_values_valid XFAIL [ 28%]
tests/admin_portal/kiosk_settings/test_kiosk_edge_cases.py::test_extras_dismiss_delay_boundary_values_valid XFAIL [ 29%]
tests/admin_portal/kiosk_settings/test_kiosk_edit.py::test_edit_form_opens_prepopulated XFAIL [ 30%]
tests/admin_portal/kiosk_settings/test_kiosk_edit.py::test_edit_kiosk_name_persists PASSED [ 31%]
tests/admin_portal/kiosk_settings/test_kiosk_edit.py::test_edit_kiosk_site_persists XFAIL [ 32%]
tests/admin_portal/kiosk_settings/test_kiosk_edit.py::test_edit_kiosk_lane_persists XFAIL [ 34%]
tests/admin_portal/kiosk_settings/test_kiosk_edit.py::test_edit_clear_name_blocked PASSED [ 35%]
tests/admin_portal/kiosk_settings/test_kiosk_edit.py::test_edit_cancel_discards_changes XFAIL [ 36%]
tests/admin_portal/kiosk_settings/test_kiosk_edit.py::test_edit_form_configure_panel_visible XPASS [ 37%]
tests/admin_portal/kiosk_settings/test_kiosk_filter.py::test_filter_panel_opens PASSED [ 38%]
tests/admin_portal/kiosk_settings/test_kiosk_filter.py::test_filter_by_active_status XFAIL [ 39%]
tests/admin_portal/kiosk_settings/test_kiosk_filter.py::test_filter_by_site PASSED [ 40%]
tests/admin_portal/kiosk_settings/test_kiosk_filter.py::test_filter_by_site_count_matches_rows PASSED [ 41%]
tests/admin_portal/kiosk_settings/test_kiosk_filter.py::test_filter_reset_restores_list XFAIL [ 42%]
tests/admin_portal/kiosk_settings/test_kiosk_fleet_settings.py::test_fleet_section_expand_collapse XFAIL [ 43%]
tests/admin_portal/kiosk_settings/test_kiosk_fleet_settings.py::test_fleet_toggles_save_on_off XFAIL [ 45%]
tests/admin_portal/kiosk_settings/test_kiosk_fleet_settings.py::test_fleet_capabilities_dropdown_saves XFAIL [ 46%]
tests/admin_portal/kiosk_settings/test_kiosk_fleet_settings.py::test_fleet_manager_url_saves XFAIL [ 47%]
tests/admin_portal/kiosk_settings/test_kiosk_fleet_settings.py::test_fleet_call_attendant_toggle_saves XFAIL [ 48%]
tests/admin_portal/kiosk_settings/test_kiosk_flow_settings.py::test_flow_section_expand_collapse XFAIL [ 49%]
tests/admin_portal/kiosk_settings/test_kiosk_flow_settings.py::test_flow_toggles_save_on_and_off XFAIL [ 50%]
tests/admin_portal/kiosk_settings/test_kiosk_flow_settings.py::test_flow_theme_dropdown_saves XFAIL [ 51%]
tests/admin_portal/kiosk_settings/test_kiosk_flow_settings.py::test_flow_optspot_text_fields_save XFAIL [ 52%]
tests/admin_portal/kiosk_settings/test_kiosk_flow_settings.py::test_flow_optspot_toggles_save XFAIL [ 53%]
tests/admin_portal/kiosk_settings/test_kiosk_flow_settings.py::test_flow_sign_membership_heading_saves XFAIL [ 54%]
tests/admin_portal/kiosk_settings/test_kiosk_flow_settings.py::test_flow_remaining_toggles_save XFAIL [ 56%]
tests/admin_portal/kiosk_settings/test_kiosk_flow_settings.py::test_flow_wex_wash_cards_toggle_saves XFAIL [ 57%]
tests/admin_portal/kiosk_settings/test_kiosk_flow_settings.py::test_flow_remaining_toggles_save_duplicate SKIPPED [ 58%]
tests/admin_portal/kiosk_settings/test_kiosk_flow_settings.py::test_flow_dedup_timer_saves XFAIL [ 59%]
tests/admin_portal/kiosk_settings/test_kiosk_gate_settings.py::test_gate_section_expand_collapse XFAIL [ 60%]
tests/admin_portal/kiosk_settings/test_kiosk_gate_settings.py::test_gate_operational_toggle_on_persists XFAIL [ 61%]
tests/admin_portal/kiosk_settings/test_kiosk_gate_settings.py::test_gate_operational_toggle_off_persists XFAIL [ 62%]
tests/admin_portal/kiosk_settings/test_kiosk_list.py::test_kiosk_page_loads PASSED [ 63%]
tests/admin_portal/kiosk_settings/test_kiosk_list.py::test_kiosk_list_displays_columns PASSED [ 64%]
tests/admin_portal/kiosk_settings/test_kiosk_list.py::test_kiosk_list_status_column PASSED [ 65%]
tests/admin_portal/kiosk_settings/test_kiosk_list.py::test_kiosk_list_pagination_shows_count PASSED [ 67%]
tests/admin_portal/kiosk_settings/test_kiosk_list.py::test_kiosk_list_results_per_page PASSED [ 68%]
tests/admin_portal/kiosk_settings/test_kiosk_localization_settings.py::test_localization_section_expand_collapse XFAIL [ 69%]
tests/admin_portal/kiosk_settings/test_kiosk_localization_settings.py::test_localization_external_translations_toggle_saves XFAIL [ 70%]
tests/admin_portal/kiosk_settings/test_kiosk_localization_settings.py::test_localization_translation_url_saves XFAIL [ 71%]
tests/admin_portal/kiosk_settings/test_kiosk_middleware_settings.py::test_middleware_section_expand_collapse XFAIL [ 72%]
tests/admin_portal/kiosk_settings/test_kiosk_middleware_settings.py::test_enter_middleware_ip_saves XFAIL [ 73%]
tests/admin_portal/kiosk_settings/test_kiosk_middleware_settings.py::test_middleware_ip_persists XFAIL [ 74%]
tests/admin_portal/kiosk_settings/test_kiosk_search.py::test_search_by_exact_name PASSED [ 75%]
tests/admin_portal/kiosk_settings/test_kiosk_search.py::test_search_by_partial_name PASSED [ 76%]
tests/admin_portal/kiosk_settings/test_kiosk_search.py::test_search_nonexistent_name PASSED [ 78%]
tests/admin_portal/kiosk_settings/test_kiosk_search.py::test_clear_search_restores_list PASSED [ 79%]
tests/admin_portal/kiosk_settings/test_kiosk_service_settings.py::test_service_section_expand_collapse XFAIL [ 80%]
tests/admin_portal/kiosk_settings/test_kiosk_service_settings.py::test_service_section_shows_checkboxes XFAIL [ 81%]
tests/admin_portal/kiosk_settings/test_kiosk_service_settings.py::test_uncheck_memberships_persists XFAIL [ 82%]
tests/admin_portal/kiosk_settings/test_kiosk_service_settings.py::test_recheck_memberships_persists XFAIL [ 83%]
tests/admin_portal/kiosk_settings/test_kiosk_service_settings.py::test_enable_all_checkboxes_and_upsale XFAIL [ 84%]
tests/admin_portal/kiosk_settings/test_kiosk_service_settings.py::test_upsale_toggle_off_persists XFAIL [ 85%]
tests/admin_portal/kiosk_settings/test_kiosk_timer_settings.py::test_timer_section_expand_collapse XFAIL [ 86%]
tests/admin_portal/kiosk_settings/test_kiosk_timer_settings.py::test_receipt_modal_delay_valid_value XFAIL [ 87%]
tests/admin_portal/kiosk_settings/test_kiosk_timer_settings.py::test_receipt_modal_delay_below_min_rejected XFAIL [ 89%]
tests/admin_portal/kiosk_settings/test_kiosk_timer_settings.py::test_receipt_modal_delay_above_max_rejected XFAIL [ 90%]
tests/admin_portal/kiosk_settings/test_kiosk_timer_settings.py::test_rfid_tag_delay_valid_value XFAIL [ 91%]
tests/admin_portal/kiosk_settings/test_kiosk_timer_settings.py::test_rfid_tag_delay_out_of_range_rejected XFAIL [ 92%]
tests/admin_portal/kiosk_settings/test_kiosk_timer_settings.py::test_extras_dismiss_delay_valid_value XFAIL [ 93%]
tests/admin_portal/kiosk_settings/test_kiosk_timer_settings.py::test_extras_dismiss_delay_below_min_rejected XFAIL [ 94%]
tests/admin_portal/kiosk_settings/test_kiosk_timer_settings.py::test_extras_dismiss_delay_above_max_rejected XFAIL [ 95%]
tests/admin_portal/kiosk_settings/test_kiosk_timer_settings.py::test_timer_field_non_numeric_rejected XFAIL [ 96%]
tests/admin_portal/kiosk_settings/test_kiosk_tunnel_settings.py::test_tunnel_section_expand_collapse XFAIL [ 97%]
tests/admin_portal/kiosk_settings/test_kiosk_tunnel_settings.py::test_tunnel_operational_toggle_on_persists XFAIL [ 98%]
tests/admin_portal/kiosk_settings/test_kiosk_tunnel_settings.py::test_tunnel_operational_toggle_off_persists XFAIL [100%]

==================================== ERRORS ====================================
_______ ERROR at teardown of test_active_toggle_on_shows_active_in_list ________
E   selenium.common.exceptions.TimeoutException: Message:
=========================== short test summary info ============================
ERROR tests/admin_portal/kiosk_settings/test_kiosk_active_connection.py::test_active_toggle_on_shows_active_in_list
== 21 passed, 1 skipped, 65 xfailed, 4 xpassed, 1 error in 8844.14s (2:27:24) ==
