2026-07-27 04:32:08,539 INFO nxtwash: Test run starting against 'staging' environment
============================= test session starts ==============================
collected 36 items

tests/admin_portal/gift_cards/test_gift_cards_edge_cases.py::test_create_gift_card_helper_is_idempotent PASSED [  2%]
tests/admin_portal/gift_cards/test_gift_cards_edge_cases.py::test_gift_cards_page_recovers_after_no_result_search PASSED [  5%]
tests/admin_portal/gift_cards/test_gift_cards_edit.py::test_edit_gift_card_name PASSED [  8%]
tests/admin_portal/gift_cards/test_gift_cards_edit.py::test_edit_gift_card_updates_settings_without_duplicate PASSED [ 11%]
tests/admin_portal/gift_cards/test_gift_cards_edit.py::test_activate_inactive_gift_card PASSED [ 13%]
tests/admin_portal/gift_cards/test_gift_cards_edit.py::test_deactivate_active_gift_card PASSED [ 16%]
tests/admin_portal/gift_cards/test_gift_cards_edit.py::test_edit_customer_gift_card_amount PASSED [ 19%]
tests/admin_portal/gift_cards/test_gift_cards_edit.py::test_toggle_active_customer_gift_card PASSED [ 22%]
tests/admin_portal/gift_cards/test_gift_cards_filter.py::test_filter_by_site_narrows_gift_card_list PASSED [ 25%]
tests/admin_portal/gift_cards/test_gift_cards_filter.py::test_active_toggle_shows_active_gift_cards_only PASSED [ 27%]
tests/admin_portal/gift_cards/test_gift_cards_filter.py::test_reset_all_clears_gift_card_filters PASSED [ 30%]
tests/admin_portal/gift_cards/test_gift_cards_filter.py::test_filter_by_site_narrows_customer_gift_card_list PASSED [ 33%]
tests/admin_portal/gift_cards/test_gift_cards_negative.py::test_opening_missing_gift_card_does_not_show_edit_form PASSED [ 36%]
tests/admin_portal/gift_cards/test_gift_cards_negative.py::test_missing_customer_gift_card_search_does_not_show_match PASSED [ 38%]
tests/admin_portal/gift_cards/test_gift_cards_positive.py::test_create_gift_card_with_required_settings PASSED [ 41%]
tests/admin_portal/gift_cards/test_gift_cards_positive.py::test_create_inactive_gift_card PASSED [ 44%]
tests/admin_portal/gift_cards/test_gift_cards_positive.py::test_created_gift_card_settings_persist PASSED [ 47%]
tests/admin_portal/gift_cards/test_gift_cards_positive.py::test_gift_card_appears_in_customer_gift_card_dropdown PASSED [ 50%]
tests/admin_portal/gift_cards/test_gift_cards_positive.py::test_create_customer_gift_card_from_template PASSED [ 52%]
tests/admin_portal/gift_cards/test_gift_cards_positive.py::test_customer_gift_card_persists_after_page_reload PASSED [ 55%]
tests/admin_portal/gift_cards/test_gift_cards_positive.py::test_customer_gift_card_linked_to_correct_template PASSED [ 58%]
tests/admin_portal/gift_cards/test_gift_cards_search_filter.py::test_search_exact_gift_card_name_returns_match PASSED [ 61%]
tests/admin_portal/gift_cards/test_gift_cards_search_filter.py::test_gift_cards_search_accepts_partial_text_without_breaking_grid PASSED [ 63%]
tests/admin_portal/gift_cards/test_gift_cards_search_filter.py::test_customer_gift_card_search_partial_number PASSED [ 66%]
tests/admin_portal/gift_cards/test_gift_cards_ui.py::test_gift_cards_page_loads PASSED [ 69%]
tests/admin_portal/gift_cards/test_gift_cards_ui.py::test_gift_cards_primary_actions_are_available PASSED [ 72%]
tests/admin_portal/gift_cards/test_gift_cards_ui.py::test_customer_gift_cards_tab_loads PASSED [ 75%]
tests/admin_portal/gift_cards/test_gift_cards_validation.py::test_create_gift_card_requires_name PASSED [ 77%]
tests/admin_portal/gift_cards/test_gift_cards_validation.py::test_create_gift_card_requires_amount PASSED [ 80%]
tests/admin_portal/gift_cards/test_gift_cards_validation.py::test_negative_gift_card_amount_rejected PASSED [ 83%]
tests/admin_portal/gift_cards/test_gift_cards_validation.py::test_non_numeric_gift_card_amount_rejected SKIPPED [ 86%]
tests/admin_portal/gift_cards/test_gift_cards_validation.py::test_create_customer_gift_card_requires_gift_card_selection PASSED [ 88%]
tests/admin_portal/gift_cards/test_gift_cards_validation.py::test_create_customer_gift_card_requires_number PASSED [ 91%]
tests/admin_portal/gift_cards/test_gift_cards_validation.py::test_create_customer_gift_card_requires_amount PASSED [ 94%]
tests/admin_portal/gift_cards/test_gift_cards_validation.py::test_negative_customer_gift_card_amount_rejected PASSED [ 97%]
tests/admin_portal/gift_cards/test_gift_cards_validation.py::test_non_numeric_customer_gift_card_amount_rejected PASSED [100%]

================== 35 passed, 1 skipped in 1586.81s (0:26:26) ==================
