2026-07-27 04:12:16,237 INFO nxtwash: Test run starting against 'staging' environment
============================= test session starts ==============================
collected 36 items

tests/admin_portal/service_categories/test_service_categories_dependency.py::test_category_available_in_discount_creation 2026-07-27 04:13:58,395 ERROR nxtwash: Test FAILED: tests/admin_portal/service_categories/test_service_categories_dependency.py::test_category_available_in_discount_creation (url: https://staging.nxtwash.com/services/serviceCategories)

-------------------------------- live log call ---------------------------------
ERROR    nxtwash:conftest.py:241 Test FAILED: tests/admin_portal/service_categories/test_service_categories_dependency.py::test_category_available_in_discount_creation (url: https://staging.nxtwash.com/services/serviceCategories)
2026-07-27 04:13:59,092 ERROR nxtwash: Visible page text at failure:
Service categories
Filter by (1)
+ Add new category
Service category
Status
No records available
Page
of
0
Results per page
100
Showing 0 - 0 of 0
ERROR    nxtwash:conftest.py:256 Visible page text at failure:
Service categories
Filter by (1)
+ Add new category
Service category
Status
No records available
Page
of
0
Results per page
100
Showing 0 - 0 of 0
FAILED                                                                   [  2%]
tests/admin_portal/service_categories/test_service_categories_dependency.py::test_rename_category_linked_to_discount SKIPPED [  5%]
tests/admin_portal/service_categories/test_service_categories_dependency.py::test_deactivate_category_used_by_discount SKIPPED [  8%]
tests/admin_portal/service_categories/test_service_categories_dependency.py::test_category_available_assigning_services SKIPPED [ 11%]
tests/admin_portal/service_categories/test_service_categories_dependency.py::test_rename_category_with_assigned_services SKIPPED [ 13%]
tests/admin_portal/service_categories/test_service_categories_edge_cases.py::test_service_category_long_name_does_not_break_form PASSED [ 16%]
tests/admin_portal/service_categories/test_service_categories_edge_cases.py::test_activate_deactivate_activate_cycle XFAIL [ 19%]
tests/admin_portal/service_categories/test_service_categories_edge_cases.py::test_edit_inactive_category_saves_changes XFAIL [ 22%]
tests/admin_portal/service_categories/test_service_categories_edge_cases.py::test_deactivated_category_findable_via_filter XFAIL [ 25%]
tests/admin_portal/service_categories/test_service_categories_edge_cases.py::test_cancel_add_new_does_not_create_category PASSED [ 27%]
tests/admin_portal/service_categories/test_service_categories_edge_cases.py::test_cancel_edit_does_not_save_changes 2026-07-27 04:18:22,544 ERROR nxtwash: Test FAILED: tests/admin_portal/service_categories/test_service_categories_edge_cases.py::test_cancel_edit_does_not_save_changes (url: https://staging.nxtwash.com/services/serviceCategories)

-------------------------------- live log call ---------------------------------
ERROR    nxtwash:conftest.py:241 Test FAILED: tests/admin_portal/service_categories/test_service_categories_edge_cases.py::test_cancel_edit_does_not_save_changes (url: https://staging.nxtwash.com/services/serviceCategories)
2026-07-27 04:18:23,161 ERROR nxtwash: Visible page text at failure:
Service categories
Filter by (1)
+ Add new category
Service category
Status
No records available
Page
of
0
Results per page
100
Showing 0 - 0 of 0
ERROR    nxtwash:conftest.py:256 Visible page text at failure:
Service categories
Filter by (1)
+ Add new category
Service category
Status
No records available
Page
of
0
Results per page
100
Showing 0 - 0 of 0
FAILED                                                                   [ 30%]
tests/admin_portal/service_categories/test_service_categories_edit.py::test_edit_service_category_name_and_restore XFAIL [ 33%]
tests/admin_portal/service_categories/test_service_categories_filter.py::test_filter_active_categories_shows_active PASSED [ 36%]
tests/admin_portal/service_categories/test_service_categories_filter.py::test_filter_inactive_categories_shows_inactive XFAIL [ 38%]
tests/admin_portal/service_categories/test_service_categories_filter.py::test_export_button_is_clickable PASSED [ 41%]
tests/admin_portal/service_categories/test_service_categories_filter.py::test_reset_active_filter_restores_full_grid PASSED [ 44%]
tests/admin_portal/service_categories/test_service_categories_managed.py::test_managed_category_provided_at_baseline XFAIL [ 47%]
tests/admin_portal/service_categories/test_service_categories_managed.py::test_managed_category_rename_is_reset_on_teardown XFAIL [ 50%]
tests/admin_portal/service_categories/test_service_categories_negative.py::test_service_category_required_name_validation PASSED [ 52%]
tests/admin_portal/service_categories/test_service_categories_negative.py::test_create_duplicate_category_is_blocked PASSED [ 55%]
tests/admin_portal/service_categories/test_service_categories_negative.py::test_create_category_exceeding_max_length PASSED [ 58%]
tests/admin_portal/service_categories/test_service_categories_negative.py::test_create_category_with_whitespace_name PASSED [ 61%]
tests/admin_portal/service_categories/test_service_categories_negative.py::test_missing_service_category_is_not_returned PASSED [ 63%]
tests/admin_portal/service_categories/test_service_categories_negative.py::test_create_service_category_is_idempotent 2026-07-27 04:26:16,360 ERROR nxtwash: Test FAILED: tests/admin_portal/service_categories/test_service_categories_negative.py::test_create_service_category_is_idempotent (url: https://staging.nxtwash.com/services/serviceCategories)

-------------------------------- live log call ---------------------------------
ERROR    nxtwash:conftest.py:241 Test FAILED: tests/admin_portal/service_categories/test_service_categories_negative.py::test_create_service_category_is_idempotent (url: https://staging.nxtwash.com/services/serviceCategories)
2026-07-27 04:26:16,954 ERROR nxtwash: Visible page text at failure:
Service categories
Filter by (1)
+ Add new category
Service category
Status
No records available
Page
of
0
Results per page
100
Showing 0 - 0 of 0
ERROR    nxtwash:conftest.py:256 Visible page text at failure:
Service categories
Filter by (1)
+ Add new category
Service category
Status
No records available
Page
of
0
Results per page
100
Showing 0 - 0 of 0
FAILED                                                                   [ 66%]
tests/admin_portal/service_categories/test_service_categories_positive.py::test_create_active_service_category 2026-07-27 04:26:52,354 ERROR nxtwash: Test FAILED: tests/admin_portal/service_categories/test_service_categories_positive.py::test_create_active_service_category (url: https://staging.nxtwash.com/services/serviceCategories)

-------------------------------- live log call ---------------------------------
ERROR    nxtwash:conftest.py:241 Test FAILED: tests/admin_portal/service_categories/test_service_categories_positive.py::test_create_active_service_category (url: https://staging.nxtwash.com/services/serviceCategories)
2026-07-27 04:26:52,961 ERROR nxtwash: Visible page text at failure:
Service categories
Filter by (1)
+ Add new category
Service category
Status
No records available
Page
of
0
Results per page
100
Showing 0 - 0 of 0
ERROR    nxtwash:conftest.py:256 Visible page text at failure:
Service categories
Filter by (1)
+ Add new category
Service category
Status
No records available
Page
of
0
Results per page
100
Showing 0 - 0 of 0
FAILED                                                                   [ 69%]
tests/admin_portal/service_categories/test_service_categories_positive.py::test_create_inactive_service_category 2026-07-27 04:28:43,160 ERROR nxtwash: Test FAILED: tests/admin_portal/service_categories/test_service_categories_positive.py::test_create_inactive_service_category (url: https://staging.nxtwash.com/services/serviceCategories)

-------------------------------- live log call ---------------------------------
ERROR    nxtwash:conftest.py:241 Test FAILED: tests/admin_portal/service_categories/test_service_categories_positive.py::test_create_inactive_service_category (url: https://staging.nxtwash.com/services/serviceCategories)
2026-07-27 04:28:43,750 ERROR nxtwash: Visible page text at failure:
Service categories
Filter by (1)
+ Add new category
Service category
Status
No records available
Page
of
0
Results per page
100
Showing 0 - 0 of 0
ERROR    nxtwash:conftest.py:256 Visible page text at failure:
Service categories
Filter by (1)
+ Add new category
Service category
Status
No records available
Page
of
0
Results per page
100
Showing 0 - 0 of 0
FAILED                                                                   [ 72%]
tests/admin_portal/service_categories/test_service_categories_positive.py::test_edit_service_category_name SKIPPED [ 75%]
tests/admin_portal/service_categories/test_service_categories_positive.py::test_activate_service_category SKIPPED [ 77%]
tests/admin_portal/service_categories/test_service_categories_positive.py::test_deactivate_service_category SKIPPED [ 80%]
tests/admin_portal/service_categories/test_service_categories_positive.py::test_service_category_settings_persist XFAIL [ 83%]
tests/admin_portal/service_categories/test_service_categories_search_filter.py::test_service_categories_search_variants_and_clear 
-------------------------------- live log call ---------------------------------
INFO     tests.admin_portal.service_categories.test_service_categories_search_filter:test_service_categories_search_filter.py:28 Verifying Service Categories search variants
2026-07-27 04:30:10,724 ERROR nxtwash: Test FAILED: tests/admin_portal/service_categories/test_service_categories_search_filter.py::test_service_categories_search_variants_and_clear (url: https://staging.nxtwash.com/services/serviceCategories)
ERROR    nxtwash:conftest.py:241 Test FAILED: tests/admin_portal/service_categories/test_service_categories_search_filter.py::test_service_categories_search_variants_and_clear (url: https://staging.nxtwash.com/services/serviceCategories)
2026-07-27 04:30:11,330 ERROR nxtwash: Visible page text at failure:
Service categories
Filter by (1)
+ Add new category
Service category
Status
No records available
Page
of
0
Results per page
100
Showing 0 - 0 of 0
ERROR    nxtwash:conftest.py:256 Visible page text at failure:
Service categories
Filter by (1)
+ Add new category
Service category
Status
No records available
Page
of
0
Results per page
100
Showing 0 - 0 of 0
FAILED                                                                   [ 86%]
tests/admin_portal/service_categories/test_service_categories_search_filter.py::test_service_categories_special_character_search_stays_usable PASSED [ 88%]
tests/admin_portal/service_categories/test_service_categories_ui.py::test_service_categories_list_shell_controls_and_grid 
-------------------------------- live log call ---------------------------------
INFO     tests.admin_portal.service_categories.test_service_categories_ui:test_service_categories_ui.py:23 Verifying Service Categories list shell and controls
PASSED                                                                   [ 91%]
tests/admin_portal/service_categories/test_service_categories_ui.py::test_add_service_category_form_controls 
-------------------------------- live log call ---------------------------------
INFO     tests.admin_portal.service_categories.test_service_categories_ui:test_service_categories_ui.py:42 Verifying Add Service Category form controls
PASSED                                                                   [ 94%]
tests/admin_portal/service_categories/test_service_categories_validation.py::test_service_category_required_name_validation PASSED [ 97%]
tests/admin_portal/service_categories/test_service_categories_validation.py::test_service_category_blank_required_form_stays_on_form PASSED [100%]

=================================== FAILURES ===================================
E   selenium.common.exceptions.TimeoutException: Message:
/Users/vk/Documents/NxtWash Automation/nxtwash-automation/venv/lib/python3.11/site-packages/selenium/webdriver/support/wait.py:121: selenium.common.exceptions.TimeoutException: Message:
E   selenium.common.exceptions.TimeoutException: Message:
/Users/vk/Documents/NxtWash Automation/nxtwash-automation/venv/lib/python3.11/site-packages/selenium/webdriver/support/wait.py:121: selenium.common.exceptions.TimeoutException: Message:
E   selenium.common.exceptions.TimeoutException: Message:
/Users/vk/Documents/NxtWash Automation/nxtwash-automation/venv/lib/python3.11/site-packages/selenium/webdriver/support/wait.py:121: selenium.common.exceptions.TimeoutException: Message:
E   selenium.common.exceptions.TimeoutException: Message:
/Users/vk/Documents/NxtWash Automation/nxtwash-automation/venv/lib/python3.11/site-packages/selenium/webdriver/support/wait.py:121: selenium.common.exceptions.TimeoutException: Message:
E   selenium.common.exceptions.TimeoutException: Message:
/Users/vk/Documents/NxtWash Automation/nxtwash-automation/venv/lib/python3.11/site-packages/selenium/webdriver/support/wait.py:121: selenium.common.exceptions.TimeoutException: Message:
E   selenium.common.exceptions.TimeoutException: Message:
----------------------------- Captured stderr call -----------------------------
2026-07-27 04:29:27,253 INFO tests.admin_portal.service_categories.test_service_categories_search_filter: Verifying Service Categories search variants
------------------------------ Captured log call -------------------------------
INFO     tests.admin_portal.service_categories.test_service_categories_search_filter:test_service_categories_search_filter.py:28 Verifying Service Categories search variants
/Users/vk/Documents/NxtWash Automation/nxtwash-automation/venv/lib/python3.11/site-packages/selenium/webdriver/support/wait.py:121: selenium.common.exceptions.TimeoutException: Message:
=========================== short test summary info ============================
FAILED tests/admin_portal/service_categories/test_service_categories_dependency.py::test_category_available_in_discount_creation
FAILED tests/admin_portal/service_categories/test_service_categories_edge_cases.py::test_cancel_edit_does_not_save_changes
FAILED tests/admin_portal/service_categories/test_service_categories_negative.py::test_create_service_category_is_idempotent
FAILED tests/admin_portal/service_categories/test_service_categories_positive.py::test_create_active_service_category
FAILED tests/admin_portal/service_categories/test_service_categories_positive.py::test_create_inactive_service_category
FAILED tests/admin_portal/service_categories/test_service_categories_search_filter.py::test_service_categories_search_variants_and_clear
======= 6 failed, 15 passed, 7 skipped, 8 xfailed in 1191.00s (0:19:50) ========
