2026-07-27 03:54:21,912 INFO nxtwash: Test run starting against 'staging' environment
============================= test session starts ==============================
collected 76 items

tests/admin_portal/overview/test_overview_data_validation.py::test_overview_cars_washed_total_matches_report XFAIL [  1%]
tests/admin_portal/overview/test_overview_data_validation.py::test_overview_revenue_daily_matches_report XFAIL [  2%]
tests/admin_portal/overview/test_overview_data_validation.py::test_overview_filters_persist_navigating_to_report XPASS [  3%]
tests/admin_portal/overview/test_overview_data_validation.py::test_overview_modal_and_inline_filters_return_matching_totals XFAIL [  5%]
tests/admin_portal/overview/test_overview_data_validation.py::test_overview_both_report_pages_accept_same_filter_inputs XFAIL [  6%]
tests/admin_portal/overview/test_overview_exports.py::test_overview_exports_are_available_and_filter_aware XPASS [  7%]
tests/admin_portal/overview/test_overview_filters.py::test_overview_site_filter_dropdown_opens XFAIL [  9%]
tests/admin_portal/overview/test_overview_filters.py::test_overview_site_filter_updates_dashboard XFAIL [ 10%]
tests/admin_portal/overview/test_overview_filters.py::test_overview_selected_site_shows_as_chip XFAIL [ 11%]
tests/admin_portal/overview/test_overview_filters.py::test_overview_clearing_sites_reverts_to_aggregated XFAIL [ 13%]
tests/admin_portal/overview/test_overview_filters.py::test_overview_date_preset_filters_are_available XFAIL [ 14%]
tests/admin_portal/overview/test_overview_filters.py::test_overview_last_month_preset_updates_dashboard XFAIL [ 15%]
tests/admin_portal/overview/test_overview_filters.py::test_overview_date_range_filters_are_available XFAIL [ 17%]
tests/admin_portal/overview/test_overview_filters.py::test_overview_custom_date_range_updates_dashboard XFAIL [ 18%]
tests/admin_portal/overview/test_overview_filters.py::test_overview_single_day_checkbox_is_available XFAIL [ 19%]
tests/admin_portal/overview/test_overview_filters.py::test_overview_single_day_no_date_documents_behaviour PASSED [ 21%]
tests/admin_portal/overview/test_overview_filters.py::test_overview_uncheck_single_day_reverts_to_range_mode XFAIL [ 22%]
tests/admin_portal/overview/test_overview_filters.py::test_overview_end_date_before_start_documents_behaviour PASSED [ 23%]
tests/admin_portal/overview/test_overview_filters.py::test_overview_single_day_no_date_no_broken_state PASSED [ 25%]
tests/admin_portal/overview/test_overview_filters.py::test_overview_single_day_today_matches_today_preset XFAIL [ 26%]
tests/admin_portal/overview/test_overview_known_bugs.py::test_overview_labor_percent_extreme_value_bug PASSED [ 27%]
tests/admin_portal/overview/test_overview_known_bugs.py::test_overview_labor_percent_no_revenue_shows_placeholder XFAIL [ 28%]
tests/admin_portal/overview/test_overview_known_bugs.py::test_overview_usage_breakdown_percentages_sum_to_100 XFAIL [ 30%]
tests/admin_portal/overview/test_overview_navigation.py::test_overview_browser_back_returns_to_overview PASSED [ 31%]
tests/admin_portal/overview/test_overview_navigation.py::test_overview_opens_in_new_tab PASSED [ 32%]
tests/admin_portal/overview/test_overview_navigation.py::test_overview_report_navigation_is_available XFAIL [ 34%]
tests/admin_portal/overview/test_overview_negative.py::test_overview_no_data_states_are_handled XFAIL [ 35%]
tests/admin_portal/overview/test_overview_negative.py::test_overview_network_failure_is_handled XFAIL [ 36%]
tests/admin_portal/overview/test_overview_negative.py::test_overview_rapid_filter_switching_does_not_crash XPASS [ 38%]
tests/admin_portal/overview/test_overview_negative.py::test_overview_employees_empty_state_with_no_shift_data XPASS [ 39%]
tests/admin_portal/overview/test_overview_negative.py::test_overview_future_date_range_shows_empty_state XFAIL [ 40%]
tests/admin_portal/overview/test_overview_negative.py::test_overview_zero_data_visually_distinct_from_loading XPASS [ 42%]
tests/admin_portal/overview/test_overview_negative.py::test_overview_employees_no_records_label_when_no_assignments XPASS [ 43%]
tests/admin_portal/overview/test_overview_reports.py::test_overview_cars_washed_report_loads XFAIL [ 44%]
tests/admin_portal/overview/test_overview_reports.py::test_overview_cars_washed_report_summary_cards_update XFAIL [ 46%]
tests/admin_portal/overview/test_overview_reports.py::test_overview_cars_washed_report_redemption_cards XPASS [ 47%]
tests/admin_portal/overview/test_overview_reports.py::test_overview_cars_washed_report_hourly_chart_legend XFAIL [ 48%]
tests/admin_portal/overview/test_overview_reports.py::test_overview_cars_washed_report_usage_breakdown_tabs XPASS [ 50%]
tests/admin_portal/overview/test_overview_reports.py::test_overview_cars_washed_report_percentages_sum_to_100 XFAIL [ 51%]
tests/admin_portal/overview/test_overview_reports.py::test_overview_cars_washed_report_rounding_rule XPASS [ 52%]
tests/admin_portal/overview/test_overview_reports.py::test_overview_revenue_report_loads XFAIL [ 53%]
tests/admin_portal/overview/test_overview_reports.py::test_overview_revenue_report_summary_cards_update XPASS [ 55%]
tests/admin_portal/overview/test_overview_reports.py::test_overview_revenue_report_donut_updates_on_click XFAIL [ 56%]
tests/admin_portal/overview/test_overview_reports.py::test_overview_revenue_report_membership_tab XPASS [ 57%]
tests/admin_portal/overview/test_overview_ui.py::test_overview_shell_redirects_and_loads PASSED [ 59%]
tests/admin_portal/overview/test_overview_ui.py::test_overview_support_button_is_visible XPASS [ 60%]
tests/admin_portal/overview/test_overview_ui.py::test_overview_dashboard_filter_controls_visible XFAIL [ 61%]
tests/admin_portal/overview/test_overview_ui.py::test_overview_export_buttons_visible XFAIL [ 63%]
tests/admin_portal/overview/test_overview_ui.py::test_overview_dashboard_widgets_visible XFAIL [ 64%]
tests/admin_portal/overview/test_overview_widgets.py::test_overview_all_dashboard_cards_render XFAIL [ 65%]
tests/admin_portal/overview/test_overview_widgets.py::test_overview_cars_washed_totals_update_with_filters XFAIL [ 67%]
tests/admin_portal/overview/test_overview_widgets.py::test_overview_cars_washed_breakdown_legend XPASS [ 68%]
tests/admin_portal/overview/test_overview_widgets.py::test_overview_cars_washed_hourly_chart_renders XFAIL [ 69%]
tests/admin_portal/overview/test_overview_widgets.py::test_overview_cars_washed_full_report_link XFAIL [ 71%]
tests/admin_portal/overview/test_overview_widgets.py::test_overview_revenue_totals_update_with_filters XFAIL [ 72%]
tests/admin_portal/overview/test_overview_widgets.py::test_overview_revenue_donut_chart_renders XPASS [ 73%]
tests/admin_portal/overview/test_overview_widgets.py::test_overview_revenue_memberships_toggle XPASS [ 75%]
tests/admin_portal/overview/test_overview_widgets.py::test_overview_revenue_full_report_link XFAIL [ 76%]
tests/admin_portal/overview/test_overview_widgets.py::test_overview_revenue_memberships_toggle_effect_documented XPASS [ 77%]
tests/admin_portal/overview/test_overview_widgets.py::test_overview_awt_tiles_are_clickable XFAIL [ 78%]
tests/admin_portal/overview/test_overview_widgets.py::test_overview_awt_info_tooltip_shows_formula XFAIL [ 80%]
tests/admin_portal/overview/test_overview_widgets.py::test_overview_awt_formula_values_match_display XPASS [ 81%]
tests/admin_portal/overview/test_overview_widgets.py::test_overview_awt_breakdown_bar_renders XFAIL [ 82%]
tests/admin_portal/overview/test_overview_widgets.py::test_overview_memberships_active_count XPASS [ 84%]
tests/admin_portal/overview/test_overview_widgets.py::test_overview_memberships_transaction_counts_update XFAIL [ 85%]
tests/admin_portal/overview/test_overview_widgets.py::test_overview_memberships_recurring_prepaid_breakdown XFAIL [ 86%]
tests/admin_portal/overview/test_overview_widgets.py::test_overview_memberships_canceled_bars_display XFAIL [ 88%]
tests/admin_portal/overview/test_overview_widgets.py::test_overview_memberships_info_tooltip_visible XFAIL [ 89%]
tests/admin_portal/overview/test_overview_widgets.py::test_overview_employees_table_columns XFAIL [ 90%]
tests/admin_portal/overview/test_overview_widgets.py::test_overview_employees_shift_status XFAIL [ 92%]
tests/admin_portal/overview/test_overview_widgets.py::test_overview_employees_full_report_link XFAIL [ 93%]
tests/admin_portal/overview/test_overview_widgets.py::test_overview_gift_cards_totals XFAIL [ 94%]
tests/admin_portal/overview/test_overview_widgets.py::test_overview_wash_books_totals XFAIL [ 96%]
tests/admin_portal/overview/test_overview_widgets.py::test_overview_labor_percent_calculates XFAIL [ 97%]
tests/admin_portal/overview/test_overview_widgets.py::test_overview_labor_per_car_and_per_hour XPASS [ 98%]
tests/admin_portal/overview/test_overview_widgets.py::test_overview_labor_full_report_link XFAIL [100%]

============ 7 passed, 50 xfailed, 19 xpassed in 1383.52s (0:23:03) ============
