2026-07-27 05:22:53,650 INFO nxtwash: Test run starting against 'staging' environment
============================= test session starts ==============================
collected 66 items

tests/admin_portal/sites/test_sites_dependency.py::test_active_site_in_services_dropdowns SKIPPED [  1%]
tests/admin_portal/sites/test_sites_dependency.py::test_active_site_in_customers_assign_dropdown SKIPPED [  3%]
tests/admin_portal/sites/test_sites_dependency.py::test_site_tax_rates_visible_in_service_assignment SKIPPED [  4%]
tests/admin_portal/sites/test_sites_dependency.py::test_deactivated_site_removed_from_dropdowns SKIPPED [  6%]
tests/admin_portal/sites/test_sites_dependency.py::test_pay_api_token_gates_card_saving SKIPPED [  7%]
tests/admin_portal/sites/test_sites_dependency.py::test_lane_count_in_list_matches_saved_lanes SKIPPED [  9%]
tests/admin_portal/sites/test_sites_dependency.py::test_customer_portal_toggle_controls_ecommerce_listing SKIPPED [ 10%]
tests/admin_portal/sites/test_sites_edge_cases.py::test_create_site_long_site_name_does_not_break_ui PASSED [ 12%]
tests/admin_portal/sites/test_sites_edge_cases.py::test_sites_list_handles_refresh PASSED [ 13%]
tests/admin_portal/sites/test_sites_edge_cases.py::test_create_site_form_handles_random_address_value PASSED [ 15%]
tests/admin_portal/sites/test_sites_edit.py::test_edit_site_form_prepopulates PASSED [ 16%]
tests/admin_portal/sites/test_sites_edit.py::test_edit_site_name_persists SKIPPED [ 18%]
tests/admin_portal/sites/test_sites_edit.py::test_edit_site_tax_settings_persist PASSED [ 19%]
tests/admin_portal/sites/test_sites_edit.py::test_activate_site_shows_in_list XFAIL [ 21%]
tests/admin_portal/sites/test_sites_edit.py::test_deactivate_site_hides_from_list XFAIL [ 22%]
tests/admin_portal/sites/test_sites_edit.py::test_cancel_edit_does_not_save PASSED [ 24%]
tests/admin_portal/sites/test_sites_edit.py::test_edit_site_lanes_settings_tab_accessible PASSED [ 25%]
tests/admin_portal/sites/test_sites_edit.py::test_edit_site_credit_card_tab_accessible PASSED [ 27%]
tests/admin_portal/sites/test_sites_edit.py::test_edit_site_customer_portal_tab_accessible PASSED [ 28%]
tests/admin_portal/sites/test_sites_edit.py::test_add_lane_persists XFAIL [ 30%]
tests/admin_portal/sites/test_sites_edit.py::test_remove_lane_persists SKIPPED [ 31%]
tests/admin_portal/sites/test_sites_edit.py::test_edit_site_contact_email_persists_after_refresh PASSED [ 33%]
tests/admin_portal/sites/test_sites_edit.py::test_add_lane_creates_visible_row XPASS [ 34%]
tests/admin_portal/sites/test_sites_edit.py::test_add_multiple_lanes_succeeds XFAIL [ 36%]
tests/admin_portal/sites/test_sites_edit.py::test_edit_site_cc_input_fields_are_displayed PASSED [ 37%]
tests/admin_portal/sites/test_sites_edit.py::test_edit_site_cc_processor_labels_visible PASSED [ 39%]
tests/admin_portal/sites/test_sites_edit.py::test_edit_site_customer_portal_memberships_toggle XPASS [ 40%]
tests/admin_portal/sites/test_sites_edit.py::test_edit_site_customer_portal_washbooks_toggle XPASS [ 42%]
tests/admin_portal/sites/test_sites_edit.py::test_edit_site_customer_portal_gift_cards_toggle XPASS [ 43%]
tests/admin_portal/sites/test_sites_edit.py::test_edit_site_customer_portal_show_toggle XPASS [ 45%]
tests/admin_portal/sites/test_sites_edit.py::test_edit_site_customer_portal_settings_persist XPASS [ 46%]
tests/admin_portal/sites/test_sites_export.py::test_sites_export_button_clickable PASSED [ 48%]
tests/admin_portal/sites/test_sites_export.py::test_sites_export_file_content XFAIL [ 50%]
tests/admin_portal/sites/test_sites_negative.py::test_create_site_duplicate_site_name_or_code_is_rejected PASSED [ 51%]
tests/admin_portal/sites/test_sites_negative.py::test_create_site_cancel_does_not_save_record PASSED [ 53%]
tests/admin_portal/sites/test_sites_positive.py::test_create_new_site_with_required_general_settings PASSED [ 54%]
tests/admin_portal/sites/test_sites_positive.py::test_created_site_persists_after_refresh PASSED [ 56%]
tests/admin_portal/sites/test_sites_positive.py::test_create_inactive_site_hidden_from_list PASSED [ 57%]
tests/admin_portal/sites/test_sites_positive.py::test_created_site_shows_state_and_city_in_list XFAIL [ 59%]
tests/admin_portal/sites/test_sites_positive.py::test_create_site_with_zero_tax_rates PASSED [ 60%]
tests/admin_portal/sites/test_sites_positive.py::test_site_count_increments_after_create XPASS [ 62%]
tests/admin_portal/sites/test_sites_search_filter.py::test_sites_filter_by_existing_site_name PASSED [ 63%]
tests/admin_portal/sites/test_sites_search_filter.py::test_sites_filter_by_partial_site_name XPASS [ 65%]
tests/admin_portal/sites/test_sites_search_filter.py::test_sites_filter_by_missing_site_name_shows_no_match PASSED [ 66%]
tests/admin_portal/sites/test_sites_search_filter.py::test_sites_reset_filter_restores_list PASSED [ 68%]
tests/admin_portal/sites/test_sites_search_filter.py::test_sites_filter_active_toggle_on_shows_active_only PASSED [ 69%]
tests/admin_portal/sites/test_sites_search_filter.py::test_sites_filter_active_toggle_off_shows_all PASSED [ 71%]
tests/admin_portal/sites/test_sites_search_filter.py::test_sites_filter_by_name_and_active_combined PASSED [ 72%]
tests/admin_portal/sites/test_sites_ui.py::test_sites_locations_page_ui_elements PASSED [ 74%]
tests/admin_portal/sites/test_sites_ui.py::test_sites_filter_panel_ui_elements PASSED [ 75%]
tests/admin_portal/sites/test_sites_ui.py::test_create_site_general_settings_ui_elements PASSED [ 77%]
tests/admin_portal/sites/test_sites_ui.py::test_create_site_cancel_returns_to_list PASSED [ 78%]
tests/admin_portal/sites/test_sites_validation.py::test_create_site_validation_blocks_empty_required_fields PASSED [ 80%]
tests/admin_portal/sites/test_sites_validation.py::test_create_site_validation_invalid_email_formats[abc] XPASS [ 81%]
tests/admin_portal/sites/test_sites_validation.py::test_create_site_validation_invalid_email_formats[abc@] XPASS [ 83%]
tests/admin_portal/sites/test_sites_validation.py::test_create_site_validation_invalid_email_formats[abc@yopmail] XPASS [ 84%]
tests/admin_portal/sites/test_sites_validation.py::test_create_site_validation_invalid_tax_values[state_sales_tax--1] PASSED [ 86%]
tests/admin_portal/sites/test_sites_validation.py::test_create_site_validation_invalid_tax_values[city_sales_tax--1] PASSED [ 87%]
tests/admin_portal/sites/test_sites_validation.py::test_create_site_validation_invalid_tax_values[state_sales_tax-abc] PASSED [ 89%]
tests/admin_portal/sites/test_sites_validation.py::test_create_site_validation_invalid_tax_values[city_sales_tax-abc] PASSED [ 90%]
tests/admin_portal/sites/test_sites_validation.py::test_create_site_validation_invalid_tax_values[state_sales_tax-101] PASSED [ 92%]
tests/admin_portal/sites/test_sites_validation.py::test_create_site_validation_invalid_tax_values[city_sales_tax-101] PASSED [ 93%]
tests/admin_portal/sites/test_sites_validation.py::test_create_site_missing_address_blocks_save PASSED [ 95%]
tests/admin_portal/sites/test_sites_validation.py::test_create_site_blank_name_with_complete_form_blocks_save PASSED [ 96%]
tests/admin_portal/sites/test_sites_validation.py::test_create_site_special_chars_in_name_do_not_break_form PASSED [ 98%]
tests/admin_portal/sites/test_sites_validation.py::test_create_site_very_long_name_does_not_crash_form PASSED [100%]

====== 40 passed, 9 skipped, 6 xfailed, 11 xpassed in 1894.06s (0:31:34) =======
