2026-07-27 07:56:11,596 INFO nxtwash: Test run starting against 'staging' environment
============================= test session starts ==============================
collected 83 items

tests/admin_portal/general_sales_report/test_general_sales_report.py::test_gsr_page_loads PASSED [  1%]
tests/admin_portal/general_sales_report/test_general_sales_report.py::test_default_filter_state PASSED [  2%]
tests/admin_portal/general_sales_report/test_general_sales_report.py::test_all_report_sections_present PASSED [  3%]
tests/admin_portal/general_sales_report/test_general_sales_report.py::test_site_dropdown_lists_sites PASSED [  4%]
tests/admin_portal/general_sales_report/test_general_sales_report.py::test_single_site_filter PASSED [  6%]
tests/admin_portal/general_sales_report/test_general_sales_report.py::test_multiple_sites_filter PASSED [  7%]
tests/admin_portal/general_sales_report/test_general_sales_report.py::test_all_sites_filter PASSED [  8%]
tests/admin_portal/general_sales_report/test_general_sales_report.py::test_clearing_site_reverts_to_all PASSED [  9%]
tests/admin_portal/general_sales_report/test_general_sales_report.py::test_date_preset_dropdown_shows_options PASSED [ 10%]
tests/admin_portal/general_sales_report/test_general_sales_report.py::test_date_preset_updates_range[GSR-FLT-007] PASSED [ 12%]
tests/admin_portal/general_sales_report/test_general_sales_report.py::test_date_preset_updates_range[GSR-FLT-008] PASSED [ 13%]
tests/admin_portal/general_sales_report/test_general_sales_report.py::test_date_preset_updates_range[GSR-FLT-009] PASSED [ 14%]
tests/admin_portal/general_sales_report/test_general_sales_report.py::test_date_preset_updates_range[GSR-FLT-010] PASSED [ 15%]
tests/admin_portal/general_sales_report/test_general_sales_report.py::test_date_preset_updates_range[GSR-FLT-011] PASSED [ 16%]
tests/admin_portal/general_sales_report/test_general_sales_report.py::test_date_preset_updates_range[GSR-FLT-012] PASSED [ 18%]
tests/admin_portal/general_sales_report/test_general_sales_report.py::test_custom_date_range_picker_opens PASSED [ 19%]
tests/admin_portal/general_sales_report/test_general_sales_report.py::test_custom_date_range_applies PASSED [ 20%]
tests/admin_portal/general_sales_report/test_general_sales_report.py::test_custom_range_clears_preset PASSED [ 21%]
tests/admin_portal/general_sales_report/test_general_sales_report.py::test_apply_filters_refreshes_data PASSED [ 22%]
tests/admin_portal/general_sales_report/test_general_sales_report.py::test_reapply_same_filter_identical PASSED [ 24%]
tests/admin_portal/general_sales_report/test_general_sales_report.py::test_four_revenue_cards_displayed PASSED [ 25%]
tests/admin_portal/general_sales_report/test_general_sales_report.py::test_revenue_card_line_items[GSR-REV-002] PASSED [ 26%]
tests/admin_portal/general_sales_report/test_general_sales_report.py::test_revenue_card_line_items[GSR-REV-003] PASSED [ 27%]
tests/admin_portal/general_sales_report/test_general_sales_report.py::test_revenue_card_line_items[GSR-REV-004] PASSED [ 28%]
tests/admin_portal/general_sales_report/test_general_sales_report.py::test_revenue_card_line_items[GSR-REV-005] PASSED [ 30%]
tests/admin_portal/general_sales_report/test_general_sales_report.py::test_zero_data_revenue_cards PASSED [ 31%]
tests/admin_portal/general_sales_report/test_general_sales_report.py::test_revenue_cards_update_on_filter_change PASSED [ 32%]
tests/admin_portal/general_sales_report/test_general_sales_report.py::test_redemptions_overview_displayed PASSED [ 33%]
tests/admin_portal/general_sales_report/test_general_sales_report.py::test_redemptions_full_report_link PASSED [ 34%]
tests/admin_portal/general_sales_report/test_general_sales_report.py::test_redemptions_update_on_filter_change PASSED [ 36%]
tests/admin_portal/general_sales_report/test_general_sales_report.py::test_multi_site_comparison_visible PASSED [ 37%]
tests/admin_portal/general_sales_report/test_general_sales_report.py::test_multi_site_shows_site_rows PASSED [ 38%]
tests/admin_portal/general_sales_report/test_general_sales_report.py::test_multi_site_filtered_single_site PASSED [ 39%]
tests/admin_portal/general_sales_report/test_general_sales_report.py::test_column_headers_sort XFAIL [ 40%]
tests/admin_portal/general_sales_report/test_general_sales_report.py::test_revenue_breakdown_payment_channels PASSED [ 42%]
tests/admin_portal/general_sales_report/test_general_sales_report.py::test_card_distribution_no_data PASSED [ 43%]
tests/admin_portal/general_sales_report/test_general_sales_report.py::test_revenue_breakdown_updates PASSED [ 44%]
tests/admin_portal/general_sales_report/test_general_sales_report.py::test_retail_sales_columns PASSED [ 45%]
tests/admin_portal/general_sales_report/test_general_sales_report.py::test_retail_sales_category_expands PASSED [ 46%]
tests/admin_portal/general_sales_report/test_general_sales_report.py::test_memberships_breakdown_columns PASSED [ 48%]
tests/admin_portal/general_sales_report/test_general_sales_report.py::test_membership_bar_chart PASSED [ 49%]
tests/admin_portal/general_sales_report/test_general_sales_report.py::test_sales_activity_no_data PASSED [ 50%]
tests/admin_portal/general_sales_report/test_general_sales_report.py::test_sales_activity_updates PASSED [ 51%]
tests/admin_portal/general_sales_report/test_general_sales_report.py::test_prepaid_liability_columns PASSED [ 53%]
tests/admin_portal/general_sales_report/test_general_sales_report.py::test_liability_composition_bar PASSED [ 54%]
tests/admin_portal/general_sales_report/test_general_sales_report.py::test_three_summary_tiles PASSED [ 55%]
tests/admin_portal/general_sales_report/test_general_sales_report.py::test_gift_card_section_collapsible PASSED [ 56%]
tests/admin_portal/general_sales_report/test_general_sales_report.py::test_gift_card_three_sub_cards PASSED [ 57%]
tests/admin_portal/general_sales_report/test_general_sales_report.py::test_gift_card_net_revenue_formula PASSED [ 59%]
tests/admin_portal/general_sales_report/test_general_sales_report.py::test_gift_cards_sold_table PASSED [ 60%]
tests/admin_portal/general_sales_report/test_general_sales_report.py::test_gift_cards_redeemed_table PASSED [ 61%]
tests/admin_portal/general_sales_report/test_general_sales_report.py::test_washbook_section_collapsible PASSED [ 62%]
tests/admin_portal/general_sales_report/test_general_sales_report.py::test_washbook_three_sub_cards XFAIL [ 63%]
tests/admin_portal/general_sales_report/test_general_sales_report.py::test_washbook_net_revenue_formula PASSED [ 65%]
tests/admin_portal/general_sales_report/test_general_sales_report.py::test_washbook_reconciliation_accordion PASSED [ 66%]
tests/admin_portal/general_sales_report/test_general_sales_report.py::test_washbooks_sold_table PASSED [ 67%]
tests/admin_portal/general_sales_report/test_general_sales_report.py::test_washbooks_redeemed_table PASSED [ 68%]
tests/admin_portal/general_sales_report/test_general_sales_report.py::test_total_invoices_count PASSED [ 69%]
tests/admin_portal/general_sales_report/test_general_sales_report.py::test_transaction_breakdown_updates PASSED [ 71%]
tests/admin_portal/general_sales_report/test_general_sales_report.py::test_export_button_present PASSED [ 72%]
tests/admin_portal/general_sales_report/test_general_sales_report.py::test_export_modal_four_options XFAIL [ 73%]
tests/admin_portal/general_sales_report/test_general_sales_report.py::test_zero_transaction_renders_cleanly PASSED [ 74%]
tests/admin_portal/general_sales_report/test_general_sales_report.py::test_zero_transaction_day_renders PASSED [ 75%]
tests/admin_portal/general_sales_report/test_general_sales_report.py::test_single_day_date_range PASSED [ 77%]
tests/admin_portal/general_sales_report/test_general_sales_report.py::test_month_boundary_date_range PASSED [ 78%]
tests/admin_portal/general_sales_report/test_general_sales_report.py::test_rapid_preset_switching PASSED [ 79%]
tests/admin_portal/general_sales_report/test_general_sales_report.py::test_sites_dropdown_reflects_module PASSED [ 80%]
tests/admin_portal/general_sales_report/test_general_sales_report.py::test_redemptions_link_navigates PASSED [ 81%]
tests/admin_portal/general_sales_report/test_redemption_details.py::test_redemption_details_page_loads PASSED [ 83%]
tests/admin_portal/general_sales_report/test_redemption_details.py::test_filter_panel_auto_opened PASSED [ 84%]
tests/admin_portal/general_sales_report/test_redemption_details.py::test_site_filter_works PASSED [ 85%]
tests/admin_portal/general_sales_report/test_redemption_details.py::test_date_presets_dropdown XFAIL [ 86%]
tests/admin_portal/general_sales_report/test_redemption_details.py::test_each_date_preset_applies[GSR-RDT-005[today]] XFAIL [ 87%]
tests/admin_portal/general_sales_report/test_redemption_details.py::test_each_date_preset_applies[GSR-RDT-005[yesterday]] XFAIL [ 89%]
tests/admin_portal/general_sales_report/test_redemption_details.py::test_each_date_preset_applies[GSR-RDT-005[this-week]] XFAIL [ 90%]
tests/admin_portal/general_sales_report/test_redemption_details.py::test_each_date_preset_applies[GSR-RDT-005[last-week]] XFAIL [ 91%]
tests/admin_portal/general_sales_report/test_redemption_details.py::test_each_date_preset_applies[GSR-RDT-005[this-month]] XFAIL [ 92%]
tests/admin_portal/general_sales_report/test_redemption_details.py::test_each_date_preset_applies[GSR-RDT-005[last-month]] XFAIL [ 93%]
tests/admin_portal/general_sales_report/test_redemption_details.py::test_custom_option_enables_manual_entry XFAIL [ 95%]
tests/admin_portal/general_sales_report/test_redemption_details.py::test_single_day_checkbox_constrains_range PASSED [ 96%]
tests/admin_portal/general_sales_report/test_redemption_details.py::test_apply_filters_updates_metrics XFAIL [ 97%]
tests/admin_portal/general_sales_report/test_redemption_details.py::test_five_sections_visible PASSED [ 98%]
tests/admin_portal/general_sales_report/test_redemption_details.py::test_expand_all_button PASSED [100%]

================= 71 passed, 12 xfailed in 1587.05s (0:26:27) ==================
