2026-07-27 03:54:21,912 INFO nxtwash: Test run starting against 'staging' environment
============================= test session starts ==============================
collected 27 items

tests/admin_portal/bank_drop/test_bank_drop_edge_cases.py::test_negative_order_documents_behavior PASSED [  3%]
tests/admin_portal/bank_drop/test_bank_drop_edge_cases.py::test_zero_order_documents_behavior PASSED [  7%]
tests/admin_portal/bank_drop/test_bank_drop_edge_cases.py::test_duplicate_name_documents_behavior PASSED [ 11%]
tests/admin_portal/bank_drop/test_bank_drop_edge_cases.py::test_duplicate_order_documents_behavior PASSED [ 14%]
tests/admin_portal/bank_drop/test_bank_drop_edge_cases.py::test_changing_order_resequences_list SKIPPED [ 18%]
tests/admin_portal/bank_drop/test_bank_drop_edge_cases.py::test_download_button_is_visible PASSED [ 22%]
tests/admin_portal/bank_drop/test_bank_drop_edge_cases.py::test_save_button_has_human_readable_label XFAIL [ 25%]
tests/admin_portal/bank_drop/test_bank_drop_edge_cases.py::test_pagination_footer_shows_record_count XFAIL [ 29%]
tests/admin_portal/bank_drop/test_bank_drop_edit.py::test_edit_bank_drop_name_persists PASSED [ 33%]
tests/admin_portal/bank_drop/test_bank_drop_edit.py::test_edit_bank_drop_order_persists PASSED [ 37%]
tests/admin_portal/bank_drop/test_bank_drop_edit.py::test_activate_inactive_bank_drop PASSED [ 40%]
tests/admin_portal/bank_drop/test_bank_drop_edit.py::test_deactivate_active_bank_drop PASSED [ 44%]
tests/admin_portal/bank_drop/test_bank_drop_edit.py::test_edit_form_prepopulates_existing_values PASSED [ 48%]
tests/admin_portal/bank_drop/test_bank_drop_edit.py::test_cancel_out_of_edit_form PASSED [ 51%]
tests/admin_portal/bank_drop/test_bank_drop_edit.py::test_edited_bank_drop_persists_after_reload PASSED [ 55%]
tests/admin_portal/bank_drop/test_bank_drop_edit.py::test_bank_drop_list_sorted_by_order SKIPPED [ 59%]
tests/admin_portal/bank_drop/test_bank_drop_positive.py::test_create_active_bank_drop PASSED [ 62%]
tests/admin_portal/bank_drop/test_bank_drop_positive.py::test_create_inactive_bank_drop SKIPPED [ 66%]
tests/admin_portal/bank_drop/test_bank_drop_positive.py::test_cancel_out_of_add_form PASSED [ 70%]
tests/admin_portal/bank_drop/test_bank_drop_positive.py::test_created_bank_drop_persists_after_reload PASSED [ 74%]
tests/admin_portal/bank_drop/test_bank_drop_ui.py::test_bank_drop_page_loads_with_primary_controls PASSED [ 77%]
tests/admin_portal/bank_drop/test_bank_drop_ui.py::test_bank_drop_grid_columns_are_visible PASSED [ 81%]
tests/admin_portal/bank_drop/test_bank_drop_ui.py::test_bank_drop_pagination_controls_visible PASSED [ 85%]
tests/admin_portal/bank_drop/test_bank_drop_ui.py::test_add_bank_drop_form_loads PASSED [ 88%]
tests/admin_portal/bank_drop/test_bank_drop_validation.py::test_blank_name_is_blocked PASSED [ 92%]
tests/admin_portal/bank_drop/test_bank_drop_validation.py::test_blank_order_is_blocked PASSED [ 96%]
tests/admin_portal/bank_drop/test_bank_drop_validation.py::test_non_numeric_order_rejected PASSED [100%]

============= 22 passed, 3 skipped, 2 xfailed in 734.82s (0:12:14) =============
