2026-07-29 10:43:30,271 INFO nxtwash: Test run starting against 'staging' environment
============================= test session starts ==============================
platform darwin -- Python 3.11.2, pytest-9.0.3, pluggy-1.6.0 -- /Users/vk/Documents/NxtWash Automation/nxtwash-automation/venv/bin/python
cachedir: .pytest_cache
metadata: {'Python': '3.11.2', 'Platform': 'macOS-26.2-arm64-arm-64bit', 'Packages': {'pytest': '9.0.3', 'pluggy': '1.6.0'}, 'Plugins': {'html': '4.1.1', 'allure-pytest': '2.16.0', 'xdist': '3.8.0', 'Faker': '40.19.1', 'timeout': '2.4.0', 'metadata': '3.1.1', 'rerunfailures': '15.1'}}
rootdir: /Users/vk/Documents/NxtWash Automation/nxtwash-automation
configfile: pytest.ini
plugins: html-4.1.1, allure-pytest-2.16.0, xdist-3.8.0, Faker-40.19.1, timeout-2.4.0, metadata-3.1.1, rerunfailures-15.1
timeout: 420.0s
timeout method: signal
timeout func_only: False
collecting ... collected 278 items

tests/admin_portal/users/test_users_create.py::test_users_add_form_opens PASSED [  0%]
tests/admin_portal/users/test_users_create.py::test_create_active_user SKIPPEDging.) [  0%]
tests/admin_portal/users/test_users_create.py::test_create_inactive_user SKIPPED [  1%]
tests/admin_portal/users/test_users_create.py::test_create_user_employee_required PASSED [  1%]
tests/admin_portal/users/test_users_create.py::test_create_user_password_required SKIPPED [  1%]
tests/admin_portal/users/test_users_create.py::test_create_user_confirm_password_required SKIPPED [  2%]
tests/admin_portal/users/test_users_create.py::test_create_user_email_required SKIPPED [  2%]
tests/admin_portal/users/test_users_create.py::test_create_user_phone_required SKIPPED [  2%]
tests/admin_portal/users/test_users_create.py::test_create_user_role_required SKIPPED [  3%]
tests/admin_portal/users/test_users_create.py::test_create_user_password_mismatch SKIPPED [  3%]
tests/admin_portal/users/test_users_create.py::test_create_user_password_visibility_toggle XFAILton selector in DevTools before removing
xfail.)                                                                  [  3%]
tests/admin_portal/users/test_users_create.py::test_create_user_confirm_password_visibility_toggle XFAILVerify in DevTools before removing
xfail.)                                                                  [  4%]
tests/admin_portal/users/test_users_create.py::test_create_user_employee_dropdown_lists_employees XFAILn DevTools and confirm EMPLOYEE_NAME
exists in staging.)                                                      [  4%]
tests/admin_portal/users/test_users_create.py::test_create_user_role_dropdown_lists_roles XFAILvTools before removing xfail.) [  5%]
tests/admin_portal/users/test_users_create.py::test_create_user_invalid_email_rejected PASSED [  5%]
tests/admin_portal/users/test_users_create.py::test_create_user_duplicate_email_rejected SKIPPED in staging. Verify the Employees module.
Original error: Message:)                                                [  5%]
tests/admin_portal/users/test_users_create.py::test_create_user_cancel_discards_form PASSED [  6%]
tests/admin_portal/users/test_users_create.py::test_new_user_appears_immediately SKIPPED staging.) [  6%]
tests/admin_portal/users/test_users_dependency.py::test_new_role_appears_in_users_dropdown XFAILopagation. Role combobox locator also needs
DevTools verification. Activate once USER_ROLES module is confirmed
stable.)                                                                 [  6%]
tests/admin_portal/users/test_users_dependency.py::test_employee_dropdown_reflects_employees_module XFAILombobox selector in DevTools and
ensure EMPLOYEE_NAME exists in staging.)                                 [  7%]
tests/admin_portal/users/test_users_dependency.py::test_filter_sites_match_sites_and_locations_module XFAILns from other open dropdowns.
Verify after confirming the site filter panel structure.)                [  7%]
tests/admin_portal/users/test_users_edge_cases.py::test_only_active_roles_in_dropdown XFAILe in staging to verify exclusion. Verify role
combobox locator in DevTools.)                                           [  7%]
tests/admin_portal/users/test_users_edge_cases.py::test_only_active_employees_in_dropdown XFAIL a deactivated employee in staging to verify.
Verify combobox locator in DevTools.)                                    [  8%]
tests/admin_portal/users/test_users_edge_cases.py::test_email_whitespace_trimmed_or_rejected PASSED [  8%]
tests/admin_portal/users/test_users_edge_cases.py::test_long_email_at_boundary PASSED [  8%]
tests/admin_portal/users/test_users_edge_cases.py::test_user_data_persists_after_relogin SKIPPED in staging. Verify the Employees module.
Original error: Message:)                                                [  9%]
tests/admin_portal/users/test_users_edge_cases.py::test_filter_panel_accessible_for_name_email_lookup PASSED [  9%]
tests/admin_portal/users/test_users_edit.py::test_users_edit_form_opens SKIPPED in staging. Verify the Employees module. Original error:
Message:)                                                                [ 10%]
tests/admin_portal/users/test_users_edit.py::test_edit_user_email_persists SKIPPED in staging. Verify the Employees module. Original error:
Message:)                                                                [ 10%]
tests/admin_portal/users/test_users_edit.py::test_edit_user_phone_persists SKIPPED in staging. Verify the Employees module. Original error:
Message:)                                                                [ 10%]
tests/admin_portal/users/test_users_edit.py::test_edit_user_role_persists SKIPPED in staging. Verify the Employees module. Original error:
Message:)                                                                [ 11%]
tests/admin_portal/users/test_users_edit.py::test_edit_user_employee_persists SKIPPED in staging. Verify the Employees module. Original error:
Message:)                                                                [ 11%]
tests/admin_portal/users/test_users_edit.py::test_activate_inactive_user SKIPPEDy in staging.) [ 11%]
tests/admin_portal/users/test_users_edit.py::test_deactivate_active_user SKIPPED in staging. Verify the Employees module. Original error:
Message:)                                                                [ 12%]
tests/admin_portal/users/test_users_edit.py::test_edit_user_email_required SKIPPED in staging. Verify the Employees module. Original error:
Message:)                                                                [ 12%]
tests/admin_portal/users/test_users_edit.py::test_edit_user_phone_required SKIPPED in staging. Verify the Employees module. Original error:
Message:)                                                                [ 12%]
tests/admin_portal/users/test_users_edit.py::test_edit_user_invalid_email_blocked SKIPPED in staging. Verify the Employees module. Original
error: Message:)                                                         [ 13%]
tests/admin_portal/users/test_users_edit.py::test_edit_user_cancel_discards_changes SKIPPED in staging. Verify the Employees module. Original
error: Message:)                                                         [ 13%]
tests/admin_portal/users/test_users_edit.py::test_edit_user_no_password_fields SKIPPED in staging. Verify the Employees module. Original error:
Message:)                                                                [ 14%]
tests/admin_portal/users/test_users_export.py::test_users_export_button_clickable PASSED [ 14%]
tests/admin_portal/users/test_users_filter.py::test_users_filter_panel_opens PASSED [ 14%]
tests/admin_portal/users/test_users_filter.py::test_users_filter_by_first_name SKIPPED in staging. Verify the Employees module. Original error:
Message:)                                                                [ 15%]
tests/admin_portal/users/test_users_filter.py::test_users_filter_by_last_name SKIPPED in staging. Verify the Employees module. Original error:
Message:)                                                                [ 15%]
tests/admin_portal/users/test_users_filter.py::test_users_filter_by_email SKIPPED in staging. Verify the Employees module. Original error:
Message:)                                                                [ 15%]
tests/admin_portal/users/test_users_filter.py::test_users_filter_by_employee_code SKIPPED in staging. Verify the Employees module. Original
error: Message:)                                                         [ 16%]
tests/admin_portal/users/test_users_filter.py::test_users_filter_by_site SKIPPED in staging. Verify the Employees module. Original error:
Message:)                                                                [ 16%]
tests/admin_portal/users/test_users_filter.py::test_users_filter_active_only SKIPPED in staging. Verify the Employees module. Original error:
Message:)                                                                [ 16%]
tests/admin_portal/users/test_users_filter.py::test_users_filter_active_off_shows_all SKIPPED in staging. Verify the Employees module. Original
error: Message:)                                                         [ 17%]
tests/admin_portal/users/test_users_filter.py::test_users_filter_combined_name_and_site SKIPPED in staging. Verify the Employees module.
Original error: Message:)                                                [ 17%]
tests/admin_portal/users/test_users_filter.py::test_users_filter_result_count_matches_rows SKIPPED in staging. Verify the Employees module.
Original error: Message:)                                                [ 17%]
tests/admin_portal/users/test_users_filter.py::test_users_filter_reset_all SKIPPED in staging. Verify the Employees module. Original error:
Message:)                                                                [ 18%]
tests/admin_portal/users/test_users_filter.py::test_users_filter_site_dropdown_lists_sites XFAILns from other open dropdowns.
Verify in DevTools before removing xfail.)                               [ 18%]
tests/admin_portal/users/test_users_filter.py::test_users_filter_partial_name_matches SKIPPED in staging. Verify the Employees module. Original
error: Message:)                                                         [ 19%]
tests/admin_portal/users/test_users_list.py::test_users_list_page_loads PASSED [ 19%]
tests/admin_portal/users/test_users_list.py::test_users_list_required_columns PASSED [ 19%]
tests/admin_portal/users/test_users_list.py::test_users_list_pagination_count SKIPPED in staging. Verify the Employees module. Original error:
Message:)                                                                [ 20%]
tests/admin_portal/users/test_users_list.py::test_users_list_rows_per_page SKIPPED in staging. Verify the Employees module. Original error:
Message:)                                                                [ 20%]
tests/admin_portal/users/test_users_password.py::test_change_password_button_opens_flow SKIPPED in staging. Verify the Employees module.
Original error: Message:)                                                [ 20%]
tests/admin_portal/users/test_users_password.py::test_change_password_matching_passwords_save SKIPPED in staging. Verify the
Employees module. Original error: Message:)                              [ 21%]
tests/admin_portal/users/test_users_password.py::test_change_password_mismatch_rejected SKIPPED in staging. Verify the Employees module.
Original error: Message:)                                                [ 21%]
tests/admin_portal/users/test_users_password.py::test_change_password_blank_blocked SKIPPED in staging. Verify the Employees module. Original
error: Message:)                                                         [ 21%]
tests/admin_portal/users/test_users_password.py::test_change_password_visibility_toggles SKIPPED in staging. Verify the Employees module.
Original error: Message:)                                                [ 22%]
tests/admin_portal/users/test_users_search.py::test_users_search_exact_phone SKIPPED in staging. Verify the Employees module. Original error:
Message:)                                                                [ 22%]
tests/admin_portal/users/test_users_search.py::test_users_search_partial_phone SKIPPED in staging. Verify the Employees module. Original error:
Message:)                                                                [ 23%]
tests/admin_portal/users/test_users_search.py::test_users_search_nonexistent_phone_shows_empty PASSED [ 23%]
tests/admin_portal/users/test_users_search.py::test_users_search_clear_restores_list SKIPPED in staging. Verify the Employees module. Original
error: Message:)                                                         [ 23%]
tests/admin_portal/user_roles/test_user_roles_create.py::test_user_roles_add_form_opens PASSED [ 24%]
tests/admin_portal/user_roles/test_user_roles_create.py::test_create_active_user_role PASSED [ 24%]
tests/admin_portal/user_roles/test_user_roles_create.py::test_create_inactive_user_role PASSED [ 24%]
tests/admin_portal/user_roles/test_user_roles_create.py::test_create_role_name_required PASSED [ 25%]
tests/admin_portal/user_roles/test_user_roles_create.py::test_create_role_priority_required PASSED [ 25%]
tests/admin_portal/user_roles/test_user_roles_create.py::test_create_duplicate_role_rejected 
-------------------------------- live log call ---------------------------------
WARNING  nxtwash:user_roles_page.py:404 Role save did not navigate away. Page message: user roles
add new user role
cancel
save
user role name
priority order
active user role
assign to locations
i
vk al37
vk zt ab24bb
vk al36
vk al35
vk zt 9344b0
vk al34
vk al92
vk al33
vk al32
vk al31
vk zt c6d556
vk al30
vk al29
vk zt 9e7bdf
vk al28
vk al27
vk zt 4e248f
vk al26
vk zt 8f811b
vk al25
vk al24
vk zt 46d34b
vk al23
vk zt c4a124
vk zt d4ccd8
vk zt 71c6f6
vk zt 9eaa54
vk zt ae9b9c
test 12
vk al22
vk al21
vk al20
vk zt c26508
vk al19
vk al18
vk zt c54675
vk al17
vk al16
vk zt 2b4279
vk al15
vk al14
vk zt 146465
vk al13
vk al12
vk al11
vk al10
vk al09
vk al08
vk al01
vkauto1
vk al07
vk
PASSED                                                                   [ 25%]
tests/admin_portal/user_roles/test_user_roles_create.py::test_create_role_cancel_discards PASSED [ 26%]
tests/admin_portal/user_roles/test_user_roles_create.py::test_create_role_name_whitespace_trimmed_or_rejected PASSED [ 26%]
tests/admin_portal/user_roles/test_user_roles_create.py::test_create_role_name_max_length_saves PASSED [ 26%]
tests/admin_portal/user_roles/test_user_roles_create.py::test_newly_created_role_appears_immediately 2026-07-29 11:36:05,753 ERROR nxtwash: Test FAILED: tests/admin_portal/user_roles/test_user_roles_create.py::test_newly_created_role_appears_immediately (url: https://staging.nxtwash.com/users/userRoles)

-------------------------------- live log call ---------------------------------
ERROR    nxtwash:conftest.py:241 Test FAILED: tests/admin_portal/user_roles/test_user_roles_create.py::test_newly_created_role_appears_immediately (url: https://staging.nxtwash.com/users/userRoles)
2026-07-29 11:36:06,353 ERROR nxtwash: Visible page text at failure:
User roles
Filter by (1)
+ Add user role
User role name
Role Type
Created date
Status
No records available
Page
of
0
Results per page
100
Showing 0 - 0 of 0
ERROR    nxtwash:conftest.py:256 Visible page text at failure:
User roles
Filter by (1)
+ Add user role
User role name
Role Type
Created date
Status
No records available
Page
of
0
Results per page
100
Showing 0 - 0 of 0
FAILED                                                                   [ 27%]
tests/admin_portal/user_roles/test_user_roles_create.py::test_create_role_priority_integers_only PASSED [ 27%]
tests/admin_portal/user_roles/test_user_roles_create.py::test_create_vk_company_user_role PASSED [ 28%]
tests/admin_portal/user_roles/test_user_roles_edge_cases.py::test_duplicate_name_vs_inactive_role PASSED [ 28%]
tests/admin_portal/user_roles/test_user_roles_edge_cases.py::test_case_sensitivity_duplicate PASSED [ 28%]
tests/admin_portal/user_roles/test_user_roles_edge_cases.py::test_predefined_role_fields_editable SKIPPED [ 29%]
tests/admin_portal/user_roles/test_user_roles_edge_cases.py::test_deactivate_assigned_role_documents_behavior PASSED [ 29%]
tests/admin_portal/user_roles/test_user_roles_edge_cases.py::test_data_persists_after_logout_relogin XPASS_admin_logged_in cannot
find the login form after cookie clear. Fix by setting url to the admin
login path.)                                                             [ 29%]
tests/admin_portal/user_roles/test_user_roles_edge_cases.py::test_priority_zero_documents_behavior PASSED [ 30%]
tests/admin_portal/user_roles/test_user_roles_edge_cases.py::test_duplicate_priority_documents_behavior PASSED [ 30%]
tests/admin_portal/user_roles/test_user_roles_edge_cases.py::test_deactivate_label_correct_terminology PASSED [ 30%]
tests/admin_portal/user_roles/test_user_roles_edge_cases.py::test_predefined_name_edit_guard SKIPPED [ 31%]
tests/admin_portal/user_roles/test_user_roles_edit.py::test_user_roles_edit_form_opens PASSED [ 31%]
tests/admin_portal/user_roles/test_user_roles_edit.py::test_edit_role_name_persists XPASSact's controlled-input state may not register the
name change and the save no-ops. Verify manually: open VK UR01 edit
form, change name to 'VK UR01 edited', save, and confirm the new name
appears in the list.)                                                    [ 32%]
tests/admin_portal/user_roles/test_user_roles_edit.py::test_edit_role_priority_persists XPASSt does not reliably update React's controlled-input
state; the save stores the original DB value rather than the entered
one. Verify manually: open VK UR01 edit form, change priority to 8,
save, reopen and confirm priority reads 8.)                              [ 32%]
tests/admin_portal/user_roles/test_user_roles_edit.py::test_activate_inactive_role SKIPPED [ 32%]
tests/admin_portal/user_roles/test_user_roles_edit.py::test_deactivate_active_role PASSED [ 33%]
tests/admin_portal/user_roles/test_user_roles_edit.py::test_edit_role_cancel_discards PASSED [ 33%]
------------------------------ live log teardown -------------------------------
WARNING  nxtwash:user_roles_page.py:404 Role save did not navigate away. Page message: user roles
add new user role
cancel
save
user role name
priority order
active user role
assign to locations
i
vk al37
vk zt ab24bb
vk al36
vk al35
vk zt 9344b0
vk al34
vk al92
vk al33
vk al32
vk al31
vk zt c6d556
vk al30
vk al29
vk zt 9e7bdf
vk al28
vk al27
vk zt 4e248f
vk al26
vk zt 8f811b
vk al25
vk al24
vk zt 46d34b
vk al23
vk zt c4a124
vk zt d4ccd8
vk zt 71c6f6
vk zt 9eaa54
vk zt ae9b9c
test 12
vk al22
vk al21
vk al20
vk zt c26508
vk al19
vk al18
vk zt c54675
vk al17
vk al16
vk zt 2b4279
vk al15
vk al14
vk zt 146465
vk al13
vk al12
vk al11
vk al10
vk al09
vk al08
vk al01
vkauto1
vk al07
vk

tests/admin_portal/user_roles/test_user_roles_edit.py::test_edit_role_name_required PASSED [ 33%]
tests/admin_portal/user_roles/test_user_roles_export.py::test_user_roles_export_button_clickable XFAILrify exact button label and element
type in DevTools before removing xfail.)                                 [ 34%]
tests/admin_portal/user_roles/test_user_roles_filter.py::test_user_roles_filter_panel_opens PASSED [ 34%]
tests/admin_portal/user_roles/test_user_roles_filter.py::test_user_roles_filter_active_shows_active_only PASSED [ 34%]
tests/admin_portal/user_roles/test_user_roles_filter.py::test_user_roles_filter_off_shows_all PASSED [ 35%]
tests/admin_portal/user_roles/test_user_roles_filter.py::test_user_roles_filter_by_site PASSED [ 35%]
tests/admin_portal/user_roles/test_user_roles_filter.py::test_user_roles_filter_combined_site_and_active PASSED [ 35%]
tests/admin_portal/user_roles/test_user_roles_filter.py::test_user_roles_filter_count_matches_rows XPASSy label text pattern (e.g. 'Showing
X-Y of Z') in DevTools before removing xfail.)                           [ 36%]
tests/admin_portal/user_roles/test_user_roles_filter.py::test_user_roles_site_filter_alphabetical XFAILons from other dropdowns. Verify
in DevTools that only site-filter options are returned.)                 [ 36%]
tests/admin_portal/user_roles/test_user_roles_filter.py::test_user_roles_reset_all_clears_filters PASSED [ 37%]
tests/admin_portal/user_roles/test_user_roles_list.py::test_user_roles_list_page_loads PASSED [ 37%]
tests/admin_portal/user_roles/test_user_roles_list.py::test_user_roles_list_required_columns PASSED [ 37%]
tests/admin_portal/user_roles/test_user_roles_list.py::test_user_roles_default_roles_present PASSED [ 38%]
tests/admin_portal/user_roles/test_user_roles_list.py::test_user_roles_pagination_count PASSED [ 38%]
tests/admin_portal/user_roles/test_user_roles_list.py::test_user_roles_rows_per_page_changes_display XFAILrify select/@name or aria-label
attribute in DevTools before removing xfail.)                            [ 38%]
tests/admin_portal/user_roles/test_user_roles_locations.py::test_assign_single_location_persists XPASSerify actual DOM structure in DevTools
and tune _location_checkbox() if needed.)                                [ 39%]
tests/admin_portal/user_roles/test_user_roles_locations.py::test_assign_multiple_locations_persist XPASSn list. Requires DOM verification of
checkbox locator.)                                                       [ 39%]
tests/admin_portal/user_roles/test_user_roles_locations.py::test_location_list_includes_configured_sites XFAILeturn non-site labels. Verify
checkbox label DOM structure in DevTools before removing xfail.)         [ 39%]
tests/admin_portal/user_roles/test_user_roles_locations.py::test_remove_location_persists 
-------------------------------- live log setup --------------------------------
WARNING  nxtwash:user_roles_page.py:404 Role save did not navigate away. Page message: user roles
add new user role
cancel
save
user role name
priority order
active user role
assign to locations
i
vk al37
vk zt ab24bb
vk al36
vk al35
vk zt 9344b0
vk al34
vk al92
vk al33
vk al32
vk al31
vk zt c6d556
vk al30
vk al29
vk zt 9e7bdf
vk al28
vk al27
vk zt 4e248f
vk al26
vk zt 8f811b
vk al25
vk al24
vk zt 46d34b
vk al23
vk zt c4a124
vk zt d4ccd8
vk zt 71c6f6
vk zt 9eaa54
vk zt ae9b9c
test 12
vk al22
vk al21
vk al20
vk zt c26508
vk al19
vk al18
vk zt c54675
vk al17
vk al16
vk zt 2b4279
vk al15
vk al14
vk zt 146465
vk al13
vk al12
vk al11
vk al10
vk al09
vk al08
vk al01
vkauto1
vk al07
vk
XPASS (UR-LOC-003: Requires location to be assigned first. Depends on
DOM verification of checkbox locator.)                                   [ 40%]
tests/admin_portal/user_roles/test_user_roles_permissions.py::test_permission_sections_collapsed_by_default XFAIL verification. Remove xfail once
section structure is confirmed in DevTools.)                             [ 40%]
tests/admin_portal/user_roles/test_user_roles_permissions.py::test_expand_permission_section_reveals_toggles XFAIL verification. Remove
xfail once section structure is confirmed in DevTools.)                  [ 41%]
tests/admin_portal/user_roles/test_user_roles_permissions.py::test_parent_toggle_on_enables_all_children XFAIL verification. Remove xfail once
section structure is confirmed in DevTools.)                             [ 41%]
tests/admin_portal/user_roles/test_user_roles_permissions.py::test_parent_toggle_off_disables_all_children XFAIL verification. Remove xfail once
section structure is confirmed in DevTools.)                             [ 41%]
tests/admin_portal/user_roles/test_user_roles_permissions.py::test_child_toggle_independent XFAIL verification. Remove xfail once section
structure is confirmed in DevTools.)                                     [ 42%]
tests/admin_portal/user_roles/test_user_roles_permissions.py::test_permissions_persist_after_save XFAIL verification. Remove xfail once section
structure is confirmed in DevTools.)                                     [ 42%]
tests/admin_portal/user_roles/test_user_roles_permissions.py::test_all_permissions_off_saves_ok XPASS verification. Remove xfail once section
structure is confirmed in DevTools.)                                     [ 42%]
tests/admin_portal/user_roles/test_user_roles_search.py::test_user_roles_search_exact_name PASSED [ 43%]
tests/admin_portal/user_roles/test_user_roles_search.py::test_user_roles_search_partial_name XPASSe VK UR01 (ensure_active_switch_on does not
persist via the current automation approach). When VK UR01 is inactive
the active-only default filter hides it and the search returns no
results. Verify manually: ensure VK UR01 is active, search 'VK U',
confirm the role appears.)                                               [ 43%]
tests/admin_portal/user_roles/test_user_roles_search.py::test_user_roles_search_nonexistent_shows_empty PASSED [ 43%]
tests/admin_portal/user_roles/test_user_roles_search.py::test_user_roles_clear_search_restores_list PASSED [ 44%]
tests/admin_portal/user_roles/test_user_roles_section_permissions.py::test_section_permissions_persist_after_save[Sites] XFAILerification. Remove xfail once each section structure is confirmed in
DevTools.)                                                               [ 44%]
tests/admin_portal/user_roles/test_user_roles_section_permissions.py::test_section_permissions_persist_after_save[Services] XFAILerification. Remove xfail once each section structure is confirmed in
DevTools.)                                                               [ 44%]
tests/admin_portal/user_roles/test_user_roles_section_permissions.py::test_section_permissions_persist_after_save[Customers] XFAILerification. Remove xfail once each section structure is confirmed in
DevTools.)                                                               [ 45%]
tests/admin_portal/user_roles/test_user_roles_section_permissions.py::test_section_permissions_persist_after_save[Users] XFAILerification. Remove xfail once each section structure is confirmed in
DevTools.)                                                               [ 45%]
tests/admin_portal/user_roles/test_user_roles_section_permissions.py::test_section_permissions_persist_after_save[Employees] XFAILerification. Remove xfail once each section structure is confirmed in
DevTools.)                                                               [ 46%]
tests/admin_portal/user_roles/test_user_roles_section_permissions.py::test_section_permissions_persist_after_save[User_Roles] XFAILerification. Remove xfail once each section structure is confirmed in
DevTools.)                                                               [ 46%]
tests/admin_portal/user_roles/test_user_roles_section_permissions.py::test_section_permissions_persist_after_save[Kiosk_Settings] XFAILerification. Remove xfail once each section structure is confirmed in
DevTools.)                                                               [ 46%]
tests/admin_portal/user_roles/test_user_roles_section_permissions.py::test_section_permissions_persist_after_save[Kiosk_App] XFAILerification. Remove xfail once each section structure is confirmed in
DevTools.)                                                               [ 47%]
tests/admin_portal/user_roles/test_user_roles_section_permissions.py::test_section_permissions_persist_after_save[POS_Settings] XFAILerification. Remove xfail once each section structure is confirmed in
DevTools.)                                                               [ 47%]
tests/admin_portal/user_roles/test_user_roles_section_permissions.py::test_section_permissions_persist_after_save[POS_App] XFAILerification. Remove xfail once each section structure is confirmed in
DevTools.)                                                               [ 47%]
------------------------------ live log teardown -------------------------------
WARNING  nxtwash:user_roles_page.py:404 Role save did not navigate away. Page message: user roles
add new user role
cancel
save
user role name
priority order
active user role
assign to locations
i
vk al37
vk zt ab24bb
vk al36
vk al35
vk zt 9344b0
vk al34
vk al92
vk al33
vk al32
vk al31
vk zt c6d556
vk al30
vk al29
vk zt 9e7bdf
vk al28
vk al27
vk zt 4e248f
vk al26
vk zt 8f811b
vk al25
vk al24
vk zt 46d34b
vk al23
vk zt c4a124
vk zt d4ccd8
vk zt 71c6f6
vk zt 9eaa54
vk zt ae9b9c
test 12
vk al22
vk al21
vk al20
vk zt c26508
vk al19
vk al18
vk zt c54675
vk al17
vk al16
vk zt 2b4279
vk al15
vk al14
vk zt 146465
vk al13
vk al12
vk al11
vk al10
vk al09
vk al08
vk al01
vkauto1
vk al07
vk

tests/admin_portal/user_roles/test_user_roles_section_permissions.py::test_section_permissions_persist_after_save[Tunnel_Settings] XFAILd in
DevTools.)                                                               [ 48%]
tests/admin_portal/user_roles/test_user_roles_section_permissions.py::test_section_permissions_persist_after_save[Gas_Pump_Settings] XFAILin
DevTools.)                                                               [ 48%]
tests/admin_portal/user_roles/test_user_roles_section_permissions.py::test_section_permissions_persist_after_save[Reports] XFAILerification. Remove xfail once each section structure is confirmed in
DevTools.)                                                               [ 48%]
tests/admin_portal/employees/test_employees_create.py::test_add_employee_form_opens PASSED [ 49%]
tests/admin_portal/employees/test_employees_create.py::test_create_active_employee XFAILxact React Select element in DevTools before
removing xfail.)                                                         [ 49%]
tests/admin_portal/employees/test_employees_create.py::test_create_inactive_employee XFAILxact React Select element in DevTools before
removing xfail.)                                                         [ 50%]
tests/admin_portal/employees/test_employees_create.py::test_create_employee_first_name_required 
-------------------------------- live log call ---------------------------------
WARNING  nxtwash:employees_page.py:521 Employee save did not navigate away. Page text: Employees
Add new employee
Cancel
Save employee
User settings
First Name
Last Name
Locations
Select locations
Hire date
Employee code
Hourly wage, $
Active employee
Contact info
Email
Phone number
Address
ZIP code
State
Select state
City
Select city
PASSED                                                                   [ 50%]
tests/admin_portal/employees/test_employees_create.py::test_create_employee_last_name_required 
-------------------------------- live log call ---------------------------------
WARNING  nxtwash:employees_page.py:521 Employee save did not navigate away. Page text: Employees
Add new employee
Cancel
Save employee
User settings
First Name
Last Name
Locations
Select locations
Hire date
Employee code
Hourly wage, $
Active employee
Contact info
Email
Phone number
Address
ZIP code
State
Select state
City
Select city
PASSED                                                                   [ 50%]
tests/admin_portal/employees/test_employees_create.py::test_create_employee_locations_required 
-------------------------------- live log call ---------------------------------
WARNING  nxtwash:employees_page.py:521 Employee save did not navigate away. Page text: Employees
Add new employee
Cancel
Save employee
User settings
First Name
Last Name
Locations
Select locations
Hire date
Employee code
Hourly wage, $
Active employee
Contact info
Email
Phone number
Address
ZIP code
State
Select state
City
Select city
XPASS (Location multi-select combobox locator uses label heuristics.
Verify exact React Select element in DevTools before removing xfail.)    [ 51%]
tests/admin_portal/employees/test_employees_create.py::test_create_employee_email_required 
-------------------------------- live log call ---------------------------------
WARNING  nxtwash:employees_page.py:521 Employee save did not navigate away. Page text: Employees
Add new employee
Cancel
Save employee
User settings
First Name
Last Name
Locations
Select locations
Hire date
Employee code
Hourly wage, $
Active employee
Contact info
Email
Phone number
Address
ZIP code
State
Select state
City
Select city
PASSED                                                                   [ 51%]
tests/admin_portal/employees/test_employees_create.py::test_create_employee_phone_required 
-------------------------------- live log call ---------------------------------
WARNING  nxtwash:employees_page.py:521 Employee save did not navigate away. Page text: Employees
Add new employee
Cancel
Save employee
User settings
First Name
Last Name
Locations
Select locations
Hire date
Employee code
Hourly wage, $
Active employee
Contact info
Email
Phone number
Address
ZIP code
State
Select state
City
Select city
PASSED                                                                   [ 51%]
tests/admin_portal/employees/test_employees_create.py::test_create_employee_invalid_email_rejected 
-------------------------------- live log call ---------------------------------
WARNING  nxtwash:employees_page.py:521 Employee save did not navigate away. Page text: Employees
Add new employee
Cancel
Save employee
User settings
First Name
Last Name
Locations
Select locations
Hire date
Employee code
Hourly wage, $
Active employee
Contact info
Email
Phone number
Address
ZIP code
State
Select state
City
Select city
PASSED                                                                   [ 52%]
tests/admin_portal/employees/test_employees_create.py::test_create_employee_duplicate_email_rejected 
-------------------------------- live log call ---------------------------------
WARNING  nxtwash:employees_page.py:521 Employee save did not navigate away. Page text: Employees
Add new employee
Cancel
Save employee
User settings
First Name
Last Name
Locations
VK Test carwash 2
+ 2
VK AL37
VK ZT ab24bb
VK AL36
VK AL35
VK ZT 9344b0
VK AL34
VK AL92
VK AL33
VK AL32
VK AL31
VK ZT c6d556
VK AL30
VK AL29
VK ZT 9e7bdf
VK AL28
VK AL27
VK ZT 4e248f
VK AL26
VK ZT 8f811b
VK AL25
VK AL24
VK ZT 46d34b
VK AL23
VK ZT c4a124
VK ZT d4ccd8
VK ZT 71c6f6
VK ZT 9eaa54
VK ZT ae9b9c
test 12
VK AL22
VK AL21
VK AL20
VK ZT c26508
VK AL19
VK AL18
VK ZT c54675
VK AL17
VK AL16
VK ZT 2b4279
VK AL15
VK AL14
VK ZT 146465
VK AL13
VK AL12
VK AL11
VK AL10
VK AL09
VK AL08
VK AL01
vkauto1
VK AL07
VK AL06
VK AL05
VK AL04
VK AL03
VK AL02
test123 udpated
VK Test carwash 2
VK Test Wash 01
Hire date
Employee code
Hourly wage, $
Active employee
Contact info
Email
Phone number
Address
ZIP code
State
Alaska
City
Wales
WARNING  nxtwash:conftest.py:175 Employee create did not navigate away — assuming duplicate; searching list with extended timeout
XFAIL (Location multi-select combobox locator uses label heuristics.
Verify exact React Select element in DevTools before removing xfail.)    [ 52%]
tests/admin_portal/employees/test_employees_create.py::test_create_employee_single_location_persists PASSED [ 52%]
tests/admin_portal/employees/test_employees_create.py::test_create_employee_multiple_locations PASSED [ 53%]
tests/admin_portal/employees/test_employees_create.py::test_create_employee_hire_date_persists XFAILerify date input name/type in DevTools
and implement picker interaction.)                                       [ 53%]
tests/admin_portal/employees/test_employees_create.py::test_create_employee_hire_date_optional PASSED [ 53%]
tests/admin_portal/employees/test_employees_create.py::test_create_employee_future_hire_date XFAILerify date input name/type in DevTools
and implement picker interaction.)                                       [ 54%]
tests/admin_portal/employees/test_employees_create.py::test_create_employee_code_optional PASSED [ 54%]
tests/admin_portal/employees/test_employees_create.py::test_create_employee_duplicate_code_behavior SKIPPED decision. Confirm expected
behaviour with the team before implementing the assertion.)              [ 55%]
tests/admin_portal/employees/test_employees_create.py::test_create_employee_hourly_wage_decimal PASSED [ 55%]
tests/admin_portal/employees/test_employees_create.py::test_create_employee_hourly_wage_optional PASSED [ 55%]
tests/admin_portal/employees/test_employees_create.py::test_create_employee_negative_wage_rejected 
-------------------------------- live log call ---------------------------------
WARNING  nxtwash:employees_page.py:521 Employee save did not navigate away. Page text: Employees
Add new employee
Cancel
Save employee
User settings
First Name
Last Name
Locations
Select locations
Hire date
Employee code
Hourly wage, $
Active employee
Contact info
Email
Phone number
Address
ZIP code
State
Select state
City
Select city
XPASS (EMP-CRT-020: Browser checkValidity() on the wage input depends on
a 'min' attribute. Verify input constraints in DevTools; server-side
rejection also acceptable.)                                              [ 56%]
tests/admin_portal/employees/test_employees_create.py::test_create_employee_state_dropdown_has_options XFAILt React Select element in
DevTools before removing xfail.)                                         [ 56%]
tests/admin_portal/employees/test_employees_create.py::test_create_employee_city_populates_after_state XFAILcs. Verify both dropdowns in DevTools
before removing xfail.)                                                  [ 56%]
tests/admin_portal/employees/test_employees_create.py::test_create_employee_state_change_clears_city XFAILcs. Verify both dropdowns in DevTools
before removing xfail.)                                                  [ 57%]
tests/admin_portal/employees/test_employees_create.py::test_create_employee_address_fields_optional PASSED [ 57%]
tests/admin_portal/employees/test_employees_create.py::test_create_employee_cancel_discards_form PASSED [ 57%]
tests/admin_portal/employees/test_employees_create.py::test_newly_created_employee_appears_immediately SKIPPEDverify manually after
creating an employee.)                                                   [ 58%]
tests/admin_portal/employees/test_employees_edge_cases.py::test_employee_name_with_special_characters 
-------------------------------- live log call ---------------------------------
WARNING  nxtwash:employees_page.py:521 Employee save did not navigate away. Page text: Employees
Add new employee
Cancel
Save employee
User settings
First Name
Last Name
Locations
Select locations
Hire date
Employee code
Hourly wage, $
Active employee
Contact info
Email
Phone number
Address
ZIP code
State
Select state
City
Select city
PASSED                                                                   [ 58%]
tests/admin_portal/employees/test_employees_edge_cases.py::test_employee_data_persists_after_relogin 
-------------------------------- live log setup --------------------------------
WARNING  nxtwash:employees_page.py:521 Employee save did not navigate away. Page text: Employees
Add new employee
Cancel
Save employee
User settings
First Name
Last Name
Locations
VK Test carwash 2
+ 2
VK AL37
VK ZT ab24bb
VK AL36
VK AL35
VK ZT 9344b0
VK AL34
VK AL92
VK AL33
VK AL32
VK AL31
VK ZT c6d556
VK AL30
VK AL29
VK ZT 9e7bdf
VK AL28
VK AL27
VK ZT 4e248f
VK AL26
VK ZT 8f811b
VK AL25
VK AL24
VK ZT 46d34b
VK AL23
VK ZT c4a124
VK ZT d4ccd8
VK ZT 71c6f6
VK ZT 9eaa54
VK ZT ae9b9c
test 12
VK AL22
VK AL21
VK AL20
VK ZT c26508
VK AL19
VK AL18
VK ZT c54675
VK AL17
VK AL16
VK ZT 2b4279
VK AL15
VK AL14
VK ZT 146465
VK AL13
VK AL12
VK AL11
VK AL10
VK AL09
VK AL08
VK AL01
vkauto1
VK AL07
VK AL06
VK AL05
VK AL04
VK AL03
VK AL02
test123 udpated
VK Test carwash 2
VK Test Wash 01
Hire date
Employee code
Hourly wage, $
Active employee
Contact info
Email
Phone number
Address
ZIP code
State
Alaska
City
Wales
WARNING  nxtwash:conftest.py:175 Employee create did not navigate away — assuming duplicate; searching list with extended timeout
ERROR                                                                    [ 58%]
tests/admin_portal/employees/test_employees_edge_cases.py::test_deactivated_employee_in_inactive_filter 
-------------------------------- live log setup --------------------------------
WARNING  nxtwash:employees_page.py:521 Employee save did not navigate away. Page text: Employees
Add new employee
Cancel
Save employee
User settings
First Name
Last Name
Locations
VK Test carwash 2
+ 2
VK AL37
VK ZT ab24bb
VK AL36
VK AL35
VK ZT 9344b0
VK AL34
VK AL92
VK AL33
VK AL32
VK AL31
VK ZT c6d556
VK AL30
VK AL29
VK ZT 9e7bdf
VK AL28
VK AL27
VK ZT 4e248f
VK AL26
VK ZT 8f811b
VK AL25
VK AL24
VK ZT 46d34b
VK AL23
VK ZT c4a124
VK ZT d4ccd8
VK ZT 71c6f6
VK ZT 9eaa54
VK ZT ae9b9c
test 12
VK AL22
VK AL21
VK AL20
VK ZT c26508
VK AL19
VK AL18
VK ZT c54675
VK AL17
VK AL16
VK ZT 2b4279
VK AL15
VK AL14
VK ZT 146465
VK AL13
VK AL12
VK AL11
VK AL10
VK AL09
VK AL08
VK AL01
vkauto1
VK AL07
VK AL06
VK AL05
VK AL04
VK AL03
VK AL02
test123 udpated
VK Test carwash 2
VK Test Wash 01
Hire date
Employee code
Hourly wage, $
Active employee
Contact info
Email
Phone number
Address
ZIP code
State
Alaska
City
Wales
WARNING  nxtwash:conftest.py:175 Employee create did not navigate away — assuming duplicate; searching list with extended timeout
