2026-07-27 21:36:59,271 INFO nxtwash: Test run starting against 'staging' environment
============================= test session starts ==============================
platform darwin -- Python 3.11.2, pytest-9.0.3, pluggy-1.6.0 -- /Users/vk/Documents/NxtWash Automation/.venv/bin/python
cachedir: .pytest_cache
metadata: {'Python': '3.11.2', 'Platform': 'macOS-26.2-arm64-arm-64bit', 'Packages': {'pytest': '9.0.3', 'pluggy': '1.6.0'}, 'Plugins': {'html': '4.1.1', 'allure-pytest': '2.16.0', 'xdist': '3.8.0', 'Faker': '40.19.1', 'timeout': '2.4.0', 'metadata': '3.1.1', 'rerunfailures': '15.1'}}
rootdir: /Users/vk/Documents/NxtWash Automation/nxtwash-automation
configfile: pytest.ini
plugins: html-4.1.1, allure-pytest-2.16.0, xdist-3.8.0, Faker-40.19.1, timeout-2.4.0, metadata-3.1.1, rerunfailures-15.1
timeout: 420.0s
timeout method: signal
timeout func_only: False
collecting ... collected 68 items

tests/admin_portal/pos_settings/test_pos_active.py::test_active_pos_toggle_on_saves PASSED [  1%]
tests/admin_portal/pos_settings/test_pos_active.py::test_active_pos_toggle_off_saves XFAIL [  2%]
tests/admin_portal/pos_settings/test_pos_create.py::test_add_pos_button_opens_form PASSED [  4%]
tests/admin_portal/pos_settings/test_pos_create.py::test_create_active_pos_saves SKIPPED [  5%]
tests/admin_portal/pos_settings/test_pos_create.py::test_create_pos_name_required PASSED [  7%]
tests/admin_portal/pos_settings/test_pos_create.py::test_create_pos_site_required PASSED [  8%]
tests/admin_portal/pos_settings/test_pos_create.py::test_create_pos_lane_required PASSED [ 10%]
tests/admin_portal/pos_settings/test_pos_create.py::test_lane_dropdown_populates_on_site_selection PASSED [ 11%]
tests/admin_portal/pos_settings/test_pos_create.py::test_create_inactive_pos PASSED [ 13%]
tests/admin_portal/pos_settings/test_pos_create.py::test_allow_checkout_default PASSED [ 14%]
tests/admin_portal/pos_settings/test_pos_create.py::test_allow_checkout_no_customer XFAIL [ 16%]
tests/admin_portal/pos_settings/test_pos_create.py::test_card_checked_by_default PASSED [ 17%]
tests/admin_portal/pos_settings/test_pos_create.py::test_cash_checked_by_default PASSED [ 19%]
tests/admin_portal/pos_settings/test_pos_create.py::test_uncheck_card_persists PASSED [ 20%]
tests/admin_portal/pos_settings/test_pos_create.py::test_uncheck_cash_persists PASSED [ 22%]
tests/admin_portal/pos_settings/test_pos_create.py::test_settings_accordions_collapsed PASSED [ 23%]
tests/admin_portal/pos_settings/test_pos_create.py::test_cancel_discards_form PASSED [ 25%]
tests/admin_portal/pos_settings/test_pos_create.py::test_new_pos_appears_immediately SKIPPED [ 26%]
tests/admin_portal/pos_settings/test_pos_dependencies.py::test_site_dropdown_from_sites_locations XFAIL [ 27%]
tests/admin_portal/pos_settings/test_pos_dependencies.py::test_lane_dropdown_from_site_lanes PASSED [ 29%]
tests/admin_portal/pos_settings/test_pos_device_settings.py::test_device_section_expand_collapse XFAIL [ 30%]
tests/admin_portal/pos_settings/test_pos_device_settings.py::test_device_serial_required PASSED [ 32%]
tests/admin_portal/pos_settings/test_pos_device_settings.py::test_device_serial_accepts_valid_input PASSED [ 33%]
tests/admin_portal/pos_settings/test_pos_device_settings.py::test_device_serial_persists PASSED [ 35%]
tests/admin_portal/pos_settings/test_pos_edge_cases.py::test_pos_name_whitespace_trimmed PASSED [ 36%]
tests/admin_portal/pos_settings/test_pos_edit.py::test_edit_form_opens_prepopulated PASSED [ 38%]
tests/admin_portal/pos_settings/test_pos_edit.py::test_edit_pos_name_persists PASSED [ 39%]
tests/admin_portal/pos_settings/test_pos_edit.py::test_edit_site_persists PASSED [ 41%]
tests/admin_portal/pos_settings/test_pos_edit.py::test_edit_lane_persists XFAIL [ 42%]
tests/admin_portal/pos_settings/test_pos_edit.py::test_changing_site_clears_lane PASSED [ 44%]
tests/admin_portal/pos_settings/test_pos_edit.py::test_edit_allow_checkout_persists XFAIL [ 45%]
tests/admin_portal/pos_settings/test_pos_edit.py::test_edit_payment_methods_persists PASSED [ 47%]
tests/admin_portal/pos_settings/test_pos_edit.py::test_edit_blank_name_blocked PASSED [ 48%]
tests/admin_portal/pos_settings/test_pos_edit.py::test_activate_inactive_pos XPASS [ 50%]
tests/admin_portal/pos_settings/test_pos_edit.py::test_deactivate_active_pos XFAIL [ 51%]
tests/admin_portal/pos_settings/test_pos_edit.py::test_cancel_discards_changes PASSED [ 52%]
tests/admin_portal/pos_settings/test_pos_edit.py::test_main_and_service_tabs_visible PASSED [ 54%]
tests/admin_portal/pos_settings/test_pos_filter.py::test_filter_panel_opens PASSED [ 55%]
tests/admin_portal/pos_settings/test_pos_filter.py::test_filter_by_site PASSED [ 57%]
tests/admin_portal/pos_settings/test_pos_filter.py::test_filter_active_pos_on PASSED [ 58%]
tests/admin_portal/pos_settings/test_pos_filter.py::test_filter_active_pos_off PASSED [ 60%]
tests/admin_portal/pos_settings/test_pos_filter.py::test_filter_result_count_matches_rows PASSED [ 61%]
tests/admin_portal/pos_settings/test_pos_filter.py::test_filter_site_and_active_combined PASSED [ 63%]
tests/admin_portal/pos_settings/test_pos_filter.py::test_filter_reset_all PASSED [ 64%]
tests/admin_portal/pos_settings/test_pos_list.py::test_pos_page_loads PASSED [ 66%]
tests/admin_portal/pos_settings/test_pos_list.py::test_pos_list_displays_columns PASSED [ 67%]
tests/admin_portal/pos_settings/test_pos_list.py::test_pos_list_status_column PASSED [ 69%]
tests/admin_portal/pos_settings/test_pos_list.py::test_pos_list_pagination_shows_count PASSED [ 70%]
tests/admin_portal/pos_settings/test_pos_list.py::test_pos_list_results_per_page PASSED [ 72%]
tests/admin_portal/pos_settings/test_pos_middleware_settings.py::test_middleware_section_expand_collapse XFAIL [ 73%]
tests/admin_portal/pos_settings/test_pos_middleware_settings.py::test_middleware_ip_required PASSED [ 75%]
tests/admin_portal/pos_settings/test_pos_middleware_settings.py::test_middleware_ip_accepts_valid_url PASSED [ 76%]
tests/admin_portal/pos_settings/test_pos_middleware_settings.py::test_middleware_ip_persists PASSED [ 77%]
tests/admin_portal/pos_settings/test_pos_search.py::test_search_by_exact_name PASSED [ 79%]
tests/admin_portal/pos_settings/test_pos_search.py::test_search_by_partial_name PASSED [ 80%]
tests/admin_portal/pos_settings/test_pos_search.py::test_search_nonmatching_shows_empty PASSED [ 82%]
tests/admin_portal/pos_settings/test_pos_search.py::test_search_clear_restores_list PASSED [ 83%]
tests/admin_portal/pos_settings/test_pos_service_settings.py::test_service_tab_switches_view PASSED [ 85%]
tests/admin_portal/pos_settings/test_pos_service_settings.py::test_restore_default_settings PASSED [ 86%]
tests/admin_portal/pos_settings/test_pos_tunnel_settings.py::test_tunnel_section_expand_collapse XFAIL [ 88%]
tests/admin_portal/pos_settings/test_pos_tunnel_settings.py::test_send_invoice_toggle_saves PASSED [ 89%]
tests/admin_portal/pos_settings/test_pos_tunnel_settings.py::test_tunnel_operational_toggle_saves PASSED [ 91%]
tests/admin_portal/pos_settings/test_pos_tunnel_settings.py::test_controller_id_required PASSED [ 92%]
tests/admin_portal/pos_settings/test_pos_tunnel_settings.py::test_controller_id_saves_persists XFAIL [ 94%]
tests/admin_portal/pos_settings/test_pos_tunnel_settings.py::test_tunnel_controller_ip_required XFAIL [ 95%]
tests/admin_portal/pos_settings/test_pos_tunnel_settings.py::test_controller_ip_valid_format_saves XFAIL [ 97%]
tests/admin_portal/pos_settings/test_pos_tunnel_settings.py::test_car_roller_output_required PASSED [ 98%]
tests/admin_portal/pos_settings/test_pos_tunnel_settings.py::test_car_roller_output_persists XFAIL [100%]

====== 52 passed, 2 skipped, 13 xfailed, 1 xpassed in 6898.67s (1:54:58) =======
