2026-07-27 03:54:21,912 INFO nxtwash: Test run starting against 'staging' environment
============================= test session starts ==============================
collected 98 items

tests/admin_portal/employees/test_employees_create.py::test_add_employee_form_opens PASSED [  1%]
tests/admin_portal/employees/test_employees_create.py::test_create_active_employee XFAIL [  2%]
tests/admin_portal/employees/test_employees_create.py::test_create_inactive_employee XFAIL [  3%]
tests/admin_portal/employees/test_employees_create.py::test_create_employee_first_name_required 
-------------------------------- live log call ---------------------------------
WARNING  nxtwash:employees_page.py:521 Employee save did not navigate away. Page text: Employees
Add new employee
Cancel
Save employee
User settings
First Name
Last Name
Locations
Select locations
Hire date
Employee code
Hourly wage, $
Active employee
Contact info
Email
Phone number
Address
ZIP code
State
Select state
City
Select city
PASSED                                                                   [  4%]
tests/admin_portal/employees/test_employees_create.py::test_create_employee_last_name_required 
-------------------------------- live log call ---------------------------------
WARNING  nxtwash:employees_page.py:521 Employee save did not navigate away. Page text: Employees
Add new employee
Cancel
Save employee
User settings
First Name
Last Name
Locations
Select locations
Hire date
Employee code
Hourly wage, $
Active employee
Contact info
Email
Phone number
Address
ZIP code
State
Select state
City
Select city
PASSED                                                                   [  5%]
tests/admin_portal/employees/test_employees_create.py::test_create_employee_locations_required 
-------------------------------- live log call ---------------------------------
WARNING  nxtwash:employees_page.py:521 Employee save did not navigate away. Page text: Employees
Add new employee
Cancel
Save employee
User settings
First Name
Last Name
Locations
Select locations
Hire date
Employee code
Hourly wage, $
Active employee
Contact info
Email
Phone number
Address
ZIP code
State
Select state
City
Select city
XPASS (Location multi-select combobox locator uses label heuristics....) [  6%]
tests/admin_portal/employees/test_employees_create.py::test_create_employee_email_required 
-------------------------------- live log call ---------------------------------
WARNING  nxtwash:employees_page.py:521 Employee save did not navigate away. Page text: Employees
Add new employee
Cancel
Save employee
User settings
First Name
Last Name
Locations
Select locations
Hire date
Employee code
Hourly wage, $
Active employee
Contact info
Email
Phone number
Address
ZIP code
State
Select state
City
Select city
PASSED                                                                   [  7%]
tests/admin_portal/employees/test_employees_create.py::test_create_employee_phone_required 
-------------------------------- live log call ---------------------------------
WARNING  nxtwash:employees_page.py:521 Employee save did not navigate away. Page text: Employees
Add new employee
Cancel
Save employee
User settings
First Name
Last Name
Locations
Select locations
Hire date
Employee code
Hourly wage, $
Active employee
Contact info
Email
Phone number
Address
ZIP code
State
Select state
City
Select city
PASSED                                                                   [  8%]
tests/admin_portal/employees/test_employees_create.py::test_create_employee_invalid_email_rejected 
-------------------------------- live log call ---------------------------------
WARNING  nxtwash:employees_page.py:521 Employee save did not navigate away. Page text: Employees
Add new employee
Cancel
Save employee
User settings
First Name
Last Name
Locations
Select locations
Hire date
Employee code
Hourly wage, $
Active employee
Contact info
Email
Phone number
Address
ZIP code
State
Select state
City
Select city
PASSED                                                                   [  9%]
tests/admin_portal/employees/test_employees_create.py::test_create_employee_duplicate_email_rejected 
-------------------------------- live log call ---------------------------------
WARNING  nxtwash:employees_page.py:521 Employee save did not navigate away. Page text: Employees
Add new employee
Cancel
Save employee
User settings
First Name
Last Name
Locations
VK Test carwash 2
VK AL29
VK ZT 9e7bdf
VK AL28
VK AL27
VK ZT 4e248f
VK AL26
VK ZT 8f811b
VK AL25
VK AL24
VK ZT 46d34b
VK AL23
VK ZT c4a124
VK ZT d4ccd8
VK ZT 71c6f6
VK ZT 9eaa54
VK ZT ae9b9c
test 12
VK AL22
VK AL21
VK AL20
VK ZT c26508
VK AL19
VK AL18
VK ZT c54675
VK AL17
VK AL16
VK ZT 2b4279
VK AL15
VK AL14
VK ZT 146465
VK AL13
VK AL12
VK AL11
VK AL10
VK AL09
VK AL08
VK AL01
vkauto1
VK AL07
VK AL06
VK AL05
VK AL04
VK AL03
VK AL02
test123 udpated
VK Test carwash 2
VK Test Wash 01
Hire date
Employee code
Hourly wage, $
Active employee
Contact info
Email
Phone number
Address
ZIP code
State
Select state
City
Select city
XPASS (Location multi-select combobox locator uses label heuristics....) [ 10%]
tests/admin_portal/employees/test_employees_create.py::test_create_employee_single_location_persists PASSED [ 11%]
tests/admin_portal/employees/test_employees_create.py::test_create_employee_multiple_locations PASSED [ 12%]
tests/admin_portal/employees/test_employees_create.py::test_create_employee_hire_date_persists XFAIL [ 13%]
tests/admin_portal/employees/test_employees_create.py::test_create_employee_hire_date_optional PASSED [ 14%]
tests/admin_portal/employees/test_employees_create.py::test_create_employee_future_hire_date XFAIL [ 15%]
tests/admin_portal/employees/test_employees_create.py::test_create_employee_code_optional PASSED [ 16%]
tests/admin_portal/employees/test_employees_create.py::test_create_employee_duplicate_code_behavior SKIPPED [ 17%]
tests/admin_portal/employees/test_employees_create.py::test_create_employee_hourly_wage_decimal PASSED [ 18%]
tests/admin_portal/employees/test_employees_create.py::test_create_employee_hourly_wage_optional PASSED [ 19%]
tests/admin_portal/employees/test_employees_create.py::test_create_employee_negative_wage_rejected 
-------------------------------- live log call ---------------------------------
WARNING  nxtwash:employees_page.py:521 Employee save did not navigate away. Page text: Employees
Add new employee
Cancel
Save employee
User settings
First Name
Last Name
Locations
Select locations
Hire date
Employee code
Hourly wage, $
Active employee
Contact info
Email
Phone number
Address
ZIP code
State
Select state
City
Select city
XPASS (EMP-CRT-020: Browser checkValidity() on the wage input depend...) [ 20%]
tests/admin_portal/employees/test_employees_create.py::test_create_employee_state_dropdown_has_options XFAIL [ 21%]
tests/admin_portal/employees/test_employees_create.py::test_create_employee_city_populates_after_state XFAIL [ 22%]
tests/admin_portal/employees/test_employees_create.py::test_create_employee_state_change_clears_city XFAIL [ 23%]
tests/admin_portal/employees/test_employees_create.py::test_create_employee_address_fields_optional PASSED [ 24%]
tests/admin_portal/employees/test_employees_create.py::test_create_employee_cancel_discards_form PASSED [ 25%]
tests/admin_portal/employees/test_employees_create.py::test_newly_created_employee_appears_immediately SKIPPED [ 26%]
tests/admin_portal/employees/test_employees_edge_cases.py::test_employee_name_with_special_characters 
-------------------------------- live log call ---------------------------------
WARNING  nxtwash:employees_page.py:521 Employee save did not navigate away. Page text: Employees
Add new employee
Cancel
Save employee
User settings
First Name
Last Name
Locations
Select locations
Hire date
Employee code
Hourly wage, $
Active employee
Contact info
Email
Phone number
Address
ZIP code
State
Select state
City
Select city
PASSED                                                                   [ 27%]
tests/admin_portal/employees/test_employees_edge_cases.py::test_employee_data_persists_after_relogin PASSED [ 28%]
tests/admin_portal/employees/test_employees_edge_cases.py::test_deactivated_employee_in_inactive_filter XFAIL [ 29%]
tests/admin_portal/employees/test_employees_edge_cases.py::test_edit_locations_required XFAIL [ 30%]
tests/admin_portal/employees/test_employees_edit.py::test_edit_form_opens_prepopulated PASSED [ 31%]
tests/admin_portal/employees/test_employees_edit.py::test_edit_first_name_persists PASSED [ 32%]
tests/admin_portal/employees/test_employees_edit.py::test_edit_last_name_persists ERROR [ 33%]
tests/admin_portal/employees/test_employees_edit.py::test_edit_locations_persists XFAIL [ 34%]
tests/admin_portal/employees/test_employees_edit.py::test_edit_email_persists PASSED [ 35%]
tests/admin_portal/employees/test_employees_edit.py::test_edit_phone_persists PASSED [ 36%]
tests/admin_portal/employees/test_employees_edit.py::test_edit_hourly_wage_persists XFAIL [ 37%]
tests/admin_portal/employees/test_employees_edit.py::test_edit_hire_date_persists XFAIL [ 38%]
tests/admin_portal/employees/test_employees_edit.py::test_edit_employee_code_persists XFAIL [ 39%]
tests/admin_portal/employees/test_employees_edit.py::test_activate_inactive_employee SKIPPED [ 40%]
tests/admin_portal/employees/test_employees_edit.py::test_deactivate_active_employee PASSED [ 41%]
tests/admin_portal/employees/test_employees_edit.py::test_edit_clear_first_name_blocked 
-------------------------------- live log call ---------------------------------
WARNING  nxtwash:employees_page.py:521 Employee save did not navigate away. Page text: Employees
Edit employee
Cancel
Save employee
User settings
First Name
Last Name
Locations
VK Test carwash 2
+ 2
Hire date
Employee code
Hourly wage, $
Active employee
Contact info
Email
Phone number
Address
ZIP code
State
Alaska
City
Wales
PASSED                                                                   [ 42%]
tests/admin_portal/employees/test_employees_edit.py::test_edit_clear_last_name_blocked 
-------------------------------- live log call ---------------------------------
WARNING  nxtwash:employees_page.py:521 Employee save did not navigate away. Page text: Employees
Edit employee
Cancel
Save employee
User settings
First Name
Last Name
Locations
VK Test carwash 2
+ 2
Hire date
Employee code
Hourly wage, $
Active employee
Contact info
Email
Phone number
Address
ZIP code
State
Alaska
City
Select city
PASSED                                                                   [ 43%]
tests/admin_portal/employees/test_employees_edit.py::test_edit_invalid_email_blocked 
-------------------------------- live log call ---------------------------------
WARNING  nxtwash:employees_page.py:521 Employee save did not navigate away. Page text: Employees
Edit employee
Cancel
Save employee
User settings
First Name
Last Name
Locations
VK Test carwash 2
+ 2
Hire date
Employee code
Hourly wage, $
Active employee
Contact info
Email
Phone number
Address
ZIP code
State
Alaska
City
Wales
PASSED                                                                   [ 44%]
tests/admin_portal/employees/test_employees_edit.py::test_edit_cancel_discards_changes PASSED [ 45%]
tests/admin_portal/employees/test_employees_export.py::test_export_button_clickable 2026-07-27 04:50:00,794 ERROR nxtwash: Test FAILED: tests/admin_portal/employees/test_employees_export.py::test_export_button_clickable (url: https://staging.nxtwash.com/users/employees)

-------------------------------- live log call ---------------------------------
ERROR    nxtwash:conftest.py:241 Test FAILED: tests/admin_portal/employees/test_employees_export.py::test_export_button_clickable (url: https://staging.nxtwash.com/users/employees)
2026-07-27 04:50:01,560 ERROR nxtwash: Visible page text at failure:
Employees
Filter by
+ Add employee
Employees
Employee shift
First name
Last name
Employee code
Hire date
Last shift active
Shift status
Status
Test A
user 3
0034
7/26/2026
Inactive
Active
Edit
Test A
AutoEmp1b220a
7/26/2026
Inactive
Active
Edit
Test A
AutoEmpf48440
7/26/2026
Inactive
Active
Edit
Test A
AutoEmp325bfa
7/26/2026
Inactive
Active
Edit
Test A
AutoEmpecaa7e
7/26/2026
Inactive
Active
Edit
Test A
AutoEmpe676d4
7/26/2026
Inactive
Active
Edit
Test A
AutoEmp946e6c
7/26/2026
Inactive
Active
Edit
Test A
AutoEmpa92714
7/26/2026
Inactive
Active
Edit
Test A
AutoEmpda7169
7/26/2026
Inactive
Active
Edit
Test A
AutoEmp3a150f
7/26/2026
Inactive
Active
Edit
Test A
AutoEmpeb517d
7/26/2026
Inactive
Active
Edit
Test A
AutoEmpdef477
7/26/2026
Inactive
Active
Edit
Test A
AutoEmp5db1aa
7/26/2026
Inactive
Active
Edit
Test A
AutoEmpdd6f25
7/26/2026
Inactive
Active
Edit
Page
of
2
Results per page
100
Showing 1 - 100 of 136
ERROR    nxtwash:conftest.py:256 Visible page text at failure:
Employees
Filter by
+ Add employee
Employees
Employee shift
First name
Last name
Employee code
Hire date
Last shift active
Shift status
Status
Test A
user 3
0034
7/26/2026
Inactive
Active
Edit
Test A
AutoEmp1b220a
7/26/2026
Inactive
Active
Edit
Test A
AutoEmpf48440
7/26/2026
Inactive
Active
Edit
Test A
AutoEmp325bfa
7/26/2026
Inactive
Active
Edit
Test A
AutoEmpecaa7e
7/26/2026
Inactive
Active
Edit
Test A
AutoEmpe676d4
7/26/2026
Inactive
Active
Edit
Test A
AutoEmp946e6c
7/26/2026
Inactive
Active
Edit
Test A
AutoEmpa92714
7/26/2026
Inactive
Active
Edit
Test A
AutoEmpda7169
7/26/2026
Inactive
Active
Edit
Test A
AutoEmp3a150f
7/26/2026
Inactive
Active
Edit
Test A
AutoEmpeb517d
7/26/2026
Inactive
Active
Edit
Test A
AutoEmpdef477
7/26/2026
Inactive
Active
Edit
Test A
AutoEmp5db1aa
7/26/2026
Inactive
Active
Edit
Test A
AutoEmpdd6f25
7/26/2026
Inactive
Active
Edit
Page
of
2
Results per page
100
Showing 1 - 100 of 136
FAILED                                                                   [ 46%]
tests/admin_portal/employees/test_employees_filter.py::test_filter_panel_opens PASSED [ 47%]
tests/admin_portal/employees/test_employees_filter.py::test_filter_by_active_status XPASS [ 48%]
tests/admin_portal/employees/test_employees_filter.py::test_filter_by_inactive_status XFAIL [ 50%]
tests/admin_portal/employees/test_employees_filter.py::test_filter_result_count_matches_rows XFAIL [ 51%]
tests/admin_portal/employees/test_employees_filter.py::test_reset_all_clears_filters XFAIL [ 52%]
tests/admin_portal/employees/test_employees_list.py::test_employees_page_loads PASSED [ 53%]
tests/admin_portal/employees/test_employees_list.py::test_employees_list_displays_correct_columns PASSED [ 54%]
tests/admin_portal/employees/test_employees_list.py::test_shift_status_inactive_when_no_active_shift PASSED [ 55%]
tests/admin_portal/employees/test_employees_list.py::test_status_column_shows_badge PASSED [ 56%]
tests/admin_portal/employees/test_employees_list.py::test_employees_pagination_shows_count 2026-07-27 04:58:58,719 ERROR nxtwash: Test FAILED: tests/admin_portal/employees/test_employees_list.py::test_employees_pagination_shows_count (url: https://staging.nxtwash.com/users/employees)

-------------------------------- live log call ---------------------------------
ERROR    nxtwash:conftest.py:241 Test FAILED: tests/admin_portal/employees/test_employees_list.py::test_employees_pagination_shows_count (url: https://staging.nxtwash.com/users/employees)
2026-07-27 04:58:59,372 ERROR nxtwash: Visible page text at failure:
Employees
Filter by
+ Add employee
Employees
Employee shift
First name
Last name
Employee code
Hire date
Last shift active
Shift status
Status
Page
of
0
Results per page
100
Showing 0 - 0 of 0
Please wait
ERROR    nxtwash:conftest.py:256 Visible page text at failure:
Employees
Filter by
+ Add employee
Employees
Employee shift
First name
Last name
Employee code
Hire date
Last shift active
Shift status
Status
Page
of
0
Results per page
100
Showing 0 - 0 of 0
Please wait
FAILED                                                                   [ 57%]
tests/admin_portal/employees/test_employees_list.py::test_results_per_page_updates_rows XFAIL [ 58%]
tests/admin_portal/employees/test_employees_list.py::test_search_by_exact_last_name PASSED [ 59%]
tests/admin_portal/employees/test_employees_list.py::test_search_by_partial_last_name PASSED [ 60%]
tests/admin_portal/employees/test_employees_list.py::test_search_nonexistent_shows_empty_state SKIPPED [ 61%]
tests/admin_portal/employees/test_employees_list.py::test_clear_search_restores_full_list PASSED [ 62%]
tests/admin_portal/employees/test_employees_shift_create.py::test_add_shift_form_opens PASSED [ 63%]
tests/admin_portal/employees/test_employees_shift_create.py::test_create_active_shift XFAIL [ 64%]
tests/admin_portal/employees/test_employees_shift_create.py::test_create_inactive_shift XFAIL [ 65%]
tests/admin_portal/employees/test_employees_shift_create.py::test_create_shift_employee_required XFAIL [ 66%]
tests/admin_portal/employees/test_employees_shift_create.py::test_create_shift_site_required XFAIL [ 67%]
tests/admin_portal/employees/test_employees_shift_create.py::test_create_shift_time_required XPASS [ 68%]
tests/admin_portal/employees/test_employees_shift_create.py::test_create_shift_employee_dropdown_lists_active_employees XFAIL [ 69%]
tests/admin_portal/employees/test_employees_shift_create.py::test_create_shift_site_dropdown_lists_sites XFAIL [ 70%]
tests/admin_portal/employees/test_employees_shift_create.py::test_create_shift_datetime_picker_present XFAIL [ 71%]
tests/admin_portal/employees/test_employees_shift_create.py::test_create_shift_end_before_start XFAIL [ 72%]
tests/admin_portal/employees/test_employees_shift_create.py::test_create_shift_midnight_spanning XFAIL [ 73%]
tests/admin_portal/employees/test_employees_shift_create.py::test_create_shift_overlapping_shifts 
-------------------------------- live log setup --------------------------------
WARNING  nxtwash:employees_page.py:521 Employee save did not navigate away. Page text: Employees
Edit employee
Cancel
Save employee
User settings
First Name
Last Name
Locations
+ 2
Hire date
Employee code
Hourly wage, $
Active employee
Contact info
Email
Phone number
Address
ZIP code
State
Alaska
City
Select city
XFAIL (EMP-SH-CRT-012: Whether overlapping shifts are blocked is a p...) [ 74%]
tests/admin_portal/employees/test_employees_shift_create.py::test_create_shift_cancel_discards_form PASSED [ 75%]
tests/admin_portal/employees/test_employees_shift_create.py::test_newly_created_shift_appears_immediately XFAIL [ 76%]
tests/admin_portal/employees/test_employees_shift_edit.py::test_shift_edit_form_opens_prepopulated SKIPPED [ 77%]
tests/admin_portal/employees/test_employees_shift_edit.py::test_shift_edit_employee_persists SKIPPED [ 78%]
tests/admin_portal/employees/test_employees_shift_edit.py::test_shift_edit_site_persists SKIPPED [ 79%]
tests/admin_portal/employees/test_employees_shift_edit.py::test_shift_edit_time_recalculates_hours SKIPPED [ 80%]
tests/admin_portal/employees/test_employees_shift_edit.py::test_shift_edit_activate_inactive_shift SKIPPED [ 81%]
tests/admin_portal/employees/test_employees_shift_export.py::test_shift_export_button_clickable PASSED [ 82%]
tests/admin_portal/employees/test_employees_shift_filter.py::test_shift_filter_panel_opens_with_controls PASSED [ 83%]
tests/admin_portal/employees/test_employees_shift_filter.py::test_shift_filter_by_first_name XPASS [ 84%]
tests/admin_portal/employees/test_employees_shift_filter.py::test_shift_filter_by_site PASSED [ 85%]
tests/admin_portal/employees/test_employees_shift_filter.py::test_shift_filter_by_date_range XFAIL [ 86%]
tests/admin_portal/employees/test_employees_shift_filter.py::test_shift_filter_active_on PASSED [ 87%]
tests/admin_portal/employees/test_employees_shift_filter.py::test_shift_filter_active_off PASSED [ 88%]
tests/admin_portal/employees/test_employees_shift_filter.py::test_shift_filter_invalid_date_range XFAIL [ 89%]
tests/admin_portal/employees/test_employees_shift_filter.py::test_shift_filter_result_count_matches_rows XFAIL [ 90%]
tests/admin_portal/employees/test_employees_shift_filter.py::test_shift_reset_all_clears_filters XPASS [ 91%]
tests/admin_portal/employees/test_employees_shift_list.py::test_shift_tab_loads PASSED [ 92%]
tests/admin_portal/employees/test_employees_shift_list.py::test_shift_list_displays_correct_columns XPASS [ 93%]
tests/admin_portal/employees/test_employees_shift_list.py::test_shift_empty_state_when_no_records PASSED [ 94%]
tests/admin_portal/employees/test_employees_shift_list.py::test_shift_pagination_no_negative_numbers SKIPPED [ 95%]
tests/admin_portal/employees/test_employees_shift_list.py::test_shift_search_by_exact_last_name PASSED [ 96%]
tests/admin_portal/employees/test_employees_shift_list.py::test_shift_search_by_partial_last_name PASSED [ 97%]
tests/admin_portal/employees/test_employees_shift_list.py::test_shift_search_nonexistent_shows_empty PASSED [ 98%]
tests/admin_portal/employees/test_employees_shift_list.py::test_shift_clear_search_restores_list PASSED [100%]

==================================== ERRORS ====================================
________________ ERROR at setup of test_edit_last_name_persists ________________
E   selenium.common.exceptions.TimeoutException: Message:
=================================== FAILURES ===================================
E   selenium.common.exceptions.TimeoutException: Message:
/Users/vk/Documents/NxtWash Automation/nxtwash-automation/venv/lib/python3.11/site-packages/selenium/webdriver/support/wait.py:121: selenium.common.exceptions.TimeoutException: Message:
E   AssertionError: Pagination / total count label not found on Employees list page
    assert False
/Users/vk/Documents/NxtWash Automation/nxtwash-automation/tests/admin_portal/employees/test_employees_list.py:95: AssertionError: Pagination / total count label not found on Employees list page
=========================== short test summary info ============================
FAILED tests/admin_portal/employees/test_employees_export.py::test_export_button_clickable
FAILED tests/admin_portal/employees/test_employees_list.py::test_employees_pagination_shows_count
ERROR tests/admin_portal/employees/test_employees_edit.py::test_edit_last_name_persists
= 2 failed, 46 passed, 10 skipped, 31 xfailed, 8 xpassed, 1 error in 6002.79s (1:40:02) =
