2026-07-27 08:49:05,391 INFO nxtwash: Test run starting against 'staging' environment
============================= test session starts ==============================
collected 70 items

tests/admin_portal/user_roles/test_user_roles_create.py::test_user_roles_add_form_opens PASSED [  1%]
tests/admin_portal/user_roles/test_user_roles_create.py::test_create_active_user_role PASSED [  2%]
tests/admin_portal/user_roles/test_user_roles_create.py::test_create_inactive_user_role PASSED [  4%]
tests/admin_portal/user_roles/test_user_roles_create.py::test_create_role_name_required PASSED [  5%]
tests/admin_portal/user_roles/test_user_roles_create.py::test_create_role_priority_required PASSED [  7%]
tests/admin_portal/user_roles/test_user_roles_create.py::test_create_duplicate_role_rejected 
-------------------------------- live log call ---------------------------------
WARNING  nxtwash:user_roles_page.py:404 Role save did not navigate away. Page message: user roles
add new user role
cancel
save
user role name
priority order
active user role
assign to locations
i
vk al31
vk zt c6d556
vk al30
vk al29
vk zt 9e7bdf
vk al28
vk al27
vk zt 4e248f
vk al26
vk zt 8f811b
vk al25
vk al24
vk zt 46d34b
vk al23
vk zt c4a124
vk zt d4ccd8
vk zt 71c6f6
vk zt 9eaa54
vk zt ae9b9c
test 12
vk al22
vk al21
vk al20
vk zt c26508
vk al19
vk al18
vk zt c54675
vk al17
vk al16
vk zt 2b4279
vk al15
vk al14
vk zt 146465
vk al13
vk al12
vk al11
vk al10
vk al09
vk al08
vk al01
vkauto1
vk al07
vk al06
vk al05
vk al04
vk al03
vk al02
test123 udpated
vk test carwash 2
vk test wa
PASSED                                                                   [  8%]
tests/admin_portal/user_roles/test_user_roles_create.py::test_create_role_cancel_discards PASSED [ 10%]
tests/admin_portal/user_roles/test_user_roles_create.py::test_create_role_name_whitespace_trimmed_or_rejected 
-------------------------------- live log call ---------------------------------
WARNING  nxtwash:user_roles_page.py:404 Role save did not navigate away. Page message: user roles
add new user role
cancel
save
user role name
priority order
active user role
assign to locations
i
vk al31
vk zt c6d556
vk al30
vk al29
vk zt 9e7bdf
vk al28
vk al27
vk zt 4e248f
vk al26
vk zt 8f811b
vk al25
vk al24
vk zt 46d34b
vk al23
vk zt c4a124
vk zt d4ccd8
vk zt 71c6f6
vk zt 9eaa54
vk zt ae9b9c
test 12
vk al22
vk al21
vk al20
vk zt c26508
vk al19
vk al18
vk zt c54675
vk al17
vk al16
vk zt 2b4279
vk al15
vk al14
vk zt 146465
vk al13
vk al12
vk al11
vk al10
vk al09
vk al08
vk al01
vkauto1
vk al07
vk al06
vk al05
vk al04
vk al03
vk al02
test123 udpated
vk test carwash 2
vk test wa
PASSED                                                                   [ 11%]
tests/admin_portal/user_roles/test_user_roles_create.py::test_create_role_name_max_length_saves PASSED [ 12%]
tests/admin_portal/user_roles/test_user_roles_create.py::test_newly_created_role_appears_immediately PASSED [ 14%]
tests/admin_portal/user_roles/test_user_roles_create.py::test_create_role_priority_integers_only PASSED [ 15%]
tests/admin_portal/user_roles/test_user_roles_create.py::test_create_vk_company_user_role PASSED [ 17%]
tests/admin_portal/user_roles/test_user_roles_edge_cases.py::test_duplicate_name_vs_inactive_role PASSED [ 18%]
tests/admin_portal/user_roles/test_user_roles_edge_cases.py::test_case_sensitivity_duplicate 
-------------------------------- live log call ---------------------------------
WARNING  nxtwash:user_roles_page.py:404 Role save did not navigate away. Page message: user roles
add new user role
cancel
save
user role name
priority order
active user role
assign to locations
i
vk al31
vk zt c6d556
vk al30
vk al29
vk zt 9e7bdf
vk al28
vk al27
vk zt 4e248f
vk al26
vk zt 8f811b
vk al25
vk al24
vk zt 46d34b
vk al23
vk zt c4a124
vk zt d4ccd8
vk zt 71c6f6
vk zt 9eaa54
vk zt ae9b9c
test 12
vk al22
vk al21
vk al20
vk zt c26508
vk al19
vk al18
vk zt c54675
vk al17
vk al16
vk zt 2b4279
vk al15
vk al14
vk zt 146465
vk al13
vk al12
vk al11
vk al10
vk al09
vk al08
vk al01
vkauto1
vk al07
vk al06
vk al05
vk al04
vk al03
vk al02
test123 udpated
vk test carwash 2
vk test wa
PASSED                                                                   [ 20%]
tests/admin_portal/user_roles/test_user_roles_edge_cases.py::test_predefined_role_fields_editable SKIPPED [ 21%]
tests/admin_portal/user_roles/test_user_roles_edge_cases.py::test_deactivate_assigned_role_documents_behavior PASSED [ 22%]
tests/admin_portal/user_roles/test_user_roles_edge_cases.py::test_data_persists_after_logout_relogin XPASS [ 24%]
tests/admin_portal/user_roles/test_user_roles_edge_cases.py::test_priority_zero_documents_behavior PASSED [ 25%]
tests/admin_portal/user_roles/test_user_roles_edge_cases.py::test_duplicate_priority_documents_behavior PASSED [ 27%]
tests/admin_portal/user_roles/test_user_roles_edge_cases.py::test_deactivate_label_correct_terminology PASSED [ 28%]
tests/admin_portal/user_roles/test_user_roles_edge_cases.py::test_predefined_name_edit_guard SKIPPED [ 30%]
tests/admin_portal/user_roles/test_user_roles_edit.py::test_user_roles_edit_form_opens PASSED [ 31%]
tests/admin_portal/user_roles/test_user_roles_edit.py::test_edit_role_name_persists XPASS [ 32%]
tests/admin_portal/user_roles/test_user_roles_edit.py::test_edit_role_priority_persists XPASS [ 34%]
tests/admin_portal/user_roles/test_user_roles_edit.py::test_activate_inactive_role 2026-07-27 09:02:07,189 ERROR nxtwash: Test FAILED: tests/admin_portal/user_roles/test_user_roles_edit.py::test_activate_inactive_role (url: https://staging.nxtwash.com/users/userRoles)

-------------------------------- live log call ---------------------------------
ERROR    nxtwash:conftest.py:241 Test FAILED: tests/admin_portal/user_roles/test_user_roles_edit.py::test_activate_inactive_role (url: https://staging.nxtwash.com/users/userRoles)
2026-07-27 09:02:07,796 ERROR nxtwash: Visible page text at failure:
User roles
Filter by (1)
+ Add user role
User role name
Role Type
Created date
Status
No records available
Page
of
0
Results per page
100
Showing 0 - 0 of 0
ERROR    nxtwash:conftest.py:256 Visible page text at failure:
User roles
Filter by (1)
+ Add user role
User role name
Role Type
Created date
Status
No records available
Page
of
0
Results per page
100
Showing 0 - 0 of 0
FAILED                                                                   [ 35%]
tests/admin_portal/user_roles/test_user_roles_edit.py::test_deactivate_active_role PASSED [ 37%]
tests/admin_portal/user_roles/test_user_roles_edit.py::test_edit_role_cancel_discards PASSED [ 38%]
------------------------------ live log teardown -------------------------------
WARNING  nxtwash:user_roles_page.py:404 Role save did not navigate away. Page message: user roles
add new user role
cancel
save
user role name
priority order
active user role
assign to locations
i
vk al31
vk zt c6d556
vk al30
vk al29
vk zt 9e7bdf
vk al28
vk al27
vk zt 4e248f
vk al26
vk zt 8f811b
vk al25
vk al24
vk zt 46d34b
vk al23
vk zt c4a124
vk zt d4ccd8
vk zt 71c6f6
vk zt 9eaa54
vk zt ae9b9c
test 12
vk al22
vk al21
vk al20
vk zt c26508
vk al19
vk al18
vk zt c54675
vk al17
vk al16
vk zt 2b4279
vk al15
vk al14
vk zt 146465
vk al13
vk al12
vk al11
vk al10
vk al09
vk al08
vk al01
vkauto1
vk al07
vk al06
vk al05
vk al04
vk al03
vk al02
test123 udpated
vk test carwash 2
vk test wa

tests/admin_portal/user_roles/test_user_roles_edit.py::test_edit_role_name_required PASSED [ 40%]
tests/admin_portal/user_roles/test_user_roles_export.py::test_user_roles_export_button_clickable XFAIL [ 41%]
tests/admin_portal/user_roles/test_user_roles_filter.py::test_user_roles_filter_panel_opens PASSED [ 42%]
tests/admin_portal/user_roles/test_user_roles_filter.py::test_user_roles_filter_active_shows_active_only PASSED [ 44%]
tests/admin_portal/user_roles/test_user_roles_filter.py::test_user_roles_filter_off_shows_all PASSED [ 45%]
tests/admin_portal/user_roles/test_user_roles_filter.py::test_user_roles_filter_by_site PASSED [ 47%]
tests/admin_portal/user_roles/test_user_roles_filter.py::test_user_roles_filter_combined_site_and_active PASSED [ 48%]
tests/admin_portal/user_roles/test_user_roles_filter.py::test_user_roles_filter_count_matches_rows XPASS [ 50%]
tests/admin_portal/user_roles/test_user_roles_filter.py::test_user_roles_site_filter_alphabetical XFAIL [ 51%]
tests/admin_portal/user_roles/test_user_roles_filter.py::test_user_roles_reset_all_clears_filters PASSED [ 52%]
tests/admin_portal/user_roles/test_user_roles_list.py::test_user_roles_list_page_loads PASSED [ 54%]
tests/admin_portal/user_roles/test_user_roles_list.py::test_user_roles_list_required_columns PASSED [ 55%]
tests/admin_portal/user_roles/test_user_roles_list.py::test_user_roles_default_roles_present PASSED [ 57%]
tests/admin_portal/user_roles/test_user_roles_list.py::test_user_roles_pagination_count PASSED [ 58%]
tests/admin_portal/user_roles/test_user_roles_list.py::test_user_roles_rows_per_page_changes_display XFAIL [ 60%]
tests/admin_portal/user_roles/test_user_roles_locations.py::test_assign_single_location_persists XPASS [ 61%]
tests/admin_portal/user_roles/test_user_roles_locations.py::test_assign_multiple_locations_persist XPASS [ 62%]
tests/admin_portal/user_roles/test_user_roles_locations.py::test_location_list_includes_configured_sites XFAIL [ 64%]
tests/admin_portal/user_roles/test_user_roles_locations.py::test_remove_location_persists XPASS [ 65%]
tests/admin_portal/user_roles/test_user_roles_permissions.py::test_permission_sections_collapsed_by_default XFAIL [ 67%]
tests/admin_portal/user_roles/test_user_roles_permissions.py::test_expand_permission_section_reveals_toggles XFAIL [ 68%]
tests/admin_portal/user_roles/test_user_roles_permissions.py::test_parent_toggle_on_enables_all_children XFAIL [ 70%]
tests/admin_portal/user_roles/test_user_roles_permissions.py::test_parent_toggle_off_disables_all_children XFAIL [ 71%]
tests/admin_portal/user_roles/test_user_roles_permissions.py::test_child_toggle_independent XFAIL [ 72%]
tests/admin_portal/user_roles/test_user_roles_permissions.py::test_permissions_persist_after_save XFAIL [ 74%]
tests/admin_portal/user_roles/test_user_roles_permissions.py::test_all_permissions_off_saves_ok XPASS [ 75%]
tests/admin_portal/user_roles/test_user_roles_search.py::test_user_roles_search_exact_name PASSED [ 77%]
tests/admin_portal/user_roles/test_user_roles_search.py::test_user_roles_search_partial_name XPASS [ 78%]
tests/admin_portal/user_roles/test_user_roles_search.py::test_user_roles_search_nonexistent_shows_empty PASSED [ 80%]
tests/admin_portal/user_roles/test_user_roles_search.py::test_user_roles_clear_search_restores_list PASSED [ 81%]
tests/admin_portal/user_roles/test_user_roles_section_permissions.py::test_section_permissions_persist_after_save[Sites] XFAIL [ 82%]
tests/admin_portal/user_roles/test_user_roles_section_permissions.py::test_section_permissions_persist_after_save[Services] XFAIL [ 84%]
tests/admin_portal/user_roles/test_user_roles_section_permissions.py::test_section_permissions_persist_after_save[Customers] XFAIL [ 85%]
tests/admin_portal/user_roles/test_user_roles_section_permissions.py::test_section_permissions_persist_after_save[Users] XFAIL [ 87%]
tests/admin_portal/user_roles/test_user_roles_section_permissions.py::test_section_permissions_persist_after_save[Employees] XFAIL [ 88%]
tests/admin_portal/user_roles/test_user_roles_section_permissions.py::test_section_permissions_persist_after_save[User_Roles] XFAIL [ 90%]
tests/admin_portal/user_roles/test_user_roles_section_permissions.py::test_section_permissions_persist_after_save[Kiosk_Settings] XFAIL [ 91%]
tests/admin_portal/user_roles/test_user_roles_section_permissions.py::test_section_permissions_persist_after_save[Kiosk_App] XFAIL [ 92%]
tests/admin_portal/user_roles/test_user_roles_section_permissions.py::test_section_permissions_persist_after_save[POS_Settings] XFAIL [ 94%]
tests/admin_portal/user_roles/test_user_roles_section_permissions.py::test_section_permissions_persist_after_save[POS_App] XFAIL [ 95%]
tests/admin_portal/user_roles/test_user_roles_section_permissions.py::test_section_permissions_persist_after_save[Tunnel_Settings] XFAIL [ 97%]
tests/admin_portal/user_roles/test_user_roles_section_permissions.py::test_section_permissions_persist_after_save[Gas_Pump_Settings] XFAIL [ 98%]
tests/admin_portal/user_roles/test_user_roles_section_permissions.py::test_section_permissions_persist_after_save[Reports] XFAIL [100%]

=================================== FAILURES ===================================
E   selenium.common.exceptions.TimeoutException: Message: 
    Stacktrace:
    0   chromedriver                        0x00000001029f9a84 cxxbridge1$str$ptr + 3195292
    1   chromedriver                        0x00000001029f1b4c cxxbridge1$str$ptr + 3162724
    2   chromedriver                        0x000000010249b2a4 _RNvCs9NA52FrZ4pF_7___rustc35___rust_no_alloc_shim_is_unstable_v2 + 73836
    3   chromedriver                        0x00000001024e3a44 _RNvCs9NA52FrZ4pF_7___rustc35___rust_no_alloc_shim_is_unstable_v2 + 370700
    4   chromedriver                        0x0000000102523030 _RNvCs9NA52FrZ4pF_7___rustc35___rust_no_alloc_shim_is_unstable_v2 + 630264
    5   chromedriver                        0x00000001024d9434 _RNvCs9NA52FrZ4pF_7___rustc35___rust_no_alloc_shim_is_unstable_v2 + 328188
    6   chromedriver                        0x00000001029b6c40 cxxbridge1$str$ptr + 2921304
    7   chromedriver                        0x00000001029ba3b8 cxxbridge1$str$ptr + 2935504
    8   chromedriver                        0x000000010299d0f8 cxxbridge1$str$ptr + 2816016
    9   chromedriver                        0x00000001029bac4c cxxbridge1$str$ptr + 2937700
    10  chromedriver                        0x000000010298e3b0 cxxbridge1$str$ptr + 2755272
    11  chromedriver                        0x00000001029e01f4 cxxbridge1$str$ptr + 3090700
    12  chromedriver                        0x00000001029e0354 cxxbridge1$str$ptr + 3091052
    13  chromedriver                        0x00000001029f17a4 cxxbridge1$str$ptr + 3161788
    14  libsystem_pthread.dylib             0x0000000199325c08 _pthread_start + 136
    15  libsystem_pthread.dylib             0x0000000199320ba8 thread_start + 8
/Users/vk/Documents/NxtWash Automation/nxtwash-automation/venv/lib/python3.11/site-packages/selenium/webdriver/support/wait.py:121: selenium.common.exceptions.TimeoutException: Message:
=========================== short test summary info ============================
FAILED tests/admin_portal/user_roles/test_user_roles_edit.py::test_activate_inactive_role
= 1 failed, 35 passed, 2 skipped, 23 xfailed, 9 xpassed in 2496.91s (0:41:36) ==
