2026-07-27 04:06:38,256 INFO nxtwash: Test run starting against 'staging' environment
============================= test session starts ==============================
collected 44 items

tests/admin_portal/login/test_login.py::test_admin_login PASSED          [  2%]
tests/admin_portal/login/test_login_negative.py::test_login_invalid_email_valid_password_does_not_authenticate PASSED [  4%]
tests/admin_portal/login/test_login_negative.py::test_login_valid_email_invalid_password_does_not_authenticate PASSED [  6%]
tests/admin_portal/login/test_login_negative.py::test_login_invalid_email_invalid_password_does_not_authenticate PASSED [  9%]
tests/admin_portal/login/test_login_password.py::test_password_is_masked_by_default PASSED [ 11%]
tests/admin_portal/login/test_login_password.py::test_password_visibility_toggle_shows_password XFAIL [ 13%]
tests/admin_portal/login/test_login_password.py::test_password_visibility_toggle_hides_password_again PASSED [ 15%]
tests/admin_portal/login/test_login_password.py::test_very_long_password_does_not_break_login_ui PASSED [ 18%]
tests/admin_portal/login/test_login_positive.py::test_login_with_valid_credentials PASSED [ 20%]
tests/admin_portal/login/test_login_positive.py::test_login_using_enter_key PASSED [ 22%]
tests/admin_portal/login/test_login_positive.py::test_session_persists_after_refresh PASSED [ 25%]
tests/admin_portal/login/test_login_positive.py::test_authenticated_user_cannot_access_login_page PASSED [ 27%]
tests/admin_portal/login/test_login_positive.py::test_login_with_email_leading_space XFAIL [ 29%]
tests/admin_portal/login/test_login_positive.py::test_login_with_email_trailing_space PASSED [ 31%]
tests/admin_portal/login/test_login_positive.py::test_login_with_email_case_variation PASSED [ 34%]
tests/admin_portal/login/test_login_positive.py::test_session_remains_active_in_new_tab PASSED [ 36%]
tests/admin_portal/login/test_login_security_smoke.py::test_login_security_payloads_do_not_authenticate[' OR 1=1 ---password] PASSED [ 38%]
tests/admin_portal/login/test_login_security_smoke.py::test_login_security_payloads_do_not_authenticate[admin@example.com-' OR 1=1 --] PASSED [ 40%]
tests/admin_portal/login/test_login_security_smoke.py::test_login_security_payloads_do_not_authenticate[<script>alert(1)</script>-password] PASSED [ 43%]
tests/admin_portal/login/test_login_security_smoke.py::test_login_security_payloads_do_not_authenticate[admin@example.com-<script>alert(1)</script>] PASSED [ 45%]
tests/admin_portal/login/test_login_session.py::test_direct_protected_url_without_login_redirects_to_login PASSED [ 47%]
tests/admin_portal/login/test_login_ui.py::test_login_page_loads PASSED  [ 50%]
tests/admin_portal/login/test_login_ui.py::test_login_page_url_is_correct PASSED [ 52%]
tests/admin_portal/login/test_login_ui.py::test_login_logo_is_available SKIPPED [ 54%]
tests/admin_portal/login/test_login_ui.py::test_login_fields_and_button_are_visible PASSED [ 56%]
tests/admin_portal/login/test_login_ui.py::test_password_visibility_icon_is_displayed PASSED [ 59%]
tests/admin_portal/login/test_login_ui.py::test_login_field_labels_are_displayed PASSED [ 61%]
tests/admin_portal/login/test_login_ui.py::test_login_footer_is_displayed PASSED [ 63%]
tests/admin_portal/login/test_login_ui.py::test_login_browser_title PASSED [ 65%]
tests/admin_portal/login/test_login_ui.py::test_login_layout_renders_after_refresh SKIPPED [ 68%]
tests/admin_portal/login/test_login_ui.py::test_login_tab_order_email_password_login_button PASSED [ 70%]
tests/admin_portal/login/test_login_validation.py::test_login_validation_both_fields_empty PASSED [ 72%]
tests/admin_portal/login/test_login_validation.py::test_login_validation_email_empty PASSED [ 75%]
tests/admin_portal/login/test_login_validation.py::test_login_validation_password_empty PASSED [ 77%]
tests/admin_portal/login/test_login_validation.py::test_login_validation_email_spaces_only PASSED [ 79%]
tests/admin_portal/login/test_login_validation.py::test_login_validation_password_spaces_only PASSED [ 81%]
tests/admin_portal/login/test_login_validation.py::test_login_validation_invalid_email_formats[abc] PASSED [ 84%]
tests/admin_portal/login/test_login_validation.py::test_login_validation_invalid_email_formats[abc@] PASSED [ 86%]
tests/admin_portal/login/test_login_validation.py::test_login_validation_invalid_email_formats[@gmail.com] PASSED [ 88%]
tests/admin_portal/login/test_login_validation.py::test_login_validation_invalid_email_formats[abc@gmail] PASSED [ 90%]
tests/admin_portal/login/test_login_validation.py::test_login_validation_invalid_email_formats[abc.gmail.com] PASSED [ 93%]
tests/admin_portal/login/test_login_validation.py::test_login_validation_invalid_email_formats[abc@@gmail.com] PASSED [ 95%]
tests/admin_portal/login/test_login_validation.py::test_login_validation_invalid_email_formats[abc @gmail.com] PASSED [ 97%]
tests/admin_portal/login/test_login_validation.py::test_login_validation_maximum_email_length_does_not_break_ui PASSED [100%]

============= 40 passed, 2 skipped, 2 xfailed in 336.48s (0:05:36) =============
