2026-07-27 04:33:01,527 INFO nxtwash: Test run starting against 'staging' environment
============================= test session starts ==============================
collected 44 items

tests/admin_portal/tunnel_settings/test_tunnel_active.py::test_active_configuration_toggle_saves[TUN-ACT-001] XFAIL [  2%]
tests/admin_portal/tunnel_settings/test_tunnel_active.py::test_active_configuration_toggle_saves[TUN-ACT-002] XFAIL [  4%]
tests/admin_portal/tunnel_settings/test_tunnel_active.py::test_status_badge_color_reflects_state XFAIL [  6%]
tests/admin_portal/tunnel_settings/test_tunnel_behavior.py::test_behavior_radio_mutual_exclusivity XPASS [  9%]
tests/admin_portal/tunnel_settings/test_tunnel_behavior.py::test_behavior_default_sequence_stacking XPASS [ 11%]
tests/admin_portal/tunnel_settings/test_tunnel_behavior.py::test_behavior_radio_persists XFAIL [ 13%]
tests/admin_portal/tunnel_settings/test_tunnel_create.py::test_add_tunnel_button_opens_form PASSED [ 15%]
tests/admin_portal/tunnel_settings/test_tunnel_create.py::test_required_fields_marked_with_asterisk XFAIL [ 18%]
tests/admin_portal/tunnel_settings/test_tunnel_create.py::test_create_tunnel_full_save XPASS [ 20%]
tests/admin_portal/tunnel_settings/test_tunnel_create.py::test_new_tunnel_appears_immediately XPASS [ 22%]
tests/admin_portal/tunnel_settings/test_tunnel_create.py::test_site_dropdown_lists_active_sites XFAIL [ 25%]
tests/admin_portal/tunnel_settings/test_tunnel_create.py::test_behavior_defaults_to_sequence_stacking XPASS [ 27%]
tests/admin_portal/tunnel_settings/test_tunnel_create.py::test_three_sections_present_on_create_form XPASS [ 29%]
tests/admin_portal/tunnel_settings/test_tunnel_create.py::test_cancel_discards_form_returns_to_list XPASS [ 31%]
tests/admin_portal/tunnel_settings/test_tunnel_create.py::test_create_tunnel_required_fields_only XPASS [ 34%]
tests/admin_portal/tunnel_settings/test_tunnel_create.py::test_required_field_validation[TUN-VAL-001] PASSED [ 36%]
tests/admin_portal/tunnel_settings/test_tunnel_create.py::test_required_field_validation[TUN-VAL-002] PASSED [ 38%]
tests/admin_portal/tunnel_settings/test_tunnel_create.py::test_required_field_validation[TUN-VAL-003] PASSED [ 40%]
tests/admin_portal/tunnel_settings/test_tunnel_retract_settings.py::test_retract_row_lifecycle XFAIL [ 43%]
tests/admin_portal/tunnel_settings/test_tunnel_retract_settings.py::test_multiple_retract_rows_added XFAIL [ 45%]
tests/admin_portal/tunnel_settings/test_tunnel_retract_settings.py::test_retract_row_numbering_reflects_order XFAIL [ 47%]
tests/admin_portal/tunnel_settings/test_tunnel_settings_section.py::test_tunnel_settings_section_expand_collapse XFAIL [ 50%]
tests/admin_portal/tunnel_settings/test_tunnel_settings_section.py::test_tunnel_operational_toggle_persists[TUN-TSN-002] XFAIL [ 52%]
tests/admin_portal/tunnel_settings/test_tunnel_settings_section.py::test_tunnel_operational_toggle_persists[TUN-TSN-003] XFAIL [ 54%]
tests/admin_portal/tunnel_settings/test_tunnel_settings_section.py::test_controller_id_dropdown_lists_options XFAIL [ 56%]
tests/admin_portal/tunnel_settings/test_tunnel_settings_section.py::test_controller_id_selection_persists XFAIL [ 59%]
tests/admin_portal/tunnel_settings/test_tunnel_settings_section.py::test_controller_id_label_spelled_correctly XFAIL [ 61%]
tests/admin_portal/tunnel_settings/test_tunnel_toggles.py::test_toggle_defaults_on_create_form[Auto-send] XPASS [ 63%]
tests/admin_portal/tunnel_settings/test_tunnel_toggles.py::test_toggle_defaults_on_create_form[MOXA-auto-send] XPASS [ 65%]
tests/admin_portal/tunnel_settings/test_tunnel_toggles.py::test_toggle_defaults_on_create_form[Skip-prompt-on-send-car] XPASS [ 68%]
tests/admin_portal/tunnel_settings/test_tunnel_toggles.py::test_toggle_defaults_on_create_form[Show-car-count] XPASS [ 70%]
tests/admin_portal/tunnel_settings/test_tunnel_toggles.py::test_toggle_defaults_on_create_form[Prompt-RFID-entry] XPASS [ 72%]
tests/admin_portal/tunnel_settings/test_tunnel_toggles.py::test_toggle_defaults_on_create_form[Automatic-Car-Selection] XPASS [ 75%]
tests/admin_portal/tunnel_settings/test_tunnel_toggles.py::test_toggle_defaults_on_create_form[Skip-retract-confirmation-dialog] XPASS [ 77%]
tests/admin_portal/tunnel_settings/test_tunnel_toggles.py::test_toggle_defaults_on_create_form[Active-tunnel-configuration] XPASS [ 79%]
tests/admin_portal/tunnel_settings/test_tunnel_toggles.py::test_toggle_saves_and_persists[TUN-TGL-001] XFAIL [ 81%]
tests/admin_portal/tunnel_settings/test_tunnel_toggles.py::test_toggle_saves_and_persists[TUN-TGL-002] XFAIL [ 84%]
tests/admin_portal/tunnel_settings/test_tunnel_toggles.py::test_toggle_saves_and_persists[TUN-TGL-003] XFAIL [ 86%]
tests/admin_portal/tunnel_settings/test_tunnel_toggles.py::test_toggle_saves_and_persists[TUN-TGL-004] XFAIL [ 88%]
tests/admin_portal/tunnel_settings/test_tunnel_toggles.py::test_toggle_saves_and_persists[TUN-TGL-005] XFAIL [ 90%]
tests/admin_portal/tunnel_settings/test_tunnel_toggles.py::test_toggle_saves_and_persists[TUN-TGL-006] XFAIL [ 93%]
tests/admin_portal/tunnel_settings/test_tunnel_toggles.py::test_toggle_saves_and_persists[TUN-TGL-007] XFAIL [ 95%]
tests/admin_portal/tunnel_settings/test_tunnel_toggles.py::test_toggle_saves_and_persists[TUN-TGL-008] XFAIL [ 97%]
tests/admin_portal/tunnel_settings/test_tunnel_toggles.py::test_toggle_states_reflected_on_reopen XFAIL [100%]

============ 4 passed, 24 xfailed, 16 xpassed in 2990.20s (0:49:50) ============
