2026-07-27 04:58:36,861 INFO nxtwash: Test run starting against 'staging' environment
============================= test session starts ==============================
collected 79 items

tests/admin_portal/wash_extras/test_wash_extras_dependency.py::test_active_wash_extra_visible_at_pos SKIPPED [  1%]
tests/admin_portal/wash_extras/test_wash_extras_dependency.py::test_deactivated_wash_extra_removed_from_pos SKIPPED [  2%]
tests/admin_portal/wash_extras/test_wash_extras_dependency.py::test_deactivated_discount_not_applied_on_wash_extra SKIPPED [  3%]
tests/admin_portal/wash_extras/test_wash_extras_dependency.py::test_open_price_toggle_enabled_saves SKIPPED [  5%]
tests/admin_portal/wash_extras/test_wash_extras_dependency.py::test_description_shows_on_ecommerce_site SKIPPED [  6%]
tests/admin_portal/wash_extras/test_wash_extras_dependency.py::test_controller_code_saves SKIPPED [  7%]
tests/admin_portal/wash_extras/test_wash_extras_dependency.py::test_duplicate_controller_code_rejected SKIPPED [  8%]
tests/admin_portal/wash_extras/test_wash_extras_discount.py::test_assign_single_discount_persists 2026-07-27 04:59:54,744 ERROR nxtwash: Test FAILED: tests/admin_portal/wash_extras/test_wash_extras_discount.py::test_assign_single_discount_persists (url: https://staging.nxtwash.com/services/washExtras/edit/30762)

-------------------------------- live log call ---------------------------------
ERROR    nxtwash:conftest.py:241 Test FAILED: tests/admin_portal/wash_extras/test_wash_extras_discount.py::test_assign_single_discount_persists (url: https://staging.nxtwash.com/services/washExtras/edit/30762)
2026-07-27 04:59:55,728 ERROR nxtwash: Visible page text at failure:
Wash extras
Edit wash extra
Cancel
Save wash extra
Service settings
Discount settings
Service name
Barcode
Loyalty points
Points awarded
Points to redeem
Service description
Force receipt printing
Active service
Open price
Global price
Global commission
Assign to
Controller code
Location price
Exempt tax
State sales tax rate
City sales tax rate
Commission
No records available
ERROR    nxtwash:conftest.py:256 Visible page text at failure:
Wash extras
Edit wash extra
Cancel
Save wash extra
Service settings
Discount settings
Service name
Barcode
Loyalty points
Points awarded
Points to redeem
Service description
Force receipt printing
Active service
Open price
Global price
Global commission
Assign to
Controller code
Location price
Exempt tax
State sales tax rate
City sales tax rate
Commission
No records available
FAILED                                                                   [ 10%]
tests/admin_portal/wash_extras/test_wash_extras_discount.py::test_assign_multiple_discounts_persist 2026-07-27 05:01:16,878 ERROR nxtwash: Test FAILED: tests/admin_portal/wash_extras/test_wash_extras_discount.py::test_assign_multiple_discounts_persist (url: https://staging.nxtwash.com/services/washExtras/edit/30762)

-------------------------------- live log call ---------------------------------
ERROR    nxtwash:conftest.py:241 Test FAILED: tests/admin_portal/wash_extras/test_wash_extras_discount.py::test_assign_multiple_discounts_persist (url: https://staging.nxtwash.com/services/washExtras/edit/30762)
2026-07-27 05:01:17,495 ERROR nxtwash: Visible page text at failure:
Wash extras
Edit wash extra
Cancel
Save wash extra
Service settings
Discount settings
Applicable discounts
Discounts applied to this service
Select discounts
VK PD03
VK AD03
AUTOTEST Discount
AUTOTEST Discount RENAMED
VK EC 100 Pct
VK EC Exp Today
VK EC Future Start
VK EC Zero Pct
VK PD02
AUTOTEST Pct Discount
VK CMB004
VK CMB002
VK AD02
VK AD01
Basic Discount
Plus discount
ERROR    nxtwash:conftest.py:256 Visible page text at failure:
Wash extras
Edit wash extra
Cancel
Save wash extra
Service settings
Discount settings
Applicable discounts
Discounts applied to this service
Select discounts
VK PD03
VK AD03
AUTOTEST Discount
AUTOTEST Discount RENAMED
VK EC 100 Pct
VK EC Exp Today
VK EC Future Start
VK EC Zero Pct
VK PD02
AUTOTEST Pct Discount
VK CMB004
VK CMB002
VK AD02
VK AD01
Basic Discount
Plus discount
FAILED                                                                   [ 11%]
tests/admin_portal/wash_extras/test_wash_extras_discount.py::test_remove_assigned_discount_persists PASSED [ 12%]
tests/admin_portal/wash_extras/test_wash_extras_discount.py::test_save_wash_extra_without_discount PASSED [ 13%]
tests/admin_portal/wash_extras/test_wash_extras_discount.py::test_only_active_discounts_appear_in_dropdown PASSED [ 15%]
tests/admin_portal/wash_extras/test_wash_extras_edge_cases.py::test_wash_extra_create_is_idempotent PASSED [ 16%]
tests/admin_portal/wash_extras/test_wash_extras_edge_cases.py::test_wash_extra_long_name_does_not_break_form PASSED [ 17%]
tests/admin_portal/wash_extras/test_wash_extras_edge_cases.py::test_zero_loyalty_points_accepted PASSED [ 18%]
tests/admin_portal/wash_extras/test_wash_extras_edge_cases.py::test_info_tooltip_visible_for_points_awarded PASSED [ 20%]
tests/admin_portal/wash_extras/test_wash_extras_edge_cases.py::test_info_tooltip_visible_for_points_to_redeem PASSED [ 21%]
tests/admin_portal/wash_extras/test_wash_extras_edit.py::test_edit_wash_extra_updates_name_prices_and_discount PASSED [ 22%]
tests/admin_portal/wash_extras/test_wash_extras_edit.py::test_edit_wash_extra_values_persist XPASS [ 24%]
tests/admin_portal/wash_extras/test_wash_extras_edit.py::test_edit_wash_extra_global_commission_persists PASSED [ 25%]
tests/admin_portal/wash_extras/test_wash_extras_edit.py::test_edit_wash_extra_loyalty_points_persist SKIPPED [ 26%]
tests/admin_portal/wash_extras/test_wash_extras_edit.py::test_edit_wash_extra_assigned_sites_persist PASSED [ 27%]
tests/admin_portal/wash_extras/test_wash_extras_edit.py::test_edit_wash_extra_discount_configuration_persists 2026-07-27 05:10:46,529 ERROR nxtwash: Test FAILED: tests/admin_portal/wash_extras/test_wash_extras_edit.py::test_edit_wash_extra_discount_configuration_persists (url: https://staging.nxtwash.com/services/washExtras/edit/30763)

-------------------------------- live log call ---------------------------------
ERROR    nxtwash:conftest.py:241 Test FAILED: tests/admin_portal/wash_extras/test_wash_extras_edit.py::test_edit_wash_extra_discount_configuration_persists (url: https://staging.nxtwash.com/services/washExtras/edit/30763)
2026-07-27 05:10:47,322 ERROR nxtwash: Visible page text at failure:
Wash extras
Edit wash extra
Cancel
Save wash extra
Service settings
Discount settings
Applicable discounts
Discounts applied to this service
ERROR    nxtwash:conftest.py:256 Visible page text at failure:
Wash extras
Edit wash extra
Cancel
Save wash extra
Service settings
Discount settings
Applicable discounts
Discounts applied to this service
FAILED                                                                   [ 29%]
tests/admin_portal/wash_extras/test_wash_extras_edit.py::test_activate_wash_extra PASSED [ 30%]
tests/admin_portal/wash_extras/test_wash_extras_edit.py::test_deactivate_wash_extra PASSED [ 31%]
tests/admin_portal/wash_extras/test_wash_extras_loyalty.py::test_valid_points_awarded_saves SKIPPED [ 32%]
tests/admin_portal/wash_extras/test_wash_extras_loyalty.py::test_valid_points_to_redeem_saves SKIPPED [ 34%]
tests/admin_portal/wash_extras/test_wash_extras_loyalty.py::test_zero_points_awarded_accepted PASSED [ 35%]
tests/admin_portal/wash_extras/test_wash_extras_loyalty.py::test_negative_loyalty_points_rejected PASSED [ 36%]
tests/admin_portal/wash_extras/test_wash_extras_loyalty.py::test_save_without_loyalty_points PASSED [ 37%]
tests/admin_portal/wash_extras/test_wash_extras_loyalty.py::test_info_tooltip_visible_for_points_awarded PASSED [ 39%]
tests/admin_portal/wash_extras/test_wash_extras_loyalty.py::test_info_tooltip_visible_for_points_to_redeem PASSED [ 40%]
tests/admin_portal/wash_extras/test_wash_extras_negative.py::test_wash_extras_search_payloads_do_not_break_grid PASSED [ 41%]
tests/admin_portal/wash_extras/test_wash_extras_negative.py::test_duplicate_wash_extra_name_is_blocked PASSED [ 43%]
tests/admin_portal/wash_extras/test_wash_extras_negative.py::test_whitespace_only_service_name_is_rejected PASSED [ 44%]
tests/admin_portal/wash_extras/test_wash_extras_negative.py::test_negative_global_price_is_rejected PASSED [ 45%]
tests/admin_portal/wash_extras/test_wash_extras_negative.py::test_negative_global_commission_is_rejected PASSED [ 46%]
tests/admin_portal/wash_extras/test_wash_extras_negative.py::test_duplicate_barcode_is_rejected SKIPPED [ 48%]
tests/admin_portal/wash_extras/test_wash_extras_positive.py::test_create_wash_extra PASSED [ 49%]
tests/admin_portal/wash_extras/test_wash_extras_positive.py::test_wash_extra_settings_persist PASSED [ 50%]
tests/admin_portal/wash_extras/test_wash_extras_positive.py::test_create_inactive_wash_extra PASSED [ 51%]
tests/admin_portal/wash_extras/test_wash_extras_positive.py::test_wash_extra_decimal_price_accepted PASSED [ 53%]
tests/admin_portal/wash_extras/test_wash_extras_positive.py::test_wash_extra_valid_commission_saves PASSED [ 54%]
tests/admin_portal/wash_extras/test_wash_extras_positive.py::test_wash_extra_save_without_commission_succeeds PASSED [ 55%]
tests/admin_portal/wash_extras/test_wash_extras_positive.py::test_wash_extra_save_without_barcode_succeeds PASSED [ 56%]
tests/admin_portal/wash_extras/test_wash_extras_positive.py::test_wash_extra_save_without_description_succeeds PASSED [ 58%]
tests/admin_portal/wash_extras/test_wash_extras_positive.py::test_open_price_toggle_is_off_by_default PASSED [ 59%]
tests/admin_portal/wash_extras/test_wash_extras_search_filter.py::test_wash_extras_existing_search PASSED [ 60%]
tests/admin_portal/wash_extras/test_wash_extras_search_filter.py::test_wash_extras_partial_search_returns_matches PASSED [ 62%]
tests/admin_portal/wash_extras/test_wash_extras_search_filter.py::test_wash_extras_missing_search PASSED [ 63%]
tests/admin_portal/wash_extras/test_wash_extras_search_filter.py::test_wash_extras_clear_search_restores_list PASSED [ 64%]
tests/admin_portal/wash_extras/test_wash_extras_search_filter.py::test_wash_extras_filter_by_site_narrows_results PASSED [ 65%]
tests/admin_portal/wash_extras/test_wash_extras_search_filter.py::test_wash_extras_filter_active_returns_active_only PASSED [ 67%]
tests/admin_portal/wash_extras/test_wash_extras_search_filter.py::test_wash_extras_filter_active_toggle_off_shows_all PASSED [ 68%]
tests/admin_portal/wash_extras/test_wash_extras_search_filter.py::test_wash_extras_filter_site_and_active_combined PASSED [ 69%]
tests/admin_portal/wash_extras/test_wash_extras_search_filter.py::test_wash_extras_filter_reset_all_restores_list PASSED [ 70%]
tests/admin_portal/wash_extras/test_wash_extras_site_assignment.py::test_assign_single_site_persists PASSED [ 72%]
tests/admin_portal/wash_extras/test_wash_extras_site_assignment.py::test_assign_multiple_sites_persists 2026-07-27 05:26:21,865 ERROR nxtwash: Test FAILED: tests/admin_portal/wash_extras/test_wash_extras_site_assignment.py::test_assign_multiple_sites_persists (url: https://staging.nxtwash.com/services/washExtras/edit/30763)

-------------------------------- live log call ---------------------------------
ERROR    nxtwash:conftest.py:241 Test FAILED: tests/admin_portal/wash_extras/test_wash_extras_site_assignment.py::test_assign_multiple_sites_persists (url: https://staging.nxtwash.com/services/washExtras/edit/30763)
2026-07-27 05:26:22,733 ERROR nxtwash: Visible page text at failure:
Wash extras
Edit wash extra
Cancel
Save wash extra
Service settings
Discount settings
Service name
Barcode
Loyalty points
Points awarded
Points to redeem
Service description
Force receipt printing
Active service
Open price
Global price
Global commission
Assign to
Controller code
Location price
Exempt tax
State sales tax rate
City sales tax rate
Commission
VK AL29
Los angeles
5%
3%
VK ZT 9e7bdf
Los angeles
0%
0%
VK AL28
Los angeles
5%
3%
VK AL27
Los angeles
5%
3%
VK ZT 4e248f
Los angeles
0%
0%
VK AL26
Los angeles
5%
3%
VK ZT 8f811b
Columbia
0%
0%
VK AL25
Columbia
5%
3%
VK AL24
Columbia
5%
3%
VK ZT 46d34b
Columbia
0%
0%
VK AL23
Columbia
5%
3%
VK ZT c4a124
Columbia
0%
0%
VK ZT d4ccd8
Columbia
0%
0%
VK ZT 71c6f6
Columbia
0%
0%
ERROR    nxtwash:conftest.py:256 Visible page text at failure:
Wash extras
Edit wash extra
Cancel
Save wash extra
Service settings
Discount settings
Service name
Barcode
Loyalty points
Points awarded
Points to redeem
Service description
Force receipt printing
Active service
Open price
Global price
Global commission
Assign to
Controller code
Location price
Exempt tax
State sales tax rate
City sales tax rate
Commission
VK AL29
Los angeles
5%
3%
VK ZT 9e7bdf
Los angeles
0%
0%
VK AL28
Los angeles
5%
3%
VK AL27
Los angeles
5%
3%
VK ZT 4e248f
Los angeles
0%
0%
VK AL26
Los angeles
5%
3%
VK ZT 8f811b
Columbia
0%
0%
VK AL25
Columbia
5%
3%
VK AL24
Columbia
5%
3%
VK ZT 46d34b
Columbia
0%
0%
VK AL23
Columbia
5%
3%
VK ZT c4a124
Columbia
0%
0%
VK ZT d4ccd8
Columbia
0%
0%
VK ZT 71c6f6
Columbia
0%
0%
FAILED                                                                   [ 73%]
tests/admin_portal/wash_extras/test_wash_extras_site_assignment.py::test_assign_all_sites_via_header_checkbox SKIPPED [ 74%]
tests/admin_portal/wash_extras/test_wash_extras_site_assignment.py::test_save_wash_extra_with_no_site_assigned PASSED [ 75%]
tests/admin_portal/wash_extras/test_wash_extras_site_assignment.py::test_deselect_previously_assigned_site SKIPPED [ 77%]
tests/admin_portal/wash_extras/test_wash_extras_site_assignment.py::test_global_price_reflected_at_site_level PASSED [ 78%]
tests/admin_portal/wash_extras/test_wash_extras_site_assignment.py::test_location_price_override_persists SKIPPED [ 79%]
tests/admin_portal/wash_extras/test_wash_extras_site_assignment.py::test_negative_location_price_is_rejected PASSED [ 81%]
tests/admin_portal/wash_extras/test_wash_extras_site_assignment.py::test_enable_tax_exemption_for_site_persists SKIPPED [ 82%]
tests/admin_portal/wash_extras/test_wash_extras_site_assignment.py::test_disable_tax_exemption_for_site_persists SKIPPED [ 83%]
tests/admin_portal/wash_extras/test_wash_extras_site_assignment.py::test_state_city_tax_fields_are_read_only PASSED [ 84%]
tests/admin_portal/wash_extras/test_wash_extras_site_assignment.py::test_location_commission_override_persists SKIPPED [ 86%]
tests/admin_portal/wash_extras/test_wash_extras_site_assignment.py::test_negative_location_commission_is_rejected PASSED [ 87%]
tests/admin_portal/wash_extras/test_wash_extras_ui.py::test_wash_extras_page_loads_with_primary_controls PASSED [ 88%]
tests/admin_portal/wash_extras/test_wash_extras_ui.py::test_wash_extras_grid_columns_are_visible PASSED [ 89%]
tests/admin_portal/wash_extras/test_wash_extras_ui.py::test_wash_extras_filter_panel_shows_controls PASSED [ 91%]
tests/admin_portal/wash_extras/test_wash_extras_ui.py::test_add_wash_extra_form_loads PASSED [ 92%]
tests/admin_portal/wash_extras/test_wash_extras_ui.py::test_wash_extras_export_file_validation XFAIL [ 93%]
tests/admin_portal/wash_extras/test_wash_extras_validation.py::test_wash_extra_required_service_name_validation PASSED [ 94%]
tests/admin_portal/wash_extras/test_wash_extras_validation.py::test_wash_extra_blank_global_price_is_blocked PASSED [ 96%]
tests/admin_portal/wash_extras/test_wash_extras_validation.py::test_wash_extra_zero_price_boundary_behaviour PASSED [ 97%]
tests/admin_portal/wash_extras/test_wash_extras_validation.py::test_wash_extra_max_length_name_handled PASSED [ 98%]
tests/admin_portal/wash_extras/test_wash_extras_validation.py::test_wash_extra_invalid_numeric_values_do_not_break_form PASSED [100%]

=================================== FAILURES ===================================
E   selenium.common.exceptions.TimeoutException: Message:
/Users/vk/Documents/NxtWash Automation/nxtwash-automation/venv/lib/python3.11/site-packages/selenium/webdriver/support/wait.py:121: selenium.common.exceptions.TimeoutException: Message:
E   selenium.common.exceptions.TimeoutException: Message: 
    Stacktrace:
    0   chromedriver                        0x0000000102bb5a84 cxxbridge1$str$ptr + 3195292
    1   chromedriver                        0x0000000102badb4c cxxbridge1$str$ptr + 3162724
    2   chromedriver                        0x00000001026572a4 _RNvCs9NA52FrZ4pF_7___rustc35___rust_no_alloc_shim_is_unstable_v2 + 73836
    3   chromedriver                        0x000000010269fa44 _RNvCs9NA52FrZ4pF_7___rustc35___rust_no_alloc_shim_is_unstable_v2 + 370700
    4   chromedriver                        0x00000001026df030 _RNvCs9NA52FrZ4pF_7___rustc35___rust_no_alloc_shim_is_unstable_v2 + 630264
    5   chromedriver                        0x0000000102695434 _RNvCs9NA52FrZ4pF_7___rustc35___rust_no_alloc_shim_is_unstable_v2 + 328188
    6   chromedriver                        0x0000000102b72c40 cxxbridge1$str$ptr + 2921304
    7   chromedriver                        0x0000000102b763b8 cxxbridge1$str$ptr + 2935504
    8   chromedriver                        0x0000000102b590f8 cxxbridge1$str$ptr + 2816016
    9   chromedriver                        0x0000000102b76c4c cxxbridge1$str$ptr + 2937700
    10  chromedriver                        0x0000000102b4a3b0 cxxbridge1$str$ptr + 2755272
    11  chromedriver                        0x0000000102b9c1f4 cxxbridge1$str$ptr + 3090700
    12  chromedriver                        0x0000000102b9c354 cxxbridge1$str$ptr + 3091052
    13  chromedriver                        0x0000000102bad7a4 cxxbridge1$str$ptr + 3161788
    14  libsystem_pthread.dylib             0x0000000199325c08 _pthread_start + 136
    15  libsystem_pthread.dylib             0x0000000199320ba8 thread_start + 8
/Users/vk/Documents/NxtWash Automation/nxtwash-automation/venv/lib/python3.11/site-packages/selenium/webdriver/support/wait.py:121: selenium.common.exceptions.TimeoutException: Message:
E   AssertionError: assert False
     +  where False = discount_is_selected('Plus discount')
     +    where discount_is_selected = <pages.admin_portal.wash_extras_page.WashExtrasPage object at 0x106a69350>.discount_is_selected
/Users/vk/Documents/NxtWash Automation/nxtwash-automation/tests/admin_portal/wash_extras/test_wash_extras_edit.py:113: AssertionError: assert False
E   AssertionError: assert False
     +  where False = all_locations_are_assigned_with_price_and_commission('15', '2')
     +    where all_locations_are_assigned_with_price_and_commission = <pages.admin_portal.wash_extras_page.WashExtrasPage object at 0x121ce6ed0>.all_locations_are_assigned_with_price_and_commission
/Users/vk/Documents/NxtWash Automation/nxtwash-automation/tests/admin_portal/wash_extras/test_wash_extras_site_assignment.py:45: AssertionError: assert False
=========================== short test summary info ============================
FAILED tests/admin_portal/wash_extras/test_wash_extras_discount.py::test_assign_single_discount_persists
FAILED tests/admin_portal/wash_extras/test_wash_extras_discount.py::test_assign_multiple_discounts_persist
FAILED tests/admin_portal/wash_extras/test_wash_extras_edit.py::test_edit_wash_extra_discount_configuration_persists
FAILED tests/admin_portal/wash_extras/test_wash_extras_site_assignment.py::test_assign_multiple_sites_persists
= 4 failed, 56 passed, 17 skipped, 1 xfailed, 1 xpassed in 2113.09s (0:35:13) ==
