2026-07-27 06:39:13,598 INFO nxtwash: Test run starting against 'staging' environment
============================= test session starts ==============================
collected 66 items

tests/admin_portal/users/test_users_create.py::test_users_add_form_opens PASSED [  1%]
tests/admin_portal/users/test_users_create.py::test_create_active_user SKIPPED [  3%]
tests/admin_portal/users/test_users_create.py::test_create_inactive_user 2026-07-27 06:39:59,612 ERROR nxtwash: Test FAILED: tests/admin_portal/users/test_users_create.py::test_create_inactive_user (url: https://staging.nxtwash.com/users/users/new)

-------------------------------- live log call ---------------------------------
ERROR    nxtwash:conftest.py:241 Test FAILED: tests/admin_portal/users/test_users_create.py::test_create_inactive_user (url: https://staging.nxtwash.com/users/users/new)
2026-07-27 06:40:00,264 ERROR nxtwash: Visible page text at failure:
Users
Add new user
Cancel
Save user
User settings
Employee
No options
Password
Confirm password
Active employee
Contact info
Email
Phone number
User role
Select user role
ERROR    nxtwash:conftest.py:256 Visible page text at failure:
Users
Add new user
Cancel
Save user
User settings
Employee
No options
Password
Confirm password
Active employee
Contact info
Email
Phone number
User role
Select user role
FAILED                                                                   [  4%]
tests/admin_portal/users/test_users_create.py::test_create_user_employee_required PASSED [  6%]
tests/admin_portal/users/test_users_create.py::test_create_user_password_required 2026-07-27 06:40:56,592 ERROR nxtwash: Test FAILED: tests/admin_portal/users/test_users_create.py::test_create_user_password_required (url: https://staging.nxtwash.com/users/users/new)

-------------------------------- live log call ---------------------------------
ERROR    nxtwash:conftest.py:241 Test FAILED: tests/admin_portal/users/test_users_create.py::test_create_user_password_required (url: https://staging.nxtwash.com/users/users/new)
2026-07-27 06:40:57,221 ERROR nxtwash: Visible page text at failure:
Users
Add new user
Cancel
Save user
User settings
Employee
No options
Password
Confirm password
Active employee
Contact info
Email
Phone number
User role
Select user role
ERROR    nxtwash:conftest.py:256 Visible page text at failure:
Users
Add new user
Cancel
Save user
User settings
Employee
No options
Password
Confirm password
Active employee
Contact info
Email
Phone number
User role
Select user role
FAILED                                                                   [  7%]
tests/admin_portal/users/test_users_create.py::test_create_user_confirm_password_required 2026-07-27 06:41:29,305 ERROR nxtwash: Test FAILED: tests/admin_portal/users/test_users_create.py::test_create_user_confirm_password_required (url: https://staging.nxtwash.com/users/users/new)

-------------------------------- live log call ---------------------------------
ERROR    nxtwash:conftest.py:241 Test FAILED: tests/admin_portal/users/test_users_create.py::test_create_user_confirm_password_required (url: https://staging.nxtwash.com/users/users/new)
2026-07-27 06:41:29,913 ERROR nxtwash: Visible page text at failure:
Users
Add new user
Cancel
Save user
User settings
Employee
No options
Password
Confirm password
Active employee
Contact info
Email
Phone number
User role
Select user role
ERROR    nxtwash:conftest.py:256 Visible page text at failure:
Users
Add new user
Cancel
Save user
User settings
Employee
No options
Password
Confirm password
Active employee
Contact info
Email
Phone number
User role
Select user role
FAILED                                                                   [  9%]
tests/admin_portal/users/test_users_create.py::test_create_user_email_required 2026-07-27 06:42:20,315 ERROR nxtwash: Test FAILED: tests/admin_portal/users/test_users_create.py::test_create_user_email_required (url: https://staging.nxtwash.com/users/users/new)

-------------------------------- live log call ---------------------------------
ERROR    nxtwash:conftest.py:241 Test FAILED: tests/admin_portal/users/test_users_create.py::test_create_user_email_required (url: https://staging.nxtwash.com/users/users/new)
2026-07-27 06:42:20,987 ERROR nxtwash: Visible page text at failure:
Users
Add new user
Cancel
Save user
User settings
Employee
No options
Password
Confirm password
Active employee
Contact info
Email
Phone number
User role
Select user role
ERROR    nxtwash:conftest.py:256 Visible page text at failure:
Users
Add new user
Cancel
Save user
User settings
Employee
No options
Password
Confirm password
Active employee
Contact info
Email
Phone number
User role
Select user role
FAILED                                                                   [ 10%]
tests/admin_portal/users/test_users_create.py::test_create_user_phone_required 2026-07-27 06:42:54,340 ERROR nxtwash: Test FAILED: tests/admin_portal/users/test_users_create.py::test_create_user_phone_required (url: https://staging.nxtwash.com/users/users/new)

-------------------------------- live log call ---------------------------------
ERROR    nxtwash:conftest.py:241 Test FAILED: tests/admin_portal/users/test_users_create.py::test_create_user_phone_required (url: https://staging.nxtwash.com/users/users/new)
2026-07-27 06:42:54,954 ERROR nxtwash: Visible page text at failure:
Users
Add new user
Cancel
Save user
User settings
Employee
No options
Password
Confirm password
Active employee
Contact info
Email
Phone number
User role
Select user role
ERROR    nxtwash:conftest.py:256 Visible page text at failure:
Users
Add new user
Cancel
Save user
User settings
Employee
No options
Password
Confirm password
Active employee
Contact info
Email
Phone number
User role
Select user role
FAILED                                                                   [ 12%]
tests/admin_portal/users/test_users_create.py::test_create_user_role_required 2026-07-27 06:43:31,481 ERROR nxtwash: Test FAILED: tests/admin_portal/users/test_users_create.py::test_create_user_role_required (url: https://staging.nxtwash.com/users/users/new)

-------------------------------- live log call ---------------------------------
ERROR    nxtwash:conftest.py:241 Test FAILED: tests/admin_portal/users/test_users_create.py::test_create_user_role_required (url: https://staging.nxtwash.com/users/users/new)
2026-07-27 06:43:32,078 ERROR nxtwash: Visible page text at failure:
Users
Add new user
Cancel
Save user
User settings
Employee
No options
Password
Confirm password
Active employee
Contact info
Email
Phone number
User role
Select user role
ERROR    nxtwash:conftest.py:256 Visible page text at failure:
Users
Add new user
Cancel
Save user
User settings
Employee
No options
Password
Confirm password
Active employee
Contact info
Email
Phone number
User role
Select user role
FAILED                                                                   [ 13%]
tests/admin_portal/users/test_users_create.py::test_create_user_password_mismatch 2026-07-27 06:44:02,793 ERROR nxtwash: Test FAILED: tests/admin_portal/users/test_users_create.py::test_create_user_password_mismatch (url: https://staging.nxtwash.com/users/users/new)

-------------------------------- live log call ---------------------------------
ERROR    nxtwash:conftest.py:241 Test FAILED: tests/admin_portal/users/test_users_create.py::test_create_user_password_mismatch (url: https://staging.nxtwash.com/users/users/new)
2026-07-27 06:44:03,395 ERROR nxtwash: Visible page text at failure:
Users
Add new user
Cancel
Save user
User settings
Employee
No options
Password
Confirm password
Active employee
Contact info
Email
Phone number
User role
Select user role
ERROR    nxtwash:conftest.py:256 Visible page text at failure:
Users
Add new user
Cancel
Save user
User settings
Employee
No options
Password
Confirm password
Active employee
Contact info
Email
Phone number
User role
Select user role
FAILED                                                                   [ 15%]
tests/admin_portal/users/test_users_create.py::test_create_user_password_visibility_toggle XFAIL [ 16%]
tests/admin_portal/users/test_users_create.py::test_create_user_confirm_password_visibility_toggle XFAIL [ 18%]
tests/admin_portal/users/test_users_create.py::test_create_user_employee_dropdown_lists_employees XFAIL [ 19%]
tests/admin_portal/users/test_users_create.py::test_create_user_role_dropdown_lists_roles XFAIL [ 21%]
tests/admin_portal/users/test_users_create.py::test_create_user_invalid_email_rejected PASSED [ 22%]
tests/admin_portal/users/test_users_create.py::test_create_user_duplicate_email_rejected SKIPPED [ 24%]
tests/admin_portal/users/test_users_create.py::test_create_user_cancel_discards_form PASSED [ 25%]
tests/admin_portal/users/test_users_create.py::test_new_user_appears_immediately SKIPPED [ 27%]
tests/admin_portal/users/test_users_dependency.py::test_new_role_appears_in_users_dropdown XFAIL [ 28%]
tests/admin_portal/users/test_users_dependency.py::test_employee_dropdown_reflects_employees_module XFAIL [ 30%]
tests/admin_portal/users/test_users_dependency.py::test_filter_sites_match_sites_and_locations_module XFAIL [ 31%]
tests/admin_portal/users/test_users_edge_cases.py::test_only_active_roles_in_dropdown XFAIL [ 33%]
tests/admin_portal/users/test_users_edge_cases.py::test_only_active_employees_in_dropdown XFAIL [ 34%]
tests/admin_portal/users/test_users_edge_cases.py::test_email_whitespace_trimmed_or_rejected PASSED [ 36%]
tests/admin_portal/users/test_users_edge_cases.py::test_long_email_at_boundary PASSED [ 37%]
tests/admin_portal/users/test_users_edge_cases.py::test_user_data_persists_after_relogin SKIPPED [ 39%]
tests/admin_portal/users/test_users_edge_cases.py::test_filter_panel_accessible_for_name_email_lookup PASSED [ 40%]
tests/admin_portal/users/test_users_edit.py::test_users_edit_form_opens SKIPPED [ 42%]
tests/admin_portal/users/test_users_edit.py::test_edit_user_email_persists SKIPPED [ 43%]
tests/admin_portal/users/test_users_edit.py::test_edit_user_phone_persists SKIPPED [ 45%]
tests/admin_portal/users/test_users_edit.py::test_edit_user_role_persists SKIPPED [ 46%]
tests/admin_portal/users/test_users_edit.py::test_edit_user_employee_persists SKIPPED [ 48%]
tests/admin_portal/users/test_users_edit.py::test_activate_inactive_user SKIPPED [ 50%]
tests/admin_portal/users/test_users_edit.py::test_deactivate_active_user SKIPPED [ 51%]
tests/admin_portal/users/test_users_edit.py::test_edit_user_email_required SKIPPED [ 53%]
tests/admin_portal/users/test_users_edit.py::test_edit_user_phone_required SKIPPED [ 54%]
tests/admin_portal/users/test_users_edit.py::test_edit_user_invalid_email_blocked SKIPPED [ 56%]
tests/admin_portal/users/test_users_edit.py::test_edit_user_cancel_discards_changes SKIPPED [ 57%]
tests/admin_portal/users/test_users_edit.py::test_edit_user_no_password_fields SKIPPED [ 59%]
tests/admin_portal/users/test_users_export.py::test_users_export_button_clickable PASSED [ 60%]
tests/admin_portal/users/test_users_filter.py::test_users_filter_panel_opens PASSED [ 62%]
tests/admin_portal/users/test_users_filter.py::test_users_filter_by_first_name SKIPPED [ 63%]
tests/admin_portal/users/test_users_filter.py::test_users_filter_by_last_name SKIPPED [ 65%]
tests/admin_portal/users/test_users_filter.py::test_users_filter_by_email SKIPPED [ 66%]
tests/admin_portal/users/test_users_filter.py::test_users_filter_by_employee_code SKIPPED [ 68%]
tests/admin_portal/users/test_users_filter.py::test_users_filter_by_site SKIPPED [ 69%]
tests/admin_portal/users/test_users_filter.py::test_users_filter_active_only SKIPPED [ 71%]
tests/admin_portal/users/test_users_filter.py::test_users_filter_active_off_shows_all SKIPPED [ 72%]
tests/admin_portal/users/test_users_filter.py::test_users_filter_combined_name_and_site SKIPPED [ 74%]
tests/admin_portal/users/test_users_filter.py::test_users_filter_result_count_matches_rows SKIPPED [ 75%]
tests/admin_portal/users/test_users_filter.py::test_users_filter_reset_all SKIPPED [ 77%]
tests/admin_portal/users/test_users_filter.py::test_users_filter_site_dropdown_lists_sites XFAIL [ 78%]
tests/admin_portal/users/test_users_filter.py::test_users_filter_partial_name_matches SKIPPED [ 80%]
tests/admin_portal/users/test_users_list.py::test_users_list_page_loads PASSED [ 81%]
tests/admin_portal/users/test_users_list.py::test_users_list_required_columns PASSED [ 83%]
tests/admin_portal/users/test_users_list.py::test_users_list_pagination_count SKIPPED [ 84%]
tests/admin_portal/users/test_users_list.py::test_users_list_rows_per_page SKIPPED [ 86%]
tests/admin_portal/users/test_users_password.py::test_change_password_button_opens_flow SKIPPED [ 87%]
tests/admin_portal/users/test_users_password.py::test_change_password_matching_passwords_save SKIPPED [ 89%]
tests/admin_portal/users/test_users_password.py::test_change_password_mismatch_rejected SKIPPED [ 90%]
tests/admin_portal/users/test_users_password.py::test_change_password_blank_blocked SKIPPED [ 92%]
tests/admin_portal/users/test_users_password.py::test_change_password_visibility_toggles SKIPPED [ 93%]
tests/admin_portal/users/test_users_search.py::test_users_search_exact_phone SKIPPED [ 95%]
tests/admin_portal/users/test_users_search.py::test_users_search_partial_phone SKIPPED [ 96%]
tests/admin_portal/users/test_users_search.py::test_users_search_nonexistent_phone_shows_empty PASSED [ 98%]
tests/admin_portal/users/test_users_search.py::test_users_search_clear_restores_list SKIPPED [100%]

=================================== FAILURES ===================================
E   selenium.common.exceptions.TimeoutException: Message:
/Users/vk/Documents/NxtWash Automation/nxtwash-automation/venv/lib/python3.11/site-packages/selenium/webdriver/support/wait.py:121: selenium.common.exceptions.TimeoutException: Message:
E   selenium.common.exceptions.TimeoutException: Message:
/Users/vk/Documents/NxtWash Automation/nxtwash-automation/venv/lib/python3.11/site-packages/selenium/webdriver/support/wait.py:121: selenium.common.exceptions.TimeoutException: Message:
E   selenium.common.exceptions.TimeoutException: Message:
/Users/vk/Documents/NxtWash Automation/nxtwash-automation/venv/lib/python3.11/site-packages/selenium/webdriver/support/wait.py:121: selenium.common.exceptions.TimeoutException: Message:
E   selenium.common.exceptions.TimeoutException: Message:
/Users/vk/Documents/NxtWash Automation/nxtwash-automation/venv/lib/python3.11/site-packages/selenium/webdriver/support/wait.py:121: selenium.common.exceptions.TimeoutException: Message:
E   selenium.common.exceptions.TimeoutException: Message:
/Users/vk/Documents/NxtWash Automation/nxtwash-automation/venv/lib/python3.11/site-packages/selenium/webdriver/support/wait.py:121: selenium.common.exceptions.TimeoutException: Message:
E   selenium.common.exceptions.TimeoutException: Message:
/Users/vk/Documents/NxtWash Automation/nxtwash-automation/venv/lib/python3.11/site-packages/selenium/webdriver/support/wait.py:121: selenium.common.exceptions.TimeoutException: Message:
E   selenium.common.exceptions.TimeoutException: Message:
/Users/vk/Documents/NxtWash Automation/nxtwash-automation/venv/lib/python3.11/site-packages/selenium/webdriver/support/wait.py:121: selenium.common.exceptions.TimeoutException: Message:
=========================== short test summary info ============================
FAILED tests/admin_portal/users/test_users_create.py::test_create_inactive_user
FAILED tests/admin_portal/users/test_users_create.py::test_create_user_password_required
FAILED tests/admin_portal/users/test_users_create.py::test_create_user_confirm_password_required
FAILED tests/admin_portal/users/test_users_create.py::test_create_user_email_required
FAILED tests/admin_portal/users/test_users_create.py::test_create_user_phone_required
FAILED tests/admin_portal/users/test_users_create.py::test_create_user_role_required
FAILED tests/admin_portal/users/test_users_create.py::test_create_user_password_mismatch
====== 7 failed, 12 passed, 37 skipped, 10 xfailed in 2711.53s (0:45:11) =======
